<html>
<body>
<pre>
<h1>µVision Build Log</h1>
<h2>Tool Versions:</h2>
IDE-Version: ¦ÌVision V5.14.0.0
Copyright (C) 2015 ARM Ltd and ARM Germany GmbH. All rights reserved.
License Information: w wyq, wyq, LIC=CRMUH-W4P05-GPWZR-KJ64G-SQ461-IN0P1
 
Tool Versions:
Toolchain:       MDK-ARM Professional  Version: 5.14.0.0
Toolchain Path:  D:\SRC\UV4\ARM\ARMCC\Bin
C Compiler:      Armcc.exe V5.05 update 1 (build 106)
Assembler:       Armasm.exe V5.05 update 1 (build 106)
Linker/Locator:  ArmLink.exe V5.05 update 1 (build 106)
Library Manager: ArmAr.exe V5.05 update 1 (build 106)
Hex Converter:   FromElf.exe V5.05 update 1 (build 106)
CPU DLL:         SARMCM3.DLL V5.14.0.0
Dialog DLL:      DCM.DLL V1.13.1.0
Target DLL:      Segger\JL2CM3.dll V2.99.13.0
Dialog DLL:      TCM.DLL V1.14.4.0
 
<h2>Project:</h2>
D:\SRC\motorDriver\MotorDriver.uvprojx
Project File Date:  09/23/2024

<h2>Output:</h2>
Build target 'Target 1'
compiling main.c...
motor_ctrl.h(54): warning:  #1295-D: Deprecated declaration cal_motor - give arg types
  void cal_motor();
main.c: 1 warning, 0 errors
compiling stm32f1xx_it.c...
motor_ctrl.h(54): warning:  #1295-D: Deprecated declaration cal_motor - give arg types
  void cal_motor();
stm32f1xx_it.c: 1 warning, 0 errors
compiling init.c...
motor_ctrl.h(54): warning:  #1295-D: Deprecated declaration cal_motor - give arg types
  void cal_motor();
init.c: 1 warning, 0 errors
compiling bldc.c...
motor_ctrl.h(54): warning:  #1295-D: Deprecated declaration cal_motor - give arg types
  void cal_motor();
bldc.c: 1 warning, 0 errors
compiling motor_ctrl.c...
motor_ctrl.h(54): warning:  #1295-D: Deprecated declaration cal_motor - give arg types
  void cal_motor();
motor_ctrl.c: 1 warning, 0 errors
compiling measure.c...
motor_ctrl.h(54): warning:  #1295-D: Deprecated declaration cal_motor - give arg types
  void cal_motor();
measure.c: 1 warning, 0 errors
compiling comm.c...
motor_ctrl.h(54): warning:  #1295-D: Deprecated declaration cal_motor - give arg types
  void cal_motor();
comm.c: 1 warning, 0 errors
compiling net_pid.c...
motor_ctrl.h(54): warning:  #1295-D: Deprecated declaration cal_motor - give arg types
  void cal_motor();
net_pid.c: 1 warning, 0 errors
compiling foc.c...
motor_ctrl.h(54): warning:  #1295-D: Deprecated declaration cal_motor - give arg types
  void cal_motor();
foc.c: 1 warning, 0 errors
compiling encode.c...
motor_ctrl.h(54): warning:  #1295-D: Deprecated declaration cal_motor - give arg types
  void cal_motor();
encode.c: 1 warning, 0 errors
linking...
Program Size: Code=21514 RO-data=582 RW-data=132 ZI-data=3036  
".\Objects\MotorDriver.axf" - 0 Error(s), 10 Warning(s).

<h2>Collection of Component include folders:</h2>
  D:\SRC\motorDriver\RTE
  D:\SRC\UV4\ARM\PACK\Keil\STM32F1xx_DFP\1.0.5\Device\Include

<h2>Collection of Component Files used:</h2>
</pre>
</body>
</html>
