<html>
<body>
<pre>
<h1>µVision Build Log</h1>
<h2>Tool Versions:</h2>
IDE-Version: ¦ÌVision V5.14.0.0
Copyright (C) 2015 ARM Ltd and ARM Germany GmbH. All rights reserved.
License Information: w wyq, wyq, LIC=CRMUH-W4P05-GPWZR-KJ64G-SQ461-IN0P1
 
Tool Versions:
Toolchain:       MDK-ARM Professional  Version: 5.14.0.0
Toolchain Path:  D:\SRC\UV4\ARM\ARMCC\Bin
C Compiler:      Armcc.exe V5.05 update 1 (build 106)
Assembler:       Armasm.exe V5.05 update 1 (build 106)
Linker/Locator:  ArmLink.exe V5.05 update 1 (build 106)
Library Manager: ArmAr.exe V5.05 update 1 (build 106)
Hex Converter:   FromElf.exe V5.05 update 1 (build 106)
CPU DLL:         SARMCM3.DLL V5.14.0.0
Dialog DLL:      DCM.DLL V1.13.1.0
Target DLL:      Segger\JL2CM3.dll V2.99.13.0
Dialog DLL:      TCM.DLL V1.14.4.0
 
<h2>Project:</h2>
D:\term_files\STM new\FOC\MotorDriver.uvprojx
Project File Date:  09/23/2024

<h2>Output:</h2>
Build target 'Target 1'
compiling main.c...
compiling stm32f1xx_it.c...
compiling init.c...
compiling bldc.c...
compiling motor_ctrl.c...
compiling measure.c...
compiling comm.c...
compiling net_pid.c...
compiling foc.c...
compiling encode.c...
linking...
Program Size: Code=12492 RO-data=292 RW-data=124 ZI-data=2892  
".\Objects\MotorDriver.axf" - 0 Error(s), 0 Warning(s).

<h2>Collection of Component include folders:</h2>
  D:\term_files\STM new\FOC\RTE
  D:\SRC\UV4\ARM\PACK\Keil\STM32F1xx_DFP\1.0.5\Device\Include

<h2>Collection of Component Files used:</h2>
</pre>
</body>
</html>
