Component: ARM Compiler 5.05 update 1 (build 106) Tool: armlink [4d0efa]

==============================================================================

Section Cross References

    main.o(i.main) refers to init.o(i.sys_init) for sys_init
    main.o(i.main) refers to stm32f1xx_hal_tim.o(i.HAL_TIM_Encoder_Start) for HAL_TIM_Encoder_Start
    main.o(i.main) refers to bldc.o(.bss) for motor
    main.o(i.main) refers to init.o(.bss) for htim3
    stm32f1xx_hal_msp.o(i.HAL_ADC_MspDeInit) refers to stm32f1xx_hal_gpio.o(i.HAL_GPIO_DeInit) for HAL_GPIO_DeInit
    stm32f1xx_hal_msp.o(i.HAL_ADC_MspDeInit) refers to stm32f1xx_hal_dma.o(i.HAL_DMA_DeInit) for HAL_DMA_DeInit
    stm32f1xx_hal_msp.o(i.HAL_ADC_MspDeInit) refers to stm32f1xx_hal_cortex.o(i.HAL_NVIC_DisableIRQ) for HAL_NVIC_DisableIRQ
    stm32f1xx_it.o(i.ADC1_2_IRQHandler) refers to stm32f1xx_hal_adc.o(i.HAL_ADC_IRQHandler) for HAL_ADC_IRQHandler
    stm32f1xx_it.o(i.ADC1_2_IRQHandler) refers to init.o(.bss) for AdcHandle
    stm32f1xx_it.o(i.DMA1_Channel1_IRQHandler) refers to stm32f1xx_hal_dma.o(i.HAL_DMA_IRQHandler) for HAL_DMA_IRQHandler
    stm32f1xx_it.o(i.DMA1_Channel1_IRQHandler) refers to init.o(.bss) for AdcHandle
    stm32f1xx_it.o(i.SysTick_Handler) refers to stm32f1xx_hal.o(i.HAL_IncTick) for HAL_IncTick
    stm32f1xx_it.o(i.TIM2_IRQHandler) refers to stm32f1xx_hal_tim.o(i.HAL_TIM_IRQHandler) for HAL_TIM_IRQHandler
    stm32f1xx_it.o(i.TIM2_IRQHandler) refers to init.o(.bss) for TIM2_Handler
    stm32f1xx_it.o(i.TIM3_IRQHandler) refers to stm32f1xx_hal_tim.o(i.HAL_TIM_IRQHandler) for HAL_TIM_IRQHandler
    stm32f1xx_it.o(i.TIM3_IRQHandler) refers to init.o(.bss) for htim3
    stm32f1xx_it.o(i.TIM4_IRQHandler) refers to stm32f1xx_hal_tim.o(i.HAL_TIM_IRQHandler) for HAL_TIM_IRQHandler
    stm32f1xx_it.o(i.TIM4_IRQHandler) refers to init.o(.bss) for htim4
    system_stm32f1xx.o(i.SystemCoreClockUpdate) refers to system_stm32f1xx.o(.data) for SystemCoreClock
    system_stm32f1xx.o(i.SystemCoreClockUpdate) refers to system_stm32f1xx.o(.constdata) for AHBPrescTable
    stm32f1xx_hal.o(i.HAL_DeInit) refers to stm32f1xx_hal_msp_template.o(i.HAL_MspDeInit) for HAL_MspDeInit
    stm32f1xx_hal.o(i.HAL_Delay) refers to stm32f1xx_hal.o(i.HAL_GetTick) for HAL_GetTick
    stm32f1xx_hal.o(i.HAL_Delay) refers to stm32f1xx_hal.o(.data) for uwTickFreq
    stm32f1xx_hal.o(i.HAL_GetTick) refers to stm32f1xx_hal.o(.data) for uwTick
    stm32f1xx_hal.o(i.HAL_GetTickFreq) refers to stm32f1xx_hal.o(.data) for uwTickFreq
    stm32f1xx_hal.o(i.HAL_GetTickPrio) refers to stm32f1xx_hal.o(.data) for uwTickPrio
    stm32f1xx_hal.o(i.HAL_IncTick) refers to stm32f1xx_hal.o(.data) for uwTick
    stm32f1xx_hal.o(i.HAL_Init) refers to stm32f1xx_hal_cortex.o(i.HAL_NVIC_SetPriorityGrouping) for HAL_NVIC_SetPriorityGrouping
    stm32f1xx_hal.o(i.HAL_Init) refers to stm32f1xx_hal.o(i.HAL_InitTick) for HAL_InitTick
    stm32f1xx_hal.o(i.HAL_Init) refers to stm32f1xx_hal_msp_template.o(i.HAL_MspInit) for HAL_MspInit
    stm32f1xx_hal.o(i.HAL_InitTick) refers to stm32f1xx_hal_cortex.o(i.HAL_SYSTICK_Config) for HAL_SYSTICK_Config
    stm32f1xx_hal.o(i.HAL_InitTick) refers to stm32f1xx_hal_cortex.o(i.HAL_NVIC_SetPriority) for HAL_NVIC_SetPriority
    stm32f1xx_hal.o(i.HAL_InitTick) refers to stm32f1xx_hal.o(.data) for uwTickFreq
    stm32f1xx_hal.o(i.HAL_InitTick) refers to system_stm32f1xx.o(.data) for SystemCoreClock
    stm32f1xx_hal.o(i.HAL_SetTickFreq) refers to stm32f1xx_hal.o(i.HAL_InitTick) for HAL_InitTick
    stm32f1xx_hal.o(i.HAL_SetTickFreq) refers to stm32f1xx_hal.o(.data) for uwTickFreq
    stm32f1xx_hal_adc.o(i.ADC_ConversionStop_Disable) refers to stm32f1xx_hal.o(i.HAL_GetTick) for HAL_GetTick
    stm32f1xx_hal_adc.o(i.ADC_DMAConvCplt) refers to measure.o(i.HAL_ADC_ConvCpltCallback) for HAL_ADC_ConvCpltCallback
    stm32f1xx_hal_adc.o(i.ADC_DMAError) refers to stm32f1xx_hal_adc.o(i.HAL_ADC_ErrorCallback) for HAL_ADC_ErrorCallback
    stm32f1xx_hal_adc.o(i.ADC_DMAHalfConvCplt) refers to stm32f1xx_hal_adc.o(i.HAL_ADC_ConvHalfCpltCallback) for HAL_ADC_ConvHalfCpltCallback
    stm32f1xx_hal_adc.o(i.ADC_Enable) refers to stm32f1xx_hal.o(i.HAL_GetTick) for HAL_GetTick
    stm32f1xx_hal_adc.o(i.ADC_Enable) refers to system_stm32f1xx.o(.data) for SystemCoreClock
    stm32f1xx_hal_adc.o(i.HAL_ADC_ConfigChannel) refers to system_stm32f1xx.o(.data) for SystemCoreClock
    stm32f1xx_hal_adc.o(i.HAL_ADC_DeInit) refers to stm32f1xx_hal_adc.o(i.ADC_ConversionStop_Disable) for ADC_ConversionStop_Disable
    stm32f1xx_hal_adc.o(i.HAL_ADC_DeInit) refers to stm32f1xx_hal_msp.o(i.HAL_ADC_MspDeInit) for HAL_ADC_MspDeInit
    stm32f1xx_hal_adc.o(i.HAL_ADC_IRQHandler) refers to measure.o(i.HAL_ADC_ConvCpltCallback) for HAL_ADC_ConvCpltCallback
    stm32f1xx_hal_adc.o(i.HAL_ADC_IRQHandler) refers to stm32f1xx_hal_adc_ex.o(i.HAL_ADCEx_InjectedConvCpltCallback) for HAL_ADCEx_InjectedConvCpltCallback
[...]
    ../fplib/fmul.s                          0x00000000   Number         0  fmul.o ABSOLUTE
    ../fplib/fnaninf.s                       0x00000000   Number         0  fnaninf.o ABSOLUTE
    ../fplib/fpinit.s                        0x00000000   Number         0  fpinit.o ABSOLUTE
    ../fplib/fretinf.s                       0x00000000   Number         0  fretinf.o ABSOLUTE
    ../fplib/frleqf.s                        0x00000000   Number         0  frleqf.o ABSOLUTE
    ../fplib/retnan.s                        0x00000000   Number         0  retnan.o ABSOLUTE
    ../fplib/scalbn.s                        0x00000000   Number         0  scalbn.o ABSOLUTE
    ../fplib/trapv.s                         0x00000000   Number         0  trapv.o ABSOLUTE
    ../fplib/usenofp.s                       0x00000000   Number         0  usenofp.o ABSOLUTE
    ../mathlib/cos.c                         0x00000000   Number         0  cos_x.o ABSOLUTE
    ../mathlib/cos.c                         0x00000000   Number         0  cos.o ABSOLUTE
    ../mathlib/cos_i.c                       0x00000000   Number         0  cos_i.o ABSOLUTE
    ../mathlib/dunder.c                      0x00000000   Number         0  dunder.o ABSOLUTE
    ../mathlib/fpclassify.c                  0x00000000   Number         0  fpclassify.o ABSOLUTE
    ../mathlib/poly.c                        0x00000000   Number         0  poly.o ABSOLUTE
    ../mathlib/rred.c                        0x00000000   Number         0  rred.o ABSOLUTE
    ../mathlib/sin.c                         0x00000000   Number         0  sin.o ABSOLUTE
    ../mathlib/sin.c                         0x00000000   Number         0  sin_x.o ABSOLUTE
    ../mathlib/sin_i.c                       0x00000000   Number         0  sin_i_x.o ABSOLUTE
    ../mathlib/sin_i.c                       0x00000000   Number         0  sin_i.o ABSOLUTE
    bldc.c                                   0x00000000   Number         0  bldc.o ABSOLUTE
    bldc.c                                   0x00000000   Number         0  bldc.o ABSOLUTE
    comm.c                                   0x00000000   Number         0  comm.o ABSOLUTE
    comm.c                                   0x00000000   Number         0  comm.o ABSOLUTE
    core\startup_stm32f103xb.s               0x00000000   Number         0  startup_stm32f103xb.o ABSOLUTE
    dc.s                                     0x00000000   Number         0  dc.o ABSOLUTE
    delay.c                                  0x00000000   Number         0  delay.o ABSOLUTE
    delay.c                                  0x00000000   Number         0  delay.o ABSOLUTE
    encode.c                                 0x00000000   Number         0  encode.o ABSOLUTE
    encode.c                                 0x00000000   Number         0  encode.o ABSOLUTE
    foc.c                                    0x00000000   Number         0  foc.o ABSOLUTE
    foc.c                                    0x00000000   Number         0  foc.o ABSOLUTE
    init.c                                   0x00000000   Number         0  init.o ABSOLUTE
    init.c                                   0x00000000   Number         0  init.o ABSOLUTE
    lib\Src\stm32f1xx_hal.c                  0x00000000   Number         0  stm32f1xx_hal.o ABSOLUTE
    lib\Src\stm32f1xx_hal_adc.c              0x00000000   Number         0  stm32f1xx_hal_adc.o ABSOLUTE
    lib\Src\stm32f1xx_hal_adc_ex.c           0x00000000   Number         0  stm32f1xx_hal_adc_ex.o ABSOLUTE
    lib\Src\stm32f1xx_hal_can.c              0x00000000   Number         0  stm32f1xx_hal_can.o ABSOLUTE
    lib\Src\stm32f1xx_hal_cec.c              0x00000000   Number         0  stm32f1xx_hal_cec.o ABSOLUTE
    lib\Src\stm32f1xx_hal_cortex.c           0x00000000   Number         0  stm32f1xx_hal_cortex.o ABSOLUTE
    lib\Src\stm32f1xx_hal_crc.c              0x00000000   Number         0  stm32f1xx_hal_crc.o ABSOLUTE
    lib\Src\stm32f1xx_hal_dac.c              0x00000000   Number         0  stm32f1xx_hal_dac.o ABSOLUTE
    lib\Src\stm32f1xx_hal_dac_ex.c           0x00000000   Number         0  stm32f1xx_hal_dac_ex.o ABSOLUTE
    lib\Src\stm32f1xx_hal_dma.c              0x00000000   Number         0  stm32f1xx_hal_dma.o ABSOLUTE
    lib\Src\stm32f1xx_hal_eth.c              0x00000000   Number         0  stm32f1xx_hal_eth.o ABSOLUTE
    lib\Src\stm32f1xx_hal_exti.c             0x00000000   Number         0  stm32f1xx_hal_exti.o ABSOLUTE
    lib\Src\stm32f1xx_hal_flash.c            0x00000000   Number         0  stm32f1xx_hal_flash.o ABSOLUTE
    lib\Src\stm32f1xx_hal_flash_ex.c         0x00000000   Number         0  stm32f1xx_hal_flash_ex.o ABSOLUTE
    lib\Src\stm32f1xx_hal_gpio.c             0x00000000   Number         0  stm32f1xx_hal_gpio.o ABSOLUTE
    lib\Src\stm32f1xx_hal_gpio_ex.c          0x00000000   Number         0  stm32f1xx_hal_gpio_ex.o ABSOLUTE
    lib\Src\stm32f1xx_hal_hcd.c              0x00000000   Number         0  stm32f1xx_hal_hcd.o ABSOLUTE
    lib\Src\stm32f1xx_hal_i2c.c              0x00000000   Number         0  stm32f1xx_hal_i2c.o ABSOLUTE
    lib\Src\stm32f1xx_hal_i2s.c              0x00000000   Number         0  stm32f1xx_hal_i2s.o ABSOLUTE
    lib\Src\stm32f1xx_hal_irda.c             0x00000000   Number         0  stm32f1xx_hal_irda.o ABSOLUTE
    lib\Src\stm32f1xx_hal_iwdg.c             0x00000000   Number         0  stm32f1xx_hal_iwdg.o ABSOLUTE
    lib\Src\stm32f1xx_hal_mmc.c              0x00000000   Number         0  stm32f1xx_hal_mmc.o ABSOLUTE
    lib\Src\stm32f1xx_hal_msp_template.c     0x00000000   Number         0  stm32f1xx_hal_msp_template.o ABSOLUTE
    lib\Src\stm32f1xx_hal_nand.c             0x00000000   Number         0  stm32f1xx_hal_nand.o ABSOLUTE
    lib\Src\stm32f1xx_hal_nor.c              0x00000000   Number         0  stm32f1xx_hal_nor.o ABSOLUTE
    lib\Src\stm32f1xx_hal_pccard.c           0x00000000   Number         0  stm32f1xx_hal_pccard.o ABSOLUTE
    lib\Src\stm32f1xx_hal_pcd.c              0x00000000   Number         0  stm32f1xx_hal_pcd.o ABSOLUTE
    lib\Src\stm32f1xx_hal_pcd_ex.c           0x00000000   Number         0  stm32f1xx_hal_pcd_ex.o ABSOLUTE
    lib\Src\stm32f1xx_hal_pwr.c              0x00000000   Number         0  stm32f1xx_hal_pwr.o ABSOLUTE
    lib\Src\stm32f1xx_hal_rcc.c              0x00000000   Number         0  stm32f1xx_hal_rcc.o ABSOLUTE
    lib\Src\stm32f1xx_hal_rcc_ex.c           0x00000000   Number         0  stm32f1xx_hal_rcc_ex.o ABSOLUTE
    lib\Src\stm32f1xx_hal_rtc.c              0x00000000   Number         0  stm32f1xx_hal_rtc.o ABSOLUTE
    lib\Src\stm32f1xx_hal_rtc_ex.c           0x00000000   Number         0  stm32f1xx_hal_rtc_ex.o ABSOLUTE
    lib\Src\stm32f1xx_hal_sd.c               0x00000000   Number         0  stm32f1xx_hal_sd.o ABSOLUTE
    lib\Src\stm32f1xx_hal_smartcard.c        0x00000000   Number         0  stm32f1xx_hal_smartcard.o ABSOLUTE
    lib\Src\stm32f1xx_hal_spi.c              0x00000000   Number         0  stm32f1xx_hal_spi.o ABSOLUTE
    lib\Src\stm32f1xx_hal_sram.c             0x00000000   Number         0  stm32f1xx_hal_sram.o ABSOLUTE
    lib\Src\stm32f1xx_hal_tim.c              0x00000000   Number         0  stm32f1xx_hal_tim.o ABSOLUTE
    lib\Src\stm32f1xx_hal_tim_ex.c           0x00000000   Number         0  stm32f1xx_hal_tim_ex.o ABSOLUTE
    lib\Src\stm32f1xx_hal_uart.c             0x00000000   Number         0  stm32f1xx_hal_uart.o ABSOLUTE
    lib\Src\stm32f1xx_hal_usart.c            0x00000000   Number         0  stm32f1xx_hal_usart.o ABSOLUTE
    lib\Src\stm32f1xx_hal_wwdg.c             0x00000000   Number         0  stm32f1xx_hal_wwdg.o ABSOLUTE
    lib\Src\stm32f1xx_ll_adc.c               0x00000000   Number         0  stm32f1xx_ll_adc.o ABSOLUTE
    lib\Src\stm32f1xx_ll_crc.c               0x00000000   Number         0  stm32f1xx_ll_crc.o ABSOLUTE
    lib\Src\stm32f1xx_ll_dac.c               0x00000000   Number         0  stm32f1xx_ll_dac.o ABSOLUTE
    lib\Src\stm32f1xx_ll_dma.c               0x00000000   Number         0  stm32f1xx_ll_dma.o ABSOLUTE
    lib\Src\stm32f1xx_ll_exti.c              0x00000000   Number         0  stm32f1xx_ll_exti.o ABSOLUTE
    lib\Src\stm32f1xx_ll_fsmc.c              0x00000000   Number         0  stm32f1xx_ll_fsmc.o ABSOLUTE
    lib\Src\stm32f1xx_ll_gpio.c              0x00000000   Number         0  stm32f1xx_ll_gpio.o ABSOLUTE
    lib\Src\stm32f1xx_ll_i2c.c               0x00000000   Number         0  stm32f1xx_ll_i2c.o ABSOLUTE
    lib\Src\stm32f1xx_ll_pwr.c               0x00000000   Number         0  stm32f1xx_ll_pwr.o ABSOLUTE
    lib\Src\stm32f1xx_ll_rcc.c               0x00000000   Number         0  stm32f1xx_ll_rcc.o ABSOLUTE
    lib\Src\stm32f1xx_ll_rtc.c               0x00000000   Number         0  stm32f1xx_ll_rtc.o ABSOLUTE
    lib\Src\stm32f1xx_ll_sdmmc.c             0x00000000   Number         0  stm32f1xx_ll_sdmmc.o ABSOLUTE
    lib\Src\stm32f1xx_ll_spi.c               0x00000000   Number         0  stm32f1xx_ll_spi.o ABSOLUTE
    lib\Src\stm32f1xx_ll_tim.c               0x00000000   Number         0  stm32f1xx_ll_tim.o ABSOLUTE
    lib\Src\stm32f1xx_ll_usart.c             0x00000000   Number         0  stm32f1xx_ll_usart.o ABSOLUTE
    lib\Src\stm32f1xx_ll_usb.c               0x00000000   Number         0  stm32f1xx_ll_usb.o ABSOLUTE
    lib\Src\stm32f1xx_ll_utils.c             0x00000000   Number         0  stm32f1xx_ll_utils.o ABSOLUTE
    lib\\Src\\stm32f1xx_hal.c                0x00000000   Number         0  stm32f1xx_hal.o ABSOLUTE
    lib\\Src\\stm32f1xx_hal_adc.c            0x00000000   Number         0  stm32f1xx_hal_adc.o ABSOLUTE
    lib\\Src\\stm32f1xx_hal_adc_ex.c         0x00000000   Number         0  stm32f1xx_hal_adc_ex.o ABSOLUTE
    lib\\Src\\stm32f1xx_hal_can.c            0x00000000   Number         0  stm32f1xx_hal_can.o ABSOLUTE
    lib\\Src\\stm32f1xx_hal_cec.c            0x00000000   Number         0  stm32f1xx_hal_cec.o ABSOLUTE
    lib\\Src\\stm32f1xx_hal_cortex.c         0x00000000   Number         0  stm32f1xx_hal_cortex.o ABSOLUTE
    lib\\Src\\stm32f1xx_hal_crc.c            0x00000000   Number         0  stm32f1xx_hal_crc.o ABSOLUTE
    lib\\Src\\stm32f1xx_hal_dac.c            0x00000000   Number         0  stm32f1xx_hal_dac.o ABSOLUTE
    lib\\Src\\stm32f1xx_hal_dac_ex.c         0x00000000   Number         0  stm32f1xx_hal_dac_ex.o ABSOLUTE
    lib\\Src\\stm32f1xx_hal_dma.c            0x00000000   Number         0  stm32f1xx_hal_dma.o ABSOLUTE
    lib\\Src\\stm32f1xx_hal_eth.c            0x00000000   Number         0  stm32f1xx_hal_eth.o ABSOLUTE
    lib\\Src\\stm32f1xx_hal_exti.c           0x00000000   Number         0  stm32f1xx_hal_exti.o ABSOLUTE
    lib\\Src\\stm32f1xx_hal_flash.c          0x00000000   Number         0  stm32f1xx_hal_flash.o ABSOLUTE
    lib\\Src\\stm32f1xx_hal_flash_ex.c       0x00000000   Number         0  stm32f1xx_hal_flash_ex.o ABSOLUTE
    lib\\Src\\stm32f1xx_hal_gpio.c           0x00000000   Number         0  stm32f1xx_hal_gpio.o ABSOLUTE
    lib\\Src\\stm32f1xx_hal_gpio_ex.c        0x00000000   Number         0  stm32f1xx_hal_gpio_ex.o ABSOLUTE
    lib\\Src\\stm32f1xx_hal_hcd.c            0x00000000   Number         0  stm32f1xx_hal_hcd.o ABSOLUTE
    lib\\Src\\stm32f1xx_hal_i2c.c            0x00000000   Number         0  stm32f1xx_hal_i2c.o ABSOLUTE
    lib\\Src\\stm32f1xx_hal_i2s.c            0x00000000   Number         0  stm32f1xx_hal_i2s.o ABSOLUTE
    lib\\Src\\stm32f1xx_hal_irda.c           0x00000000   Number         0  stm32f1xx_hal_irda.o ABSOLUTE
    lib\\Src\\stm32f1xx_hal_iwdg.c           0x00000000   Number         0  stm32f1xx_hal_iwdg.o ABSOLUTE
    lib\\Src\\stm32f1xx_hal_mmc.c            0x00000000   Number         0  stm32f1xx_hal_mmc.o ABSOLUTE
    lib\\Src\\stm32f1xx_hal_msp_template.c   0x00000000   Number         0  stm32f1xx_hal_msp_template.o ABSOLUTE
    lib\\Src\\stm32f1xx_hal_nand.c           0x00000000   Number         0  stm32f1xx_hal_nand.o ABSOLUTE
    lib\\Src\\stm32f1xx_hal_nor.c            0x00000000   Number         0  stm32f1xx_hal_nor.o ABSOLUTE
    lib\\Src\\stm32f1xx_hal_pccard.c         0x00000000   Number         0  stm32f1xx_hal_pccard.o ABSOLUTE
    lib\\Src\\stm32f1xx_hal_pcd.c            0x00000000   Number         0  stm32f1xx_hal_pcd.o ABSOLUTE
    lib\\Src\\stm32f1xx_hal_pcd_ex.c         0x00000000   Number         0  stm32f1xx_hal_pcd_ex.o ABSOLUTE
    lib\\Src\\stm32f1xx_hal_pwr.c            0x00000000   Number         0  stm32f1xx_hal_pwr.o ABSOLUTE
    lib\\Src\\stm32f1xx_hal_rcc.c            0x00000000   Number         0  stm32f1xx_hal_rcc.o ABSOLUTE
    lib\\Src\\stm32f1xx_hal_rcc_ex.c         0x00000000   Number         0  stm32f1xx_hal_rcc_ex.o ABSOLUTE
    lib\\Src\\stm32f1xx_hal_rtc.c            0x00000000   Number         0  stm32f1xx_hal_rtc.o ABSOLUTE
    lib\\Src\\stm32f1xx_hal_rtc_ex.c         0x00000000   Number         0  stm32f1xx_hal_rtc_ex.o ABSOLUTE
    lib\\Src\\stm32f1xx_hal_sd.c             0x00000000   Number         0  stm32f1xx_hal_sd.o ABSOLUTE
    lib\\Src\\stm32f1xx_hal_smartcard.c      0x00000000   Number         0  stm32f1xx_hal_smartcard.o ABSOLUTE
    lib\\Src\\stm32f1xx_hal_spi.c            0x00000000   Number         0  stm32f1xx_hal_spi.o ABSOLUTE
    lib\\Src\\stm32f1xx_hal_sram.c           0x00000000   Number         0  stm32f1xx_hal_sram.o ABSOLUTE
    lib\\Src\\stm32f1xx_hal_tim.c            0x00000000   Number         0  stm32f1xx_hal_tim.o ABSOLUTE
    lib\\Src\\stm32f1xx_hal_tim_ex.c         0x00000000   Number         0  stm32f1xx_hal_tim_ex.o ABSOLUTE
    lib\\Src\\stm32f1xx_hal_uart.c           0x00000000   Number         0  stm32f1xx_hal_uart.o ABSOLUTE
    lib\\Src\\stm32f1xx_hal_usart.c          0x00000000   Number         0  stm32f1xx_hal_usart.o ABSOLUTE
    lib\\Src\\stm32f1xx_hal_wwdg.c           0x00000000   Number         0  stm32f1xx_hal_wwdg.o ABSOLUTE
    lib\\Src\\stm32f1xx_ll_fsmc.c            0x00000000   Number         0  stm32f1xx_ll_fsmc.o ABSOLUTE
    lib\\Src\\stm32f1xx_ll_sdmmc.c           0x00000000   Number         0  stm32f1xx_ll_sdmmc.o ABSOLUTE
    lib\\Src\\stm32f1xx_ll_usb.c             0x00000000   Number         0  stm32f1xx_ll_usb.o ABSOLUTE
    lib\\Src\\stm32f1xx_ll_utils.c           0x00000000   Number         0  stm32f1xx_ll_utils.o ABSOLUTE
    main.c                                   0x00000000   Number         0  main.o ABSOLUTE
    main.c                                   0x00000000   Number         0  main.o ABSOLUTE
    measure.c                                0x00000000   Number         0  measure.o ABSOLUTE
    measure.c                                0x00000000   Number         0  measure.o ABSOLUTE
    motor_ctrl.c                             0x00000000   Number         0  motor_ctrl.o ABSOLUTE
    motor_ctrl.c                             0x00000000   Number         0  motor_ctrl.o ABSOLUTE
    net_pid.c                                0x00000000   Number         0  net_pid.o ABSOLUTE
    net_pid.c                                0x00000000   Number         0  net_pid.o ABSOLUTE
    stm32f1xx_hal_msp.c                      0x00000000   Number         0  stm32f1xx_hal_msp.o ABSOLUTE
    stm32f1xx_hal_msp.c                      0x00000000   Number         0  stm32f1xx_hal_msp.o ABSOLUTE
    stm32f1xx_it.c                           0x00000000   Number         0  stm32f1xx_it.o ABSOLUTE
    stm32f1xx_it.c                           0x00000000   Number         0  stm32f1xx_it.o ABSOLUTE
    sys.c                                    0x00000000   Number         0  sys.o ABSOLUTE
    sys.c                                    0x00000000   Number         0  sys.o ABSOLUTE
    system_stm32f1xx.c                       0x00000000   Number         0  system_stm32f1xx.o ABSOLUTE
    system_stm32f1xx.c                       0x00000000   Number         0  system_stm32f1xx.o ABSOLUTE
    usart.c                                  0x00000000   Number         0  usart.o ABSOLUTE
    usart.c                                  0x00000000   Number         0  usart.o ABSOLUTE
    RESET                                    0x08000000   Section      236  startup_stm32f103xb.o(RESET)
    !!!main                                  0x080000ec   Section        8  __main.o(!!!main)
    !!!scatter                               0x080000f4   Section       52  __scatter.o(!!!scatter)
    !!handler_copy                           0x08000128   Section       26  __scatter_copy.o(!!handler_copy)
    !!handler_zi                             0x08000144   Section       28  __scatter_zi.o(!!handler_zi)
    .ARM.Collect$$libinit$$00000000          0x08000160   Section        2  libinit.o(.ARM.Collect$$libinit$$00000000)
    .ARM.Collect$$libinit$$00000002          0x08000162   Section        0  libinit2.o(.ARM.Collect$$libinit$$00000002)
    .ARM.Collect$$libinit$$00000004          0x08000162   Section        0  libinit2.o(.ARM.Collect$$libinit$$00000004)
    .ARM.Collect$$libinit$$0000000A          0x08000162   Section        0  libinit2.o(.ARM.Collect$$libinit$$0000000A)
    .ARM.Collect$$libinit$$0000000C          0x08000162   Section        0  libinit2.o(.ARM.Collect$$libinit$$0000000C)
    .ARM.Collect$$libinit$$0000000E          0x08000162   Section        0  libinit2.o(.ARM.Collect$$libinit$$0000000E)
    .ARM.Collect$$libinit$$00000011          0x08000162   Section        0  libinit2.o(.ARM.Collect$$libinit$$00000011)
    .ARM.Collect$$libinit$$00000013          0x08000162   Section        0  libinit2.o(.ARM.Collect$$libinit$$00000013)
    .ARM.Collect$$libinit$$00000015          0x08000162   Section        0  libinit2.o(.ARM.Collect$$libinit$$00000015)
    .ARM.Collect$$libinit$$00000017          0x08000162   Section        0  libinit2.o(.ARM.Collect$$libinit$$00000017)
    .ARM.Collect$$libinit$$00000019          0x08000162   Section        0  libinit2.o(.ARM.Collect$$libinit$$00000019)
    .ARM.Collect$$libinit$$0000001B          0x08000162   Section        0  libinit2.o(.ARM.Collect$$libinit$$0000001B)
    .ARM.Collect$$libinit$$0000001D          0x08000162   Section        0  libinit2.o(.ARM.Collect$$libinit$$0000001D)
    .ARM.Collect$$libinit$$0000001F          0x08000162   Section        0  libinit2.o(.ARM.Collect$$libinit$$0000001F)
    .ARM.Collect$$libinit$$00000021          0x08000162   Section        0  libinit2.o(.ARM.Collect$$libinit$$00000021)
    .ARM.Collect$$libinit$$00000023          0x08000162   Section        0  libinit2.o(.ARM.Collect$$libinit$$00000023)
    .ARM.Collect$$libinit$$00000025          0x08000162   Section        0  libinit2.o(.ARM.Collect$$libinit$$00000025)
    .ARM.Collect$$libinit$$0000002C          0x08000162   Section        0  libinit2.o(.ARM.Collect$$libinit$$0000002C)
    .ARM.Collect$$libinit$$0000002E          0x08000162   Section        0  libinit2.o(.ARM.Collect$$libinit$$0000002E)
    .ARM.Collect$$libinit$$00000030          0x08000162   Section        0  libinit2.o(.ARM.Collect$$libinit$$00000030)
    .ARM.Collect$$libinit$$00000032          0x08000162   Section        0  libinit2.o(.ARM.Collect$$libinit$$00000032)
    .ARM.Collect$$libinit$$00000033          0x08000162   Section        2  libinit2.o(.ARM.Collect$$libinit$$00000033)
    .ARM.Collect$$libshutdown$$00000000      0x08000164   Section        2  libshutdown.o(.ARM.Collect$$libshutdown$$00000000)
    .ARM.Collect$$libshutdown$$00000003      0x08000166   Section        0  libshutdown2.o(.ARM.Collect$$libshutdown$$00000003)
    .ARM.Collect$$libshutdown$$00000006      0x08000166   Section        0  libshutdown2.o(.ARM.Collect$$libshutdown$$00000006)
    .ARM.Collect$$libshutdown$$00000009      0x08000166   Section        0  libshutdown2.o(.ARM.Collect$$libshutdown$$00000009)
    .ARM.Collect$$libshutdown$$0000000B      0x08000166   Section        0  libshutdown2.o(.ARM.Collect$$libshutdown$$0000000B)
    .ARM.Collect$$libshutdown$$0000000E      0x08000166   Section        0  libshutdown2.o(.ARM.Collect$$libshutdown$$0000000E)
    .ARM.Collect$$libshutdown$$0000000F      0x08000166   Section        2  libshutdown2.o(.ARM.Collect$$libshutdown$$0000000F)
    .ARM.Collect$$rtentry$$00000000          0x08000168   Section        0  __rtentry.o(.ARM.Collect$$rtentry$$00000000)
    .ARM.Collect$$rtentry$$00000002          0x08000168   Section        0  __rtentry2.o(.ARM.Collect$$rtentry$$00000002)
    .ARM.Collect$$rtentry$$00000004          0x08000168   Section        6  __rtentry4.o(.ARM.Collect$$rtentry$$00000004)
    .ARM.Collect$$rtentry$$00000009          0x0800016e   Section        0  __rtentry2.o(.ARM.Collect$$rtentry$$00000009)
    .ARM.Collect$$rtentry$$0000000A          0x0800016e   Section        4  __rtentry2.o(.ARM.Collect$$rtentry$$0000000A)
    .ARM.Collect$$rtentry$$0000000C          0x08000172   Section        0  __rtentry2.o(.ARM.Collect$$rtentry$$0000000C)
    .ARM.Collect$$rtentry$$0000000D          0x08000172   Section        8  __rtentry2.o(.ARM.Collect$$rtentry$$0000000D)
    .ARM.Collect$$rtexit$$00000000           0x0800017a   Section        2  rtexit.o(.ARM.Collect$$rtexit$$00000000)
    .ARM.Collect$$rtexit$$00000002           0x0800017c   Section        0  rtexit2.o(.ARM.Collect$$rtexit$$00000002)
    .ARM.Collect$$rtexit$$00000003           0x0800017c   Section        4  rtexit2.o(.ARM.Collect$$rtexit$$00000003)
    .ARM.Collect$$rtexit$$00000004           0x08000180   Section        6  rtexit2.o(.ARM.Collect$$rtexit$$00000004)
    .text                                    0x08000188   Section       64  startup_stm32f103xb.o(.text)
    .text                                    0x080001c8   Section        2  use_no_semi_2.o(.text)
    .text                                    0x080001ca   Section       78  rt_memclr_w.o(.text)
    .text                                    0x08000218   Section        0  heapauxi.o(.text)
    .text                                    0x0800021e   Section        2  use_no_semi.o(.text)
    .text                                    0x08000220   Section        8  libspace.o(.text)
    .text                                    0x08000228   Section       74  sys_stackheap_outer.o(.text)
    .text                                    0x08000272   Section        0  exit.o(.text)
    i.ADC1_2_IRQHandler                      0x08000280   Section        0  stm32f1xx_it.o(i.ADC1_2_IRQHandler)
    i.ADC_ConversionStop_Disable             0x08000290   Section        0  stm32f1xx_hal_adc.o(i.ADC_ConversionStop_Disable)
    i.ADC_DMAConvCplt                        0x080002e2   Section        0  stm32f1xx_hal_adc.o(i.ADC_DMAConvCplt)
    i.ADC_DMAError                           0x08000334   Section        0  stm32f1xx_hal_adc.o(i.ADC_DMAError)
    i.ADC_DMAHalfConvCplt                    0x08000352   Section        0  stm32f1xx_hal_adc.o(i.ADC_DMAHalfConvCplt)
    i.ADC_Enable                             0x08000360   Section        0  stm32f1xx_hal_adc.o(i.ADC_Enable)
    i.BusFault_Handler                       0x080003e4   Section        0  stm32f1xx_it.o(i.BusFault_Handler)
    i.Cap_Tim_Init                           0x080003e8   Section        0  init.o(i.Cap_Tim_Init)
    i.DMA1_Channel1_IRQHandler               0x08000478   Section        0  stm32f1xx_it.o(i.DMA1_Channel1_IRQHandler)
    i.DMA_SetConfig                          0x08000488   Section        0  stm32f1xx_hal_dma.o(i.DMA_SetConfig)
    DMA_SetConfig                            0x08000489   Thumb Code    44  stm32f1xx_hal_dma.o(i.DMA_SetConfig)
    i.DebugMon_Handler                       0x080004b4   Section        0  stm32f1xx_it.o(i.DebugMon_Handler)
    i.EXTI15_10_IRQHandler                   0x080004b6   Section        0  stm32f1xx_it.o(i.EXTI15_10_IRQHandler)
    i.HAL_ADCEx_InjectedConvCpltCallback     0x080004b8   Section        0  stm32f1xx_hal_adc_ex.o(i.HAL_ADCEx_InjectedConvCpltCallback)
    i.HAL_ADC_ConvCpltCallback               0x080004bc   Section        0  measure.o(i.HAL_ADC_ConvCpltCallback)
    i.HAL_ADC_ConvHalfCpltCallback           0x080004fc   Section        0  stm32f1xx_hal_adc.o(i.HAL_ADC_ConvHalfCpltCallback)
    i.HAL_ADC_ErrorCallback                  0x080004fe   Section        0  stm32f1xx_hal_adc.o(i.HAL_ADC_ErrorCallback)
    i.HAL_ADC_IRQHandler                     0x08000500   Section        0  stm32f1xx_hal_adc.o(i.HAL_ADC_IRQHandler)
    i.HAL_ADC_LevelOutOfWindowCallback       0x08000622   Section        0  stm32f1xx_hal_adc.o(i.HAL_ADC_LevelOutOfWindowCallback)
    i.HAL_ADC_Start_DMA                      0x08000624   Section        0  stm32f1xx_hal_adc.o(i.HAL_ADC_Start_DMA)
    i.HAL_ADC_Stop_DMA                       0x080007a4   Section        0  stm32f1xx_hal_adc.o(i.HAL_ADC_Stop_DMA)
    i.HAL_DMA_Abort                          0x08000804   Section        0  stm32f1xx_hal_dma.o(i.HAL_DMA_Abort)
    i.HAL_DMA_Abort_IT                       0x0800085c   Section        0  stm32f1xx_hal_dma.o(i.HAL_DMA_Abort_IT)
    i.HAL_DMA_IRQHandler                     0x08000a04   Section        0  stm32f1xx_hal_dma.o(i.HAL_DMA_IRQHandler)
    i.HAL_DMA_Start_IT                       0x08000d9c   Section        0  stm32f1xx_hal_dma.o(i.HAL_DMA_Start_IT)
    i.HAL_GPIO_Init                          0x08000e38   Section        0  stm32f1xx_hal_gpio.o(i.HAL_GPIO_Init)
    i.HAL_GPIO_ReadPin                       0x08001178   Section        0  stm32f1xx_hal_gpio.o(i.HAL_GPIO_ReadPin)
    i.HAL_GPIO_WritePin                      0x08001188   Section        0  stm32f1xx_hal_gpio.o(i.HAL_GPIO_WritePin)
    i.HAL_GetTick                            0x08001194   Section        0  stm32f1xx_hal.o(i.HAL_GetTick)
    i.HAL_IncTick                            0x080011a0   Section        0  stm32f1xx_hal.o(i.HAL_IncTick)
    i.HAL_Init                               0x080011b8   Section        0  stm32f1xx_hal.o(i.HAL_Init)
    i.HAL_InitTick                           0x080011e0   Section        0  stm32f1xx_hal.o(i.HAL_InitTick)
    i.HAL_MspInit                            0x0800122c   Section        0  stm32f1xx_hal_msp_template.o(i.HAL_MspInit)
    i.HAL_NVIC_EnableIRQ                     0x0800122e   Section        0  stm32f1xx_hal_cortex.o(i.HAL_NVIC_EnableIRQ)
    i.HAL_NVIC_SetPriority                   0x0800124e   Section        0  stm32f1xx_hal_cortex.o(i.HAL_NVIC_SetPriority)
    i.HAL_NVIC_SetPriorityGrouping           0x080012cc   Section        0  stm32f1xx_hal_cortex.o(i.HAL_NVIC_SetPriorityGrouping)
    i.HAL_RCC_ClockConfig                    0x080012f4   Section        0  stm32f1xx_hal_rcc.o(i.HAL_RCC_ClockConfig)
    i.HAL_RCC_GetHCLKFreq                    0x08001480   Section        0  stm32f1xx_hal_rcc.o(i.HAL_RCC_GetHCLKFreq)
    i.HAL_RCC_GetPCLK1Freq                   0x0800148c   Section        0  stm32f1xx_hal_rcc.o(i.HAL_RCC_GetPCLK1Freq)
    i.HAL_RCC_GetPCLK2Freq                   0x080014ac   Section        0  stm32f1xx_hal_rcc.o(i.HAL_RCC_GetPCLK2Freq)
    i.HAL_RCC_GetSysClockFreq                0x080014cc   Section        0  stm32f1xx_hal_rcc.o(i.HAL_RCC_GetSysClockFreq)
    i.HAL_RCC_OscConfig                      0x08001560   Section        0  stm32f1xx_hal_rcc.o(i.HAL_RCC_OscConfig)
    i.HAL_SPI_Init                           0x080019c4   Section        0  stm32f1xx_hal_spi.o(i.HAL_SPI_Init)
    i.HAL_SPI_MspInit                        0x08001a60   Section        0  stm32f1xx_hal_spi.o(i.HAL_SPI_MspInit)
    i.HAL_SYSTICK_Config                     0x08001a62   Section        0  stm32f1xx_hal_cortex.o(i.HAL_SYSTICK_Config)
    i.HAL_TIMEx_BreakCallback                0x08001a96   Section        0  stm32f1xx_hal_tim_ex.o(i.HAL_TIMEx_BreakCallback)
    i.HAL_TIMEx_CommutCallback               0x08001a98   Section        0  stm32f1xx_hal_tim_ex.o(i.HAL_TIMEx_CommutCallback)
    i.HAL_TIMEx_MasterConfigSynchronization  0x08001a9a   Section        0  stm32f1xx_hal_tim_ex.o(i.HAL_TIMEx_MasterConfigSynchronization)
    i.HAL_TIM_Base_Init                      0x08001aee   Section        0  stm32f1xx_hal_tim.o(i.HAL_TIM_Base_Init)
    i.HAL_TIM_Base_MspInit                   0x08001b24   Section        0  stm32f1xx_hal_msp.o(i.HAL_TIM_Base_MspInit)
    i.HAL_TIM_Base_Start_IT                  0x08001b48   Section        0  stm32f1xx_hal_tim.o(i.HAL_TIM_Base_Start_IT)
    i.HAL_TIM_Encoder_Init                   0x08001b72   Section        0  stm32f1xx_hal_tim.o(i.HAL_TIM_Encoder_Init)
    i.HAL_TIM_Encoder_MspInit                0x08001c1c   Section        0  stm32f1xx_hal_tim.o(i.HAL_TIM_Encoder_MspInit)
    i.HAL_TIM_Encoder_Start                  0x08001c1e   Section        0  stm32f1xx_hal_tim.o(i.HAL_TIM_Encoder_Start)
    i.HAL_TIM_IC_CaptureCallback             0x08001c6c   Section        0  stm32f1xx_hal_tim.o(i.HAL_TIM_IC_CaptureCallback)
    i.HAL_TIM_IRQHandler                     0x08001c6e   Section        0  stm32f1xx_hal_tim.o(i.HAL_TIM_IRQHandler)
    i.HAL_TIM_OC_DelayElapsedCallback        0x08001e04   Section        0  stm32f1xx_hal_tim.o(i.HAL_TIM_OC_DelayElapsedCallback)
    i.HAL_TIM_PWM_ConfigChannel              0x08001e06   Section        0  stm32f1xx_hal_tim.o(i.HAL_TIM_PWM_ConfigChannel)
    i.HAL_TIM_PWM_Init                       0x08001f0e   Section        0  stm32f1xx_hal_tim.o(i.HAL_TIM_PWM_Init)
    i.HAL_TIM_PWM_MspInit                    0x08001f44   Section        0  init.o(i.HAL_TIM_PWM_MspInit)
    i.HAL_TIM_PWM_PulseFinishedCallback      0x08001fd0   Section        0  stm32f1xx_hal_tim.o(i.HAL_TIM_PWM_PulseFinishedCallback)
    i.HAL_TIM_PWM_Start                      0x08001fd4   Section        0  stm32f1xx_hal_tim.o(i.HAL_TIM_PWM_Start)
    i.HAL_TIM_PeriodElapsedCallback          0x0800202c   Section        0  bldc.o(i.HAL_TIM_PeriodElapsedCallback)
    i.HAL_TIM_TriggerCallback                0x080020e4   Section        0  stm32f1xx_hal_tim.o(i.HAL_TIM_TriggerCallback)
    i.HAL_UART_ErrorCallback                 0x080020e6   Section        0  stm32f1xx_hal_uart.o(i.HAL_UART_ErrorCallback)
    i.HAL_UART_IRQHandler                    0x080020e8   Section        0  stm32f1xx_hal_uart.o(i.HAL_UART_IRQHandler)
    i.HAL_UART_Init                          0x08002234   Section        0  stm32f1xx_hal_uart.o(i.HAL_UART_Init)
    i.HAL_UART_MspInit                       0x080022a8   Section        0  usart.o(i.HAL_UART_MspInit)
    i.HAL_UART_Receive_IT                    0x0800235c   Section        0  stm32f1xx_hal_uart.o(i.HAL_UART_Receive_IT)
    i.HAL_UART_RxCpltCallback                0x080023cc   Section        0  usart.o(i.HAL_UART_RxCpltCallback)
    i.HAL_UART_TxCpltCallback                0x08002468   Section        0  stm32f1xx_hal_uart.o(i.HAL_UART_TxCpltCallback)
    i.H_sensor_init                          0x0800246c   Section        0  init.o(i.H_sensor_init)
    i.HardFault_Handler                      0x0800248c   Section        0  stm32f1xx_it.o(i.HardFault_Handler)
    i.MX_SPI1_Init                           0x08002490   Section        0  encode.o(i.MX_SPI1_Init)
    i.MemManage_Handler                      0x080024fc   Section        0  stm32f1xx_it.o(i.MemManage_Handler)
    i.NMI_Handler                            0x08002500   Section        0  stm32f1xx_it.o(i.NMI_Handler)
    i.PendSV_Handler                         0x08002502   Section        0  stm32f1xx_it.o(i.PendSV_Handler)
    i.RCC_Delay                              0x08002504   Section        0  stm32f1xx_hal_rcc.o(i.RCC_Delay)
    RCC_Delay                                0x08002505   Thumb Code    36  stm32f1xx_hal_rcc.o(i.RCC_Delay)
    i.SVC_Handler                            0x0800252c   Section        0  stm32f1xx_it.o(i.SVC_Handler)
    i.Stop_Start_Init                        0x08002530   Section        0  init.o(i.Stop_Start_Init)
    i.SysTick_Handler                        0x08002574   Section        0  stm32f1xx_it.o(i.SysTick_Handler)
    i.SystemInit                             0x0800257c   Section        0  system_stm32f1xx.o(i.SystemInit)
    i.TIM2_IRQHandler                        0x080025d4   Section        0  stm32f1xx_it.o(i.TIM2_IRQHandler)
    i.TIM3_IRQHandler                        0x080025e4   Section        0  stm32f1xx_it.o(i.TIM3_IRQHandler)
    i.TIM4_IRQHandler                        0x080025f4   Section        0  stm32f1xx_it.o(i.TIM4_IRQHandler)
    i.TIM_Base_SetConfig                     0x08002604   Section        0  stm32f1xx_hal_tim.o(i.TIM_Base_SetConfig)
    i.TIM_CCxChannelCmd                      0x080026a0   Section        0  stm32f1xx_hal_tim.o(i.TIM_CCxChannelCmd)
    i.TIM_Init                               0x080026c4   Section        0  init.o(i.TIM_Init)
    i.TIM_OC1_SetConfig                      0x08002778   Section        0  stm32f1xx_hal_tim.o(i.TIM_OC1_SetConfig)
    TIM_OC1_SetConfig                        0x08002779   Thumb Code   104  stm32f1xx_hal_tim.o(i.TIM_OC1_SetConfig)
    i.TIM_OC2_SetConfig                      0x080027e8   Section        0  stm32f1xx_hal_tim.o(i.TIM_OC2_SetConfig)
    i.TIM_OC3_SetConfig                      0x08002864   Section        0  stm32f1xx_hal_tim.o(i.TIM_OC3_SetConfig)
    TIM_OC3_SetConfig                        0x08002865   Thumb Code   112  stm32f1xx_hal_tim.o(i.TIM_OC3_SetConfig)
    i.TIM_OC4_SetConfig                      0x080028dc   Section        0  stm32f1xx_hal_tim.o(i.TIM_OC4_SetConfig)
    TIM_OC4_SetConfig                        0x080028dd   Thumb Code    74  stm32f1xx_hal_tim.o(i.TIM_OC4_SetConfig)
    i.UART_DMAAbortOnError                   0x08002930   Section        0  stm32f1xx_hal_uart.o(i.UART_DMAAbortOnError)
    UART_DMAAbortOnError                     0x08002931   Thumb Code    20  stm32f1xx_hal_uart.o(i.UART_DMAAbortOnError)
    i.UART_EndRxTransfer                     0x08002944   Section        0  stm32f1xx_hal_uart.o(i.UART_EndRxTransfer)
    UART_EndRxTransfer                       0x08002945   Thumb Code    32  stm32f1xx_hal_uart.o(i.UART_EndRxTransfer)
    i.UART_EndTransmit_IT                    0x08002964   Section        0  stm32f1xx_hal_uart.o(i.UART_EndTransmit_IT)
    UART_EndTransmit_IT                      0x08002965   Thumb Code    32  stm32f1xx_hal_uart.o(i.UART_EndTransmit_IT)
    i.UART_Receive_IT                        0x08002984   Section        0  stm32f1xx_hal_uart.o(i.UART_Receive_IT)
    UART_Receive_IT                          0x08002985   Thumb Code   166  stm32f1xx_hal_uart.o(i.UART_Receive_IT)
    i.UART_SetConfig                         0x08002a2c   Section        0  stm32f1xx_hal_uart.o(i.UART_SetConfig)
    UART_SetConfig                           0x08002a2d   Thumb Code   412  stm32f1xx_hal_uart.o(i.UART_SetConfig)
    i.UART_Transmit_IT                       0x08002bcc   Section        0  stm32f1xx_hal_uart.o(i.UART_Transmit_IT)
    UART_Transmit_IT                         0x08002bcd   Thumb Code   104  stm32f1xx_hal_uart.o(i.UART_Transmit_IT)
    i.USART1_IRQHandler                      0x08002c34   Section        0  usart.o(i.USART1_IRQHandler)
    i.UsageFault_Handler                     0x08002c44   Section        0  stm32f1xx_it.o(i.UsageFault_Handler)
    i.__NVIC_GetPriorityGrouping             0x08002c48   Section        0  stm32f1xx_hal_cortex.o(i.__NVIC_GetPriorityGrouping)
    __NVIC_GetPriorityGrouping               0x08002c49   Thumb Code    10  stm32f1xx_hal_cortex.o(i.__NVIC_GetPriorityGrouping)
    i.__NVIC_SetPriority                     0x08002c58   Section        0  stm32f1xx_hal_cortex.o(i.__NVIC_SetPriority)
    __NVIC_SetPriority                       0x08002c59   Thumb Code    32  stm32f1xx_hal_cortex.o(i.__NVIC_SetPriority)
    i._sys_exit                              0x08002c80   Section        0  usart.o(i._sys_exit)
    i.adc_ave_filter                         0x08002c84   Section        0  measure.o(i.adc_ave_filter)
    i.adc_offset                             0x08002ce0   Section        0  measure.o(i.adc_offset)
    i.capture_init                           0x08002d38   Section        0  init.o(i.capture_init)
    i.delay_init                             0x08002d40   Section        0  delay.o(i.delay_init)
    i.getEncode                              0x08002d4c   Section        0  bldc.o(i.getEncode)
    i.gtimRestart                            0x08002da4   Section        0  bldc.o(i.gtimRestart)
    i.h_bridge_init                          0x08002df8   Section        0  init.o(i.h_bridge_init)
    i.hallsensor                             0x08002e80   Section        0  bldc.o(i.hallsensor)
    i.l_bridge_init                          0x08002ebc   Section        0  init.o(i.l_bridge_init)
    i.main                                   0x08002f00   Section        0  main.o(i.main)
    i.sys_init                               0x08002f2c   Section        0  init.o(i.sys_init)
    i.sys_stm32_clock_init                   0x08002f6a   Section        0  sys.o(i.sys_stm32_clock_init)
    i.uhvl                                   0x08002fd0   Section        0  bldc.o(i.uhvl)
    i.uhwl                                   0x08003018   Section        0  bldc.o(i.uhwl)
    i.usart_init                             0x08003060   Section        0  usart.o(i.usart_init)
    i.vhul                                   0x08003098   Section        0  bldc.o(i.vhul)
    i.vhwl                                   0x080030e0   Section        0  bldc.o(i.vhwl)
    i.whul                                   0x08003128   Section        0  bldc.o(i.whul)
    i.whvl                                   0x08003170   Section        0  bldc.o(i.whvl)
    .constdata                               0x080031b8   Section       24  system_stm32f1xx.o(.constdata)
    .data                                    0x20000000   Section        4  system_stm32f1xx.o(.data)
    .data                                    0x20000004   Section        9  stm32f1xx_hal.o(.data)
    .data                                    0x20000010   Section       50  bldc.o(.data)
    .data                                    0x20000048   Section       32  motor_ctrl.o(.data)
    .data                                    0x20000068   Section        6  measure.o(.data)
    .data                                    0x20000070   Section        4  delay.o(.data)
    g_fac_us                                 0x20000070   Data           4  delay.o(.data)
    .data                                    0x20000074   Section        7  usart.o(.data)
    .bss                                     0x2000007c   Section      388  init.o(.bss)
    .bss                                     0x20000200   Section       10  bldc.o(.bss)
    .bss                                     0x2000020a   Section      510  measure.o(.bss)
    .bss                                     0x20000408   Section      264  usart.o(.bss)
    .bss                                     0x20000510   Section       88  encode.o(.bss)
    .bss                                     0x20000568   Section       96  libspace.o(.bss)
    HEAP                                     0x200005c8   Section      512  startup_stm32f103xb.o(HEAP)
    Heap_Mem                                 0x200005c8   Data         512  startup_stm32f103xb.o(HEAP)
    STACK                                    0x200007c8   Section     1024  startup_stm32f103xb.o(STACK)
    Stack_Mem                                0x200007c8   Data        1024  startup_stm32f103xb.o(STACK)
    __initial_sp                             0x20000bc8   Data           0  startup_stm32f103xb.o(STACK)

    Global Symbols

    Symbol Name                              Value     Ov Type        Size  Object(Section)

    BuildAttributes$$THM_ISAv4$P$D$K$B$S$PE$A:L22UL41UL21$X:L11$S22US41US21$IEEE1$IW$USESV6$~STKCKD$USESV7$~SHL$OTIME$ROPI$IEEEX$EBA8$UX$STANDARDLIB$REQ8$PRES8$EABIv2 0x00000000   Number         0  anon$$obj.o ABSOLUTE
    __ARM_use_no_argv                        0x00000000   Number         0  main.o ABSOLUTE
    __ARM_exceptions_init                     - Undefined Weak Reference
    __alloca_initialize                       - Undefined Weak Reference
    __arm_preinit_                            - Undefined Weak Reference
    __cpp_initialize__aeabi_                  - Undefined Weak Reference
    __cxa_finalize                            - Undefined Weak Reference
    __rt_locale                               - Undefined Weak Reference
    __sigvec_lookup                           - Undefined Weak Reference
    _atexit_init                              - Undefined Weak Reference
    _call_atexit_fns                          - Undefined Weak Reference
    _clock_init                               - Undefined Weak Reference
    _fp_trap_init                             - Undefined Weak Reference
    _fp_trap_shutdown                         - Undefined Weak Reference
    _get_lc_collate                           - Undefined Weak Reference
    _get_lc_ctype                             - Undefined Weak Reference
    _get_lc_monetary                          - Undefined Weak Reference
    _get_lc_numeric                           - Undefined Weak Reference
    _get_lc_time                              - Undefined Weak Reference
    _getenv_init                              - Undefined Weak Reference
    _handle_redirection                       - Undefined Weak Reference
    _init_alloc                               - Undefined Weak Reference
    _init_user_alloc                          - Undefined Weak Reference
    _initio                                   - Undefined Weak Reference
    _rand_init                                - Undefined Weak Reference
    _signal_finish                            - Undefined Weak Reference
    _signal_init                              - Undefined Weak Reference
    _terminate_alloc                          - Undefined Weak Reference
    _terminate_user_alloc                     - Undefined Weak Reference
    _terminateio                              - Undefined Weak Reference
    __Vectors_Size                           0x000000ec   Number         0  startup_stm32f103xb.o ABSOLUTE
    __Vectors                                0x08000000   Data           4  startup_stm32f103xb.o(RESET)
    __Vectors_End                            0x080000ec   Data           0  startup_stm32f103xb.o(RESET)
    __main                                   0x080000ed   Thumb Code     8  __main.o(!!!main)
    __scatterload                            0x080000f5   Thumb Code     0  __scatter.o(!!!scatter)
    __scatterload_rt2                        0x080000f5   Thumb Code    44  __scatter.o(!!!scatter)
    __scatterload_rt2_thumb_only             0x080000f5   Thumb Code     0  __scatter.o(!!!scatter)
    __scatterload_null                       0x08000103   Thumb Code     0  __scatter.o(!!!scatter)
    __scatterload_copy                       0x08000129   Thumb Code    26  __scatter_copy.o(!!handler_copy)
    __scatterload_zeroinit                   0x08000145   Thumb Code    28  __scatter_zi.o(!!handler_zi)
    __rt_lib_init                            0x08000161   Thumb Code     0  libinit.o(.ARM.Collect$$libinit$$00000000)
    __rt_lib_init_alloca_1                   0x08000163   Thumb Code     0  libinit2.o(.ARM.Collect$$libinit$$0000002E)
    __rt_lib_init_argv_1                     0x08000163   Thumb Code     0  libinit2.o(.ARM.Collect$$libinit$$0000002C)
    __rt_lib_init_atexit_1                   0x08000163   Thumb Code     0  libinit2.o(.ARM.Collect$$libinit$$0000001B)
    __rt_lib_init_clock_1                    0x08000163   Thumb Code     0  libinit2.o(.ARM.Collect$$libinit$$00000021)
    __rt_lib_init_cpp_1                      0x08000163   Thumb Code     0  libinit2.o(.ARM.Collect$$libinit$$00000032)
    __rt_lib_init_exceptions_1               0x08000163   Thumb Code     0  libinit2.o(.ARM.Collect$$libinit$$00000030)
    __rt_lib_init_fp_1                       0x08000163   Thumb Code     0  libinit2.o(.ARM.Collect$$libinit$$00000002)
    __rt_lib_init_fp_trap_1                  0x08000163   Thumb Code     0  libinit2.o(.ARM.Collect$$libinit$$0000001F)
    __rt_lib_init_getenv_1                   0x08000163   Thumb Code     0  libinit2.o(.ARM.Collect$$libinit$$00000023)
    __rt_lib_init_heap_1                     0x08000163   Thumb Code     0  libinit2.o(.ARM.Collect$$libinit$$0000000A)
    __rt_lib_init_lc_collate_1               0x08000163   Thumb Code     0  libinit2.o(.ARM.Collect$$libinit$$00000011)
    __rt_lib_init_lc_ctype_1                 0x08000163   Thumb Code     0  libinit2.o(.ARM.Collect$$libinit$$00000013)
    __rt_lib_init_lc_monetary_1              0x08000163   Thumb Code     0  libinit2.o(.ARM.Collect$$libinit$$00000015)
    __rt_lib_init_lc_numeric_1               0x08000163   Thumb Code     0  libinit2.o(.ARM.Collect$$libinit$$00000017)
    __rt_lib_init_lc_time_1                  0x08000163   Thumb Code     0  libinit2.o(.ARM.Collect$$libinit$$00000019)
    __rt_lib_init_preinit_1                  0x08000163   Thumb Code     0  libinit2.o(.ARM.Collect$$libinit$$00000004)
    __rt_lib_init_rand_1                     0x08000163   Thumb Code     0  libinit2.o(.ARM.Collect$$libinit$$0000000E)
    __rt_lib_init_return                     0x08000163   Thumb Code     0  libinit2.o(.ARM.Collect$$libinit$$00000033)
    __rt_lib_init_signal_1                   0x08000163   Thumb Code     0  libinit2.o(.ARM.Collect$$libinit$$0000001D)
    __rt_lib_init_stdio_1                    0x08000163   Thumb Code     0  libinit2.o(.ARM.Collect$$libinit$$00000025)
    __rt_lib_init_user_alloc_1               0x08000163   Thumb Code     0  libinit2.o(.ARM.Collect$$libinit$$0000000C)
    __rt_lib_shutdown                        0x08000165   Thumb Code     0  libshutdown.o(.ARM.Collect$$libshutdown$$00000000)
    __rt_lib_shutdown_fp_trap_1              0x08000167   Thumb Code     0  libshutdown2.o(.ARM.Collect$$libshutdown$$00000006)
    __rt_lib_shutdown_heap_1                 0x08000167   Thumb Code     0  libshutdown2.o(.ARM.Collect$$libshutdown$$0000000E)
    __rt_lib_shutdown_return                 0x08000167   Thumb Code     0  libshutdown2.o(.ARM.Collect$$libshutdown$$0000000F)
    __rt_lib_shutdown_signal_1               0x08000167   Thumb Code     0  libshutdown2.o(.ARM.Collect$$libshutdown$$00000009)
    __rt_lib_shutdown_stdio_1                0x08000167   Thumb Code     0  libshutdown2.o(.ARM.Collect$$libshutdown$$00000003)
    __rt_lib_shutdown_user_alloc_1           0x08000167   Thumb Code     0  libshutdown2.o(.ARM.Collect$$libshutdown$$0000000B)
    __rt_entry                               0x08000169   Thumb Code     0  __rtentry.o(.ARM.Collect$$rtentry$$00000000)
    __rt_entry_presh_1                       0x08000169   Thumb Code     0  __rtentry2.o(.ARM.Collect$$rtentry$$00000002)
    __rt_entry_sh                            0x08000169   Thumb Code     0  __rtentry4.o(.ARM.Collect$$rtentry$$00000004)
    __rt_entry_li                            0x0800016f   Thumb Code     0  __rtentry2.o(.ARM.Collect$$rtentry$$0000000A)
    __rt_entry_postsh_1                      0x0800016f   Thumb Code     0  __rtentry2.o(.ARM.Collect$$rtentry$$00000009)
    __rt_entry_main                          0x08000173   Thumb Code     0  __rtentry2.o(.ARM.Collect$$rtentry$$0000000D)
    __rt_entry_postli_1                      0x08000173   Thumb Code     0  __rtentry2.o(.ARM.Collect$$rtentry$$0000000C)
    __rt_exit                                0x0800017b   Thumb Code     0  rtexit.o(.ARM.Collect$$rtexit$$00000000)
    __rt_exit_ls                             0x0800017d   Thumb Code     0  rtexit2.o(.ARM.Collect$$rtexit$$00000003)
    __rt_exit_prels_1                        0x0800017d   Thumb Code     0  rtexit2.o(.ARM.Collect$$rtexit$$00000002)
    __rt_exit_exit                           0x08000181   Thumb Code     0  rtexit2.o(.ARM.Collect$$rtexit$$00000004)
    Reset_Handler                            0x08000189   Thumb Code     8  startup_stm32f103xb.o(.text)
    CAN1_RX1_IRQHandler                      0x080001a3   Thumb Code     0  startup_stm32f103xb.o(.text)
    CAN1_SCE_IRQHandler                      0x080001a3   Thumb Code     0  startup_stm32f103xb.o(.text)
    DMA1_Channel2_IRQHandler                 0x080001a3   Thumb Code     0  startup_stm32f103xb.o(.text)
    DMA1_Channel3_IRQHandler                 0x080001a3   Thumb Code     0  startup_stm32f103xb.o(.text)
    DMA1_Channel4_IRQHandler                 0x080001a3   Thumb Code     0  startup_stm32f103xb.o(.text)
    DMA1_Channel5_IRQHandler                 0x080001a3   Thumb Code     0  startup_stm32f103xb.o(.text)
    DMA1_Channel6_IRQHandler                 0x080001a3   Thumb Code     0  startup_stm32f103xb.o(.text)
    DMA1_Channel7_IRQHandler                 0x080001a3   Thumb Code     0  startup_stm32f103xb.o(.text)
    EXTI0_IRQHandler                         0x080001a3   Thumb Code     0  startup_stm32f103xb.o(.text)
    EXTI1_IRQHandler                         0x080001a3   Thumb Code     0  startup_stm32f103xb.o(.text)
    EXTI2_IRQHandler                         0x080001a3   Thumb Code     0  startup_stm32f103xb.o(.text)
    EXTI3_IRQHandler                         0x080001a3   Thumb Code     0  startup_stm32f103xb.o(.text)
    EXTI4_IRQHandler                         0x080001a3   Thumb Code     0  startup_stm32f103xb.o(.text)
    EXTI9_5_IRQHandler                       0x080001a3   Thumb Code     0  startup_stm32f103xb.o(.text)
    FLASH_IRQHandler                         0x080001a3   Thumb Code     0  startup_stm32f103xb.o(.text)
    I2C1_ER_IRQHandler                       0x080001a3   Thumb Code     0  startup_stm32f103xb.o(.text)
    I2C1_EV_IRQHandler                       0x080001a3   Thumb Code     0  startup_stm32f103xb.o(.text)
    I2C2_ER_IRQHandler                       0x080001a3   Thumb Code     0  startup_stm32f103xb.o(.text)
    I2C2_EV_IRQHandler                       0x080001a3   Thumb Code     0  startup_stm32f103xb.o(.text)
    PVD_IRQHandler                           0x080001a3   Thumb Code     0  startup_stm32f103xb.o(.text)
    RCC_IRQHandler                           0x080001a3   Thumb Code     0  startup_stm32f103xb.o(.text)
    RTC_Alarm_IRQHandler                     0x080001a3   Thumb Code     0  startup_stm32f103xb.o(.text)
    RTC_IRQHandler                           0x080001a3   Thumb Code     0  startup_stm32f103xb.o(.text)
    SPI1_IRQHandler                          0x080001a3   Thumb Code     0  startup_stm32f103xb.o(.text)
    SPI2_IRQHandler                          0x080001a3   Thumb Code     0  startup_stm32f103xb.o(.text)
    TAMPER_IRQHandler                        0x080001a3   Thumb Code     0  startup_stm32f103xb.o(.text)
    TIM1_BRK_IRQHandler                      0x080001a3   Thumb Code     0  startup_stm32f103xb.o(.text)
    TIM1_CC_IRQHandler                       0x080001a3   Thumb Code     0  startup_stm32f103xb.o(.text)
    TIM1_TRG_COM_IRQHandler                  0x080001a3   Thumb Code     0  startup_stm32f103xb.o(.text)
    TIM1_UP_IRQHandler                       0x080001a3   Thumb Code     0  startup_stm32f103xb.o(.text)
    USART2_IRQHandler                        0x080001a3   Thumb Code     0  startup_stm32f103xb.o(.text)
    USART3_IRQHandler                        0x080001a3   Thumb Code     0  startup_stm32f103xb.o(.text)
    USBWakeUp_IRQHandler                     0x080001a3   Thumb Code     0  startup_stm32f103xb.o(.text)
    USB_HP_CAN1_TX_IRQHandler                0x080001a3   Thumb Code     0  startup_stm32f103xb.o(.text)
    USB_LP_CAN1_RX0_IRQHandler               0x080001a3   Thumb Code     0  startup_stm32f103xb.o(.text)
    WWDG_IRQHandler                          0x080001a3   Thumb Code     0  startup_stm32f103xb.o(.text)
    __user_initial_stackheap                 0x080001a5   Thumb Code     0  startup_stm32f103xb.o(.text)
    __use_no_semihosting                     0x080001c9   Thumb Code     2  use_no_semi_2.o(.text)
    __aeabi_memclr4                          0x080001cb   Thumb Code     0  rt_memclr_w.o(.text)
    __aeabi_memclr8                          0x080001cb   Thumb Code     0  rt_memclr_w.o(.text)
    __rt_memclr_w                            0x080001cb   Thumb Code    78  rt_memclr_w.o(.text)
    _memset_w                                0x080001cf   Thumb Code     0  rt_memclr_w.o(.text)
    __use_two_region_memory                  0x08000219   Thumb Code     2  heapauxi.o(.text)
    __rt_heap_escrow$2region                 0x0800021b   Thumb Code     2  heapauxi.o(.text)
    __rt_heap_expand$2region                 0x0800021d   Thumb Code     2  heapauxi.o(.text)
    __semihosting$guard                      0x0800021f   Thumb Code     0  use_no_semi.o(.text)
    __use_no_semihosting_swi                 0x0800021f   Thumb Code     2  use_no_semi.o(.text)
    __user_libspace                          0x08000221   Thumb Code     8  libspace.o(.text)
    __user_perproc_libspace                  0x08000221   Thumb Code     0  libspace.o(.text)
    __user_perthread_libspace                0x08000221   Thumb Code     0  libspace.o(.text)
    __user_setup_stackheap                   0x08000229   Thumb Code    74  sys_stackheap_outer.o(.text)
    exit                                     0x08000273   Thumb Code    12  exit.o(.text)
    ADC1_2_IRQHandler                        0x08000281   Thumb Code    10  stm32f1xx_it.o(i.ADC1_2_IRQHandler)
    ADC_ConversionStop_Disable               0x08000291   Thumb Code    82  stm32f1xx_hal_adc.o(i.ADC_ConversionStop_Disable)
    ADC_DMAConvCplt                          0x080002e3   Thumb Code    82  stm32f1xx_hal_adc.o(i.ADC_DMAConvCplt)
    ADC_DMAError                             0x08000335   Thumb Code    30  stm32f1xx_hal_adc.o(i.ADC_DMAError)
    ADC_DMAHalfConvCplt                      0x08000353   Thumb Code    14  stm32f1xx_hal_adc.o(i.ADC_DMAHalfConvCplt)
    ADC_Enable                               0x08000361   Thumb Code   122  stm32f1xx_hal_adc.o(i.ADC_Enable)
    BusFault_Handler                         0x080003e5   Thumb Code     4  stm32f1xx_it.o(i.BusFault_Handler)
    Cap_Tim_Init                             0x080003e9   Thumb Code   130  init.o(i.Cap_Tim_Init)
    DMA1_Channel1_IRQHandler                 0x08000479   Thumb Code    12  stm32f1xx_it.o(i.DMA1_Channel1_IRQHandler)
    DebugMon_Handler                         0x080004b5   Thumb Code     2  stm32f1xx_it.o(i.DebugMon_Handler)
    EXTI15_10_IRQHandler                     0x080004b7   Thumb Code     2  stm32f1xx_it.o(i.EXTI15_10_IRQHandler)
    HAL_ADCEx_InjectedConvCpltCallback       0x080004b9   Thumb Code     2  stm32f1xx_hal_adc_ex.o(i.HAL_ADCEx_InjectedConvCpltCallback)
    HAL_ADC_ConvCpltCallback                 0x080004bd   Thumb Code    46  measure.o(i.HAL_ADC_ConvCpltCallback)
    HAL_ADC_ConvHalfCpltCallback             0x080004fd   Thumb Code     2  stm32f1xx_hal_adc.o(i.HAL_ADC_ConvHalfCpltCallback)
    HAL_ADC_ErrorCallback                    0x080004ff   Thumb Code     2  stm32f1xx_hal_adc.o(i.HAL_ADC_ErrorCallback)
    HAL_ADC_IRQHandler                       0x08000501   Thumb Code   290  stm32f1xx_hal_adc.o(i.HAL_ADC_IRQHandler)
    HAL_ADC_LevelOutOfWindowCallback         0x08000623   Thumb Code     2  stm32f1xx_hal_adc.o(i.HAL_ADC_LevelOutOfWindowCallback)
    HAL_ADC_Start_DMA                        0x08000625   Thumb Code   362  stm32f1xx_hal_adc.o(i.HAL_ADC_Start_DMA)
    HAL_ADC_Stop_DMA                         0x080007a5   Thumb Code    96  stm32f1xx_hal_adc.o(i.HAL_ADC_Stop_DMA)
    HAL_DMA_Abort                            0x08000805   Thumb Code    86  stm32f1xx_hal_dma.o(i.HAL_DMA_Abort)
    HAL_DMA_Abort_IT                         0x0800085d   Thumb Code   414  stm32f1xx_hal_dma.o(i.HAL_DMA_Abort_IT)
    HAL_DMA_IRQHandler                       0x08000a05   Thumb Code   910  stm32f1xx_hal_dma.o(i.HAL_DMA_IRQHandler)
    HAL_DMA_Start_IT                         0x08000d9d   Thumb Code   156  stm32f1xx_hal_dma.o(i.HAL_DMA_Start_IT)
    HAL_GPIO_Init                            0x08000e39   Thumb Code   792  stm32f1xx_hal_gpio.o(i.HAL_GPIO_Init)
    HAL_GPIO_ReadPin                         0x08001179   Thumb Code    16  stm32f1xx_hal_gpio.o(i.HAL_GPIO_ReadPin)
    HAL_GPIO_WritePin                        0x08001189   Thumb Code    12  stm32f1xx_hal_gpio.o(i.HAL_GPIO_WritePin)
    HAL_GetTick                              0x08001195   Thumb Code     6  stm32f1xx_hal.o(i.HAL_GetTick)
    HAL_IncTick                              0x080011a1   Thumb Code    16  stm32f1xx_hal.o(i.HAL_IncTick)
    HAL_Init                                 0x080011b9   Thumb Code    34  stm32f1xx_hal.o(i.HAL_Init)
    HAL_InitTick                             0x080011e1   Thumb Code    64  stm32f1xx_hal.o(i.HAL_InitTick)
    HAL_MspInit                              0x0800122d   Thumb Code     2  stm32f1xx_hal_msp_template.o(i.HAL_MspInit)
    HAL_NVIC_EnableIRQ                       0x0800122f   Thumb Code    32  stm32f1xx_hal_cortex.o(i.HAL_NVIC_EnableIRQ)
    HAL_NVIC_SetPriority                     0x0800124f   Thumb Code   124  stm32f1xx_hal_cortex.o(i.HAL_NVIC_SetPriority)
    HAL_NVIC_SetPriorityGrouping             0x080012cd   Thumb Code    32  stm32f1xx_hal_cortex.o(i.HAL_NVIC_SetPriorityGrouping)
    HAL_RCC_ClockConfig                      0x080012f5   Thumb Code   376  stm32f1xx_hal_rcc.o(i.HAL_RCC_ClockConfig)
    HAL_RCC_GetHCLKFreq                      0x08001481   Thumb Code     6  stm32f1xx_hal_rcc.o(i.HAL_RCC_GetHCLKFreq)
    HAL_RCC_GetPCLK1Freq                     0x0800148d   Thumb Code    22  stm32f1xx_hal_rcc.o(i.HAL_RCC_GetPCLK1Freq)
    HAL_RCC_GetPCLK2Freq                     0x080014ad   Thumb Code    22  stm32f1xx_hal_rcc.o(i.HAL_RCC_GetPCLK2Freq)
    HAL_RCC_GetSysClockFreq                  0x080014cd   Thumb Code   116  stm32f1xx_hal_rcc.o(i.HAL_RCC_GetSysClockFreq)
    HAL_RCC_OscConfig                        0x08001561   Thumb Code  1114  stm32f1xx_hal_rcc.o(i.HAL_RCC_OscConfig)
    HAL_SPI_Init                             0x080019c5   Thumb Code   156  stm32f1xx_hal_spi.o(i.HAL_SPI_Init)
    HAL_SPI_MspInit                          0x08001a61   Thumb Code     2  stm32f1xx_hal_spi.o(i.HAL_SPI_MspInit)
    HAL_SYSTICK_Config                       0x08001a63   Thumb Code    52  stm32f1xx_hal_cortex.o(i.HAL_SYSTICK_Config)
    HAL_TIMEx_BreakCallback                  0x08001a97   Thumb Code     2  stm32f1xx_hal_tim_ex.o(i.HAL_TIMEx_BreakCallback)
    HAL_TIMEx_CommutCallback                 0x08001a99   Thumb Code     2  stm32f1xx_hal_tim_ex.o(i.HAL_TIMEx_CommutCallback)
    HAL_TIMEx_MasterConfigSynchronization    0x08001a9b   Thumb Code    84  stm32f1xx_hal_tim_ex.o(i.HAL_TIMEx_MasterConfigSynchronization)
    HAL_TIM_Base_Init                        0x08001aef   Thumb Code    52  stm32f1xx_hal_tim.o(i.HAL_TIM_Base_Init)
    HAL_TIM_Base_MspInit                     0x08001b25   Thumb Code    32  stm32f1xx_hal_msp.o(i.HAL_TIM_Base_MspInit)
    HAL_TIM_Base_Start_IT                    0x08001b49   Thumb Code    42  stm32f1xx_hal_tim.o(i.HAL_TIM_Base_Start_IT)
    HAL_TIM_Encoder_Init                     0x08001b73   Thumb Code   170  stm32f1xx_hal_tim.o(i.HAL_TIM_Encoder_Init)
    HAL_TIM_Encoder_MspInit                  0x08001c1d   Thumb Code     2  stm32f1xx_hal_tim.o(i.HAL_TIM_Encoder_MspInit)
    HAL_TIM_Encoder_Start                    0x08001c1f   Thumb Code    78  stm32f1xx_hal_tim.o(i.HAL_TIM_Encoder_Start)
    HAL_TIM_IC_CaptureCallback               0x08001c6d   Thumb Code     2  stm32f1xx_hal_tim.o(i.HAL_TIM_IC_CaptureCallback)
    HAL_TIM_IRQHandler                       0x08001c6f   Thumb Code   406  stm32f1xx_hal_tim.o(i.HAL_TIM_IRQHandler)
    HAL_TIM_OC_DelayElapsedCallback          0x08001e05   Thumb Code     2  stm32f1xx_hal_tim.o(i.HAL_TIM_OC_DelayElapsedCallback)
    HAL_TIM_PWM_ConfigChannel                0x08001e07   Thumb Code   264  stm32f1xx_hal_tim.o(i.HAL_TIM_PWM_ConfigChannel)
    HAL_TIM_PWM_Init                         0x08001f0f   Thumb Code    52  stm32f1xx_hal_tim.o(i.HAL_TIM_PWM_Init)
    HAL_TIM_PWM_MspInit                      0x08001f45   Thumb Code   122  init.o(i.HAL_TIM_PWM_MspInit)
    HAL_TIM_PWM_PulseFinishedCallback        0x08001fd1   Thumb Code     2  stm32f1xx_hal_tim.o(i.HAL_TIM_PWM_PulseFinishedCallback)
    HAL_TIM_PWM_Start                        0x08001fd5   Thumb Code    80  stm32f1xx_hal_tim.o(i.HAL_TIM_PWM_Start)
    HAL_TIM_PeriodElapsedCallback            0x0800202d   Thumb Code   160  bldc.o(i.HAL_TIM_PeriodElapsedCallback)
    HAL_TIM_TriggerCallback                  0x080020e5   Thumb Code     2  stm32f1xx_hal_tim.o(i.HAL_TIM_TriggerCallback)
    HAL_UART_ErrorCallback                   0x080020e7   Thumb Code     2  stm32f1xx_hal_uart.o(i.HAL_UART_ErrorCallback)
    HAL_UART_IRQHandler                      0x080020e9   Thumb Code   326  stm32f1xx_hal_uart.o(i.HAL_UART_IRQHandler)
    HAL_UART_Init                            0x08002235   Thumb Code   114  stm32f1xx_hal_uart.o(i.HAL_UART_Init)
    HAL_UART_MspInit                         0x080022a9   Thumb Code   168  usart.o(i.HAL_UART_MspInit)
    HAL_UART_Receive_IT                      0x0800235d   Thumb Code   112  stm32f1xx_hal_uart.o(i.HAL_UART_Receive_IT)
    HAL_UART_RxCpltCallback                  0x080023cd   Thumb Code   134  usart.o(i.HAL_UART_RxCpltCallback)
    HAL_UART_TxCpltCallback                  0x08002469   Thumb Code     2  stm32f1xx_hal_uart.o(i.HAL_UART_TxCpltCallback)
    H_sensor_init                            0x0800246d   Thumb Code    26  init.o(i.H_sensor_init)
    HardFault_Handler                        0x0800248d   Thumb Code     4  stm32f1xx_it.o(i.HardFault_Handler)
    MX_SPI1_Init                             0x08002491   Thumb Code    94  encode.o(i.MX_SPI1_Init)
    MemManage_Handler                        0x080024fd   Thumb Code     4  stm32f1xx_it.o(i.MemManage_Handler)
    NMI_Handler                              0x08002501   Thumb Code     2  stm32f1xx_it.o(i.NMI_Handler)
    PendSV_Handler                           0x08002503   Thumb Code     2  stm32f1xx_it.o(i.PendSV_Handler)
    SVC_Handler                              0x0800252d   Thumb Code     2  stm32f1xx_it.o(i.SVC_Handler)
    Stop_Start_Init                          0x08002531   Thumb Code    60  init.o(i.Stop_Start_Init)
    SysTick_Handler                          0x08002575   Thumb Code     8  stm32f1xx_it.o(i.SysTick_Handler)
    SystemInit                               0x0800257d   Thumb Code    70  system_stm32f1xx.o(i.SystemInit)
    TIM2_IRQHandler                          0x080025d5   Thumb Code    10  stm32f1xx_it.o(i.TIM2_IRQHandler)
    TIM3_IRQHandler                          0x080025e5   Thumb Code    10  stm32f1xx_it.o(i.TIM3_IRQHandler)
    TIM4_IRQHandler                          0x080025f5   Thumb Code    10  stm32f1xx_it.o(i.TIM4_IRQHandler)
    TIM_Base_SetConfig                       0x08002605   Thumb Code   134  stm32f1xx_hal_tim.o(i.TIM_Base_SetConfig)
    TIM_CCxChannelCmd                        0x080026a1   Thumb Code    34  stm32f1xx_hal_tim.o(i.TIM_CCxChannelCmd)
    TIM_Init                                 0x080026c5   Thumb Code   162  init.o(i.TIM_Init)
    TIM_OC2_SetConfig                        0x080027e9   Thumb Code   114  stm32f1xx_hal_tim.o(i.TIM_OC2_SetConfig)
    USART1_IRQHandler                        0x08002c35   Thumb Code    10  usart.o(i.USART1_IRQHandler)
    UsageFault_Handler                       0x08002c45   Thumb Code     4  stm32f1xx_it.o(i.UsageFault_Handler)
    _sys_exit                                0x08002c81   Thumb Code     4  usart.o(i._sys_exit)
    adc_ave_filter                           0x08002c85   Thumb Code    82  measure.o(i.adc_ave_filter)
    adc_offset                               0x08002ce1   Thumb Code    78  measure.o(i.adc_offset)
    capture_init                             0x08002d39   Thumb Code     8  init.o(i.capture_init)
    delay_init                               0x08002d41   Thumb Code     6  delay.o(i.delay_init)
    getEncode                                0x08002d4d   Thumb Code    70  bldc.o(i.getEncode)
    gtimRestart                              0x08002da5   Thumb Code    76  bldc.o(i.gtimRestart)
    h_bridge_init                            0x08002df9   Thumb Code   116  init.o(i.h_bridge_init)
    hallsensor                               0x08002e81   Thumb Code    56  bldc.o(i.hallsensor)
    l_bridge_init                            0x08002ebd   Thumb Code    60  init.o(i.l_bridge_init)
    main                                     0x08002f01   Thumb Code    34  main.o(i.main)
    sys_init                                 0x08002f2d   Thumb Code    62  init.o(i.sys_init)
    sys_stm32_clock_init                     0x08002f6b   Thumb Code   102  sys.o(i.sys_stm32_clock_init)
    uhvl                                     0x08002fd1   Thumb Code    58  bldc.o(i.uhvl)
    uhwl                                     0x08003019   Thumb Code    58  bldc.o(i.uhwl)
    usart_init                               0x08003061   Thumb Code    44  usart.o(i.usart_init)
    vhul                                     0x08003099   Thumb Code    60  bldc.o(i.vhul)
    vhwl                                     0x080030e1   Thumb Code    60  bldc.o(i.vhwl)
    whul                                     0x08003129   Thumb Code    58  bldc.o(i.whul)
    whvl                                     0x08003171   Thumb Code    58  bldc.o(i.whvl)
    AHBPrescTable                            0x080031b8   Data          16  system_stm32f1xx.o(.constdata)
    APBPrescTable                            0x080031c8   Data           8  system_stm32f1xx.o(.constdata)
    Region$$Table$$Base                      0x080031d0   Number         0  anon$$obj.o(Region$$Table)
    Region$$Table$$Limit                     0x080031f0   Number         0  anon$$obj.o(Region$$Table)
    SystemCoreClock                          0x20000000   Data           4  system_stm32f1xx.o(.data)
    uwTick                                   0x20000004   Data           4  stm32f1xx_hal.o(.data)
    uwTickPrio                               0x20000008   Data           4  stm32f1xx_hal.o(.data)
    uwTickFreq                               0x2000000c   Data           1  stm32f1xx_hal.o(.data)
    cnt_all                                  0x20000010   Data           4  bldc.o(.data)
    last_cnt                                 0x20000014   Data           4  bldc.o(.data)
    basic_ctrl                               0x20000018   Data          24  bldc.o(.data)
    forward                                  0x20000030   Data           6  bldc.o(.data)
    backward                                 0x20000036   Data           6  bldc.o(.data)
    idx_f                                    0x2000003c   Data           6  bldc.o(.data)
    counter                                  0x20000048   Data           2  motor_ctrl.o(.data)
    start_cnt                                0x2000004a   Data           1  motor_ctrl.o(.data)
    normal_cnt                               0x2000004c   Data           4  motor_ctrl.o(.data)
    speed_actual                             0x20000050   Data           4  motor_ctrl.o(.data)
    target_speed                             0x20000054   Data           4  motor_ctrl.o(.data)
    encoder_num                              0x20000058   Data           8  motor_ctrl.o(.data)
    rpm                                      0x20000060   Data           4  motor_ctrl.o(.data)
    target_rpm                               0x20000064   Data           4  motor_ctrl.o(.data)
    phase_offset                             0x20000068   Data           6  measure.o(.data)
    __stdout                                 0x20000074   Data           4  usart.o(.data)
    g_usart_rx_sta                           0x20000078   Data           2  usart.o(.data)
    g_rx_buffer                              0x2000007a   Data           1  usart.o(.data)
    TIM1_Handler                             0x2000007c   Data          64  init.o(.bss)
    TIM2_Handler                             0x200000bc   Data          64  init.o(.bss)
    TIM1_CH1Handler                          0x200000fc   Data          28  init.o(.bss)
    TIM1_CH2Handler                          0x20000118   Data          28  init.o(.bss)
    TIM1_CH3Handler                          0x20000134   Data          28  init.o(.bss)
    htim3                                    0x20000150   Data          64  init.o(.bss)
    htim4                                    0x20000190   Data          64  init.o(.bss)
    AdcHandle                                0x200001d0   Data          48  init.o(.bss)
    motor                                    0x20000200   Data          10  bldc.o(.bss)
    g_adc_raw                                0x2000020a   Data         500  measure.o(.bss)
    g_adc_ave                                0x200003fe   Data          10  measure.o(.bss)
    g_usart_rx_buf                           0x20000408   Data         200  usart.o(.bss)
    g_uart1_handle                           0x200004d0   Data          64  usart.o(.bss)
    hspi1                                    0x20000510   Data          88  encode.o(.bss)
    __libspace_start                         0x20000568   Data          96  libspace.o(.bss)
    __temporary_stack_top$libspace           0x200005c8   Data           0  libspace.o(.bss)



==============================================================================

Memory Map of the image

  Image Entry point : 0x080000ed

  Load Region LR_IROM1 (Base: 0x08000000, Size: 0x0000326c, Max: 0x00010000, ABSOLUTE)

    Execution Region ER_IROM1 (Base: 0x08000000, Size: 0x000031f0, Max: 0x00010000, ABSOLUTE)

    Base Addr    Size         Type   Attr      Idx    E Section Name        Object

    0x08000000   0x000000ec   Data   RO         3984    RESET               startup_stm32f103xb.o
    0x080000ec   0x00000008   Code   RO         4711  * !!!main             c_w.l(__main.o)
    0x080000f4   0x00000034   Code   RO         5010    !!!scatter          c_w.l(__scatter.o)
    0x08000128   0x0000001a   Code   RO         5012    !!handler_copy      c_w.l(__scatter_copy.o)
    0x08000142   0x00000002   PAD
    0x08000144   0x0000001c   Code   RO         5014    !!handler_zi        c_w.l(__scatter_zi.o)
    0x08000160   0x00000002   Code   RO         4883    .ARM.Collect$$libinit$$00000000  c_w.l(libinit.o)
    0x08000162   0x00000000   Code   RO         4893    .ARM.Collect$$libinit$$00000002  c_w.l(libinit2.o)
    0x08000162   0x00000000   Code   RO         4895    .ARM.Collect$$libinit$$00000004  c_w.l(libinit2.o)
    0x08000162   0x00000000   Code   RO         4898    .ARM.Collect$$libinit$$0000000A  c_w.l(libinit2.o)
    0x08000162   0x00000000   Code   RO         4900    .ARM.Collect$$libinit$$0000000C  c_w.l(libinit2.o)
    0x08000162   0x00000000   Code   RO         4902    .ARM.Collect$$libinit$$0000000E  c_w.l(libinit2.o)
    0x08000162   0x00000000   Code   RO         4905    .ARM.Collect$$libinit$$00000011  c_w.l(libinit2.o)
    0x08000162   0x00000000   Code   RO         4907    .ARM.Collect$$libinit$$00000013  c_w.l(libinit2.o)
    0x08000162   0x00000000   Code   RO         4909    .ARM.Collect$$libinit$$00000015  c_w.l(libinit2.o)
    0x08000162   0x00000000   Code   RO         4911    .ARM.Collect$$libinit$$00000017  c_w.l(libinit2.o)
    0x08000162   0x00000000   Code   RO         4913    .ARM.Collect$$libinit$$00000019  c_w.l(libinit2.o)
    0x08000162   0x00000000   Code   RO         4915    .ARM.Collect$$libinit$$0000001B  c_w.l(libinit2.o)
    0x08000162   0x00000000   Code   RO         4917    .ARM.Collect$$libinit$$0000001D  c_w.l(libinit2.o)
    0x08000162   0x00000000   Code   RO         4919    .ARM.Collect$$libinit$$0000001F  c_w.l(libinit2.o)
    0x08000162   0x00000000   Code   RO         4921    .ARM.Collect$$libinit$$00000021  c_w.l(libinit2.o)
    0x08000162   0x00000000   Code   RO         4923    .ARM.Collect$$libinit$$00000023  c_w.l(libinit2.o)
    0x08000162   0x00000000   Code   RO         4925    .ARM.Collect$$libinit$$00000025  c_w.l(libinit2.o)
    0x08000162   0x00000000   Code   RO         4929    .ARM.Collect$$libinit$$0000002C  c_w.l(libinit2.o)
    0x08000162   0x00000000   Code   RO         4931    .ARM.Collect$$libinit$$0000002E  c_w.l(libinit2.o)
    0x08000162   0x00000000   Code   RO         4933    .ARM.Collect$$libinit$$00000030  c_w.l(libinit2.o)
    0x08000162   0x00000000   Code   RO         4935    .ARM.Collect$$libinit$$00000032  c_w.l(libinit2.o)
    0x08000162   0x00000002   Code   RO         4936    .ARM.Collect$$libinit$$00000033  c_w.l(libinit2.o)
    0x08000164   0x00000002   Code   RO         4968    .ARM.Collect$$libshutdown$$00000000  c_w.l(libshutdown.o)
    0x08000166   0x00000000   Code   RO         4979    .ARM.Collect$$libshutdown$$00000003  c_w.l(libshutdown2.o)
    0x08000166   0x00000000   Code   RO         4982    .ARM.Collect$$libshutdown$$00000006  c_w.l(libshutdown2.o)
    0x08000166   0x00000000   Code   RO         4985    .ARM.Collect$$libshutdown$$00000009  c_w.l(libshutdown2.o)
    0x08000166   0x00000000   Code   RO         4987    .ARM.Collect$$libshutdown$$0000000B  c_w.l(libshutdown2.o)
    0x08000166   0x00000000   Code   RO         4990    .ARM.Collect$$libshutdown$$0000000E  c_w.l(libshutdown2.o)
    0x08000166   0x00000002   Code   RO         4991    .ARM.Collect$$libshutdown$$0000000F  c_w.l(libshutdown2.o)
    0x08000168   0x00000000   Code   RO         4793    .ARM.Collect$$rtentry$$00000000  c_w.l(__rtentry.o)
    0x08000168   0x00000000   Code   RO         4840    .ARM.Collect$$rtentry$$00000002  c_w.l(__rtentry2.o)
    0x08000168   0x00000006   Code   RO         4852    .ARM.Collect$$rtentry$$00000004  c_w.l(__rtentry4.o)
    0x0800016e   0x00000000   Code   RO         4842    .ARM.Collect$$rtentry$$00000009  c_w.l(__rtentry2.o)
    0x0800016e   0x00000004   Code   RO         4843    .ARM.Collect$$rtentry$$0000000A  c_w.l(__rtentry2.o)
    0x08000172   0x00000000   Code   RO         4845    .ARM.Collect$$rtentry$$0000000C  c_w.l(__rtentry2.o)
    0x08000172   0x00000008   Code   RO         4846    .ARM.Collect$$rtentry$$0000000D  c_w.l(__rtentry2.o)
    0x0800017a   0x00000002   Code   RO         4886    .ARM.Collect$$rtexit$$00000000  c_w.l(rtexit.o)
    0x0800017c   0x00000000   Code   RO         4940    .ARM.Collect$$rtexit$$00000002  c_w.l(rtexit2.o)
    0x0800017c   0x00000004   Code   RO         4941    .ARM.Collect$$rtexit$$00000003  c_w.l(rtexit2.o)
    0x08000180   0x00000006   Code   RO         4942    .ARM.Collect$$rtexit$$00000004  c_w.l(rtexit2.o)
    0x08000186   0x00000002   PAD
    0x08000188   0x00000040   Code   RO         3985    .text               startup_stm32f103xb.o
    0x080001c8   0x00000002   Code   RO         4701    .text               c_w.l(use_no_semi_2.o)
    0x080001ca   0x0000004e   Code   RO         4707    .text               c_w.l(rt_memclr_w.o)
    0x08000218   0x00000006   Code   RO         4709    .text               c_w.l(heapauxi.o)
    0x0800021e   0x00000002   Code   RO         4791    .text               c_w.l(use_no_semi.o)
    0x08000220   0x00000008   Code   RO         4869    .text               c_w.l(libspace.o)
    0x08000228   0x0000004a   Code   RO         4872    .text               c_w.l(sys_stackheap_outer.o)
    0x08000272   0x0000000c   Code   RO         4876    .text               c_w.l(exit.o)
    0x0800027e   0x00000002   PAD
    0x08000280   0x00000010   Code   RO          205    i.ADC1_2_IRQHandler  stm32f1xx_it.o
    0x08000290   0x00000052   Code   RO          528    i.ADC_ConversionStop_Disable  stm32f1xx_hal_adc.o
    0x080002e2   0x00000052   Code   RO          529    i.ADC_DMAConvCplt   stm32f1xx_hal_adc.o
    0x08000334   0x0000001e   Code   RO          530    i.ADC_DMAError      stm32f1xx_hal_adc.o
    0x08000352   0x0000000e   Code   RO          531    i.ADC_DMAHalfConvCplt  stm32f1xx_hal_adc.o
    0x08000360   0x00000084   Code   RO          532    i.ADC_Enable        stm32f1xx_hal_adc.o
    0x080003e4   0x00000004   Code   RO          206    i.BusFault_Handler  stm32f1xx_it.o
    0x080003e8   0x00000090   Code   RO         3992    i.Cap_Tim_Init      init.o
    0x08000478   0x00000010   Code   RO          207    i.DMA1_Channel1_IRQHandler  stm32f1xx_it.o
    0x08000488   0x0000002c   Code   RO         1208    i.DMA_SetConfig     stm32f1xx_hal_dma.o
    0x080004b4   0x00000002   Code   RO          208    i.DebugMon_Handler  stm32f1xx_it.o
    0x080004b6   0x00000002   Code   RO          209    i.EXTI15_10_IRQHandler  stm32f1xx_it.o
    0x080004b8   0x00000002   Code   RO          710    i.HAL_ADCEx_InjectedConvCpltCallback  stm32f1xx_hal_adc_ex.o
    0x080004ba   0x00000002   PAD
    0x080004bc   0x00000040   Code   RO         4292    i.HAL_ADC_ConvCpltCallback  measure.o
    0x080004fc   0x00000002   Code   RO          536    i.HAL_ADC_ConvHalfCpltCallback  stm32f1xx_hal_adc.o
    0x080004fe   0x00000002   Code   RO          538    i.HAL_ADC_ErrorCallback  stm32f1xx_hal_adc.o
    0x08000500   0x00000122   Code   RO          542    i.HAL_ADC_IRQHandler  stm32f1xx_hal_adc.o
    0x08000622   0x00000002   Code   RO          544    i.HAL_ADC_LevelOutOfWindowCallback  stm32f1xx_hal_adc.o
    0x08000624   0x00000180   Code   RO          550    i.HAL_ADC_Start_DMA  stm32f1xx_hal_adc.o
    0x080007a4   0x00000060   Code   RO          553    i.HAL_ADC_Stop_DMA  stm32f1xx_hal_adc.o
    0x08000804   0x00000056   Code   RO         1209    i.HAL_DMA_Abort     stm32f1xx_hal_dma.o
    0x0800085a   0x00000002   PAD
    0x0800085c   0x000001a8   Code   RO         1210    i.HAL_DMA_Abort_IT  stm32f1xx_hal_dma.o
    0x08000a04   0x00000398   Code   RO         1214    i.HAL_DMA_IRQHandler  stm32f1xx_hal_dma.o
    0x08000d9c   0x0000009c   Code   RO         1219    i.HAL_DMA_Start_IT  stm32f1xx_hal_dma.o
    0x08000e38   0x00000340   Code   RO         1551    i.HAL_GPIO_Init     stm32f1xx_hal_gpio.o
    0x08001178   0x00000010   Code   RO         1553    i.HAL_GPIO_ReadPin  stm32f1xx_hal_gpio.o
    0x08001188   0x0000000c   Code   RO         1555    i.HAL_GPIO_WritePin  stm32f1xx_hal_gpio.o
    0x08001194   0x0000000c   Code   RO          365    i.HAL_GetTick       stm32f1xx_hal.o
    0x080011a0   0x00000018   Code   RO          371    i.HAL_IncTick       stm32f1xx_hal.o
    0x080011b8   0x00000028   Code   RO          372    i.HAL_Init          stm32f1xx_hal.o
    0x080011e0   0x0000004c   Code   RO          373    i.HAL_InitTick      stm32f1xx_hal.o
    0x0800122c   0x00000002   Code   RO         1759    i.HAL_MspInit       stm32f1xx_hal_msp_template.o
    0x0800122e   0x00000020   Code   RO          842    i.HAL_NVIC_EnableIRQ  stm32f1xx_hal_cortex.o
    0x0800124e   0x0000007c   Code   RO          848    i.HAL_NVIC_SetPriority  stm32f1xx_hal_cortex.o
    0x080012ca   0x00000002   PAD
    0x080012cc   0x00000028   Code   RO          849    i.HAL_NVIC_SetPriorityGrouping  stm32f1xx_hal_cortex.o
    0x080012f4   0x0000018c   Code   RO         1909    i.HAL_RCC_ClockConfig  stm32f1xx_hal_rcc.o
    0x08001480   0x0000000c   Code   RO         1914    i.HAL_RCC_GetHCLKFreq  stm32f1xx_hal_rcc.o
    0x0800148c   0x00000020   Code   RO         1916    i.HAL_RCC_GetPCLK1Freq  stm32f1xx_hal_rcc.o
    0x080014ac   0x00000020   Code   RO         1917    i.HAL_RCC_GetPCLK2Freq  stm32f1xx_hal_rcc.o
    0x080014cc   0x00000094   Code   RO         1918    i.HAL_RCC_GetSysClockFreq  stm32f1xx_hal_rcc.o
    0x08001560   0x00000464   Code   RO         1921    i.HAL_RCC_OscConfig  stm32f1xx_hal_rcc.o
    0x080019c4   0x0000009c   Code   RO         2134    i.HAL_SPI_Init      stm32f1xx_hal_spi.o
    0x08001a60   0x00000002   Code   RO         2136    i.HAL_SPI_MspInit   stm32f1xx_hal_spi.o
    0x08001a62   0x00000034   Code   RO          853    i.HAL_SYSTICK_Config  stm32f1xx_hal_cortex.o
    0x08001a96   0x00000002   Code   RO         3177    i.HAL_TIMEx_BreakCallback  stm32f1xx_hal_tim_ex.o
    0x08001a98   0x00000002   Code   RO         3178    i.HAL_TIMEx_CommutCallback  stm32f1xx_hal_tim_ex.o
    0x08001a9a   0x00000054   Code   RO         3195    i.HAL_TIMEx_MasterConfigSynchronization  stm32f1xx_hal_tim_ex.o
    0x08001aee   0x00000034   Code   RO         2491    i.HAL_TIM_Base_Init  stm32f1xx_hal_tim.o
    0x08001b22   0x00000002   PAD
    0x08001b24   0x00000024   Code   RO          171    i.HAL_TIM_Base_MspInit  stm32f1xx_hal_msp.o
    0x08001b48   0x0000002a   Code   RO         2496    i.HAL_TIM_Base_Start_IT  stm32f1xx_hal_tim.o
    0x08001b72   0x000000aa   Code   RO         2509    i.HAL_TIM_Encoder_Init  stm32f1xx_hal_tim.o
    0x08001c1c   0x00000002   Code   RO         2511    i.HAL_TIM_Encoder_MspInit  stm32f1xx_hal_tim.o
    0x08001c1e   0x0000004e   Code   RO         2512    i.HAL_TIM_Encoder_Start  stm32f1xx_hal_tim.o
    0x08001c6c   0x00000002   Code   RO         2520    i.HAL_TIM_IC_CaptureCallback  stm32f1xx_hal_tim.o
    0x08001c6e   0x00000196   Code   RO         2534    i.HAL_TIM_IRQHandler  stm32f1xx_hal_tim.o
    0x08001e04   0x00000002   Code   RO         2537    i.HAL_TIM_OC_DelayElapsedCallback  stm32f1xx_hal_tim.o
    0x08001e06   0x00000108   Code   RO         2558    i.HAL_TIM_PWM_ConfigChannel  stm32f1xx_hal_tim.o
    0x08001f0e   0x00000034   Code   RO         2561    i.HAL_TIM_PWM_Init  stm32f1xx_hal_tim.o
    0x08001f42   0x00000002   PAD
    0x08001f44   0x0000008c   Code   RO         3994    i.HAL_TIM_PWM_MspInit  init.o
    0x08001fd0   0x00000002   Code   RO         2564    i.HAL_TIM_PWM_PulseFinishedCallback  stm32f1xx_hal_tim.o
    0x08001fd2   0x00000002   PAD
    0x08001fd4   0x00000058   Code   RO         2566    i.HAL_TIM_PWM_Start  stm32f1xx_hal_tim.o
    0x0800202c   0x000000b8   Code   RO         4080    i.HAL_TIM_PeriodElapsedCallback  bldc.o
    0x080020e4   0x00000002   Code   RO         2577    i.HAL_TIM_TriggerCallback  stm32f1xx_hal_tim.o
    0x080020e6   0x00000002   Code   RO         3449    i.HAL_UART_ErrorCallback  stm32f1xx_hal_uart.o
    0x080020e8   0x0000014c   Code   RO         3452    i.HAL_UART_IRQHandler  stm32f1xx_hal_uart.o
    0x08002234   0x00000072   Code   RO         3453    i.HAL_UART_Init     stm32f1xx_hal_uart.o
    0x080022a6   0x00000002   PAD
    0x080022a8   0x000000b4   Code   RO         4528    i.HAL_UART_MspInit  usart.o
    0x0800235c   0x00000070   Code   RO         3458    i.HAL_UART_Receive_IT  stm32f1xx_hal_uart.o
    0x080023cc   0x0000009c   Code   RO         4529    i.HAL_UART_RxCpltCallback  usart.o
    0x08002468   0x00000002   Code   RO         3464    i.HAL_UART_TxCpltCallback  stm32f1xx_hal_uart.o
    0x0800246a   0x00000002   PAD
    0x0800246c   0x00000020   Code   RO         3995    i.H_sensor_init     init.o
    0x0800248c   0x00000004   Code   RO          210    i.HardFault_Handler  stm32f1xx_it.o
    0x08002490   0x0000006c   Code   RO         4658    i.MX_SPI1_Init      encode.o
    0x080024fc   0x00000004   Code   RO          211    i.MemManage_Handler  stm32f1xx_it.o
    0x08002500   0x00000002   Code   RO          212    i.NMI_Handler       stm32f1xx_it.o
    0x08002502   0x00000002   Code   RO          213    i.PendSV_Handler    stm32f1xx_it.o
    0x08002504   0x00000028   Code   RO         1922    i.RCC_Delay         stm32f1xx_hal_rcc.o
    0x0800252c   0x00000002   Code   RO          214    i.SVC_Handler       stm32f1xx_it.o
    0x0800252e   0x00000002   PAD
    0x08002530   0x00000044   Code   RO         3996    i.Stop_Start_Init   init.o
    0x08002574   0x00000008   Code   RO          215    i.SysTick_Handler   stm32f1xx_it.o
    0x0800257c   0x00000058   Code   RO          318    i.SystemInit        system_stm32f1xx.o
    0x080025d4   0x00000010   Code   RO          216    i.TIM2_IRQHandler   stm32f1xx_it.o
    0x080025e4   0x00000010   Code   RO          217    i.TIM3_IRQHandler   stm32f1xx_it.o
    0x080025f4   0x00000010   Code   RO          218    i.TIM4_IRQHandler   stm32f1xx_it.o
    0x08002604   0x0000009c   Code   RO         2579    i.TIM_Base_SetConfig  stm32f1xx_hal_tim.o
    0x080026a0   0x00000022   Code   RO         2580    i.TIM_CCxChannelCmd  stm32f1xx_hal_tim.o
    0x080026c2   0x00000002   PAD
    0x080026c4   0x000000b4   Code   RO         3997    i.TIM_Init          init.o
    0x08002778   0x00000070   Code   RO         2592    i.TIM_OC1_SetConfig  stm32f1xx_hal_tim.o
    0x080027e8   0x0000007c   Code   RO         2593    i.TIM_OC2_SetConfig  stm32f1xx_hal_tim.o
    0x08002864   0x00000078   Code   RO         2594    i.TIM_OC3_SetConfig  stm32f1xx_hal_tim.o
    0x080028dc   0x00000054   Code   RO         2595    i.TIM_OC4_SetConfig  stm32f1xx_hal_tim.o
    0x08002930   0x00000014   Code   RO         3466    i.UART_DMAAbortOnError  stm32f1xx_hal_uart.o
    0x08002944   0x00000020   Code   RO         3476    i.UART_EndRxTransfer  stm32f1xx_hal_uart.o
    0x08002964   0x00000020   Code   RO         3477    i.UART_EndTransmit_IT  stm32f1xx_hal_uart.o
    0x08002984   0x000000a6   Code   RO         3479    i.UART_Receive_IT   stm32f1xx_hal_uart.o
    0x08002a2a   0x00000002   PAD
    0x08002a2c   0x000001a0   Code   RO         3480    i.UART_SetConfig    stm32f1xx_hal_uart.o
    0x08002bcc   0x00000068   Code   RO         3481    i.UART_Transmit_IT  stm32f1xx_hal_uart.o
    0x08002c34   0x00000010   Code   RO         4530    i.USART1_IRQHandler  usart.o
    0x08002c44   0x00000004   Code   RO          219    i.UsageFault_Handler  stm32f1xx_it.o
    0x08002c48   0x00000010   Code   RO          855    i.__NVIC_GetPriorityGrouping  stm32f1xx_hal_cortex.o
    0x08002c58   0x00000028   Code   RO          856    i.__NVIC_SetPriority  stm32f1xx_hal_cortex.o
    0x08002c80   0x00000004   Code   RO         4532    i._sys_exit         usart.o
    0x08002c84   0x0000005c   Code   RO         4293    i.adc_ave_filter    measure.o
    0x08002ce0   0x00000058   Code   RO         4294    i.adc_offset        measure.o
    0x08002d38   0x00000008   Code   RO         3999    i.capture_init      init.o
    0x08002d40   0x0000000c   Code   RO         4412    i.delay_init        delay.o
    0x08002d4c   0x00000058   Code   RO         4084    i.getEncode         bldc.o
    0x08002da4   0x00000054   Code   RO         4085    i.gtimRestart       bldc.o
    0x08002df8   0x00000088   Code   RO         4000    i.h_bridge_init     init.o
    0x08002e80   0x0000003c   Code   RO         4086    i.hallsensor        bldc.o
    0x08002ebc   0x00000044   Code   RO         4001    i.l_bridge_init     init.o
    0x08002f00   0x0000002c   Code   RO            4    i.main              main.o
    0x08002f2c   0x0000003e   Code   RO         4002    i.sys_init          init.o
    0x08002f6a   0x00000066   Code   RO         4461    i.sys_stm32_clock_init  sys.o
    0x08002fd0   0x00000048   Code   RO         4087    i.uhvl              bldc.o
    0x08003018   0x00000048   Code   RO         4088    i.uhwl              bldc.o
    0x08003060   0x00000038   Code   RO         4535    i.usart_init        usart.o
    0x08003098   0x00000048   Code   RO         4089    i.vhul              bldc.o
    0x080030e0   0x00000048   Code   RO         4090    i.vhwl              bldc.o
    0x08003128   0x00000048   Code   RO         4091    i.whul              bldc.o
    0x08003170   0x00000048   Code   RO         4092    i.whvl              bldc.o
    0x080031b8   0x00000018   Data   RO          319    .constdata          system_stm32f1xx.o
    0x080031d0   0x00000020   Data   RO         5008    Region$$Table       anon$$obj.o


    Execution Region RW_IRAM1 (Base: 0x20000000, Size: 0x00000bc8, Max: 0x00005000, ABSOLUTE)

    Base Addr    Size         Type   Attr      Idx    E Section Name        Object

    0x20000000   0x00000004   Data   RW          320    .data               system_stm32f1xx.o
    0x20000004   0x00000009   Data   RW          379    .data               stm32f1xx_hal.o
    0x2000000d   0x00000003   PAD
    0x20000010   0x00000032   Data   RW         4094    .data               bldc.o
    0x20000042   0x00000006   PAD
    0x20000048   0x00000020   Data   RW         4195    .data               motor_ctrl.o
    0x20000068   0x00000006   Data   RW         4296    .data               measure.o
    0x2000006e   0x00000002   PAD
    0x20000070   0x00000004   Data   RW         4415    .data               delay.o
    0x20000074   0x00000007   Data   RW         4537    .data               usart.o
    0x2000007b   0x00000001   PAD
    0x2000007c   0x00000184   Zero   RW         4003    .bss                init.o
    0x20000200   0x0000000a   Zero   RW         4093    .bss                bldc.o
    0x2000020a   0x000001fe   Zero   RW         4295    .bss                measure.o
    0x20000408   0x00000108   Zero   RW         4536    .bss                usart.o
    0x20000510   0x00000058   Zero   RW         4661    .bss                encode.o
    0x20000568   0x00000060   Zero   RW         4870    .bss                c_w.l(libspace.o)
    0x200005c8   0x00000200   Zero   RW         3983    HEAP                startup_stm32f103xb.o
    0x200007c8   0x00000400   Zero   RW         3982    STACK               startup_stm32f103xb.o


==============================================================================

Image component sizes


      Code (inc. data)   RO Data    RW Data    ZI Data      Debug   Object Name

       848        134          0         50         10       4954   bldc.o
        12          6          0          4          0        537   delay.o
       108         14          0          0         88        647   encode.o
       838         92          0          0        388       5196   init.o
        44         10          0          0          0     512639   main.o
       244         38          0          6        510       2054   measure.o
         0          0          0         32          0        509   motor_ctrl.o
        64         26        236          0       1536        756   startup_stm32f103xb.o
       152         32          0          9          0       5249   stm32f1xx_hal.o
      1116         32          0          0          0       6683   stm32f1xx_hal_adc.o
         2          0          0          0          0        873   stm32f1xx_hal_adc_ex.o
       304         22          0          0          0      28979   stm32f1xx_hal_cortex.o
      1630         20          0          0          0       3963   stm32f1xx_hal_dma.o
       860         40          0          0          0       2919   stm32f1xx_hal_gpio.o
        36          4          0          0          0        743   stm32f1xx_hal_msp.o
         2          0          0          0          0        406   stm32f1xx_hal_msp_template.o
      1784        110          0          0          0       5224   stm32f1xx_hal_rcc.o
       158          0          0          0          0       1377   stm32f1xx_hal_spi.o
      1792         66          0          0          0      11315   stm32f1xx_hal_tim.o
        88          0          0          0          0       1953   stm32f1xx_hal_tim_ex.o
      1332         10          0          0          0       6451   stm32f1xx_hal_uart.o
       114         28          0          0          0       5802   stm32f1xx_it.o
       102          0          0          0          0        615   sys.o
        88         18         24          4          0        975   system_stm32f1xx.o
       412         52          0          7        264       4217   usart.o

    ----------------------------------------------------------------------
     12152        754        292        124       2796     615036   Object Totals
         0          0         32          0          0          0   (incl. Generated)
        22          0          0         12          0          0   (incl. Padding)

    ----------------------------------------------------------------------

      Code (inc. data)   RO Data    RW Data    ZI Data      Debug   Library Member Name

         8          0          0          0          0         68   __main.o
         0          0          0          0          0          0   __rtentry.o
        12          0          0          0          0          0   __rtentry2.o
         6          0          0          0          0          0   __rtentry4.o
        52          8          0          0          0          0   __scatter.o
        26          0          0          0          0          0   __scatter_copy.o
        28          0          0          0          0          0   __scatter_zi.o
        12          0          0          0          0         72   exit.o
         6          0          0          0          0        152   heapauxi.o
         2          0          0          0          0          0   libinit.o
         2          0          0          0          0          0   libinit2.o
         2          0          0          0          0          0   libshutdown.o
         2          0          0          0          0          0   libshutdown2.o
         8          4          0          0         96         68   libspace.o
        78          0          0          0          0         80   rt_memclr_w.o
         2          0          0          0          0          0   rtexit.o
        10          0          0          0          0          0   rtexit2.o
        74          0          0          0          0         80   sys_stackheap_outer.o
         2          0          0          0          0         68   use_no_semi.o
         2          0          0          0          0         68   use_no_semi_2.o

    ----------------------------------------------------------------------
       340         12          0          0         96        656   Library Totals
         6          0          0          0          0          0   (incl. Padding)

    ----------------------------------------------------------------------

      Code (inc. data)   RO Data    RW Data    ZI Data      Debug   Library Name

       334         12          0          0         96        656   c_w.l

    ----------------------------------------------------------------------
       340         12          0          0         96        656   Library Totals

    ----------------------------------------------------------------------

==============================================================================


      Code (inc. data)   RO Data    RW Data    ZI Data      Debug   

     12492        766        292        124       2892     609448   Grand Totals
     12492        766        292        124       2892     609448   ELF Image Totals
     12492        766        292        124          0          0   ROM Totals

==============================================================================

    Total RO  Size (Code + RO Data)                12784 (  12.48kB)
    Total RW  Size (RW Data + ZI Data)              3016 (   2.95kB)
    Total ROM Size (Code + RO Data + RW Data)      12908 (  12.61kB)

==============================================================================

