Component: ARM Compiler 5.05 update 1 (build 106) Tool: armlink [4d0efa]

==============================================================================

Section Cross References

    main.o(i.main) refers to _printf_percent.o(.ARM.Collect$$_printf_percent$$00000000) for _printf_percent
    main.o(i.main) refers to _printf_f.o(.ARM.Collect$$_printf_percent$$00000003) for _printf_f
    main.o(i.main) refers to printf1.o(x$fpl$printf1) for _printf_fp_dec
    main.o(i.main) refers to init.o(i.sys_init) for sys_init
    main.o(i.main) refers to encode.o(i.AS5047_read) for AS5047_read
    main.o(i.main) refers to fflt_clz.o(x$fpl$ffltu) for __aeabi_ui2f
    main.o(i.main) refers to f2d.o(x$fpl$f2d) for __aeabi_f2d
    main.o(i.main) refers to noretval__2printf.o(.text) for __2printf
    main.o(i.main) refers to delay.o(i.HAL_Delay) for HAL_Delay
    main.o(i.main) refers to encode.o(.data) for angle
    stm32f1xx_hal_msp.o(i.HAL_ADC_MspDeInit) refers to stm32f1xx_hal_gpio.o(i.HAL_GPIO_DeInit) for HAL_GPIO_DeInit
    stm32f1xx_hal_msp.o(i.HAL_ADC_MspDeInit) refers to stm32f1xx_hal_dma.o(i.HAL_DMA_DeInit) for HAL_DMA_DeInit
    stm32f1xx_hal_msp.o(i.HAL_ADC_MspDeInit) refers to stm32f1xx_hal_cortex.o(i.HAL_NVIC_DisableIRQ) for HAL_NVIC_DisableIRQ
    stm32f1xx_it.o(i.ADC1_2_IRQHandler) refers to stm32f1xx_hal_adc.o(i.HAL_ADC_IRQHandler) for HAL_ADC_IRQHandler
    stm32f1xx_it.o(i.ADC1_2_IRQHandler) refers to init.o(.bss) for AdcHandle
    stm32f1xx_it.o(i.SPI1_IRQHandler) refers to stm32f1xx_hal_spi.o(i.HAL_SPI_IRQHandler) for HAL_SPI_IRQHandler
    stm32f1xx_it.o(i.SPI1_IRQHandler) refers to encode.o(.bss) for hspi1
    stm32f1xx_it.o(i.SysTick_Handler) refers to stm32f1xx_hal.o(i.HAL_IncTick) for HAL_IncTick
    stm32f1xx_it.o(i.TIM2_IRQHandler) refers to stm32f1xx_hal_tim.o(i.HAL_TIM_IRQHandler) for HAL_TIM_IRQHandler
    stm32f1xx_it.o(i.TIM2_IRQHandler) refers to init.o(.bss) for TIM2_Handler
    stm32f1xx_it.o(i.TIM3_IRQHandler) refers to stm32f1xx_hal_tim.o(i.HAL_TIM_IRQHandler) for HAL_TIM_IRQHandler
    stm32f1xx_it.o(i.TIM3_IRQHandler) refers to init.o(.bss) for htim3
    stm32f1xx_it.o(i.TIM4_IRQHandler) refers to stm32f1xx_hal_tim.o(i.HAL_TIM_IRQHandler) for HAL_TIM_IRQHandler
    stm32f1xx_it.o(i.TIM4_IRQHandler) refers to init.o(.bss) for htim4
    system_stm32f1xx.o(i.SystemCoreClockUpdate) refers to system_stm32f1xx.o(.data) for SystemCoreClock
    system_stm32f1xx.o(i.SystemCoreClockUpdate) refers to system_stm32f1xx.o(.constdata) for AHBPrescTable
    stm32f1xx_hal.o(i.HAL_DeInit) refers to stm32f1xx_hal.o(i.HAL_MspDeInit) for HAL_MspDeInit
    stm32f1xx_hal.o(i.HAL_Delay) refers to stm32f1xx_hal.o(i.HAL_GetTick) for HAL_GetTick
    stm32f1xx_hal.o(i.HAL_Delay) refers to stm32f1xx_hal.o(.data) for uwTickFreq
    stm32f1xx_hal.o(i.HAL_GetTick) refers to stm32f1xx_hal.o(.data) for uwTick
    stm32f1xx_hal.o(i.HAL_GetTickFreq) refers to stm32f1xx_hal.o(.data) for uwTickFreq
    stm32f1xx_hal.o(i.HAL_GetTickPrio) refers to stm32f1xx_hal.o(.data) for uwTickPrio
    stm32f1xx_hal.o(i.HAL_IncTick) refers to stm32f1xx_hal.o(.data) for uwTick
    stm32f1xx_hal.o(i.HAL_Init) refers to stm32f1xx_hal_cortex.o(i.HAL_NVIC_SetPriorityGrouping) for HAL_NVIC_SetPriorityGrouping
    stm32f1xx_hal.o(i.HAL_Init) refers to stm32f1xx_hal.o(i.HAL_InitTick) for HAL_InitTick
    stm32f1xx_hal.o(i.HAL_Init) refers to init.o(i.HAL_MspInit) for HAL_MspInit
    stm32f1xx_hal.o(i.HAL_InitTick) refers to stm32f1xx_hal_cortex.o(i.HAL_SYSTICK_Config) for HAL_SYSTICK_Config
    stm32f1xx_hal.o(i.HAL_InitTick) refers to stm32f1xx_hal_cortex.o(i.HAL_NVIC_SetPriority) for HAL_NVIC_SetPriority
    stm32f1xx_hal.o(i.HAL_InitTick) refers to stm32f1xx_hal.o(.data) for uwTickFreq
    stm32f1xx_hal.o(i.HAL_InitTick) refers to system_stm32f1xx.o(.data) for SystemCoreClock
    stm32f1xx_hal.o(i.HAL_SetTickFreq) refers to stm32f1xx_hal.o(i.HAL_InitTick) for HAL_InitTick
    stm32f1xx_hal.o(i.HAL_SetTickFreq) refers to stm32f1xx_hal.o(.data) for uwTickFreq
    stm32f1xx_hal_adc.o(i.ADC_ConversionStop_Disable) refers to stm32f1xx_hal.o(i.HAL_GetTick) for HAL_GetTick
    stm32f1xx_hal_adc.o(i.ADC_DMAConvCplt) refers to stm32f1xx_hal_adc.o(i.HAL_ADC_ConvCpltCallback) for HAL_ADC_ConvCpltCallback
    stm32f1xx_hal_adc.o(i.ADC_DMAError) refers to stm32f1xx_hal_adc.o(i.HAL_ADC_ErrorCallback) for HAL_ADC_ErrorCallback
    stm32f1xx_hal_adc.o(i.ADC_DMAHalfConvCplt) refers to stm32f1xx_hal_adc.o(i.HAL_ADC_ConvHalfCpltCallback) for HAL_ADC_ConvHalfCpltCallback
    stm32f1xx_hal_adc.o(i.ADC_Enable) refers to stm32f1xx_hal.o(i.HAL_GetTick) for HAL_GetTick
    stm32f1xx_hal_adc.o(i.ADC_Enable) refers to system_stm32f1xx.o(.data) for SystemCoreClock
    stm32f1xx_hal_adc.o(i.HAL_ADC_ConfigChannel) refers to system_stm32f1xx.o(.data) for SystemCoreClock
    stm32f1xx_hal_adc.o(i.HAL_ADC_DeInit) refers to stm32f1xx_hal_adc.o(i.ADC_ConversionStop_Disable) for ADC_ConversionStop_Disable
[...]
    .ARM.Collect$$rtexit$$00000000           0x08000194   Section        2  rtexit.o(.ARM.Collect$$rtexit$$00000000)
    .ARM.Collect$$rtexit$$00000002           0x08000196   Section        0  rtexit2.o(.ARM.Collect$$rtexit$$00000002)
    .ARM.Collect$$rtexit$$00000003           0x08000196   Section        4  rtexit2.o(.ARM.Collect$$rtexit$$00000003)
    .ARM.Collect$$rtexit$$00000004           0x0800019a   Section        6  rtexit2.o(.ARM.Collect$$rtexit$$00000004)
    .text                                    0x080001a0   Section       64  startup_stm32f103xb.o(.text)
    .text                                    0x080001e0   Section        2  use_no_semi_2.o(.text)
    .text                                    0x080001e4   Section        0  noretval__2printf.o(.text)
    .text                                    0x080001fc   Section        0  __printf.o(.text)
    .text                                    0x08000264   Section       78  rt_memclr_w.o(.text)
    .text                                    0x080002b2   Section        0  heapauxi.o(.text)
    .text                                    0x080002b8   Section        2  use_no_semi.o(.text)
    .text                                    0x080002ba   Section        0  _printf_fp_dec.o(.text)
    _fp_digits                               0x080002bd   Thumb Code   428  _printf_fp_dec.o(.text)
    .text                                    0x080006d4   Section        0  _printf_char_file.o(.text)
    .text                                    0x080006f8   Section        8  rt_locale_intlibspace.o(.text)
    .text                                    0x08000700   Section      138  lludiv10.o(.text)
    .text                                    0x0800078c   Section        0  _printf_char_common.o(.text)
    _printf_input_char                       0x0800078d   Thumb Code    10  _printf_char_common.o(.text)
    .text                                    0x080007bc   Section        0  _printf_fp_infnan.o(.text)
    .text                                    0x0800083c   Section        0  bigflt0.o(.text)
    .text                                    0x08000918   Section        0  ferror.o(.text)
    .text                                    0x08000920   Section        8  libspace.o(.text)
    .text                                    0x08000928   Section       74  sys_stackheap_outer.o(.text)
    .text                                    0x08000972   Section        0  exit.o(.text)
    .text                                    0x08000980   Section      128  strcmpv7m.o(.text)
    CL$$btod_d2e                             0x08000a00   Section       62  btod.o(CL$$btod_d2e)
    CL$$btod_d2e_denorm_low                  0x08000a3e   Section       70  btod.o(CL$$btod_d2e_denorm_low)
    CL$$btod_d2e_norm_op1                    0x08000a84   Section       96  btod.o(CL$$btod_d2e_norm_op1)
    CL$$btod_div_common                      0x08000ae4   Section      824  btod.o(CL$$btod_div_common)
    CL$$btod_e2e                             0x08000e1c   Section      198  btod.o(CL$$btod_e2e)
    CL$$btod_ediv                            0x08000ee2   Section       40  btod.o(CL$$btod_ediv)
    CL$$btod_emul                            0x08000f0a   Section       40  btod.o(CL$$btod_emul)
    CL$$btod_mult_common                     0x08000f32   Section      580  btod.o(CL$$btod_mult_common)
    i.ADC1_2_IRQHandler                      0x08001178   Section        0  stm32f1xx_it.o(i.ADC1_2_IRQHandler)
    i.ADC_ConversionStop_Disable             0x08001188   Section        0  stm32f1xx_hal_adc.o(i.ADC_ConversionStop_Disable)
    i.ADC_DMAConvCplt                        0x080011da   Section        0  stm32f1xx_hal_adc.o(i.ADC_DMAConvCplt)
    i.ADC_DMAError                           0x0800122c   Section        0  stm32f1xx_hal_adc.o(i.ADC_DMAError)
    i.ADC_DMAHalfConvCplt                    0x0800124a   Section        0  stm32f1xx_hal_adc.o(i.ADC_DMAHalfConvCplt)
    i.ADC_Enable                             0x08001258   Section        0  stm32f1xx_hal_adc.o(i.ADC_Enable)
    i.AS5047_read                            0x080012dc   Section        0  encode.o(i.AS5047_read)
    i.BusFault_Handler                       0x0800130a   Section        0  stm32f1xx_it.o(i.BusFault_Handler)
    i.DMA1_Channel1_IRQHandler               0x08001310   Section        0  measure.o(i.DMA1_Channel1_IRQHandler)
    i.DMA_SetConfig                          0x0800133c   Section        0  stm32f1xx_hal_dma.o(i.DMA_SetConfig)
    DMA_SetConfig                            0x0800133d   Thumb Code    44  stm32f1xx_hal_dma.o(i.DMA_SetConfig)
    i.DebugMon_Handler                       0x08001368   Section        0  stm32f1xx_it.o(i.DebugMon_Handler)
    i.EXTI15_10_IRQHandler                   0x0800136a   Section        0  stm32f1xx_it.o(i.EXTI15_10_IRQHandler)
    i.FiltConf                               0x0800136c   Section        0  foc.o(i.FiltConf)
    i.HAL_ADCEx_Calibration_Start            0x08001380   Section        0  stm32f1xx_hal_adc_ex.o(i.HAL_ADCEx_Calibration_Start)
    i.HAL_ADCEx_InjectedConvCpltCallback     0x08001484   Section        0  stm32f1xx_hal_adc_ex.o(i.HAL_ADCEx_InjectedConvCpltCallback)
    i.HAL_ADC_ConfigChannel                  0x08001488   Section        0  stm32f1xx_hal_adc.o(i.HAL_ADC_ConfigChannel)
    i.HAL_ADC_ConvCpltCallback               0x080015e8   Section        0  stm32f1xx_hal_adc.o(i.HAL_ADC_ConvCpltCallback)
    i.HAL_ADC_ConvHalfCpltCallback           0x080015ea   Section        0  stm32f1xx_hal_adc.o(i.HAL_ADC_ConvHalfCpltCallback)
    i.HAL_ADC_ErrorCallback                  0x080015ec   Section        0  stm32f1xx_hal_adc.o(i.HAL_ADC_ErrorCallback)
    i.HAL_ADC_IRQHandler                     0x080015ee   Section        0  stm32f1xx_hal_adc.o(i.HAL_ADC_IRQHandler)
    i.HAL_ADC_Init                           0x08001710   Section        0  stm32f1xx_hal_adc.o(i.HAL_ADC_Init)
    i.HAL_ADC_LevelOutOfWindowCallback       0x08001870   Section        0  stm32f1xx_hal_adc.o(i.HAL_ADC_LevelOutOfWindowCallback)
    i.HAL_ADC_MspInit                        0x08001872   Section        0  stm32f1xx_hal_adc.o(i.HAL_ADC_MspInit)
    i.HAL_ADC_Start_DMA                      0x08001874   Section        0  stm32f1xx_hal_adc.o(i.HAL_ADC_Start_DMA)
    i.HAL_DMA_Abort_IT                       0x080019f4   Section        0  stm32f1xx_hal_dma.o(i.HAL_DMA_Abort_IT)
    i.HAL_DMA_Init                           0x08001b9c   Section        0  stm32f1xx_hal_dma.o(i.HAL_DMA_Init)
    i.HAL_DMA_Start_IT                       0x08001c28   Section        0  stm32f1xx_hal_dma.o(i.HAL_DMA_Start_IT)
    i.HAL_Delay                              0x08001cc4   Section        0  delay.o(i.HAL_Delay)
    i.HAL_GPIO_Init                          0x08001cd0   Section        0  stm32f1xx_hal_gpio.o(i.HAL_GPIO_Init)
    i.HAL_GPIO_ReadPin                       0x08002010   Section        0  stm32f1xx_hal_gpio.o(i.HAL_GPIO_ReadPin)
    i.HAL_GPIO_WritePin                      0x08002020   Section        0  stm32f1xx_hal_gpio.o(i.HAL_GPIO_WritePin)
    i.HAL_GetTick                            0x0800202c   Section        0  stm32f1xx_hal.o(i.HAL_GetTick)
    i.HAL_IncTick                            0x08002038   Section        0  stm32f1xx_hal.o(i.HAL_IncTick)
    i.HAL_Init                               0x08002050   Section        0  stm32f1xx_hal.o(i.HAL_Init)
    i.HAL_InitTick                           0x08002078   Section        0  stm32f1xx_hal.o(i.HAL_InitTick)
    i.HAL_MspInit                            0x080020c4   Section        0  init.o(i.HAL_MspInit)
    i.HAL_NVIC_EnableIRQ                     0x08002118   Section        0  stm32f1xx_hal_cortex.o(i.HAL_NVIC_EnableIRQ)
    i.HAL_NVIC_SetPriority                   0x08002138   Section        0  stm32f1xx_hal_cortex.o(i.HAL_NVIC_SetPriority)
    i.HAL_NVIC_SetPriorityGrouping           0x080021b4   Section        0  stm32f1xx_hal_cortex.o(i.HAL_NVIC_SetPriorityGrouping)
    i.HAL_RCCEx_GetPeriphCLKFreq             0x080021dc   Section        0  stm32f1xx_hal_rcc_ex.o(i.HAL_RCCEx_GetPeriphCLKFreq)
    i.HAL_RCCEx_PeriphCLKConfig              0x08002310   Section        0  stm32f1xx_hal_rcc_ex.o(i.HAL_RCCEx_PeriphCLKConfig)
    i.HAL_RCC_ClockConfig                    0x08002440   Section        0  stm32f1xx_hal_rcc.o(i.HAL_RCC_ClockConfig)
    i.HAL_RCC_GetHCLKFreq                    0x080025cc   Section        0  stm32f1xx_hal_rcc.o(i.HAL_RCC_GetHCLKFreq)
    i.HAL_RCC_GetPCLK1Freq                   0x080025d8   Section        0  stm32f1xx_hal_rcc.o(i.HAL_RCC_GetPCLK1Freq)
    i.HAL_RCC_GetPCLK2Freq                   0x080025f8   Section        0  stm32f1xx_hal_rcc.o(i.HAL_RCC_GetPCLK2Freq)
    i.HAL_RCC_GetSysClockFreq                0x08002618   Section        0  stm32f1xx_hal_rcc.o(i.HAL_RCC_GetSysClockFreq)
    i.HAL_RCC_OscConfig                      0x080026ac   Section        0  stm32f1xx_hal_rcc.o(i.HAL_RCC_OscConfig)
    i.HAL_SPI_ErrorCallback                  0x08002b10   Section        0  stm32f1xx_hal_spi.o(i.HAL_SPI_ErrorCallback)
    i.HAL_SPI_IRQHandler                     0x08002b14   Section        0  stm32f1xx_hal_spi.o(i.HAL_SPI_IRQHandler)
    i.HAL_SPI_Init                           0x08002c48   Section        0  stm32f1xx_hal_spi.o(i.HAL_SPI_Init)
    i.HAL_SPI_MspInit                        0x08002ce4   Section        0  encode.o(i.HAL_SPI_MspInit)
    i.HAL_SPI_TransmitReceive                0x08002d2c   Section        0  stm32f1xx_hal_spi.o(i.HAL_SPI_TransmitReceive)
    i.HAL_SYSTICK_Config                     0x0800301a   Section        0  stm32f1xx_hal_cortex.o(i.HAL_SYSTICK_Config)
    i.HAL_TIMEx_BreakCallback                0x0800304e   Section        0  stm32f1xx_hal_tim_ex.o(i.HAL_TIMEx_BreakCallback)
    i.HAL_TIMEx_CommutCallback               0x08003050   Section        0  stm32f1xx_hal_tim_ex.o(i.HAL_TIMEx_CommutCallback)
    i.HAL_TIM_Base_Init                      0x08003052   Section        0  stm32f1xx_hal_tim.o(i.HAL_TIM_Base_Init)
    i.HAL_TIM_Base_MspInit                   0x08003088   Section        0  stm32f1xx_hal_msp.o(i.HAL_TIM_Base_MspInit)
    i.HAL_TIM_Base_Start_IT                  0x080030ac   Section        0  stm32f1xx_hal_tim.o(i.HAL_TIM_Base_Start_IT)
    i.HAL_TIM_IC_CaptureCallback             0x080030d6   Section        0  stm32f1xx_hal_tim.o(i.HAL_TIM_IC_CaptureCallback)
    i.HAL_TIM_IRQHandler                     0x080030d8   Section        0  stm32f1xx_hal_tim.o(i.HAL_TIM_IRQHandler)
    i.HAL_TIM_OC_DelayElapsedCallback        0x0800326e   Section        0  stm32f1xx_hal_tim.o(i.HAL_TIM_OC_DelayElapsedCallback)
    i.HAL_TIM_PWM_ConfigChannel              0x08003270   Section        0  stm32f1xx_hal_tim.o(i.HAL_TIM_PWM_ConfigChannel)
    i.HAL_TIM_PWM_Init                       0x08003378   Section        0  stm32f1xx_hal_tim.o(i.HAL_TIM_PWM_Init)
    i.HAL_TIM_PWM_MspInit                    0x080033ac   Section        0  init.o(i.HAL_TIM_PWM_MspInit)
    i.HAL_TIM_PWM_PulseFinishedCallback      0x08003438   Section        0  stm32f1xx_hal_tim.o(i.HAL_TIM_PWM_PulseFinishedCallback)
    i.HAL_TIM_PWM_Start                      0x0800343c   Section        0  stm32f1xx_hal_tim.o(i.HAL_TIM_PWM_Start)
    i.HAL_TIM_PeriodElapsedCallback          0x08003494   Section        0  bldc.o(i.HAL_TIM_PeriodElapsedCallback)
    i.HAL_TIM_TriggerCallback                0x08003534   Section        0  stm32f1xx_hal_tim.o(i.HAL_TIM_TriggerCallback)
    i.HAL_UART_ErrorCallback                 0x08003536   Section        0  stm32f1xx_hal_uart.o(i.HAL_UART_ErrorCallback)
    i.HAL_UART_IRQHandler                    0x08003538   Section        0  stm32f1xx_hal_uart.o(i.HAL_UART_IRQHandler)
    i.HAL_UART_Init                          0x08003684   Section        0  stm32f1xx_hal_uart.o(i.HAL_UART_Init)
    i.HAL_UART_MspInit                       0x080036f8   Section        0  usart.o(i.HAL_UART_MspInit)
    i.HAL_UART_Receive_IT                    0x080037ac   Section        0  stm32f1xx_hal_uart.o(i.HAL_UART_Receive_IT)
    i.HAL_UART_RxCpltCallback                0x0800381c   Section        0  usart.o(i.HAL_UART_RxCpltCallback)
    i.HAL_UART_TxCpltCallback                0x08003904   Section        0  stm32f1xx_hal_uart.o(i.HAL_UART_TxCpltCallback)
    i.H_sensor_init                          0x08003908   Section        0  init.o(i.H_sensor_init)
    i.HardFault_Handler                      0x08003928   Section        0  stm32f1xx_it.o(i.HardFault_Handler)
    i.MX_SPI1_Init                           0x0800392c   Section        0  encode.o(i.MX_SPI1_Init)
    i.MemManage_Handler                      0x080039d4   Section        0  stm32f1xx_it.o(i.MemManage_Handler)
    i.NMI_Handler                            0x080039d8   Section        0  stm32f1xx_it.o(i.NMI_Handler)
    i.Parity_bit_Calculate                   0x080039da   Section        0  encode.o(i.Parity_bit_Calculate)
    i.PendSV_Handler                         0x080039ee   Section        0  stm32f1xx_it.o(i.PendSV_Handler)
    i.Pid_Conf                               0x080039f0   Section        0  motor_ctrl.o(i.Pid_Conf)
    i.RCC_Delay                              0x08003a20   Section        0  stm32f1xx_hal_rcc.o(i.RCC_Delay)
    RCC_Delay                                0x08003a21   Thumb Code    36  stm32f1xx_hal_rcc.o(i.RCC_Delay)
    i.SPI1_IRQHandler                        0x08003a48   Section        0  stm32f1xx_it.o(i.SPI1_IRQHandler)
    i.SPI_DMAAbortOnError                    0x08003a58   Section        0  stm32f1xx_hal_spi.o(i.SPI_DMAAbortOnError)
    SPI_DMAAbortOnError                      0x08003a59   Thumb Code    20  stm32f1xx_hal_spi.o(i.SPI_DMAAbortOnError)
    i.SPI_EndRxTxTransaction                 0x08003a6c   Section        0  stm32f1xx_hal_spi.o(i.SPI_EndRxTxTransaction)
    SPI_EndRxTxTransaction                   0x08003a6d   Thumb Code    40  stm32f1xx_hal_spi.o(i.SPI_EndRxTxTransaction)
    i.SPI_ISCRCErrorValid                    0x08003a94   Section        0  stm32f1xx_hal_spi.o(i.SPI_ISCRCErrorValid)
    i.SPI_ReadWrite_OneByte                  0x08003a9c   Section        0  encode.o(i.SPI_ReadWrite_OneByte)
    i.SPI_WaitFlagStateUntilTimeout          0x08003adc   Section        0  stm32f1xx_hal_spi.o(i.SPI_WaitFlagStateUntilTimeout)
    SPI_WaitFlagStateUntilTimeout            0x08003add   Thumb Code   168  stm32f1xx_hal_spi.o(i.SPI_WaitFlagStateUntilTimeout)
    i.SVC_Handler                            0x08003b84   Section        0  stm32f1xx_it.o(i.SVC_Handler)
    i.Stop_Start_Init                        0x08003b88   Section        0  init.o(i.Stop_Start_Init)
    i.SysTick_Handler                        0x08003bcc   Section        0  stm32f1xx_it.o(i.SysTick_Handler)
    i.SystemInit                             0x08003bd4   Section        0  system_stm32f1xx.o(i.SystemInit)
    i.TIM2_IRQHandler                        0x08003c2c   Section        0  stm32f1xx_it.o(i.TIM2_IRQHandler)
    i.TIM3_IRQHandler                        0x08003c3c   Section        0  stm32f1xx_it.o(i.TIM3_IRQHandler)
    i.TIM4_IRQHandler                        0x08003c4c   Section        0  stm32f1xx_it.o(i.TIM4_IRQHandler)
    i.TIM_Base_SetConfig                     0x08003c5c   Section        0  stm32f1xx_hal_tim.o(i.TIM_Base_SetConfig)
    i.TIM_CCxChannelCmd                      0x08003cf8   Section        0  stm32f1xx_hal_tim.o(i.TIM_CCxChannelCmd)
    i.TIM_Init                               0x08003d1c   Section        0  init.o(i.TIM_Init)
    i.TIM_OC1_SetConfig                      0x08003dcc   Section        0  stm32f1xx_hal_tim.o(i.TIM_OC1_SetConfig)
    TIM_OC1_SetConfig                        0x08003dcd   Thumb Code   104  stm32f1xx_hal_tim.o(i.TIM_OC1_SetConfig)
    i.TIM_OC2_SetConfig                      0x08003e3c   Section        0  stm32f1xx_hal_tim.o(i.TIM_OC2_SetConfig)
    i.TIM_OC3_SetConfig                      0x08003eb8   Section        0  stm32f1xx_hal_tim.o(i.TIM_OC3_SetConfig)
    TIM_OC3_SetConfig                        0x08003eb9   Thumb Code   112  stm32f1xx_hal_tim.o(i.TIM_OC3_SetConfig)
    i.TIM_OC4_SetConfig                      0x08003f30   Section        0  stm32f1xx_hal_tim.o(i.TIM_OC4_SetConfig)
    TIM_OC4_SetConfig                        0x08003f31   Thumb Code    74  stm32f1xx_hal_tim.o(i.TIM_OC4_SetConfig)
    i.UART_DMAAbortOnError                   0x08003f84   Section        0  stm32f1xx_hal_uart.o(i.UART_DMAAbortOnError)
    UART_DMAAbortOnError                     0x08003f85   Thumb Code    20  stm32f1xx_hal_uart.o(i.UART_DMAAbortOnError)
    i.UART_EndRxTransfer                     0x08003f98   Section        0  stm32f1xx_hal_uart.o(i.UART_EndRxTransfer)
    UART_EndRxTransfer                       0x08003f99   Thumb Code    32  stm32f1xx_hal_uart.o(i.UART_EndRxTransfer)
    i.UART_EndTransmit_IT                    0x08003fb8   Section        0  stm32f1xx_hal_uart.o(i.UART_EndTransmit_IT)
    UART_EndTransmit_IT                      0x08003fb9   Thumb Code    32  stm32f1xx_hal_uart.o(i.UART_EndTransmit_IT)
    i.UART_Receive_IT                        0x08003fd8   Section        0  stm32f1xx_hal_uart.o(i.UART_Receive_IT)
    UART_Receive_IT                          0x08003fd9   Thumb Code   166  stm32f1xx_hal_uart.o(i.UART_Receive_IT)
    i.UART_SetConfig                         0x08004080   Section        0  stm32f1xx_hal_uart.o(i.UART_SetConfig)
    UART_SetConfig                           0x08004081   Thumb Code   412  stm32f1xx_hal_uart.o(i.UART_SetConfig)
    i.UART_Transmit_IT                       0x08004220   Section        0  stm32f1xx_hal_uart.o(i.UART_Transmit_IT)
    UART_Transmit_IT                         0x08004221   Thumb Code   104  stm32f1xx_hal_uart.o(i.UART_Transmit_IT)
    i.USART3_IRQHandler                      0x08004288   Section        0  usart.o(i.USART3_IRQHandler)
    i.UsageFault_Handler                     0x08004298   Section        0  stm32f1xx_it.o(i.UsageFault_Handler)
    i.__ARM_fpclassify                       0x0800429c   Section        0  fpclassify.o(i.__ARM_fpclassify)
    i.__NVIC_GetPriorityGrouping             0x080042c4   Section        0  stm32f1xx_hal_cortex.o(i.__NVIC_GetPriorityGrouping)
    __NVIC_GetPriorityGrouping               0x080042c5   Thumb Code    10  stm32f1xx_hal_cortex.o(i.__NVIC_GetPriorityGrouping)
    i.__NVIC_SetPriority                     0x080042d4   Section        0  stm32f1xx_hal_cortex.o(i.__NVIC_SetPriority)
    __NVIC_SetPriority                       0x080042d5   Thumb Code    32  stm32f1xx_hal_cortex.o(i.__NVIC_SetPriority)
    i._sys_exit                              0x080042fc   Section        0  usart.o(i._sys_exit)
    i.adc_dma_enable                         0x08004300   Section        0  init.o(i.adc_dma_enable)
    i.adc_dma_init                           0x08004354   Section        0  init.o(i.adc_dma_init)
    i.adrcConf                               0x08004498   Section        0  motor_ctrl.o(i.adrcConf)
    i.ctrl_Init                              0x080044ec   Section        0  motor_ctrl.o(i.ctrl_Init)
    i.delay_init                             0x0800451c   Section        0  delay.o(i.delay_init)
    i.delay_ms                               0x08004528   Section        0  delay.o(i.delay_ms)
    i.delay_us                               0x0800453c   Section        0  delay.o(i.delay_us)
    i.fputc                                  0x08004584   Section        0  usart.o(i.fputc)
    i.h_bridge_init                          0x080045a0   Section        0  init.o(i.h_bridge_init)
    i.hallsensor                             0x08004628   Section        0  bldc.o(i.hallsensor)
    i.l_bridge_init                          0x08004664   Section        0  init.o(i.l_bridge_init)
    i.main                                   0x080046a8   Section        0  main.o(i.main)
    i.sys_init                               0x080046ec   Section        0  init.o(i.sys_init)
    i.sys_stm32_clock_init                   0x08004738   Section        0  sys.o(i.sys_stm32_clock_init)
    i.uhvl                                   0x080047a4   Section        0  bldc.o(i.uhvl)
    i.uhwl                                   0x080047ec   Section        0  bldc.o(i.uhwl)
    i.usart_init                             0x08004834   Section        0  usart.o(i.usart_init)
    i.vhul                                   0x0800486c   Section        0  bldc.o(i.vhul)
    i.vhwl                                   0x080048b4   Section        0  bldc.o(i.vhwl)
    i.whul                                   0x080048fc   Section        0  bldc.o(i.whul)
    i.whvl                                   0x08004944   Section        0  bldc.o(i.whvl)
    locale$$code                             0x0800498c   Section       44  lc_numeric_c.o(locale$$code)
    x$fpl$dretinf                            0x080049b8   Section       12  dretinf.o(x$fpl$dretinf)
    x$fpl$f2d                                0x080049c4   Section       86  f2d.o(x$fpl$f2d)
    x$fpl$ffltu                              0x08004a1c   Section       38  fflt_clz.o(x$fpl$ffltu)
    x$fpl$fmul                               0x08004a44   Section      258  fmul.o(x$fpl$fmul)
    x$fpl$fnaninf                            0x08004b46   Section      140  fnaninf.o(x$fpl$fnaninf)
    x$fpl$fretinf                            0x08004bd2   Section       10  fretinf.o(x$fpl$fretinf)
    x$fpl$printf1                            0x08004bdc   Section        4  printf1.o(x$fpl$printf1)
    .constdata                               0x08004be0   Section       24  system_stm32f1xx.o(.constdata)
    x$fpl$usenofp                            0x08004be0   Section        0  usenofp.o(x$fpl$usenofp)
    .constdata                               0x08004bf8   Section      148  bigflt0.o(.constdata)
    tenpwrs_x                                0x08004bf8   Data          60  bigflt0.o(.constdata)
    tenpwrs_i                                0x08004c34   Data          64  bigflt0.o(.constdata)
    locale$$data                             0x08004cac   Section       28  lc_numeric_c.o(locale$$data)
    __lcnum_c_name                           0x08004cb0   Data           2  lc_numeric_c.o(locale$$data)
    __lcnum_c_start                          0x08004cb8   Data           0  lc_numeric_c.o(locale$$data)
    __lcnum_c_point                          0x08004cc4   Data           0  lc_numeric_c.o(locale$$data)
    __lcnum_c_thousands                      0x08004cc6   Data           0  lc_numeric_c.o(locale$$data)
    __lcnum_c_grouping                       0x08004cc7   Data           0  lc_numeric_c.o(locale$$data)
    __lcnum_c_end                            0x08004cc8   Data           0  lc_numeric_c.o(locale$$data)
    .data                                    0x20000000   Section        1  main.o(.data)
    .data                                    0x20000004   Section        4  system_stm32f1xx.o(.data)
    .data                                    0x20000008   Section        9  stm32f1xx_hal.o(.data)
    .data                                    0x20000014   Section       54  bldc.o(.data)
    .data                                    0x20000050   Section       36  motor_ctrl.o(.data)
    .data                                    0x20000074   Section        7  measure.o(.data)
    .data                                    0x2000007c   Section        4  delay.o(.data)
    g_fac_us                                 0x2000007c   Data           4  delay.o(.data)
    .data                                    0x20000080   Section       11  usart.o(.data)
    .data                                    0x2000008c   Section        4  encode.o(.data)
    .bss                                     0x20000090   Section      520  init.o(.bss)
    .bss                                     0x20000298   Section       10  bldc.o(.bss)
    .bss                                     0x200002a4   Section      216  motor_ctrl.o(.bss)
    .bss                                     0x2000037c   Section      312  measure.o(.bss)
    .bss                                     0x200004b4   Section      264  usart.o(.bss)
    .bss                                     0x200005bc   Section       44  foc.o(.bss)
    .bss                                     0x200005e8   Section       88  encode.o(.bss)
    .bss                                     0x20000640   Section       96  libspace.o(.bss)
    HEAP                                     0x200006a0   Section      512  startup_stm32f103xb.o(HEAP)
    Heap_Mem                                 0x200006a0   Data         512  startup_stm32f103xb.o(HEAP)
    STACK                                    0x200008a0   Section     1024  startup_stm32f103xb.o(STACK)
    Stack_Mem                                0x200008a0   Data        1024  startup_stm32f103xb.o(STACK)
    __initial_sp                             0x20000ca0   Data           0  startup_stm32f103xb.o(STACK)

    Global Symbols

    Symbol Name                              Value     Ov Type        Size  Object(Section)

    BuildAttributes$$THM_ISAv4$P$D$K$B$S$PE$A:L22UL41UL21$X:L11$S22US41US21$IEEE1$IW$USESV6$~STKCKD$USESV7$~SHL$OTIME$ROPI$IEEEX$EBA8$UX$STANDARDLIB$REQ8$PRES8$EABIv2 0x00000000   Number         0  anon$$obj.o ABSOLUTE
    __ARM_use_no_argv                        0x00000000   Number         0  main.o ABSOLUTE
    __ARM_exceptions_init                     - Undefined Weak Reference
    __alloca_initialize                       - Undefined Weak Reference
    __arm_preinit_                            - Undefined Weak Reference
    __cpp_initialize__aeabi_                  - Undefined Weak Reference
    __cxa_finalize                            - Undefined Weak Reference
    __sigvec_lookup                           - Undefined Weak Reference
    _atexit_init                              - Undefined Weak Reference
    _call_atexit_fns                          - Undefined Weak Reference
    _clock_init                               - Undefined Weak Reference
    _fp_trap_init                             - Undefined Weak Reference
    _fp_trap_shutdown                         - Undefined Weak Reference
    _get_lc_collate                           - Undefined Weak Reference
    _get_lc_ctype                             - Undefined Weak Reference
    _get_lc_monetary                          - Undefined Weak Reference
    _get_lc_time                              - Undefined Weak Reference
    _getenv_init                              - Undefined Weak Reference
    _handle_redirection                       - Undefined Weak Reference
    _init_alloc                               - Undefined Weak Reference
    _init_user_alloc                          - Undefined Weak Reference
    _initio                                   - Undefined Weak Reference
    _mutex_acquire                            - Undefined Weak Reference
    _mutex_release                            - Undefined Weak Reference
    _printf_post_padding                      - Undefined Weak Reference
    _printf_pre_padding                       - Undefined Weak Reference
    _rand_init                                - Undefined Weak Reference
    _signal_finish                            - Undefined Weak Reference
    _signal_init                              - Undefined Weak Reference
    _terminate_alloc                          - Undefined Weak Reference
    _terminate_user_alloc                     - Undefined Weak Reference
    _terminateio                              - Undefined Weak Reference
    __Vectors_Size                           0x000000ec   Number         0  startup_stm32f103xb.o ABSOLUTE
    __Vectors                                0x08000000   Data           4  startup_stm32f103xb.o(RESET)
    __Vectors_End                            0x080000ec   Data           0  startup_stm32f103xb.o(RESET)
    __main                                   0x080000ed   Thumb Code     8  __main.o(!!!main)
    __scatterload                            0x080000f5   Thumb Code     0  __scatter.o(!!!scatter)
    __scatterload_rt2                        0x080000f5   Thumb Code    44  __scatter.o(!!!scatter)
    __scatterload_rt2_thumb_only             0x080000f5   Thumb Code     0  __scatter.o(!!!scatter)
    __scatterload_null                       0x08000103   Thumb Code     0  __scatter.o(!!!scatter)
    __scatterload_copy                       0x08000129   Thumb Code    26  __scatter_copy.o(!!handler_copy)
    __scatterload_zeroinit                   0x08000145   Thumb Code    28  __scatter_zi.o(!!handler_zi)
    _printf_f                                0x08000161   Thumb Code     0  _printf_f.o(.ARM.Collect$$_printf_percent$$00000003)
    _printf_percent                          0x08000161   Thumb Code     0  _printf_percent.o(.ARM.Collect$$_printf_percent$$00000000)
    _printf_percent_end                      0x08000167   Thumb Code     0  _printf_percent_end.o(.ARM.Collect$$_printf_percent$$00000017)
    __rt_lib_init                            0x0800016b   Thumb Code     0  libinit.o(.ARM.Collect$$libinit$$00000000)
    __rt_lib_init_fp_1                       0x0800016d   Thumb Code     0  libinit2.o(.ARM.Collect$$libinit$$00000002)
    __rt_lib_init_heap_1                     0x0800016d   Thumb Code     0  libinit2.o(.ARM.Collect$$libinit$$0000000A)
    __rt_lib_init_lc_common                  0x0800016d   Thumb Code     0  libinit2.o(.ARM.Collect$$libinit$$0000000F)
    __rt_lib_init_preinit_1                  0x0800016d   Thumb Code     0  libinit2.o(.ARM.Collect$$libinit$$00000004)
    __rt_lib_init_rand_1                     0x0800016d   Thumb Code     0  libinit2.o(.ARM.Collect$$libinit$$0000000E)
    __rt_lib_init_user_alloc_1               0x0800016d   Thumb Code     0  libinit2.o(.ARM.Collect$$libinit$$0000000C)
    __rt_lib_init_lc_collate_1               0x08000173   Thumb Code     0  libinit2.o(.ARM.Collect$$libinit$$00000011)
    __rt_lib_init_lc_ctype_1                 0x08000173   Thumb Code     0  libinit2.o(.ARM.Collect$$libinit$$00000013)
    __rt_lib_init_lc_monetary_1              0x08000173   Thumb Code     0  libinit2.o(.ARM.Collect$$libinit$$00000015)
    __rt_lib_init_lc_numeric_2               0x08000173   Thumb Code     0  libinit2.o(.ARM.Collect$$libinit$$00000016)
    __rt_lib_init_alloca_1                   0x0800017d   Thumb Code     0  libinit2.o(.ARM.Collect$$libinit$$0000002E)
    __rt_lib_init_argv_1                     0x0800017d   Thumb Code     0  libinit2.o(.ARM.Collect$$libinit$$0000002C)
    __rt_lib_init_atexit_1                   0x0800017d   Thumb Code     0  libinit2.o(.ARM.Collect$$libinit$$0000001B)
    __rt_lib_init_clock_1                    0x0800017d   Thumb Code     0  libinit2.o(.ARM.Collect$$libinit$$00000021)
    __rt_lib_init_cpp_1                      0x0800017d   Thumb Code     0  libinit2.o(.ARM.Collect$$libinit$$00000032)
    __rt_lib_init_exceptions_1               0x0800017d   Thumb Code     0  libinit2.o(.ARM.Collect$$libinit$$00000030)
    __rt_lib_init_fp_trap_1                  0x0800017d   Thumb Code     0  libinit2.o(.ARM.Collect$$libinit$$0000001F)
    __rt_lib_init_getenv_1                   0x0800017d   Thumb Code     0  libinit2.o(.ARM.Collect$$libinit$$00000023)
    __rt_lib_init_lc_numeric_1               0x0800017d   Thumb Code     0  libinit2.o(.ARM.Collect$$libinit$$00000017)
    __rt_lib_init_lc_time_1                  0x0800017d   Thumb Code     0  libinit2.o(.ARM.Collect$$libinit$$00000019)
    __rt_lib_init_return                     0x0800017d   Thumb Code     0  libinit2.o(.ARM.Collect$$libinit$$00000033)
    __rt_lib_init_signal_1                   0x0800017d   Thumb Code     0  libinit2.o(.ARM.Collect$$libinit$$0000001D)
    __rt_lib_init_stdio_1                    0x0800017d   Thumb Code     0  libinit2.o(.ARM.Collect$$libinit$$00000025)
    __rt_lib_shutdown                        0x0800017f   Thumb Code     0  libshutdown.o(.ARM.Collect$$libshutdown$$00000000)
    __rt_lib_shutdown_fp_trap_1              0x08000181   Thumb Code     0  libshutdown2.o(.ARM.Collect$$libshutdown$$00000006)
    __rt_lib_shutdown_heap_1                 0x08000181   Thumb Code     0  libshutdown2.o(.ARM.Collect$$libshutdown$$0000000E)
    __rt_lib_shutdown_return                 0x08000181   Thumb Code     0  libshutdown2.o(.ARM.Collect$$libshutdown$$0000000F)
    __rt_lib_shutdown_signal_1               0x08000181   Thumb Code     0  libshutdown2.o(.ARM.Collect$$libshutdown$$00000009)
    __rt_lib_shutdown_stdio_1                0x08000181   Thumb Code     0  libshutdown2.o(.ARM.Collect$$libshutdown$$00000003)
    __rt_lib_shutdown_user_alloc_1           0x08000181   Thumb Code     0  libshutdown2.o(.ARM.Collect$$libshutdown$$0000000B)
    __rt_entry                               0x08000183   Thumb Code     0  __rtentry.o(.ARM.Collect$$rtentry$$00000000)
    __rt_entry_presh_1                       0x08000183   Thumb Code     0  __rtentry2.o(.ARM.Collect$$rtentry$$00000002)
    __rt_entry_sh                            0x08000183   Thumb Code     0  __rtentry4.o(.ARM.Collect$$rtentry$$00000004)
    __rt_entry_li                            0x08000189   Thumb Code     0  __rtentry2.o(.ARM.Collect$$rtentry$$0000000A)
    __rt_entry_postsh_1                      0x08000189   Thumb Code     0  __rtentry2.o(.ARM.Collect$$rtentry$$00000009)
    __rt_entry_main                          0x0800018d   Thumb Code     0  __rtentry2.o(.ARM.Collect$$rtentry$$0000000D)
    __rt_entry_postli_1                      0x0800018d   Thumb Code     0  __rtentry2.o(.ARM.Collect$$rtentry$$0000000C)
    __rt_exit                                0x08000195   Thumb Code     0  rtexit.o(.ARM.Collect$$rtexit$$00000000)
    __rt_exit_ls                             0x08000197   Thumb Code     0  rtexit2.o(.ARM.Collect$$rtexit$$00000003)
    __rt_exit_prels_1                        0x08000197   Thumb Code     0  rtexit2.o(.ARM.Collect$$rtexit$$00000002)
    __rt_exit_exit                           0x0800019b   Thumb Code     0  rtexit2.o(.ARM.Collect$$rtexit$$00000004)
    Reset_Handler                            0x080001a1   Thumb Code     8  startup_stm32f103xb.o(.text)
    CAN1_RX1_IRQHandler                      0x080001bb   Thumb Code     0  startup_stm32f103xb.o(.text)
    CAN1_SCE_IRQHandler                      0x080001bb   Thumb Code     0  startup_stm32f103xb.o(.text)
    DMA1_Channel2_IRQHandler                 0x080001bb   Thumb Code     0  startup_stm32f103xb.o(.text)
    DMA1_Channel3_IRQHandler                 0x080001bb   Thumb Code     0  startup_stm32f103xb.o(.text)
    DMA1_Channel4_IRQHandler                 0x080001bb   Thumb Code     0  startup_stm32f103xb.o(.text)
    DMA1_Channel5_IRQHandler                 0x080001bb   Thumb Code     0  startup_stm32f103xb.o(.text)
    DMA1_Channel6_IRQHandler                 0x080001bb   Thumb Code     0  startup_stm32f103xb.o(.text)
    DMA1_Channel7_IRQHandler                 0x080001bb   Thumb Code     0  startup_stm32f103xb.o(.text)
    EXTI0_IRQHandler                         0x080001bb   Thumb Code     0  startup_stm32f103xb.o(.text)
    EXTI1_IRQHandler                         0x080001bb   Thumb Code     0  startup_stm32f103xb.o(.text)
    EXTI2_IRQHandler                         0x080001bb   Thumb Code     0  startup_stm32f103xb.o(.text)
    EXTI3_IRQHandler                         0x080001bb   Thumb Code     0  startup_stm32f103xb.o(.text)
    EXTI4_IRQHandler                         0x080001bb   Thumb Code     0  startup_stm32f103xb.o(.text)
    EXTI9_5_IRQHandler                       0x080001bb   Thumb Code     0  startup_stm32f103xb.o(.text)
    FLASH_IRQHandler                         0x080001bb   Thumb Code     0  startup_stm32f103xb.o(.text)
    I2C1_ER_IRQHandler                       0x080001bb   Thumb Code     0  startup_stm32f103xb.o(.text)
    I2C1_EV_IRQHandler                       0x080001bb   Thumb Code     0  startup_stm32f103xb.o(.text)
    I2C2_ER_IRQHandler                       0x080001bb   Thumb Code     0  startup_stm32f103xb.o(.text)
    I2C2_EV_IRQHandler                       0x080001bb   Thumb Code     0  startup_stm32f103xb.o(.text)
    PVD_IRQHandler                           0x080001bb   Thumb Code     0  startup_stm32f103xb.o(.text)
    RCC_IRQHandler                           0x080001bb   Thumb Code     0  startup_stm32f103xb.o(.text)
    RTC_Alarm_IRQHandler                     0x080001bb   Thumb Code     0  startup_stm32f103xb.o(.text)
    RTC_IRQHandler                           0x080001bb   Thumb Code     0  startup_stm32f103xb.o(.text)
    SPI2_IRQHandler                          0x080001bb   Thumb Code     0  startup_stm32f103xb.o(.text)
    TAMPER_IRQHandler                        0x080001bb   Thumb Code     0  startup_stm32f103xb.o(.text)
    TIM1_BRK_IRQHandler                      0x080001bb   Thumb Code     0  startup_stm32f103xb.o(.text)
    TIM1_CC_IRQHandler                       0x080001bb   Thumb Code     0  startup_stm32f103xb.o(.text)
    TIM1_TRG_COM_IRQHandler                  0x080001bb   Thumb Code     0  startup_stm32f103xb.o(.text)
    TIM1_UP_IRQHandler                       0x080001bb   Thumb Code     0  startup_stm32f103xb.o(.text)
    USART1_IRQHandler                        0x080001bb   Thumb Code     0  startup_stm32f103xb.o(.text)
    USART2_IRQHandler                        0x080001bb   Thumb Code     0  startup_stm32f103xb.o(.text)
    USBWakeUp_IRQHandler                     0x080001bb   Thumb Code     0  startup_stm32f103xb.o(.text)
    USB_HP_CAN1_TX_IRQHandler                0x080001bb   Thumb Code     0  startup_stm32f103xb.o(.text)
    USB_LP_CAN1_RX0_IRQHandler               0x080001bb   Thumb Code     0  startup_stm32f103xb.o(.text)
    WWDG_IRQHandler                          0x080001bb   Thumb Code     0  startup_stm32f103xb.o(.text)
    __user_initial_stackheap                 0x080001bd   Thumb Code     0  startup_stm32f103xb.o(.text)
    __use_no_semihosting                     0x080001e1   Thumb Code     2  use_no_semi_2.o(.text)
    __2printf                                0x080001e5   Thumb Code    20  noretval__2printf.o(.text)
    __printf                                 0x080001fd   Thumb Code   104  __printf.o(.text)
    __aeabi_memclr4                          0x08000265   Thumb Code     0  rt_memclr_w.o(.text)
    __aeabi_memclr8                          0x08000265   Thumb Code     0  rt_memclr_w.o(.text)
    __rt_memclr_w                            0x08000265   Thumb Code    78  rt_memclr_w.o(.text)
    _memset_w                                0x08000269   Thumb Code     0  rt_memclr_w.o(.text)
    __use_two_region_memory                  0x080002b3   Thumb Code     2  heapauxi.o(.text)
    __rt_heap_escrow$2region                 0x080002b5   Thumb Code     2  heapauxi.o(.text)
    __rt_heap_expand$2region                 0x080002b7   Thumb Code     2  heapauxi.o(.text)
    __semihosting$guard                      0x080002b9   Thumb Code     0  use_no_semi.o(.text)
    __use_no_semihosting_swi                 0x080002b9   Thumb Code     2  use_no_semi.o(.text)
    __lib_sel_fp_printf                      0x080002bb   Thumb Code     2  _printf_fp_dec.o(.text)
    _printf_fp_dec_real                      0x08000469   Thumb Code   620  _printf_fp_dec.o(.text)
    _printf_char_file                        0x080006d5   Thumb Code    32  _printf_char_file.o(.text)
    __rt_locale                              0x080006f9   Thumb Code     8  rt_locale_intlibspace.o(.text)
    _ll_udiv10                               0x08000701   Thumb Code   138  lludiv10.o(.text)
    _printf_char_common                      0x08000797   Thumb Code    32  _printf_char_common.o(.text)
    _printf_fp_infnan                        0x080007bd   Thumb Code   112  _printf_fp_infnan.o(.text)
    _btod_etento                             0x0800083d   Thumb Code   216  bigflt0.o(.text)
    ferror                                   0x08000919   Thumb Code     8  ferror.o(.text)
    __user_libspace                          0x08000921   Thumb Code     8  libspace.o(.text)
    __user_perproc_libspace                  0x08000921   Thumb Code     0  libspace.o(.text)
    __user_perthread_libspace                0x08000921   Thumb Code     0  libspace.o(.text)
    __user_setup_stackheap                   0x08000929   Thumb Code    74  sys_stackheap_outer.o(.text)
    exit                                     0x08000973   Thumb Code    12  exit.o(.text)
    strcmp                                   0x08000981   Thumb Code   128  strcmpv7m.o(.text)
    _btod_d2e                                0x08000a01   Thumb Code    62  btod.o(CL$$btod_d2e)
    _d2e_denorm_low                          0x08000a3f   Thumb Code    70  btod.o(CL$$btod_d2e_denorm_low)
    _d2e_norm_op1                            0x08000a85   Thumb Code    96  btod.o(CL$$btod_d2e_norm_op1)
    __btod_div_common                        0x08000ae5   Thumb Code   696  btod.o(CL$$btod_div_common)
    _e2e                                     0x08000e1d   Thumb Code   198  btod.o(CL$$btod_e2e)
    _btod_ediv                               0x08000ee3   Thumb Code    40  btod.o(CL$$btod_ediv)
    _btod_emul                               0x08000f0b   Thumb Code    40  btod.o(CL$$btod_emul)
    __btod_mult_common                       0x08000f33   Thumb Code   580  btod.o(CL$$btod_mult_common)
    ADC1_2_IRQHandler                        0x08001179   Thumb Code    10  stm32f1xx_it.o(i.ADC1_2_IRQHandler)
    ADC_ConversionStop_Disable               0x08001189   Thumb Code    82  stm32f1xx_hal_adc.o(i.ADC_ConversionStop_Disable)
    ADC_DMAConvCplt                          0x080011db   Thumb Code    82  stm32f1xx_hal_adc.o(i.ADC_DMAConvCplt)
    ADC_DMAError                             0x0800122d   Thumb Code    30  stm32f1xx_hal_adc.o(i.ADC_DMAError)
    ADC_DMAHalfConvCplt                      0x0800124b   Thumb Code    14  stm32f1xx_hal_adc.o(i.ADC_DMAHalfConvCplt)
    ADC_Enable                               0x08001259   Thumb Code   122  stm32f1xx_hal_adc.o(i.ADC_Enable)
    AS5047_read                              0x080012dd   Thumb Code    46  encode.o(i.AS5047_read)
    BusFault_Handler                         0x0800130b   Thumb Code     4  stm32f1xx_it.o(i.BusFault_Handler)
    DMA1_Channel1_IRQHandler                 0x08001311   Thumb Code    34  measure.o(i.DMA1_Channel1_IRQHandler)
    DebugMon_Handler                         0x08001369   Thumb Code     2  stm32f1xx_it.o(i.DebugMon_Handler)
    EXTI15_10_IRQHandler                     0x0800136b   Thumb Code     2  stm32f1xx_it.o(i.EXTI15_10_IRQHandler)
    FiltConf                                 0x0800136d   Thumb Code    16  foc.o(i.FiltConf)
    HAL_ADCEx_Calibration_Start              0x08001381   Thumb Code   256  stm32f1xx_hal_adc_ex.o(i.HAL_ADCEx_Calibration_Start)
    HAL_ADCEx_InjectedConvCpltCallback       0x08001485   Thumb Code     2  stm32f1xx_hal_adc_ex.o(i.HAL_ADCEx_InjectedConvCpltCallback)
    HAL_ADC_ConfigChannel                    0x08001489   Thumb Code   338  stm32f1xx_hal_adc.o(i.HAL_ADC_ConfigChannel)
    HAL_ADC_ConvCpltCallback                 0x080015e9   Thumb Code     2  stm32f1xx_hal_adc.o(i.HAL_ADC_ConvCpltCallback)
    HAL_ADC_ConvHalfCpltCallback             0x080015eb   Thumb Code     2  stm32f1xx_hal_adc.o(i.HAL_ADC_ConvHalfCpltCallback)
    HAL_ADC_ErrorCallback                    0x080015ed   Thumb Code     2  stm32f1xx_hal_adc.o(i.HAL_ADC_ErrorCallback)
    HAL_ADC_IRQHandler                       0x080015ef   Thumb Code   290  stm32f1xx_hal_adc.o(i.HAL_ADC_IRQHandler)
    HAL_ADC_Init                             0x08001711   Thumb Code   340  stm32f1xx_hal_adc.o(i.HAL_ADC_Init)
    HAL_ADC_LevelOutOfWindowCallback         0x08001871   Thumb Code     2  stm32f1xx_hal_adc.o(i.HAL_ADC_LevelOutOfWindowCallback)
    HAL_ADC_MspInit                          0x08001873   Thumb Code     2  stm32f1xx_hal_adc.o(i.HAL_ADC_MspInit)
    HAL_ADC_Start_DMA                        0x08001875   Thumb Code   362  stm32f1xx_hal_adc.o(i.HAL_ADC_Start_DMA)
    HAL_DMA_Abort_IT                         0x080019f5   Thumb Code   414  stm32f1xx_hal_dma.o(i.HAL_DMA_Abort_IT)
    HAL_DMA_Init                             0x08001b9d   Thumb Code   132  stm32f1xx_hal_dma.o(i.HAL_DMA_Init)
    HAL_DMA_Start_IT                         0x08001c29   Thumb Code   156  stm32f1xx_hal_dma.o(i.HAL_DMA_Start_IT)
    HAL_Delay                                0x08001cc5   Thumb Code    12  delay.o(i.HAL_Delay)
    HAL_GPIO_Init                            0x08001cd1   Thumb Code   792  stm32f1xx_hal_gpio.o(i.HAL_GPIO_Init)
    HAL_GPIO_ReadPin                         0x08002011   Thumb Code    16  stm32f1xx_hal_gpio.o(i.HAL_GPIO_ReadPin)
    HAL_GPIO_WritePin                        0x08002021   Thumb Code    12  stm32f1xx_hal_gpio.o(i.HAL_GPIO_WritePin)
    HAL_GetTick                              0x0800202d   Thumb Code     6  stm32f1xx_hal.o(i.HAL_GetTick)
    HAL_IncTick                              0x08002039   Thumb Code    16  stm32f1xx_hal.o(i.HAL_IncTick)
    HAL_Init                                 0x08002051   Thumb Code    34  stm32f1xx_hal.o(i.HAL_Init)
    HAL_InitTick                             0x08002079   Thumb Code    64  stm32f1xx_hal.o(i.HAL_InitTick)
    HAL_MspInit                              0x080020c5   Thumb Code    76  init.o(i.HAL_MspInit)
    HAL_NVIC_EnableIRQ                       0x08002119   Thumb Code    32  stm32f1xx_hal_cortex.o(i.HAL_NVIC_EnableIRQ)
    HAL_NVIC_SetPriority                     0x08002139   Thumb Code   124  stm32f1xx_hal_cortex.o(i.HAL_NVIC_SetPriority)
    HAL_NVIC_SetPriorityGrouping             0x080021b5   Thumb Code    32  stm32f1xx_hal_cortex.o(i.HAL_NVIC_SetPriorityGrouping)
    HAL_RCCEx_GetPeriphCLKFreq               0x080021dd   Thumb Code   276  stm32f1xx_hal_rcc_ex.o(i.HAL_RCCEx_GetPeriphCLKFreq)
    HAL_RCCEx_PeriphCLKConfig                0x08002311   Thumb Code   290  stm32f1xx_hal_rcc_ex.o(i.HAL_RCCEx_PeriphCLKConfig)
    HAL_RCC_ClockConfig                      0x08002441   Thumb Code   376  stm32f1xx_hal_rcc.o(i.HAL_RCC_ClockConfig)
    HAL_RCC_GetHCLKFreq                      0x080025cd   Thumb Code     6  stm32f1xx_hal_rcc.o(i.HAL_RCC_GetHCLKFreq)
    HAL_RCC_GetPCLK1Freq                     0x080025d9   Thumb Code    22  stm32f1xx_hal_rcc.o(i.HAL_RCC_GetPCLK1Freq)
    HAL_RCC_GetPCLK2Freq                     0x080025f9   Thumb Code    22  stm32f1xx_hal_rcc.o(i.HAL_RCC_GetPCLK2Freq)
    HAL_RCC_GetSysClockFreq                  0x08002619   Thumb Code   116  stm32f1xx_hal_rcc.o(i.HAL_RCC_GetSysClockFreq)
    HAL_RCC_OscConfig                        0x080026ad   Thumb Code  1114  stm32f1xx_hal_rcc.o(i.HAL_RCC_OscConfig)
    HAL_SPI_ErrorCallback                    0x08002b11   Thumb Code     2  stm32f1xx_hal_spi.o(i.HAL_SPI_ErrorCallback)
    HAL_SPI_IRQHandler                       0x08002b15   Thumb Code   304  stm32f1xx_hal_spi.o(i.HAL_SPI_IRQHandler)
    HAL_SPI_Init                             0x08002c49   Thumb Code   156  stm32f1xx_hal_spi.o(i.HAL_SPI_Init)
    HAL_SPI_MspInit                          0x08002ce5   Thumb Code    62  encode.o(i.HAL_SPI_MspInit)
    HAL_SPI_TransmitReceive                  0x08002d2d   Thumb Code   750  stm32f1xx_hal_spi.o(i.HAL_SPI_TransmitReceive)
    HAL_SYSTICK_Config                       0x0800301b   Thumb Code    52  stm32f1xx_hal_cortex.o(i.HAL_SYSTICK_Config)
    HAL_TIMEx_BreakCallback                  0x0800304f   Thumb Code     2  stm32f1xx_hal_tim_ex.o(i.HAL_TIMEx_BreakCallback)
    HAL_TIMEx_CommutCallback                 0x08003051   Thumb Code     2  stm32f1xx_hal_tim_ex.o(i.HAL_TIMEx_CommutCallback)
    HAL_TIM_Base_Init                        0x08003053   Thumb Code    52  stm32f1xx_hal_tim.o(i.HAL_TIM_Base_Init)
    HAL_TIM_Base_MspInit                     0x08003089   Thumb Code    32  stm32f1xx_hal_msp.o(i.HAL_TIM_Base_MspInit)
    HAL_TIM_Base_Start_IT                    0x080030ad   Thumb Code    42  stm32f1xx_hal_tim.o(i.HAL_TIM_Base_Start_IT)
    HAL_TIM_IC_CaptureCallback               0x080030d7   Thumb Code     2  stm32f1xx_hal_tim.o(i.HAL_TIM_IC_CaptureCallback)
    HAL_TIM_IRQHandler                       0x080030d9   Thumb Code   406  stm32f1xx_hal_tim.o(i.HAL_TIM_IRQHandler)
    HAL_TIM_OC_DelayElapsedCallback          0x0800326f   Thumb Code     2  stm32f1xx_hal_tim.o(i.HAL_TIM_OC_DelayElapsedCallback)
    HAL_TIM_PWM_ConfigChannel                0x08003271   Thumb Code   264  stm32f1xx_hal_tim.o(i.HAL_TIM_PWM_ConfigChannel)
    HAL_TIM_PWM_Init                         0x08003379   Thumb Code    52  stm32f1xx_hal_tim.o(i.HAL_TIM_PWM_Init)
    HAL_TIM_PWM_MspInit                      0x080033ad   Thumb Code   122  init.o(i.HAL_TIM_PWM_MspInit)
    HAL_TIM_PWM_PulseFinishedCallback        0x08003439   Thumb Code     2  stm32f1xx_hal_tim.o(i.HAL_TIM_PWM_PulseFinishedCallback)
    HAL_TIM_PWM_Start                        0x0800343d   Thumb Code    80  stm32f1xx_hal_tim.o(i.HAL_TIM_PWM_Start)
    HAL_TIM_PeriodElapsedCallback            0x08003495   Thumb Code   140  bldc.o(i.HAL_TIM_PeriodElapsedCallback)
    HAL_TIM_TriggerCallback                  0x08003535   Thumb Code     2  stm32f1xx_hal_tim.o(i.HAL_TIM_TriggerCallback)
    HAL_UART_ErrorCallback                   0x08003537   Thumb Code     2  stm32f1xx_hal_uart.o(i.HAL_UART_ErrorCallback)
    HAL_UART_IRQHandler                      0x08003539   Thumb Code   326  stm32f1xx_hal_uart.o(i.HAL_UART_IRQHandler)
    HAL_UART_Init                            0x08003685   Thumb Code   114  stm32f1xx_hal_uart.o(i.HAL_UART_Init)
    HAL_UART_MspInit                         0x080036f9   Thumb Code   168  usart.o(i.HAL_UART_MspInit)
    HAL_UART_Receive_IT                      0x080037ad   Thumb Code   112  stm32f1xx_hal_uart.o(i.HAL_UART_Receive_IT)
    HAL_UART_RxCpltCallback                  0x0800381d   Thumb Code   200  usart.o(i.HAL_UART_RxCpltCallback)
    HAL_UART_TxCpltCallback                  0x08003905   Thumb Code     2  stm32f1xx_hal_uart.o(i.HAL_UART_TxCpltCallback)
    H_sensor_init                            0x08003909   Thumb Code    26  init.o(i.H_sensor_init)
    HardFault_Handler                        0x08003929   Thumb Code     4  stm32f1xx_it.o(i.HardFault_Handler)
    MX_SPI1_Init                             0x0800392d   Thumb Code   152  encode.o(i.MX_SPI1_Init)
    MemManage_Handler                        0x080039d5   Thumb Code     4  stm32f1xx_it.o(i.MemManage_Handler)
    NMI_Handler                              0x080039d9   Thumb Code     2  stm32f1xx_it.o(i.NMI_Handler)
    Parity_bit_Calculate                     0x080039db   Thumb Code    20  encode.o(i.Parity_bit_Calculate)
    PendSV_Handler                           0x080039ef   Thumb Code     2  stm32f1xx_it.o(i.PendSV_Handler)
    Pid_Conf                                 0x080039f1   Thumb Code    32  motor_ctrl.o(i.Pid_Conf)
    SPI1_IRQHandler                          0x08003a49   Thumb Code    10  stm32f1xx_it.o(i.SPI1_IRQHandler)
    SPI_ISCRCErrorValid                      0x08003a95   Thumb Code     6  stm32f1xx_hal_spi.o(i.SPI_ISCRCErrorValid)
    SPI_ReadWrite_OneByte                    0x08003a9d   Thumb Code    54  encode.o(i.SPI_ReadWrite_OneByte)
    SVC_Handler                              0x08003b85   Thumb Code     2  stm32f1xx_it.o(i.SVC_Handler)
    Stop_Start_Init                          0x08003b89   Thumb Code    60  init.o(i.Stop_Start_Init)
    SysTick_Handler                          0x08003bcd   Thumb Code     8  stm32f1xx_it.o(i.SysTick_Handler)
    SystemInit                               0x08003bd5   Thumb Code    70  system_stm32f1xx.o(i.SystemInit)
    TIM2_IRQHandler                          0x08003c2d   Thumb Code    10  stm32f1xx_it.o(i.TIM2_IRQHandler)
    TIM3_IRQHandler                          0x08003c3d   Thumb Code    10  stm32f1xx_it.o(i.TIM3_IRQHandler)
    TIM4_IRQHandler                          0x08003c4d   Thumb Code    10  stm32f1xx_it.o(i.TIM4_IRQHandler)
    TIM_Base_SetConfig                       0x08003c5d   Thumb Code   134  stm32f1xx_hal_tim.o(i.TIM_Base_SetConfig)
    TIM_CCxChannelCmd                        0x08003cf9   Thumb Code    34  stm32f1xx_hal_tim.o(i.TIM_CCxChannelCmd)
    TIM_Init                                 0x08003d1d   Thumb Code   160  init.o(i.TIM_Init)
    TIM_OC2_SetConfig                        0x08003e3d   Thumb Code   114  stm32f1xx_hal_tim.o(i.TIM_OC2_SetConfig)
    USART3_IRQHandler                        0x08004289   Thumb Code    10  usart.o(i.USART3_IRQHandler)
    UsageFault_Handler                       0x08004299   Thumb Code     4  stm32f1xx_it.o(i.UsageFault_Handler)
    __ARM_fpclassify                         0x0800429d   Thumb Code    40  fpclassify.o(i.__ARM_fpclassify)
    _sys_exit                                0x080042fd   Thumb Code     4  usart.o(i._sys_exit)
    adc_dma_enable                           0x08004301   Thumb Code    76  init.o(i.adc_dma_enable)
    adc_dma_init                             0x08004355   Thumb Code   300  init.o(i.adc_dma_init)
    adrcConf                                 0x08004499   Thumb Code    60  motor_ctrl.o(i.adrcConf)
    ctrl_Init                                0x080044ed   Thumb Code    32  motor_ctrl.o(i.ctrl_Init)
    delay_init                               0x0800451d   Thumb Code     6  delay.o(i.delay_init)
    delay_ms                                 0x08004529   Thumb Code    18  delay.o(i.delay_ms)
    delay_us                                 0x0800453d   Thumb Code    68  delay.o(i.delay_us)
    fputc                                    0x08004585   Thumb Code    24  usart.o(i.fputc)
    h_bridge_init                            0x080045a1   Thumb Code   116  init.o(i.h_bridge_init)
    hallsensor                               0x08004629   Thumb Code    56  bldc.o(i.hallsensor)
    l_bridge_init                            0x08004665   Thumb Code    60  init.o(i.l_bridge_init)
    main                                     0x080046a9   Thumb Code    52  main.o(i.main)
    sys_init                                 0x080046ed   Thumb Code    70  init.o(i.sys_init)
    sys_stm32_clock_init                     0x08004739   Thumb Code   106  sys.o(i.sys_stm32_clock_init)
    uhvl                                     0x080047a5   Thumb Code    58  bldc.o(i.uhvl)
    uhwl                                     0x080047ed   Thumb Code    58  bldc.o(i.uhwl)
    usart_init                               0x08004835   Thumb Code    44  usart.o(i.usart_init)
    vhul                                     0x0800486d   Thumb Code    60  bldc.o(i.vhul)
    vhwl                                     0x080048b5   Thumb Code    60  bldc.o(i.vhwl)
    whul                                     0x080048fd   Thumb Code    58  bldc.o(i.whul)
    whvl                                     0x08004945   Thumb Code    58  bldc.o(i.whvl)
    _get_lc_numeric                          0x0800498d   Thumb Code    44  lc_numeric_c.o(locale$$code)
    __fpl_dretinf                            0x080049b9   Thumb Code    12  dretinf.o(x$fpl$dretinf)
    __aeabi_f2d                              0x080049c5   Thumb Code     0  f2d.o(x$fpl$f2d)
    _f2d                                     0x080049c5   Thumb Code    86  f2d.o(x$fpl$f2d)
    __aeabi_ui2f                             0x08004a1d   Thumb Code     0  fflt_clz.o(x$fpl$ffltu)
    _ffltu                                   0x08004a1d   Thumb Code    38  fflt_clz.o(x$fpl$ffltu)
    __aeabi_fmul                             0x08004a45   Thumb Code     0  fmul.o(x$fpl$fmul)
    _fmul                                    0x08004a45   Thumb Code   258  fmul.o(x$fpl$fmul)
    __fpl_fnaninf                            0x08004b47   Thumb Code   140  fnaninf.o(x$fpl$fnaninf)
    __fpl_fretinf                            0x08004bd3   Thumb Code    10  fretinf.o(x$fpl$fretinf)
    _printf_fp_dec                           0x08004bdd   Thumb Code     4  printf1.o(x$fpl$printf1)
    AHBPrescTable                            0x08004be0   Data          16  system_stm32f1xx.o(.constdata)
    __I$use$fp                               0x08004be0   Number         0  usenofp.o(x$fpl$usenofp)
    APBPrescTable                            0x08004bf0   Data           8  system_stm32f1xx.o(.constdata)
    Region$$Table$$Base                      0x08004c8c   Number         0  anon$$obj.o(Region$$Table)
    Region$$Table$$Limit                     0x08004cac   Number         0  anon$$obj.o(Region$$Table)
    rxflag                                   0x20000000   Data           1  main.o(.data)
    SystemCoreClock                          0x20000004   Data           4  system_stm32f1xx.o(.data)
    uwTick                                   0x20000008   Data           4  stm32f1xx_hal.o(.data)
    uwTickPrio                               0x2000000c   Data           4  stm32f1xx_hal.o(.data)
    uwTickFreq                               0x20000010   Data           1  stm32f1xx_hal.o(.data)
    cnt_all                                  0x20000014   Data           4  bldc.o(.data)
    last_cnt                                 0x20000018   Data           4  bldc.o(.data)
    last_angle                               0x2000001c   Data           4  bldc.o(.data)
    basic_ctrl                               0x20000020   Data          24  bldc.o(.data)
    forward                                  0x20000038   Data           6  bldc.o(.data)
    backward                                 0x2000003e   Data           6  bldc.o(.data)
    idx_f                                    0x20000044   Data           6  bldc.o(.data)
    counter                                  0x20000050   Data           2  motor_ctrl.o(.data)
    start_cnt                                0x20000052   Data           1  motor_ctrl.o(.data)
    normal_cnt                               0x20000054   Data           4  motor_ctrl.o(.data)
    speed_actual                             0x20000058   Data           4  motor_ctrl.o(.data)
    target_speed                             0x2000005c   Data           4  motor_ctrl.o(.data)
    encoder_num                              0x20000060   Data           8  motor_ctrl.o(.data)
    rpm                                      0x20000068   Data           4  motor_ctrl.o(.data)
    target_rpm                               0x2000006c   Data           4  motor_ctrl.o(.data)
    target_angle                             0x20000070   Data           4  motor_ctrl.o(.data)
    phase_offset                             0x20000074   Data           6  measure.o(.data)
    g_adc_dma_sta                            0x2000007a   Data           1  measure.o(.data)
    rxdat                                    0x20000080   Data           4  usart.o(.data)
    __stdout                                 0x20000084   Data           4  usart.o(.data)
    g_usart_rx_sta                           0x20000088   Data           2  usart.o(.data)
    g_rx_buffer                              0x2000008a   Data           1  usart.o(.data)
    angle                                    0x2000008c   Data           4  encode.o(.data)
    TIM1_Handler                             0x20000090   Data          64  init.o(.bss)
    TIM2_Handler                             0x200000d0   Data          64  init.o(.bss)
    TIM1_CH1Handler                          0x20000110   Data          28  init.o(.bss)
    TIM1_CH2Handler                          0x2000012c   Data          28  init.o(.bss)
    TIM1_CH3Handler                          0x20000148   Data          28  init.o(.bss)
    htim3                                    0x20000164   Data          64  init.o(.bss)
    htim4                                    0x200001a4   Data          64  init.o(.bss)
    htim5                                    0x200001e4   Data          64  init.o(.bss)
    AdcHandle                                0x20000224   Data          48  init.o(.bss)
    DMAHandle                                0x20000254   Data          68  init.o(.bss)
    motor                                    0x20000298   Data          10  bldc.o(.bss)
    Adrc1                                    0x200002a4   Data          56  motor_ctrl.o(.bss)
    Adrc2                                    0x200002dc   Data          56  motor_ctrl.o(.bss)
    Adrc3                                    0x20000314   Data          56  motor_ctrl.o(.bss)
    Pid                                      0x2000034c   Data          36  motor_ctrl.o(.bss)
    volt_out                                 0x20000370   Data          12  motor_ctrl.o(.bss)
    g_adc_raw                                0x2000037c   Data         300  measure.o(.bss)
    g_adc_ave                                0x200004a8   Data          12  measure.o(.bss)
    g_usart_rx_buf                           0x200004b4   Data         200  usart.o(.bss)
    g_uart1_handle                           0x2000057c   Data          64  usart.o(.bss)
    motor_foc                                0x200005bc   Data          32  foc.o(.bss)
    filter                                   0x200005dc   Data          12  foc.o(.bss)
    hspi1                                    0x200005e8   Data          88  encode.o(.bss)
    __libspace_start                         0x20000640   Data          96  libspace.o(.bss)
    __temporary_stack_top$libspace           0x200006a0   Data           0  libspace.o(.bss)



==============================================================================

Memory Map of the image

  Image Entry point : 0x080000ed

  Load Region LR_IROM1 (Base: 0x08000000, Size: 0x00004d58, Max: 0x00010000, ABSOLUTE)

    Execution Region ER_IROM1 (Base: 0x08000000, Size: 0x00004cc8, Max: 0x00010000, ABSOLUTE)

    Base Addr    Size         Type   Attr      Idx    E Section Name        Object

    0x08000000   0x000000ec   Data   RO         3942    RESET               startup_stm32f103xb.o
    0x080000ec   0x00000008   Code   RO         4711  * !!!main             c_w.l(__main.o)
    0x080000f4   0x00000034   Code   RO         5070    !!!scatter          c_w.l(__scatter.o)
    0x08000128   0x0000001a   Code   RO         5072    !!handler_copy      c_w.l(__scatter_copy.o)
    0x08000142   0x00000002   PAD
    0x08000144   0x0000001c   Code   RO         5074    !!handler_zi        c_w.l(__scatter_zi.o)
    0x08000160   0x00000000   Code   RO         4706    .ARM.Collect$$_printf_percent$$00000000  c_w.l(_printf_percent.o)
    0x08000160   0x00000006   Code   RO         4705    .ARM.Collect$$_printf_percent$$00000003  c_w.l(_printf_f.o)
    0x08000166   0x00000004   Code   RO         4804    .ARM.Collect$$_printf_percent$$00000017  c_w.l(_printf_percent_end.o)
    0x0800016a   0x00000002   Code   RO         4943    .ARM.Collect$$libinit$$00000000  c_w.l(libinit.o)
    0x0800016c   0x00000000   Code   RO         4945    .ARM.Collect$$libinit$$00000002  c_w.l(libinit2.o)
    0x0800016c   0x00000000   Code   RO         4947    .ARM.Collect$$libinit$$00000004  c_w.l(libinit2.o)
    0x0800016c   0x00000000   Code   RO         4950    .ARM.Collect$$libinit$$0000000A  c_w.l(libinit2.o)
    0x0800016c   0x00000000   Code   RO         4952    .ARM.Collect$$libinit$$0000000C  c_w.l(libinit2.o)
    0x0800016c   0x00000000   Code   RO         4954    .ARM.Collect$$libinit$$0000000E  c_w.l(libinit2.o)
    0x0800016c   0x00000006   Code   RO         4955    .ARM.Collect$$libinit$$0000000F  c_w.l(libinit2.o)
    0x08000172   0x00000000   Code   RO         4957    .ARM.Collect$$libinit$$00000011  c_w.l(libinit2.o)
    0x08000172   0x00000000   Code   RO         4959    .ARM.Collect$$libinit$$00000013  c_w.l(libinit2.o)
    0x08000172   0x00000000   Code   RO         4961    .ARM.Collect$$libinit$$00000015  c_w.l(libinit2.o)
    0x08000172   0x0000000a   Code   RO         4962    .ARM.Collect$$libinit$$00000016  c_w.l(libinit2.o)
    0x0800017c   0x00000000   Code   RO         4963    .ARM.Collect$$libinit$$00000017  c_w.l(libinit2.o)
    0x0800017c   0x00000000   Code   RO         4965    .ARM.Collect$$libinit$$00000019  c_w.l(libinit2.o)
    0x0800017c   0x00000000   Code   RO         4967    .ARM.Collect$$libinit$$0000001B  c_w.l(libinit2.o)
    0x0800017c   0x00000000   Code   RO         4969    .ARM.Collect$$libinit$$0000001D  c_w.l(libinit2.o)
    0x0800017c   0x00000000   Code   RO         4971    .ARM.Collect$$libinit$$0000001F  c_w.l(libinit2.o)
    0x0800017c   0x00000000   Code   RO         4973    .ARM.Collect$$libinit$$00000021  c_w.l(libinit2.o)
    0x0800017c   0x00000000   Code   RO         4975    .ARM.Collect$$libinit$$00000023  c_w.l(libinit2.o)
    0x0800017c   0x00000000   Code   RO         4977    .ARM.Collect$$libinit$$00000025  c_w.l(libinit2.o)
    0x0800017c   0x00000000   Code   RO         4981    .ARM.Collect$$libinit$$0000002C  c_w.l(libinit2.o)
    0x0800017c   0x00000000   Code   RO         4983    .ARM.Collect$$libinit$$0000002E  c_w.l(libinit2.o)
    0x0800017c   0x00000000   Code   RO         4985    .ARM.Collect$$libinit$$00000030  c_w.l(libinit2.o)
    0x0800017c   0x00000000   Code   RO         4987    .ARM.Collect$$libinit$$00000032  c_w.l(libinit2.o)
    0x0800017c   0x00000002   Code   RO         4988    .ARM.Collect$$libinit$$00000033  c_w.l(libinit2.o)
    0x0800017e   0x00000002   Code   RO         5034    .ARM.Collect$$libshutdown$$00000000  c_w.l(libshutdown.o)
    0x08000180   0x00000000   Code   RO         5041    .ARM.Collect$$libshutdown$$00000003  c_w.l(libshutdown2.o)
    0x08000180   0x00000000   Code   RO         5044    .ARM.Collect$$libshutdown$$00000006  c_w.l(libshutdown2.o)
    0x08000180   0x00000000   Code   RO         5047    .ARM.Collect$$libshutdown$$00000009  c_w.l(libshutdown2.o)
    0x08000180   0x00000000   Code   RO         5049    .ARM.Collect$$libshutdown$$0000000B  c_w.l(libshutdown2.o)
    0x08000180   0x00000000   Code   RO         5052    .ARM.Collect$$libshutdown$$0000000E  c_w.l(libshutdown2.o)
    0x08000180   0x00000002   Code   RO         5053    .ARM.Collect$$libshutdown$$0000000F  c_w.l(libshutdown2.o)
    0x08000182   0x00000000   Code   RO         4795    .ARM.Collect$$rtentry$$00000000  c_w.l(__rtentry.o)
    0x08000182   0x00000000   Code   RO         4847    .ARM.Collect$$rtentry$$00000002  c_w.l(__rtentry2.o)
    0x08000182   0x00000006   Code   RO         4859    .ARM.Collect$$rtentry$$00000004  c_w.l(__rtentry4.o)
    0x08000188   0x00000000   Code   RO         4849    .ARM.Collect$$rtentry$$00000009  c_w.l(__rtentry2.o)
    0x08000188   0x00000004   Code   RO         4850    .ARM.Collect$$rtentry$$0000000A  c_w.l(__rtentry2.o)
    0x0800018c   0x00000000   Code   RO         4852    .ARM.Collect$$rtentry$$0000000C  c_w.l(__rtentry2.o)
    0x0800018c   0x00000008   Code   RO         4853    .ARM.Collect$$rtentry$$0000000D  c_w.l(__rtentry2.o)
    0x08000194   0x00000002   Code   RO         4991    .ARM.Collect$$rtexit$$00000000  c_w.l(rtexit.o)
    0x08000196   0x00000000   Code   RO         5004    .ARM.Collect$$rtexit$$00000002  c_w.l(rtexit2.o)
    0x08000196   0x00000004   Code   RO         5005    .ARM.Collect$$rtexit$$00000003  c_w.l(rtexit2.o)
    0x0800019a   0x00000006   Code   RO         5006    .ARM.Collect$$rtexit$$00000004  c_w.l(rtexit2.o)
    0x080001a0   0x00000040   Code   RO         3943    .text               startup_stm32f103xb.o
    0x080001e0   0x00000002   Code   RO         4673    .text               c_w.l(use_no_semi_2.o)
    0x080001e2   0x00000002   PAD
    0x080001e4   0x00000018   Code   RO         4681    .text               c_w.l(noretval__2printf.o)
    0x080001fc   0x00000068   Code   RO         4683    .text               c_w.l(__printf.o)
    0x08000264   0x0000004e   Code   RO         4707    .text               c_w.l(rt_memclr_w.o)
    0x080002b2   0x00000006   Code   RO         4709    .text               c_w.l(heapauxi.o)
    0x080002b8   0x00000002   Code   RO         4793    .text               c_w.l(use_no_semi.o)
    0x080002ba   0x0000041a   Code   RO         4800    .text               c_w.l(_printf_fp_dec.o)
    0x080006d4   0x00000024   Code   RO         4802    .text               c_w.l(_printf_char_file.o)
    0x080006f8   0x00000008   Code   RO         4868    .text               c_w.l(rt_locale_intlibspace.o)
    0x08000700   0x0000008a   Code   RO         4875    .text               c_w.l(lludiv10.o)
    0x0800078a   0x00000002   PAD
    0x0800078c   0x00000030   Code   RO         4877    .text               c_w.l(_printf_char_common.o)
    0x080007bc   0x00000080   Code   RO         4879    .text               c_w.l(_printf_fp_infnan.o)
    0x0800083c   0x000000dc   Code   RO         4881    .text               c_w.l(bigflt0.o)
    0x08000918   0x00000008   Code   RO         4906    .text               c_w.l(ferror.o)
    0x08000920   0x00000008   Code   RO         4925    .text               c_w.l(libspace.o)
    0x08000928   0x0000004a   Code   RO         4928    .text               c_w.l(sys_stackheap_outer.o)
    0x08000972   0x0000000c   Code   RO         4934    .text               c_w.l(exit.o)
    0x0800097e   0x00000002   PAD
    0x08000980   0x00000080   Code   RO         4936    .text               c_w.l(strcmpv7m.o)
    0x08000a00   0x0000003e   Code   RO         4884    CL$$btod_d2e        c_w.l(btod.o)
    0x08000a3e   0x00000046   Code   RO         4886    CL$$btod_d2e_denorm_low  c_w.l(btod.o)
    0x08000a84   0x00000060   Code   RO         4885    CL$$btod_d2e_norm_op1  c_w.l(btod.o)
    0x08000ae4   0x00000338   Code   RO         4894    CL$$btod_div_common  c_w.l(btod.o)
    0x08000e1c   0x000000c6   Code   RO         4891    CL$$btod_e2e        c_w.l(btod.o)
    0x08000ee2   0x00000028   Code   RO         4888    CL$$btod_ediv       c_w.l(btod.o)
    0x08000f0a   0x00000028   Code   RO         4887    CL$$btod_emul       c_w.l(btod.o)
    0x08000f32   0x00000244   Code   RO         4893    CL$$btod_mult_common  c_w.l(btod.o)
    0x08001176   0x00000002   PAD
    0x08001178   0x00000010   Code   RO          205    i.ADC1_2_IRQHandler  stm32f1xx_it.o
    0x08001188   0x00000052   Code   RO          528    i.ADC_ConversionStop_Disable  stm32f1xx_hal_adc.o
    0x080011da   0x00000052   Code   RO          529    i.ADC_DMAConvCplt   stm32f1xx_hal_adc.o
    0x0800122c   0x0000001e   Code   RO          530    i.ADC_DMAError      stm32f1xx_hal_adc.o
    0x0800124a   0x0000000e   Code   RO          531    i.ADC_DMAHalfConvCplt  stm32f1xx_hal_adc.o
    0x08001258   0x00000084   Code   RO          532    i.ADC_Enable        stm32f1xx_hal_adc.o
    0x080012dc   0x0000002e   Code   RO         4616    i.AS5047_read       encode.o
    0x0800130a   0x00000004   Code   RO          206    i.BusFault_Handler  stm32f1xx_it.o
    0x0800130e   0x00000002   PAD
    0x08001310   0x0000002c   Code   RO         4244    i.DMA1_Channel1_IRQHandler  measure.o
    0x0800133c   0x0000002c   Code   RO         1208    i.DMA_SetConfig     stm32f1xx_hal_dma.o
    0x08001368   0x00000002   Code   RO          207    i.DebugMon_Handler  stm32f1xx_it.o
    0x0800136a   0x00000002   Code   RO          208    i.EXTI15_10_IRQHandler  stm32f1xx_it.o
    0x0800136c   0x00000014   Code   RO         4560    i.FiltConf          foc.o
    0x08001380   0x00000104   Code   RO          708    i.HAL_ADCEx_Calibration_Start  stm32f1xx_hal_adc_ex.o
    0x08001484   0x00000002   Code   RO          710    i.HAL_ADCEx_InjectedConvCpltCallback  stm32f1xx_hal_adc_ex.o
    0x08001486   0x00000002   PAD
    0x08001488   0x00000160   Code   RO          534    i.HAL_ADC_ConfigChannel  stm32f1xx_hal_adc.o
    0x080015e8   0x00000002   Code   RO          535    i.HAL_ADC_ConvCpltCallback  stm32f1xx_hal_adc.o
    0x080015ea   0x00000002   Code   RO          536    i.HAL_ADC_ConvHalfCpltCallback  stm32f1xx_hal_adc.o
    0x080015ec   0x00000002   Code   RO          538    i.HAL_ADC_ErrorCallback  stm32f1xx_hal_adc.o
    0x080015ee   0x00000122   Code   RO          542    i.HAL_ADC_IRQHandler  stm32f1xx_hal_adc.o
    0x08001710   0x00000160   Code   RO          543    i.HAL_ADC_Init      stm32f1xx_hal_adc.o
    0x08001870   0x00000002   Code   RO          544    i.HAL_ADC_LevelOutOfWindowCallback  stm32f1xx_hal_adc.o
    0x08001872   0x00000002   Code   RO          546    i.HAL_ADC_MspInit   stm32f1xx_hal_adc.o
    0x08001874   0x00000180   Code   RO          550    i.HAL_ADC_Start_DMA  stm32f1xx_hal_adc.o
    0x080019f4   0x000001a8   Code   RO         1210    i.HAL_DMA_Abort_IT  stm32f1xx_hal_dma.o
    0x08001b9c   0x0000008c   Code   RO         1215    i.HAL_DMA_Init      stm32f1xx_hal_dma.o
    0x08001c28   0x0000009c   Code   RO         1219    i.HAL_DMA_Start_IT  stm32f1xx_hal_dma.o
    0x08001cc4   0x0000000c   Code   RO         4363    i.HAL_Delay         delay.o
    0x08001cd0   0x00000340   Code   RO         1551    i.HAL_GPIO_Init     stm32f1xx_hal_gpio.o
    0x08002010   0x00000010   Code   RO         1553    i.HAL_GPIO_ReadPin  stm32f1xx_hal_gpio.o
    0x08002020   0x0000000c   Code   RO         1555    i.HAL_GPIO_WritePin  stm32f1xx_hal_gpio.o
    0x0800202c   0x0000000c   Code   RO          365    i.HAL_GetTick       stm32f1xx_hal.o
    0x08002038   0x00000018   Code   RO          371    i.HAL_IncTick       stm32f1xx_hal.o
    0x08002050   0x00000028   Code   RO          372    i.HAL_Init          stm32f1xx_hal.o
    0x08002078   0x0000004c   Code   RO          373    i.HAL_InitTick      stm32f1xx_hal.o
    0x080020c4   0x00000054   Code   RO         3950    i.HAL_MspInit       init.o
    0x08002118   0x00000020   Code   RO          842    i.HAL_NVIC_EnableIRQ  stm32f1xx_hal_cortex.o
    0x08002138   0x0000007c   Code   RO          848    i.HAL_NVIC_SetPriority  stm32f1xx_hal_cortex.o
    0x080021b4   0x00000028   Code   RO          849    i.HAL_NVIC_SetPriorityGrouping  stm32f1xx_hal_cortex.o
    0x080021dc   0x00000134   Code   RO         1974    i.HAL_RCCEx_GetPeriphCLKFreq  stm32f1xx_hal_rcc_ex.o
    0x08002310   0x00000130   Code   RO         1975    i.HAL_RCCEx_PeriphCLKConfig  stm32f1xx_hal_rcc_ex.o
    0x08002440   0x0000018c   Code   RO         1867    i.HAL_RCC_ClockConfig  stm32f1xx_hal_rcc.o
    0x080025cc   0x0000000c   Code   RO         1872    i.HAL_RCC_GetHCLKFreq  stm32f1xx_hal_rcc.o
    0x080025d8   0x00000020   Code   RO         1874    i.HAL_RCC_GetPCLK1Freq  stm32f1xx_hal_rcc.o
    0x080025f8   0x00000020   Code   RO         1875    i.HAL_RCC_GetPCLK2Freq  stm32f1xx_hal_rcc.o
    0x08002618   0x00000094   Code   RO         1876    i.HAL_RCC_GetSysClockFreq  stm32f1xx_hal_rcc.o
    0x080026ac   0x00000464   Code   RO         1879    i.HAL_RCC_OscConfig  stm32f1xx_hal_rcc.o
    0x08002b10   0x00000002   Code   RO         2088    i.HAL_SPI_ErrorCallback  stm32f1xx_hal_spi.o
    0x08002b12   0x00000002   PAD
    0x08002b14   0x00000134   Code   RO         2091    i.HAL_SPI_IRQHandler  stm32f1xx_hal_spi.o
    0x08002c48   0x0000009c   Code   RO         2092    i.HAL_SPI_Init      stm32f1xx_hal_spi.o
    0x08002ce4   0x00000048   Code   RO         4617    i.HAL_SPI_MspInit   encode.o
    0x08002d2c   0x000002ee   Code   RO         2101    i.HAL_SPI_TransmitReceive  stm32f1xx_hal_spi.o
    0x0800301a   0x00000034   Code   RO          853    i.HAL_SYSTICK_Config  stm32f1xx_hal_cortex.o
    0x0800304e   0x00000002   Code   RO         3135    i.HAL_TIMEx_BreakCallback  stm32f1xx_hal_tim_ex.o
    0x08003050   0x00000002   Code   RO         3136    i.HAL_TIMEx_CommutCallback  stm32f1xx_hal_tim_ex.o
    0x08003052   0x00000034   Code   RO         2449    i.HAL_TIM_Base_Init  stm32f1xx_hal_tim.o
    0x08003086   0x00000002   PAD
    0x08003088   0x00000024   Code   RO          171    i.HAL_TIM_Base_MspInit  stm32f1xx_hal_msp.o
    0x080030ac   0x0000002a   Code   RO         2454    i.HAL_TIM_Base_Start_IT  stm32f1xx_hal_tim.o
    0x080030d6   0x00000002   Code   RO         2478    i.HAL_TIM_IC_CaptureCallback  stm32f1xx_hal_tim.o
    0x080030d8   0x00000196   Code   RO         2492    i.HAL_TIM_IRQHandler  stm32f1xx_hal_tim.o
    0x0800326e   0x00000002   Code   RO         2495    i.HAL_TIM_OC_DelayElapsedCallback  stm32f1xx_hal_tim.o
    0x08003270   0x00000108   Code   RO         2516    i.HAL_TIM_PWM_ConfigChannel  stm32f1xx_hal_tim.o
    0x08003378   0x00000034   Code   RO         2519    i.HAL_TIM_PWM_Init  stm32f1xx_hal_tim.o
    0x080033ac   0x0000008c   Code   RO         3951    i.HAL_TIM_PWM_MspInit  init.o
    0x08003438   0x00000002   Code   RO         2522    i.HAL_TIM_PWM_PulseFinishedCallback  stm32f1xx_hal_tim.o
    0x0800343a   0x00000002   PAD
    0x0800343c   0x00000058   Code   RO         2524    i.HAL_TIM_PWM_Start  stm32f1xx_hal_tim.o
    0x08003494   0x000000a0   Code   RO         4032    i.HAL_TIM_PeriodElapsedCallback  bldc.o
    0x08003534   0x00000002   Code   RO         2535    i.HAL_TIM_TriggerCallback  stm32f1xx_hal_tim.o
    0x08003536   0x00000002   Code   RO         3407    i.HAL_UART_ErrorCallback  stm32f1xx_hal_uart.o
    0x08003538   0x0000014c   Code   RO         3410    i.HAL_UART_IRQHandler  stm32f1xx_hal_uart.o
    0x08003684   0x00000072   Code   RO         3411    i.HAL_UART_Init     stm32f1xx_hal_uart.o
    0x080036f6   0x00000002   PAD
    0x080036f8   0x000000b4   Code   RO         4480    i.HAL_UART_MspInit  usart.o
    0x080037ac   0x00000070   Code   RO         3416    i.HAL_UART_Receive_IT  stm32f1xx_hal_uart.o
    0x0800381c   0x000000e8   Code   RO         4481    i.HAL_UART_RxCpltCallback  usart.o
    0x08003904   0x00000002   Code   RO         3422    i.HAL_UART_TxCpltCallback  stm32f1xx_hal_uart.o
    0x08003906   0x00000002   PAD
    0x08003908   0x00000020   Code   RO         3952    i.H_sensor_init     init.o
    0x08003928   0x00000004   Code   RO          209    i.HardFault_Handler  stm32f1xx_it.o
    0x0800392c   0x000000a8   Code   RO         4618    i.MX_SPI1_Init      encode.o
    0x080039d4   0x00000004   Code   RO          210    i.MemManage_Handler  stm32f1xx_it.o
    0x080039d8   0x00000002   Code   RO          211    i.NMI_Handler       stm32f1xx_it.o
    0x080039da   0x00000014   Code   RO         4619    i.Parity_bit_Calculate  encode.o
    0x080039ee   0x00000002   Code   RO          212    i.PendSV_Handler    stm32f1xx_it.o
    0x080039f0   0x00000030   Code   RO         4135    i.Pid_Conf          motor_ctrl.o
    0x08003a20   0x00000028   Code   RO         1880    i.RCC_Delay         stm32f1xx_hal_rcc.o
    0x08003a48   0x00000010   Code   RO          213    i.SPI1_IRQHandler   stm32f1xx_it.o
    0x08003a58   0x00000014   Code   RO         2121    i.SPI_DMAAbortOnError  stm32f1xx_hal_spi.o
    0x08003a6c   0x00000028   Code   RO         2132    i.SPI_EndRxTxTransaction  stm32f1xx_hal_spi.o
    0x08003a94   0x00000006   Code   RO         2133    i.SPI_ISCRCErrorValid  stm32f1xx_hal_spi.o
    0x08003a9a   0x00000002   PAD
    0x08003a9c   0x00000040   Code   RO         4620    i.SPI_ReadWrite_OneByte  encode.o
    0x08003adc   0x000000a8   Code   RO         2140    i.SPI_WaitFlagStateUntilTimeout  stm32f1xx_hal_spi.o
    0x08003b84   0x00000002   Code   RO          214    i.SVC_Handler       stm32f1xx_it.o
    0x08003b86   0x00000002   PAD
    0x08003b88   0x00000044   Code   RO         3953    i.Stop_Start_Init   init.o
    0x08003bcc   0x00000008   Code   RO          215    i.SysTick_Handler   stm32f1xx_it.o
    0x08003bd4   0x00000058   Code   RO          318    i.SystemInit        system_stm32f1xx.o
    0x08003c2c   0x00000010   Code   RO          216    i.TIM2_IRQHandler   stm32f1xx_it.o
    0x08003c3c   0x00000010   Code   RO          217    i.TIM3_IRQHandler   stm32f1xx_it.o
    0x08003c4c   0x00000010   Code   RO          218    i.TIM4_IRQHandler   stm32f1xx_it.o
    0x08003c5c   0x0000009c   Code   RO         2537    i.TIM_Base_SetConfig  stm32f1xx_hal_tim.o
    0x08003cf8   0x00000022   Code   RO         2538    i.TIM_CCxChannelCmd  stm32f1xx_hal_tim.o
    0x08003d1a   0x00000002   PAD
    0x08003d1c   0x000000b0   Code   RO         3954    i.TIM_Init          init.o
    0x08003dcc   0x00000070   Code   RO         2550    i.TIM_OC1_SetConfig  stm32f1xx_hal_tim.o
    0x08003e3c   0x0000007c   Code   RO         2551    i.TIM_OC2_SetConfig  stm32f1xx_hal_tim.o
    0x08003eb8   0x00000078   Code   RO         2552    i.TIM_OC3_SetConfig  stm32f1xx_hal_tim.o
    0x08003f30   0x00000054   Code   RO         2553    i.TIM_OC4_SetConfig  stm32f1xx_hal_tim.o
    0x08003f84   0x00000014   Code   RO         3424    i.UART_DMAAbortOnError  stm32f1xx_hal_uart.o
    0x08003f98   0x00000020   Code   RO         3434    i.UART_EndRxTransfer  stm32f1xx_hal_uart.o
    0x08003fb8   0x00000020   Code   RO         3435    i.UART_EndTransmit_IT  stm32f1xx_hal_uart.o
    0x08003fd8   0x000000a6   Code   RO         3437    i.UART_Receive_IT   stm32f1xx_hal_uart.o
    0x0800407e   0x00000002   PAD
    0x08004080   0x000001a0   Code   RO         3438    i.UART_SetConfig    stm32f1xx_hal_uart.o
    0x08004220   0x00000068   Code   RO         3439    i.UART_Transmit_IT  stm32f1xx_hal_uart.o
    0x08004288   0x00000010   Code   RO         4482    i.USART3_IRQHandler  usart.o
    0x08004298   0x00000004   Code   RO          219    i.UsageFault_Handler  stm32f1xx_it.o
    0x0800429c   0x00000028   Code   RO         4921    i.__ARM_fpclassify  m_ws.l(fpclassify.o)
    0x080042c4   0x00000010   Code   RO          855    i.__NVIC_GetPriorityGrouping  stm32f1xx_hal_cortex.o
    0x080042d4   0x00000028   Code   RO          856    i.__NVIC_SetPriority  stm32f1xx_hal_cortex.o
    0x080042fc   0x00000004   Code   RO         4484    i._sys_exit         usart.o
    0x08004300   0x00000054   Code   RO         3955    i.adc_dma_enable    init.o
    0x08004354   0x00000144   Code   RO         3956    i.adc_dma_init      init.o
    0x08004498   0x00000054   Code   RO         4139    i.adrcConf          motor_ctrl.o
    0x080044ec   0x00000030   Code   RO         4145    i.ctrl_Init         motor_ctrl.o
    0x0800451c   0x0000000c   Code   RO         4364    i.delay_init        delay.o
    0x08004528   0x00000012   Code   RO         4365    i.delay_ms          delay.o
    0x0800453a   0x00000002   PAD
    0x0800453c   0x00000048   Code   RO         4366    i.delay_us          delay.o
    0x08004584   0x0000001c   Code   RO         4486    i.fputc             usart.o
    0x080045a0   0x00000088   Code   RO         3957    i.h_bridge_init     init.o
    0x08004628   0x0000003c   Code   RO         4038    i.hallsensor        bldc.o
    0x08004664   0x00000044   Code   RO         3958    i.l_bridge_init     init.o
    0x080046a8   0x00000044   Code   RO            4    i.main              main.o
    0x080046ec   0x0000004c   Code   RO         3959    i.sys_init          init.o
    0x08004738   0x0000006a   Code   RO         4413    i.sys_stm32_clock_init  sys.o
    0x080047a2   0x00000002   PAD
    0x080047a4   0x00000048   Code   RO         4039    i.uhvl              bldc.o
    0x080047ec   0x00000048   Code   RO         4040    i.uhwl              bldc.o
    0x08004834   0x00000038   Code   RO         4487    i.usart_init        usart.o
    0x0800486c   0x00000048   Code   RO         4041    i.vhul              bldc.o
    0x080048b4   0x00000048   Code   RO         4042    i.vhwl              bldc.o
    0x080048fc   0x00000048   Code   RO         4043    i.whul              bldc.o
    0x08004944   0x00000048   Code   RO         4044    i.whvl              bldc.o
    0x0800498c   0x0000002c   Code   RO         4911    locale$$code        c_w.l(lc_numeric_c.o)
    0x080049b8   0x0000000c   Code   RO         4809    x$fpl$dretinf       fz_ws.l(dretinf.o)
    0x080049c4   0x00000056   Code   RO         4741    x$fpl$f2d           fz_ws.l(f2d.o)
    0x08004a1a   0x00000002   PAD
    0x08004a1c   0x00000026   Code   RO         4763    x$fpl$ffltu         fz_ws.l(fflt_clz.o)
    0x08004a42   0x00000002   PAD
    0x08004a44   0x00000102   Code   RO         4771    x$fpl$fmul          fz_ws.l(fmul.o)
    0x08004b46   0x0000008c   Code   RO         4813    x$fpl$fnaninf       fz_ws.l(fnaninf.o)
    0x08004bd2   0x0000000a   Code   RO         4815    x$fpl$fretinf       fz_ws.l(fretinf.o)
    0x08004bdc   0x00000004   Code   RO         4775    x$fpl$printf1       fz_ws.l(printf1.o)
    0x08004be0   0x00000000   Code   RO         4817    x$fpl$usenofp       fz_ws.l(usenofp.o)
    0x08004be0   0x00000018   Data   RO          319    .constdata          system_stm32f1xx.o
    0x08004bf8   0x00000094   Data   RO         4882    .constdata          c_w.l(bigflt0.o)
    0x08004c8c   0x00000020   Data   RO         5068    Region$$Table       anon$$obj.o
    0x08004cac   0x0000001c   Data   RO         4910    locale$$data        c_w.l(lc_numeric_c.o)


    Execution Region RW_IRAM1 (Base: 0x20000000, Size: 0x00000ca0, Max: 0x00005000, ABSOLUTE)

    Base Addr    Size         Type   Attr      Idx    E Section Name        Object

    0x20000000   0x00000001   Data   RW            5    .data               main.o
    0x20000001   0x00000003   PAD
    0x20000004   0x00000004   Data   RW          320    .data               system_stm32f1xx.o
    0x20000008   0x00000009   Data   RW          379    .data               stm32f1xx_hal.o
    0x20000011   0x00000003   PAD
    0x20000014   0x00000036   Data   RW         4046    .data               bldc.o
    0x2000004a   0x00000006   PAD
    0x20000050   0x00000024   Data   RW         4147    .data               motor_ctrl.o
    0x20000074   0x00000007   Data   RW         4248    .data               measure.o
    0x2000007b   0x00000001   PAD
    0x2000007c   0x00000004   Data   RW         4367    .data               delay.o
    0x20000080   0x0000000b   Data   RW         4489    .data               usart.o
    0x2000008b   0x00000001   PAD
    0x2000008c   0x00000004   Data   RW         4623    .data               encode.o
    0x20000090   0x00000208   Zero   RW         3960    .bss                init.o
    0x20000298   0x0000000a   Zero   RW         4045    .bss                bldc.o
    0x200002a2   0x00000002   PAD
    0x200002a4   0x000000d8   Zero   RW         4146    .bss                motor_ctrl.o
    0x2000037c   0x00000138   Zero   RW         4247    .bss                measure.o
    0x200004b4   0x00000108   Zero   RW         4488    .bss                usart.o
    0x200005bc   0x0000002c   Zero   RW         4564    .bss                foc.o
    0x200005e8   0x00000058   Zero   RW         4622    .bss                encode.o
    0x20000640   0x00000060   Zero   RW         4926    .bss                c_w.l(libspace.o)
    0x200006a0   0x00000200   Zero   RW         3941    HEAP                startup_stm32f103xb.o
    0x200008a0   0x00000400   Zero   RW         3940    STACK               startup_stm32f103xb.o


==============================================================================

Image component sizes


      Code (inc. data)   RO Data    RW Data    ZI Data      Debug   Object Name

       652        104          0         54         10       4346   bldc.o
       114         10          0          4          0       1879   delay.o
       370         36          0          4         88       2936   encode.o
        20          4          0          0         44        542   foc.o
      1188        122          0          0        520       5944   init.o
        68         16          0          1          0     513632   main.o
        44         10          0          7        312       1135   measure.o
       180         56          0         36        216       2300   motor_ctrl.o
        64         26        236          0       1536        752   startup_stm32f103xb.o
       152         32          0          9          0       5193   stm32f1xx_hal.o
      1728         58          0          0          0       8536   stm32f1xx_hal_adc.o
       262          4          0          0          0       1683   stm32f1xx_hal_adc_ex.o
       304         22          0          0          0      28931   stm32f1xx_hal_cortex.o
       764         18          0          0          0       2881   stm32f1xx_hal_dma.o
       860         40          0          0          0       2891   stm32f1xx_hal_gpio.o
        36          4          0          0          0        727   stm32f1xx_hal_msp.o
      1784        110          0          0          0       5164   stm32f1xx_hal_rcc.o
       612         46          0          0          0       2077   stm32f1xx_hal_rcc_ex.o
      1450          4          0          0          0       6040   stm32f1xx_hal_spi.o
      1542         66          0          0          0       9394   stm32f1xx_hal_tim.o
         4          0          0          0          0       1197   stm32f1xx_hal_tim_ex.o
      1332         10          0          0          0       6355   stm32f1xx_hal_uart.o
       114         30          0          0          0       5677   stm32f1xx_it.o
       106          0          0          0          0        615   sys.o
        88         18         24          4          0        959   system_stm32f1xx.o
       516         66          0         11        264       4727   usart.o

    ----------------------------------------------------------------------
     14380        912        292        144       2992     626513   Object Totals
         0          0         32          0          0          0   (incl. Generated)
        26          0          0         14          2          0   (incl. Padding)

    ----------------------------------------------------------------------

      Code (inc. data)   RO Data    RW Data    ZI Data      Debug   Library Member Name

         8          0          0          0          0         68   __main.o
       104          0          0          0          0         84   __printf.o
         0          0          0          0          0          0   __rtentry.o
        12          0          0          0          0          0   __rtentry2.o
         6          0          0          0          0          0   __rtentry4.o
        52          8          0          0          0          0   __scatter.o
        26          0          0          0          0          0   __scatter_copy.o
        28          0          0          0          0          0   __scatter_zi.o
        48          6          0          0          0         96   _printf_char_common.o
        36          4          0          0          0         80   _printf_char_file.o
         6          0          0          0          0          0   _printf_f.o
      1050          0          0          0          0        216   _printf_fp_dec.o
       128         16          0          0          0         84   _printf_fp_infnan.o
         0          0          0          0          0          0   _printf_percent.o
         4          0          0          0          0          0   _printf_percent_end.o
       220          4        148          0          0         96   bigflt0.o
      1910        128          0          0          0        672   btod.o
        12          0          0          0          0         72   exit.o
         8          0          0          0          0         68   ferror.o
         6          0          0          0          0        152   heapauxi.o
        44         10         28          0          0         76   lc_numeric_c.o
         2          0          0          0          0          0   libinit.o
        18          0          0          0          0          0   libinit2.o
         2          0          0          0          0          0   libshutdown.o
         2          0          0          0          0          0   libshutdown2.o
         8          4          0          0         96         68   libspace.o
       138          0          0          0          0         80   lludiv10.o
        24          4          0          0          0         84   noretval__2printf.o
         8          4          0          0          0         68   rt_locale_intlibspace.o
        78          0          0          0          0         80   rt_memclr_w.o
         2          0          0          0          0          0   rtexit.o
        10          0          0          0          0          0   rtexit2.o
       128          0          0          0          0         68   strcmpv7m.o
        74          0          0          0          0         80   sys_stackheap_outer.o
         2          0          0          0          0         68   use_no_semi.o
         2          0          0          0          0         68   use_no_semi_2.o
        12          0          0          0          0         68   dretinf.o
        86          4          0          0          0         84   f2d.o
        38          0          0          0          0         68   fflt_clz.o
       258          4          0          0          0         84   fmul.o
       140          4          0          0          0         84   fnaninf.o
        10          0          0          0          0         68   fretinf.o
         4          0          0          0          0         68   printf1.o
         0          0          0          0          0          0   usenofp.o
        40          0          0          0          0         68   fpclassify.o

    ----------------------------------------------------------------------
      4808        200        176          0         96       3020   Library Totals
        14          0          0          0          0          0   (incl. Padding)

    ----------------------------------------------------------------------

      Code (inc. data)   RO Data    RW Data    ZI Data      Debug   Library Name

      4206        188        176          0         96       2428   c_w.l
       548         12          0          0          0        524   fz_ws.l
        40          0          0          0          0         68   m_ws.l

    ----------------------------------------------------------------------
      4808        200        176          0         96       3020   Library Totals

    ----------------------------------------------------------------------

==============================================================================


      Code (inc. data)   RO Data    RW Data    ZI Data      Debug   

     19188       1112        468        144       3088     621053   Grand Totals
     19188       1112        468        144       3088     621053   ELF Image Totals
     19188       1112        468        144          0          0   ROM Totals

==============================================================================

    Total RO  Size (Code + RO Data)                19656 (  19.20kB)
    Total RW  Size (RW Data + ZI Data)              3232 (   3.16kB)
    Total ROM Size (Code + RO Data + RW Data)      19800 (  19.34kB)

==============================================================================

