Component: ARM Compiler 5.05 update 1 (build 106) Tool: armlink [4d0efa]

==============================================================================

Section Cross References

    main.o(i.main) refers to _printf_percent.o(.ARM.Collect$$_printf_percent$$00000000) for _printf_percent
    main.o(i.main) refers to _printf_d.o(.ARM.Collect$$_printf_percent$$00000009) for _printf_d
    main.o(i.main) refers to _printf_f.o(.ARM.Collect$$_printf_percent$$00000003) for _printf_f
    main.o(i.main) refers to _printf_dec.o(.text) for _printf_int_dec
    main.o(i.main) refers to printf1.o(x$fpl$printf1) for _printf_fp_dec
    main.o(i.main) refers to init.o(i.sys_init) for sys_init
    main.o(i.main) refers to f2d.o(x$fpl$f2d) for __aeabi_f2d
    main.o(i.main) refers to noretval__2printf.o(.text) for __2printf
    main.o(i.main) refers to encode.o(.data) for angle
    main.o(i.main) refers to motor_ctrl.o(.data) for target_angle
    stm32f1xx_hal_msp.o(i.HAL_ADC_MspDeInit) refers to stm32f1xx_hal_gpio.o(i.HAL_GPIO_DeInit) for HAL_GPIO_DeInit
    stm32f1xx_hal_msp.o(i.HAL_ADC_MspDeInit) refers to stm32f1xx_hal_dma.o(i.HAL_DMA_DeInit) for HAL_DMA_DeInit
    stm32f1xx_hal_msp.o(i.HAL_ADC_MspDeInit) refers to stm32f1xx_hal_cortex.o(i.HAL_NVIC_DisableIRQ) for HAL_NVIC_DisableIRQ
    stm32f1xx_it.o(i.ADC1_2_IRQHandler) refers to stm32f1xx_hal_adc.o(i.HAL_ADC_IRQHandler) for HAL_ADC_IRQHandler
    stm32f1xx_it.o(i.ADC1_2_IRQHandler) refers to init.o(.bss) for AdcHandle
    stm32f1xx_it.o(i.SysTick_Handler) refers to stm32f1xx_hal.o(i.HAL_IncTick) for HAL_IncTick
    stm32f1xx_it.o(i.TIM2_IRQHandler) refers to stm32f1xx_hal_tim.o(i.HAL_TIM_IRQHandler) for HAL_TIM_IRQHandler
    stm32f1xx_it.o(i.TIM2_IRQHandler) refers to init.o(.bss) for TIM2_Handler
    stm32f1xx_it.o(i.TIM3_IRQHandler) refers to stm32f1xx_hal_tim.o(i.HAL_TIM_IRQHandler) for HAL_TIM_IRQHandler
    stm32f1xx_it.o(i.TIM3_IRQHandler) refers to init.o(.bss) for htim3
    stm32f1xx_it.o(i.TIM4_IRQHandler) refers to stm32f1xx_hal_tim.o(i.HAL_TIM_IRQHandler) for HAL_TIM_IRQHandler
    stm32f1xx_it.o(i.TIM4_IRQHandler) refers to init.o(.bss) for htim4
    system_stm32f1xx.o(i.SystemCoreClockUpdate) refers to system_stm32f1xx.o(.data) for SystemCoreClock
    system_stm32f1xx.o(i.SystemCoreClockUpdate) refers to system_stm32f1xx.o(.constdata) for AHBPrescTable
    stm32f1xx_hal.o(i.HAL_DeInit) refers to stm32f1xx_hal_msp_template.o(i.HAL_MspDeInit) for HAL_MspDeInit
    stm32f1xx_hal.o(i.HAL_Delay) refers to stm32f1xx_hal.o(i.HAL_GetTick) for HAL_GetTick
    stm32f1xx_hal.o(i.HAL_Delay) refers to stm32f1xx_hal.o(.data) for uwTickFreq
    stm32f1xx_hal.o(i.HAL_GetTick) refers to stm32f1xx_hal.o(.data) for uwTick
    stm32f1xx_hal.o(i.HAL_GetTickFreq) refers to stm32f1xx_hal.o(.data) for uwTickFreq
    stm32f1xx_hal.o(i.HAL_GetTickPrio) refers to stm32f1xx_hal.o(.data) for uwTickPrio
    stm32f1xx_hal.o(i.HAL_IncTick) refers to stm32f1xx_hal.o(.data) for uwTick
    stm32f1xx_hal.o(i.HAL_Init) refers to stm32f1xx_hal_cortex.o(i.HAL_NVIC_SetPriorityGrouping) for HAL_NVIC_SetPriorityGrouping
    stm32f1xx_hal.o(i.HAL_Init) refers to stm32f1xx_hal.o(i.HAL_InitTick) for HAL_InitTick
    stm32f1xx_hal.o(i.HAL_Init) refers to stm32f1xx_hal_msp_template.o(i.HAL_MspInit) for HAL_MspInit
    stm32f1xx_hal.o(i.HAL_InitTick) refers to stm32f1xx_hal_cortex.o(i.HAL_SYSTICK_Config) for HAL_SYSTICK_Config
    stm32f1xx_hal.o(i.HAL_InitTick) refers to stm32f1xx_hal_cortex.o(i.HAL_NVIC_SetPriority) for HAL_NVIC_SetPriority
    stm32f1xx_hal.o(i.HAL_InitTick) refers to stm32f1xx_hal.o(.data) for uwTickFreq
    stm32f1xx_hal.o(i.HAL_InitTick) refers to system_stm32f1xx.o(.data) for SystemCoreClock
    stm32f1xx_hal.o(i.HAL_SetTickFreq) refers to stm32f1xx_hal.o(i.HAL_InitTick) for HAL_InitTick
    stm32f1xx_hal.o(i.HAL_SetTickFreq) refers to stm32f1xx_hal.o(.data) for uwTickFreq
    stm32f1xx_hal_adc.o(i.ADC_ConversionStop_Disable) refers to stm32f1xx_hal.o(i.HAL_GetTick) for HAL_GetTick
    stm32f1xx_hal_adc.o(i.ADC_DMAConvCplt) refers to stm32f1xx_hal_adc.o(i.HAL_ADC_ConvCpltCallback) for HAL_ADC_ConvCpltCallback
    stm32f1xx_hal_adc.o(i.ADC_DMAError) refers to stm32f1xx_hal_adc.o(i.HAL_ADC_ErrorCallback) for HAL_ADC_ErrorCallback
    stm32f1xx_hal_adc.o(i.ADC_DMAHalfConvCplt) refers to stm32f1xx_hal_adc.o(i.HAL_ADC_ConvHalfCpltCallback) for HAL_ADC_ConvHalfCpltCallback
    stm32f1xx_hal_adc.o(i.ADC_Enable) refers to stm32f1xx_hal.o(i.HAL_GetTick) for HAL_GetTick
    stm32f1xx_hal_adc.o(i.ADC_Enable) refers to system_stm32f1xx.o(.data) for SystemCoreClock
    stm32f1xx_hal_adc.o(i.HAL_ADC_ConfigChannel) refers to system_stm32f1xx.o(.data) for SystemCoreClock
    stm32f1xx_hal_adc.o(i.HAL_ADC_DeInit) refers to stm32f1xx_hal_adc.o(i.ADC_ConversionStop_Disable) for ADC_ConversionStop_Disable
    stm32f1xx_hal_adc.o(i.HAL_ADC_DeInit) refers to stm32f1xx_hal_msp.o(i.HAL_ADC_MspDeInit) for HAL_ADC_MspDeInit
[...]
    i.vhwl                                   0x08005974   Section        0  bldc.o(i.vhwl)
    i.whul                                   0x080059bc   Section        0  bldc.o(i.whul)
    i.whvl                                   0x08005a04   Section        0  bldc.o(i.whvl)
    locale$$code                             0x08005a4c   Section       44  lc_numeric_c.o(locale$$code)
    x$fpl$d2f                                0x08005a78   Section       98  d2f.o(x$fpl$d2f)
    x$fpl$dadd                               0x08005adc   Section      336  daddsub_clz.o(x$fpl$dadd)
    _dadd1                                   0x08005aed   Thumb Code     0  daddsub_clz.o(x$fpl$dadd)
    x$fpl$dcheck1                            0x08005c2c   Section       16  dcheck1.o(x$fpl$dcheck1)
    x$fpl$dcmpinf                            0x08005c3c   Section       24  dcmpi.o(x$fpl$dcmpinf)
    x$fpl$ddiv                               0x08005c54   Section      688  ddiv.o(x$fpl$ddiv)
    ddiv_entry                               0x08005c5b   Thumb Code     0  ddiv.o(x$fpl$ddiv)
    x$fpl$dfix                               0x08005f04   Section       94  dfix.o(x$fpl$dfix)
    x$fpl$dfixu                              0x08005f64   Section       90  dfixu.o(x$fpl$dfixu)
    x$fpl$dflt                               0x08005fbe   Section       46  dflt_clz.o(x$fpl$dflt)
    x$fpl$dfltu                              0x08005fec   Section       38  dflt_clz.o(x$fpl$dfltu)
    x$fpl$dleqf                              0x08006014   Section      120  dleqf.o(x$fpl$dleqf)
    x$fpl$dmul                               0x0800608c   Section      340  dmul.o(x$fpl$dmul)
    x$fpl$dnaninf                            0x080061e0   Section      156  dnaninf.o(x$fpl$dnaninf)
    x$fpl$dretinf                            0x0800627c   Section       12  dretinf.o(x$fpl$dretinf)
    x$fpl$drleqf                             0x08006288   Section      108  drleqf.o(x$fpl$drleqf)
    x$fpl$drsb                               0x080062f4   Section       22  daddsub_clz.o(x$fpl$drsb)
    x$fpl$dsub                               0x0800630c   Section      468  daddsub_clz.o(x$fpl$dsub)
    _dsub1                                   0x0800631d   Thumb Code     0  daddsub_clz.o(x$fpl$dsub)
    x$fpl$f2d                                0x080064e0   Section       86  f2d.o(x$fpl$f2d)
    x$fpl$fadd                               0x08006538   Section      196  faddsub_clz.o(x$fpl$fadd)
    _fadd1                                   0x08006547   Thumb Code     0  faddsub_clz.o(x$fpl$fadd)
    x$fpl$fcmpinf                            0x080065fc   Section       24  fcmpi.o(x$fpl$fcmpinf)
    x$fpl$fdiv                               0x08006614   Section      388  fdiv.o(x$fpl$fdiv)
    _fdiv1                                   0x08006615   Thumb Code     0  fdiv.o(x$fpl$fdiv)
    x$fpl$ffix                               0x08006798   Section       54  ffix.o(x$fpl$ffix)
    x$fpl$fflt                               0x080067d0   Section       48  fflt_clz.o(x$fpl$fflt)
    x$fpl$ffltu                              0x08006800   Section       38  fflt_clz.o(x$fpl$ffltu)
    x$fpl$fleqf                              0x08006828   Section      104  fleqf.o(x$fpl$fleqf)
    x$fpl$fmul                               0x08006890   Section      258  fmul.o(x$fpl$fmul)
    x$fpl$fnaninf                            0x08006992   Section      140  fnaninf.o(x$fpl$fnaninf)
    x$fpl$fretinf                            0x08006a1e   Section       10  fretinf.o(x$fpl$fretinf)
    x$fpl$frleqf                             0x08006a28   Section       98  frleqf.o(x$fpl$frleqf)
    x$fpl$frsb                               0x08006a8a   Section       20  faddsub_clz.o(x$fpl$frsb)
    x$fpl$fsub                               0x08006aa0   Section      234  faddsub_clz.o(x$fpl$fsub)
    _fsub1                                   0x08006aaf   Thumb Code     0  faddsub_clz.o(x$fpl$fsub)
    x$fpl$printf1                            0x08006b8a   Section        4  printf1.o(x$fpl$printf1)
    x$fpl$retnan                             0x08006b8e   Section      100  retnan.o(x$fpl$retnan)
    x$fpl$scalbn                             0x08006bf2   Section       92  scalbn.o(x$fpl$scalbn)
    x$fpl$trapveneer                         0x08006c4e   Section       48  trapv.o(x$fpl$trapveneer)
    .constdata                               0x08006c7e   Section       24  system_stm32f1xx.o(.constdata)
    x$fpl$usenofp                            0x08006c7e   Section        0  usenofp.o(x$fpl$usenofp)
    .constdata                               0x08006c98   Section       48  cos_i.o(.constdata)
    C                                        0x08006c98   Data          48  cos_i.o(.constdata)
    .constdata                               0x08006cc8   Section      200  rred.o(.constdata)
    pio2s                                    0x08006cc8   Data          48  rred.o(.constdata)
    twooverpi                                0x08006cf8   Data         152  rred.o(.constdata)
    .constdata                               0x08006d90   Section       40  sin_i.o(.constdata)
    S                                        0x08006d90   Data          40  sin_i.o(.constdata)
    .constdata                               0x08006db8   Section      148  bigflt0.o(.constdata)
    tenpwrs_x                                0x08006db8   Data          60  bigflt0.o(.constdata)
    tenpwrs_i                                0x08006df4   Data          64  bigflt0.o(.constdata)
    locale$$data                             0x08006e6c   Section       28  lc_numeric_c.o(locale$$data)
    __lcnum_c_name                           0x08006e70   Data           2  lc_numeric_c.o(locale$$data)
    __lcnum_c_start                          0x08006e78   Data           0  lc_numeric_c.o(locale$$data)
    __lcnum_c_point                          0x08006e84   Data           0  lc_numeric_c.o(locale$$data)
    __lcnum_c_thousands                      0x08006e86   Data           0  lc_numeric_c.o(locale$$data)
    __lcnum_c_grouping                       0x08006e87   Data           0  lc_numeric_c.o(locale$$data)
    __lcnum_c_end                            0x08006e88   Data           0  lc_numeric_c.o(locale$$data)
    .data                                    0x20000000   Section        4  system_stm32f1xx.o(.data)
    .data                                    0x20000004   Section        9  stm32f1xx_hal.o(.data)
    .data                                    0x20000010   Section       54  bldc.o(.data)
    .data                                    0x20000048   Section       36  motor_ctrl.o(.data)
    .data                                    0x2000006c   Section        7  measure.o(.data)
    .data                                    0x20000074   Section        4  delay.o(.data)
    g_fac_us                                 0x20000074   Data           4  delay.o(.data)
    .data                                    0x20000078   Section       11  usart.o(.data)
    .data                                    0x20000084   Section        4  encode.o(.data)
    .bss                                     0x20000088   Section      520  init.o(.bss)
    .bss                                     0x20000290   Section       10  bldc.o(.bss)
    .bss                                     0x2000029c   Section      216  motor_ctrl.o(.bss)
    .bss                                     0x20000374   Section      312  measure.o(.bss)
    .bss                                     0x200004ac   Section      264  usart.o(.bss)
    .bss                                     0x200005b4   Section       44  foc.o(.bss)
    .bss                                     0x200005e0   Section       88  encode.o(.bss)
    .bss                                     0x20000638   Section       96  libspace.o(.bss)
    HEAP                                     0x20000698   Section      512  startup_stm32f103xb.o(HEAP)
    Heap_Mem                                 0x20000698   Data         512  startup_stm32f103xb.o(HEAP)
    STACK                                    0x20000898   Section     1024  startup_stm32f103xb.o(STACK)
    Stack_Mem                                0x20000898   Data        1024  startup_stm32f103xb.o(STACK)
    __initial_sp                             0x20000c98   Data           0  startup_stm32f103xb.o(STACK)

    Global Symbols

    Symbol Name                              Value     Ov Type        Size  Object(Section)

    BuildAttributes$$THM_ISAv4$P$D$K$B$S$PE$A:L22UL41UL21$X:L11$S22US41US21$IEEE1$IW$USESV6$~STKCKD$USESV7$~SHL$OTIME$ROPI$IEEEX$EBA8$UX$STANDARDLIB$REQ8$PRES8$EABIv2 0x00000000   Number         0  anon$$obj.o ABSOLUTE
    __ARM_use_no_argv                        0x00000000   Number         0  main.o ABSOLUTE
    __ARM_exceptions_init                     - Undefined Weak Reference
    __alloca_initialize                       - Undefined Weak Reference
    __arm_preinit_                            - Undefined Weak Reference
    __cpp_initialize__aeabi_                  - Undefined Weak Reference
    __cxa_finalize                            - Undefined Weak Reference
    __sigvec_lookup                           - Undefined Weak Reference
    _atexit_init                              - Undefined Weak Reference
    _call_atexit_fns                          - Undefined Weak Reference
    _clock_init                               - Undefined Weak Reference
    _fp_trap_init                             - Undefined Weak Reference
    _fp_trap_shutdown                         - Undefined Weak Reference
    _get_lc_collate                           - Undefined Weak Reference
    _get_lc_ctype                             - Undefined Weak Reference
    _get_lc_monetary                          - Undefined Weak Reference
    _get_lc_time                              - Undefined Weak Reference
    _getenv_init                              - Undefined Weak Reference
    _handle_redirection                       - Undefined Weak Reference
    _init_alloc                               - Undefined Weak Reference
    _init_user_alloc                          - Undefined Weak Reference
    _initio                                   - Undefined Weak Reference
    _mutex_acquire                            - Undefined Weak Reference
    _mutex_release                            - Undefined Weak Reference
    _printf_post_padding                      - Undefined Weak Reference
    _printf_pre_padding                       - Undefined Weak Reference
    _printf_truncate_signed                   - Undefined Weak Reference
    _printf_truncate_unsigned                 - Undefined Weak Reference
    _rand_init                                - Undefined Weak Reference
    _signal_finish                            - Undefined Weak Reference
    _signal_init                              - Undefined Weak Reference
    _terminate_alloc                          - Undefined Weak Reference
    _terminate_user_alloc                     - Undefined Weak Reference
    _terminateio                              - Undefined Weak Reference
    __Vectors_Size                           0x000000ec   Number         0  startup_stm32f103xb.o ABSOLUTE
    __Vectors                                0x08000000   Data           4  startup_stm32f103xb.o(RESET)
    __Vectors_End                            0x080000ec   Data           0  startup_stm32f103xb.o(RESET)
    __main                                   0x080000ed   Thumb Code     8  __main.o(!!!main)
    __scatterload                            0x080000f5   Thumb Code     0  __scatter.o(!!!scatter)
    __scatterload_rt2                        0x080000f5   Thumb Code    44  __scatter.o(!!!scatter)
    __scatterload_rt2_thumb_only             0x080000f5   Thumb Code     0  __scatter.o(!!!scatter)
    __scatterload_null                       0x08000103   Thumb Code     0  __scatter.o(!!!scatter)
    __scatterload_copy                       0x08000129   Thumb Code    26  __scatter_copy.o(!!handler_copy)
    __scatterload_zeroinit                   0x08000145   Thumb Code    28  __scatter_zi.o(!!handler_zi)
    _printf_f                                0x08000161   Thumb Code     0  _printf_f.o(.ARM.Collect$$_printf_percent$$00000003)
    _printf_percent                          0x08000161   Thumb Code     0  _printf_percent.o(.ARM.Collect$$_printf_percent$$00000000)
    _printf_d                                0x08000167   Thumb Code     0  _printf_d.o(.ARM.Collect$$_printf_percent$$00000009)
    _printf_percent_end                      0x0800016d   Thumb Code     0  _printf_percent_end.o(.ARM.Collect$$_printf_percent$$00000017)
    __rt_lib_init                            0x08000171   Thumb Code     0  libinit.o(.ARM.Collect$$libinit$$00000000)
    __rt_lib_init_fp_1                       0x08000173   Thumb Code     0  libinit2.o(.ARM.Collect$$libinit$$00000002)
    __rt_lib_init_heap_1                     0x08000173   Thumb Code     0  libinit2.o(.ARM.Collect$$libinit$$0000000A)
    __rt_lib_init_lc_common                  0x08000173   Thumb Code     0  libinit2.o(.ARM.Collect$$libinit$$0000000F)
    __rt_lib_init_preinit_1                  0x08000173   Thumb Code     0  libinit2.o(.ARM.Collect$$libinit$$00000004)
    __rt_lib_init_rand_1                     0x08000173   Thumb Code     0  libinit2.o(.ARM.Collect$$libinit$$0000000E)
    __rt_lib_init_user_alloc_1               0x08000173   Thumb Code     0  libinit2.o(.ARM.Collect$$libinit$$0000000C)
    __rt_lib_init_lc_collate_1               0x08000179   Thumb Code     0  libinit2.o(.ARM.Collect$$libinit$$00000011)
    __rt_lib_init_lc_ctype_1                 0x08000179   Thumb Code     0  libinit2.o(.ARM.Collect$$libinit$$00000013)
    __rt_lib_init_lc_monetary_1              0x08000179   Thumb Code     0  libinit2.o(.ARM.Collect$$libinit$$00000015)
    __rt_lib_init_lc_numeric_2               0x08000179   Thumb Code     0  libinit2.o(.ARM.Collect$$libinit$$00000016)
    __rt_lib_init_alloca_1                   0x08000183   Thumb Code     0  libinit2.o(.ARM.Collect$$libinit$$0000002E)
    __rt_lib_init_argv_1                     0x08000183   Thumb Code     0  libinit2.o(.ARM.Collect$$libinit$$0000002C)
    __rt_lib_init_atexit_1                   0x08000183   Thumb Code     0  libinit2.o(.ARM.Collect$$libinit$$0000001B)
    __rt_lib_init_clock_1                    0x08000183   Thumb Code     0  libinit2.o(.ARM.Collect$$libinit$$00000021)
    __rt_lib_init_cpp_1                      0x08000183   Thumb Code     0  libinit2.o(.ARM.Collect$$libinit$$00000032)
    __rt_lib_init_exceptions_1               0x08000183   Thumb Code     0  libinit2.o(.ARM.Collect$$libinit$$00000030)
    __rt_lib_init_fp_trap_1                  0x08000183   Thumb Code     0  libinit2.o(.ARM.Collect$$libinit$$0000001F)
    __rt_lib_init_getenv_1                   0x08000183   Thumb Code     0  libinit2.o(.ARM.Collect$$libinit$$00000023)
    __rt_lib_init_lc_numeric_1               0x08000183   Thumb Code     0  libinit2.o(.ARM.Collect$$libinit$$00000017)
    __rt_lib_init_lc_time_1                  0x08000183   Thumb Code     0  libinit2.o(.ARM.Collect$$libinit$$00000019)
    __rt_lib_init_return                     0x08000183   Thumb Code     0  libinit2.o(.ARM.Collect$$libinit$$00000033)
    __rt_lib_init_signal_1                   0x08000183   Thumb Code     0  libinit2.o(.ARM.Collect$$libinit$$0000001D)
    __rt_lib_init_stdio_1                    0x08000183   Thumb Code     0  libinit2.o(.ARM.Collect$$libinit$$00000025)
    __rt_lib_shutdown                        0x08000185   Thumb Code     0  libshutdown.o(.ARM.Collect$$libshutdown$$00000000)
    __rt_lib_shutdown_fp_trap_1              0x08000187   Thumb Code     0  libshutdown2.o(.ARM.Collect$$libshutdown$$00000006)
    __rt_lib_shutdown_heap_1                 0x08000187   Thumb Code     0  libshutdown2.o(.ARM.Collect$$libshutdown$$0000000E)
    __rt_lib_shutdown_return                 0x08000187   Thumb Code     0  libshutdown2.o(.ARM.Collect$$libshutdown$$0000000F)
    __rt_lib_shutdown_signal_1               0x08000187   Thumb Code     0  libshutdown2.o(.ARM.Collect$$libshutdown$$00000009)
    __rt_lib_shutdown_stdio_1                0x08000187   Thumb Code     0  libshutdown2.o(.ARM.Collect$$libshutdown$$00000003)
    __rt_lib_shutdown_user_alloc_1           0x08000187   Thumb Code     0  libshutdown2.o(.ARM.Collect$$libshutdown$$0000000B)
    __rt_entry                               0x08000189   Thumb Code     0  __rtentry.o(.ARM.Collect$$rtentry$$00000000)
    __rt_entry_presh_1                       0x08000189   Thumb Code     0  __rtentry2.o(.ARM.Collect$$rtentry$$00000002)
    __rt_entry_sh                            0x08000189   Thumb Code     0  __rtentry4.o(.ARM.Collect$$rtentry$$00000004)
    __rt_entry_li                            0x0800018f   Thumb Code     0  __rtentry2.o(.ARM.Collect$$rtentry$$0000000A)
    __rt_entry_postsh_1                      0x0800018f   Thumb Code     0  __rtentry2.o(.ARM.Collect$$rtentry$$00000009)
    __rt_entry_main                          0x08000193   Thumb Code     0  __rtentry2.o(.ARM.Collect$$rtentry$$0000000D)
    __rt_entry_postli_1                      0x08000193   Thumb Code     0  __rtentry2.o(.ARM.Collect$$rtentry$$0000000C)
    __rt_exit                                0x0800019b   Thumb Code     0  rtexit.o(.ARM.Collect$$rtexit$$00000000)
    __rt_exit_ls                             0x0800019d   Thumb Code     0  rtexit2.o(.ARM.Collect$$rtexit$$00000003)
    __rt_exit_prels_1                        0x0800019d   Thumb Code     0  rtexit2.o(.ARM.Collect$$rtexit$$00000002)
    __rt_exit_exit                           0x080001a1   Thumb Code     0  rtexit2.o(.ARM.Collect$$rtexit$$00000004)
    Reset_Handler                            0x080001a9   Thumb Code     8  startup_stm32f103xb.o(.text)
    CAN1_RX1_IRQHandler                      0x080001c3   Thumb Code     0  startup_stm32f103xb.o(.text)
    CAN1_SCE_IRQHandler                      0x080001c3   Thumb Code     0  startup_stm32f103xb.o(.text)
    DMA1_Channel2_IRQHandler                 0x080001c3   Thumb Code     0  startup_stm32f103xb.o(.text)
    DMA1_Channel3_IRQHandler                 0x080001c3   Thumb Code     0  startup_stm32f103xb.o(.text)
    DMA1_Channel4_IRQHandler                 0x080001c3   Thumb Code     0  startup_stm32f103xb.o(.text)
    DMA1_Channel5_IRQHandler                 0x080001c3   Thumb Code     0  startup_stm32f103xb.o(.text)
    DMA1_Channel6_IRQHandler                 0x080001c3   Thumb Code     0  startup_stm32f103xb.o(.text)
    DMA1_Channel7_IRQHandler                 0x080001c3   Thumb Code     0  startup_stm32f103xb.o(.text)
    EXTI0_IRQHandler                         0x080001c3   Thumb Code     0  startup_stm32f103xb.o(.text)
    EXTI1_IRQHandler                         0x080001c3   Thumb Code     0  startup_stm32f103xb.o(.text)
    EXTI2_IRQHandler                         0x080001c3   Thumb Code     0  startup_stm32f103xb.o(.text)
    EXTI3_IRQHandler                         0x080001c3   Thumb Code     0  startup_stm32f103xb.o(.text)
    EXTI4_IRQHandler                         0x080001c3   Thumb Code     0  startup_stm32f103xb.o(.text)
    EXTI9_5_IRQHandler                       0x080001c3   Thumb Code     0  startup_stm32f103xb.o(.text)
    FLASH_IRQHandler                         0x080001c3   Thumb Code     0  startup_stm32f103xb.o(.text)
    I2C1_ER_IRQHandler                       0x080001c3   Thumb Code     0  startup_stm32f103xb.o(.text)
    I2C1_EV_IRQHandler                       0x080001c3   Thumb Code     0  startup_stm32f103xb.o(.text)
    I2C2_ER_IRQHandler                       0x080001c3   Thumb Code     0  startup_stm32f103xb.o(.text)
    I2C2_EV_IRQHandler                       0x080001c3   Thumb Code     0  startup_stm32f103xb.o(.text)
    PVD_IRQHandler                           0x080001c3   Thumb Code     0  startup_stm32f103xb.o(.text)
    RCC_IRQHandler                           0x080001c3   Thumb Code     0  startup_stm32f103xb.o(.text)
    RTC_Alarm_IRQHandler                     0x080001c3   Thumb Code     0  startup_stm32f103xb.o(.text)
    RTC_IRQHandler                           0x080001c3   Thumb Code     0  startup_stm32f103xb.o(.text)
    SPI1_IRQHandler                          0x080001c3   Thumb Code     0  startup_stm32f103xb.o(.text)
    SPI2_IRQHandler                          0x080001c3   Thumb Code     0  startup_stm32f103xb.o(.text)
    TAMPER_IRQHandler                        0x080001c3   Thumb Code     0  startup_stm32f103xb.o(.text)
    TIM1_BRK_IRQHandler                      0x080001c3   Thumb Code     0  startup_stm32f103xb.o(.text)
    TIM1_CC_IRQHandler                       0x080001c3   Thumb Code     0  startup_stm32f103xb.o(.text)
    TIM1_TRG_COM_IRQHandler                  0x080001c3   Thumb Code     0  startup_stm32f103xb.o(.text)
    TIM1_UP_IRQHandler                       0x080001c3   Thumb Code     0  startup_stm32f103xb.o(.text)
    USART1_IRQHandler                        0x080001c3   Thumb Code     0  startup_stm32f103xb.o(.text)
    USART2_IRQHandler                        0x080001c3   Thumb Code     0  startup_stm32f103xb.o(.text)
    USBWakeUp_IRQHandler                     0x080001c3   Thumb Code     0  startup_stm32f103xb.o(.text)
    USB_HP_CAN1_TX_IRQHandler                0x080001c3   Thumb Code     0  startup_stm32f103xb.o(.text)
    USB_LP_CAN1_RX0_IRQHandler               0x080001c3   Thumb Code     0  startup_stm32f103xb.o(.text)
    WWDG_IRQHandler                          0x080001c3   Thumb Code     0  startup_stm32f103xb.o(.text)
    __user_initial_stackheap                 0x080001c5   Thumb Code     0  startup_stm32f103xb.o(.text)
    __use_no_semihosting                     0x080001e9   Thumb Code     2  use_no_semi_2.o(.text)
    __2printf                                0x080001ed   Thumb Code    20  noretval__2printf.o(.text)
    __printf                                 0x08000205   Thumb Code   104  __printf.o(.text)
    _printf_int_dec                          0x0800026d   Thumb Code   104  _printf_dec.o(.text)
    __aeabi_memclr4                          0x080002e5   Thumb Code     0  rt_memclr_w.o(.text)
    __aeabi_memclr8                          0x080002e5   Thumb Code     0  rt_memclr_w.o(.text)
    __rt_memclr_w                            0x080002e5   Thumb Code    78  rt_memclr_w.o(.text)
    _memset_w                                0x080002e9   Thumb Code     0  rt_memclr_w.o(.text)
    __use_two_region_memory                  0x08000333   Thumb Code     2  heapauxi.o(.text)
    __rt_heap_escrow$2region                 0x08000335   Thumb Code     2  heapauxi.o(.text)
    __rt_heap_expand$2region                 0x08000337   Thumb Code     2  heapauxi.o(.text)
    __semihosting$guard                      0x08000339   Thumb Code     0  use_no_semi.o(.text)
    __use_no_semihosting_swi                 0x08000339   Thumb Code     2  use_no_semi.o(.text)
    __read_errno                             0x0800033b   Thumb Code    10  _rserrno.o(.text)
    __set_errno                              0x08000345   Thumb Code    12  _rserrno.o(.text)
    _printf_int_common                       0x08000351   Thumb Code   178  _printf_intcommon.o(.text)
    __lib_sel_fp_printf                      0x08000403   Thumb Code     2  _printf_fp_dec.o(.text)
    _printf_fp_dec_real                      0x080005b1   Thumb Code   620  _printf_fp_dec.o(.text)
    _printf_char_file                        0x0800081d   Thumb Code    32  _printf_char_file.o(.text)
    __rt_locale                              0x08000841   Thumb Code     8  rt_locale_intlibspace.o(.text)
    __aeabi_errno_addr                       0x08000849   Thumb Code     8  rt_errno_addr_intlibspace.o(.text)
    __errno$intlibspace                      0x08000849   Thumb Code     0  rt_errno_addr_intlibspace.o(.text)
    __rt_errno_addr$intlibspace              0x08000849   Thumb Code     0  rt_errno_addr_intlibspace.o(.text)
    _ll_udiv10                               0x08000851   Thumb Code   138  lludiv10.o(.text)
    _printf_char_common                      0x080008e7   Thumb Code    32  _printf_char_common.o(.text)
    _printf_fp_infnan                        0x0800090d   Thumb Code   112  _printf_fp_infnan.o(.text)
    _btod_etento                             0x0800098d   Thumb Code   216  bigflt0.o(.text)
    ferror                                   0x08000a69   Thumb Code     8  ferror.o(.text)
    __user_libspace                          0x08000a71   Thumb Code     8  libspace.o(.text)
    __user_perproc_libspace                  0x08000a71   Thumb Code     0  libspace.o(.text)
    __user_perthread_libspace                0x08000a71   Thumb Code     0  libspace.o(.text)
    __user_setup_stackheap                   0x08000a79   Thumb Code    74  sys_stackheap_outer.o(.text)
    exit                                     0x08000ac3   Thumb Code    12  exit.o(.text)
    strcmp                                   0x08000ad1   Thumb Code   128  strcmpv7m.o(.text)
    _btod_d2e                                0x08000b51   Thumb Code    62  btod.o(CL$$btod_d2e)
    _d2e_denorm_low                          0x08000b8f   Thumb Code    70  btod.o(CL$$btod_d2e_denorm_low)
    _d2e_norm_op1                            0x08000bd5   Thumb Code    96  btod.o(CL$$btod_d2e_norm_op1)
    __btod_div_common                        0x08000c35   Thumb Code   696  btod.o(CL$$btod_div_common)
    _e2e                                     0x08000f6d   Thumb Code   198  btod.o(CL$$btod_e2e)
    _btod_ediv                               0x08001033   Thumb Code    40  btod.o(CL$$btod_ediv)
    _btod_emul                               0x0800105b   Thumb Code    40  btod.o(CL$$btod_emul)
    __btod_mult_common                       0x08001083   Thumb Code   580  btod.o(CL$$btod_mult_common)
    ADC1_2_IRQHandler                        0x080012c9   Thumb Code    10  stm32f1xx_it.o(i.ADC1_2_IRQHandler)
    ADC_ConversionStop_Disable               0x080012d9   Thumb Code    82  stm32f1xx_hal_adc.o(i.ADC_ConversionStop_Disable)
    ADC_DMAConvCplt                          0x0800132b   Thumb Code    82  stm32f1xx_hal_adc.o(i.ADC_DMAConvCplt)
    ADC_DMAError                             0x0800137d   Thumb Code    30  stm32f1xx_hal_adc.o(i.ADC_DMAError)
    ADC_DMAHalfConvCplt                      0x0800139b   Thumb Code    14  stm32f1xx_hal_adc.o(i.ADC_DMAHalfConvCplt)
    ADC_Enable                               0x080013a9   Thumb Code   122  stm32f1xx_hal_adc.o(i.ADC_Enable)
    AS5047_read                              0x0800142d   Thumb Code    46  encode.o(i.AS5047_read)
    BusFault_Handler                         0x0800145b   Thumb Code     4  stm32f1xx_it.o(i.BusFault_Handler)
    Cap_Tim_Init                             0x08001461   Thumb Code   130  init.o(i.Cap_Tim_Init)
    ClarkConvT                               0x080014f1   Thumb Code   172  foc.o(i.ClarkConvT)
    DMA1_Channel1_IRQHandler                 0x080015a9   Thumb Code    34  measure.o(i.DMA1_Channel1_IRQHandler)
    DebugMon_Handler                         0x08001601   Thumb Code     2  stm32f1xx_it.o(i.DebugMon_Handler)
    EXTI15_10_IRQHandler                     0x08001603   Thumb Code     2  stm32f1xx_it.o(i.EXTI15_10_IRQHandler)
    FiltConf                                 0x08001605   Thumb Code    16  foc.o(i.FiltConf)
    HAL_ADCEx_Calibration_Start              0x08001619   Thumb Code   256  stm32f1xx_hal_adc_ex.o(i.HAL_ADCEx_Calibration_Start)
    HAL_ADCEx_InjectedConvCpltCallback       0x0800171d   Thumb Code     2  stm32f1xx_hal_adc_ex.o(i.HAL_ADCEx_InjectedConvCpltCallback)
    HAL_ADC_ConfigChannel                    0x08001721   Thumb Code   338  stm32f1xx_hal_adc.o(i.HAL_ADC_ConfigChannel)
    HAL_ADC_ConvCpltCallback                 0x08001881   Thumb Code     2  stm32f1xx_hal_adc.o(i.HAL_ADC_ConvCpltCallback)
    HAL_ADC_ConvHalfCpltCallback             0x08001883   Thumb Code     2  stm32f1xx_hal_adc.o(i.HAL_ADC_ConvHalfCpltCallback)
    HAL_ADC_ErrorCallback                    0x08001885   Thumb Code     2  stm32f1xx_hal_adc.o(i.HAL_ADC_ErrorCallback)
    HAL_ADC_IRQHandler                       0x08001887   Thumb Code   290  stm32f1xx_hal_adc.o(i.HAL_ADC_IRQHandler)
    HAL_ADC_Init                             0x080019a9   Thumb Code   340  stm32f1xx_hal_adc.o(i.HAL_ADC_Init)
    HAL_ADC_LevelOutOfWindowCallback         0x08001b09   Thumb Code     2  stm32f1xx_hal_adc.o(i.HAL_ADC_LevelOutOfWindowCallback)
    HAL_ADC_MspInit                          0x08001b0b   Thumb Code     2  stm32f1xx_hal_adc.o(i.HAL_ADC_MspInit)
    HAL_ADC_Start_DMA                        0x08001b0d   Thumb Code   362  stm32f1xx_hal_adc.o(i.HAL_ADC_Start_DMA)
    HAL_DMA_Abort_IT                         0x08001c8d   Thumb Code   414  stm32f1xx_hal_dma.o(i.HAL_DMA_Abort_IT)
    HAL_DMA_Init                             0x08001e35   Thumb Code   132  stm32f1xx_hal_dma.o(i.HAL_DMA_Init)
    HAL_DMA_Start_IT                         0x08001ec1   Thumb Code   156  stm32f1xx_hal_dma.o(i.HAL_DMA_Start_IT)
    HAL_GPIO_Init                            0x08001f5d   Thumb Code   792  stm32f1xx_hal_gpio.o(i.HAL_GPIO_Init)
    HAL_GPIO_ReadPin                         0x0800229d   Thumb Code    16  stm32f1xx_hal_gpio.o(i.HAL_GPIO_ReadPin)
    HAL_GPIO_WritePin                        0x080022ad   Thumb Code    12  stm32f1xx_hal_gpio.o(i.HAL_GPIO_WritePin)
    HAL_GetTick                              0x080022b9   Thumb Code     6  stm32f1xx_hal.o(i.HAL_GetTick)
    HAL_IncTick                              0x080022c5   Thumb Code    16  stm32f1xx_hal.o(i.HAL_IncTick)
    HAL_Init                                 0x080022dd   Thumb Code    34  stm32f1xx_hal.o(i.HAL_Init)
    HAL_InitTick                             0x08002305   Thumb Code    64  stm32f1xx_hal.o(i.HAL_InitTick)
    HAL_MspInit                              0x08002351   Thumb Code     2  stm32f1xx_hal_msp_template.o(i.HAL_MspInit)
    HAL_NVIC_EnableIRQ                       0x08002353   Thumb Code    32  stm32f1xx_hal_cortex.o(i.HAL_NVIC_EnableIRQ)
    HAL_NVIC_SetPriority                     0x08002373   Thumb Code   124  stm32f1xx_hal_cortex.o(i.HAL_NVIC_SetPriority)
    HAL_NVIC_SetPriorityGrouping             0x080023f1   Thumb Code    32  stm32f1xx_hal_cortex.o(i.HAL_NVIC_SetPriorityGrouping)
    HAL_RCCEx_GetPeriphCLKFreq               0x08002419   Thumb Code   276  stm32f1xx_hal_rcc_ex.o(i.HAL_RCCEx_GetPeriphCLKFreq)
    HAL_RCCEx_PeriphCLKConfig                0x0800254d   Thumb Code   290  stm32f1xx_hal_rcc_ex.o(i.HAL_RCCEx_PeriphCLKConfig)
    HAL_RCC_ClockConfig                      0x0800267d   Thumb Code   376  stm32f1xx_hal_rcc.o(i.HAL_RCC_ClockConfig)
    HAL_RCC_GetHCLKFreq                      0x08002809   Thumb Code     6  stm32f1xx_hal_rcc.o(i.HAL_RCC_GetHCLKFreq)
    HAL_RCC_GetPCLK1Freq                     0x08002815   Thumb Code    22  stm32f1xx_hal_rcc.o(i.HAL_RCC_GetPCLK1Freq)
    HAL_RCC_GetPCLK2Freq                     0x08002835   Thumb Code    22  stm32f1xx_hal_rcc.o(i.HAL_RCC_GetPCLK2Freq)
    HAL_RCC_GetSysClockFreq                  0x08002855   Thumb Code   116  stm32f1xx_hal_rcc.o(i.HAL_RCC_GetSysClockFreq)
    HAL_RCC_OscConfig                        0x080028e9   Thumb Code  1114  stm32f1xx_hal_rcc.o(i.HAL_RCC_OscConfig)
    HAL_SPI_Init                             0x08002d4d   Thumb Code   156  stm32f1xx_hal_spi.o(i.HAL_SPI_Init)
    HAL_SPI_MspInit                          0x08002de9   Thumb Code     2  stm32f1xx_hal_spi.o(i.HAL_SPI_MspInit)
    HAL_SPI_TransmitReceive                  0x08002deb   Thumb Code   750  stm32f1xx_hal_spi.o(i.HAL_SPI_TransmitReceive)
    HAL_SYSTICK_Config                       0x080030d9   Thumb Code    52  stm32f1xx_hal_cortex.o(i.HAL_SYSTICK_Config)
    HAL_TIMEx_BreakCallback                  0x0800310d   Thumb Code     2  stm32f1xx_hal_tim_ex.o(i.HAL_TIMEx_BreakCallback)
    HAL_TIMEx_CommutCallback                 0x0800310f   Thumb Code     2  stm32f1xx_hal_tim_ex.o(i.HAL_TIMEx_CommutCallback)
    HAL_TIMEx_MasterConfigSynchronization    0x08003111   Thumb Code    84  stm32f1xx_hal_tim_ex.o(i.HAL_TIMEx_MasterConfigSynchronization)
    HAL_TIM_Base_Init                        0x08003165   Thumb Code    52  stm32f1xx_hal_tim.o(i.HAL_TIM_Base_Init)
    HAL_TIM_Base_MspInit                     0x08003199   Thumb Code    32  stm32f1xx_hal_msp.o(i.HAL_TIM_Base_MspInit)
    HAL_TIM_Base_Start_IT                    0x080031bd   Thumb Code    42  stm32f1xx_hal_tim.o(i.HAL_TIM_Base_Start_IT)
    HAL_TIM_Encoder_Init                     0x080031e7   Thumb Code   170  stm32f1xx_hal_tim.o(i.HAL_TIM_Encoder_Init)
    HAL_TIM_Encoder_MspInit                  0x08003291   Thumb Code     2  stm32f1xx_hal_tim.o(i.HAL_TIM_Encoder_MspInit)
    HAL_TIM_Encoder_Start                    0x08003293   Thumb Code    78  stm32f1xx_hal_tim.o(i.HAL_TIM_Encoder_Start)
    HAL_TIM_IC_CaptureCallback               0x080032e1   Thumb Code     2  stm32f1xx_hal_tim.o(i.HAL_TIM_IC_CaptureCallback)
    HAL_TIM_IRQHandler                       0x080032e3   Thumb Code   406  stm32f1xx_hal_tim.o(i.HAL_TIM_IRQHandler)
    HAL_TIM_OC_DelayElapsedCallback          0x08003479   Thumb Code     2  stm32f1xx_hal_tim.o(i.HAL_TIM_OC_DelayElapsedCallback)
    HAL_TIM_PWM_ConfigChannel                0x0800347b   Thumb Code   264  stm32f1xx_hal_tim.o(i.HAL_TIM_PWM_ConfigChannel)
    HAL_TIM_PWM_Init                         0x08003583   Thumb Code    52  stm32f1xx_hal_tim.o(i.HAL_TIM_PWM_Init)
    HAL_TIM_PWM_MspInit                      0x080035b9   Thumb Code   122  init.o(i.HAL_TIM_PWM_MspInit)
    HAL_TIM_PWM_PulseFinishedCallback        0x08003645   Thumb Code     2  stm32f1xx_hal_tim.o(i.HAL_TIM_PWM_PulseFinishedCallback)
    HAL_TIM_PWM_Start                        0x08003649   Thumb Code    80  stm32f1xx_hal_tim.o(i.HAL_TIM_PWM_Start)
    HAL_TIM_PeriodElapsedCallback            0x080036a1   Thumb Code   786  bldc.o(i.HAL_TIM_PeriodElapsedCallback)
    HAL_TIM_TriggerCallback                  0x08003a09   Thumb Code     2  stm32f1xx_hal_tim.o(i.HAL_TIM_TriggerCallback)
    HAL_UART_ErrorCallback                   0x08003a0b   Thumb Code     2  stm32f1xx_hal_uart.o(i.HAL_UART_ErrorCallback)
    HAL_UART_IRQHandler                      0x08003a0d   Thumb Code   326  stm32f1xx_hal_uart.o(i.HAL_UART_IRQHandler)
    HAL_UART_Init                            0x08003b59   Thumb Code   114  stm32f1xx_hal_uart.o(i.HAL_UART_Init)
    HAL_UART_MspInit                         0x08003bcd   Thumb Code   168  usart.o(i.HAL_UART_MspInit)
    HAL_UART_Receive_IT                      0x08003c81   Thumb Code   112  stm32f1xx_hal_uart.o(i.HAL_UART_Receive_IT)
    HAL_UART_RxCpltCallback                  0x08003cf1   Thumb Code   194  usart.o(i.HAL_UART_RxCpltCallback)
    HAL_UART_TxCpltCallback                  0x08003dd1   Thumb Code     2  stm32f1xx_hal_uart.o(i.HAL_UART_TxCpltCallback)
    H_sensor_init                            0x08003dd5   Thumb Code    26  init.o(i.H_sensor_init)
    HardFault_Handler                        0x08003df5   Thumb Code     4  stm32f1xx_it.o(i.HardFault_Handler)
    Is_Forward                               0x08003df9   Thumb Code    42  bldc.o(i.Is_Forward)
    LowPass                                  0x08003e31   Thumb Code    68  foc.o(i.LowPass)
    MX_SPI1_Init                             0x08003e79   Thumb Code    94  encode.o(i.MX_SPI1_Init)
    MemManage_Handler                        0x08003ee5   Thumb Code     4  stm32f1xx_it.o(i.MemManage_Handler)
    NMI_Handler                              0x08003ee9   Thumb Code     2  stm32f1xx_it.o(i.NMI_Handler)
    Parity_bit_Calculate                     0x08003eeb   Thumb Code    20  encode.o(i.Parity_bit_Calculate)
    ParkConvT                                0x08003f01   Thumb Code   104  foc.o(i.ParkConvT)
    PendSV_Handler                           0x08003f6d   Thumb Code     2  stm32f1xx_it.o(i.PendSV_Handler)
    Pid_Cal                                  0x08003f6f   Thumb Code   116  motor_ctrl.o(i.Pid_Cal)
    Pid_Conf                                 0x08003fe5   Thumb Code    32  motor_ctrl.o(i.Pid_Conf)
    SPI_ISCRCErrorValid                      0x08004065   Thumb Code     6  stm32f1xx_hal_spi.o(i.SPI_ISCRCErrorValid)
    SPI_ReadWrite_OneByte                    0x0800406d   Thumb Code    54  encode.o(i.SPI_ReadWrite_OneByte)
    SVC_Handler                              0x08004155   Thumb Code     2  stm32f1xx_it.o(i.SVC_Handler)
    Speed_Rpm                                0x08004159   Thumb Code    32  motor_ctrl.o(i.Speed_Rpm)
    Stop_Start_Init                          0x08004181   Thumb Code    60  init.o(i.Stop_Start_Init)
    SysTick_Handler                          0x080041c5   Thumb Code     8  stm32f1xx_it.o(i.SysTick_Handler)
    SystemInit                               0x080041cd   Thumb Code    70  system_stm32f1xx.o(i.SystemInit)
    TIM2_IRQHandler                          0x08004225   Thumb Code    10  stm32f1xx_it.o(i.TIM2_IRQHandler)
    TIM3_IRQHandler                          0x08004235   Thumb Code    10  stm32f1xx_it.o(i.TIM3_IRQHandler)
    TIM4_IRQHandler                          0x08004245   Thumb Code    10  stm32f1xx_it.o(i.TIM4_IRQHandler)
    TIM_Base_SetConfig                       0x08004255   Thumb Code   134  stm32f1xx_hal_tim.o(i.TIM_Base_SetConfig)
    TIM_CCxChannelCmd                        0x080042f1   Thumb Code    34  stm32f1xx_hal_tim.o(i.TIM_CCxChannelCmd)
    TIM_Init                                 0x08004315   Thumb Code   212  init.o(i.TIM_Init)
    TIM_OC2_SetConfig                        0x08004471   Thumb Code   114  stm32f1xx_hal_tim.o(i.TIM_OC2_SetConfig)
    USART3_IRQHandler                        0x080048bd   Thumb Code    10  usart.o(i.USART3_IRQHandler)
    UsageFault_Handler                       0x080048cd   Thumb Code     4  stm32f1xx_it.o(i.UsageFault_Handler)
    __ARM_fpclassify                         0x080048d1   Thumb Code    40  fpclassify.o(i.__ARM_fpclassify)
    __ieee754_rem_pio2                       0x08004931   Thumb Code   828  rred.o(i.__ieee754_rem_pio2)
    __kernel_cos                             0x08004cb9   Thumb Code   230  cos_i.o(i.__kernel_cos)
    __kernel_poly                            0x08004db5   Thumb Code   170  poly.o(i.__kernel_poly)
    __kernel_sin                             0x08004e61   Thumb Code   224  sin_i.o(i.__kernel_sin)
    __mathlib_dbl_infnan                     0x08004f4d   Thumb Code     6  dunder.o(i.__mathlib_dbl_infnan)
    __mathlib_dbl_invalid                    0x08004f53   Thumb Code    12  dunder.o(i.__mathlib_dbl_invalid)
    __mathlib_dbl_underflow                  0x08004f61   Thumb Code    10  dunder.o(i.__mathlib_dbl_underflow)
    _sys_exit                                0x08004f71   Thumb Code     4  usart.o(i._sys_exit)
    adc_ave_filter                           0x08004f75   Thumb Code   116  measure.o(i.adc_ave_filter)
    adc_dma_enable                           0x08004ffd   Thumb Code    76  init.o(i.adc_dma_enable)
    adc_dma_init                             0x08005051   Thumb Code   300  init.o(i.adc_dma_init)
    adrcCal                                  0x08005195   Thumb Code    34  motor_ctrl.o(i.adrcCal)
    adrcConf                                 0x080051b9   Thumb Code    60  motor_ctrl.o(i.adrcConf)
    adrcEso                                  0x0800520d   Thumb Code   184  motor_ctrl.o(i.adrcEso)
    adrcLf                                   0x080052c9   Thumb Code   104  motor_ctrl.o(i.adrcLf)
    adrcTD                                   0x08005339   Thumb Code   138  motor_ctrl.o(i.adrcTD)
    cal_motor                                0x080053c5   Thumb Code    54  motor_ctrl.o(i.cal_motor)
    capture_init                             0x08005409   Thumb Code     8  init.o(i.capture_init)
    cos                                      0x08005411   Thumb Code   148  cos.o(i.cos)
    ctrl_Init                                0x080054ad   Thumb Code    32  motor_ctrl.o(i.ctrl_Init)
    delay_init                               0x080054dd   Thumb Code     6  delay.o(i.delay_init)
    fputc                                    0x080054e9   Thumb Code    24  usart.o(i.fputc)
    getAngle                                 0x08005505   Thumb Code    46  encode.o(i.getAngle)
    gtimRestart                              0x0800553d   Thumb Code    76  bldc.o(i.gtimRestart)
    h_bridge_init                            0x08005591   Thumb Code   116  init.o(i.h_bridge_init)
    hallsensor                               0x08005619   Thumb Code    56  bldc.o(i.hallsensor)
    l_bridge_init                            0x08005655   Thumb Code    60  init.o(i.l_bridge_init)
    main                                     0x08005699   Thumb Code    50  main.o(i.main)
    sin                                      0x080056fd   Thumb Code   150  sin.o(i.sin)
    sys_init                                 0x0800579d   Thumb Code    86  init.o(i.sys_init)
    sys_stm32_clock_init                     0x080057fd   Thumb Code   102  sys.o(i.sys_stm32_clock_init)
    uhvl                                     0x08005865   Thumb Code    58  bldc.o(i.uhvl)
    uhwl                                     0x080058ad   Thumb Code    58  bldc.o(i.uhwl)
    usart_init                               0x080058f5   Thumb Code    44  usart.o(i.usart_init)
    vhul                                     0x0800592d   Thumb Code    60  bldc.o(i.vhul)
    vhwl                                     0x08005975   Thumb Code    60  bldc.o(i.vhwl)
    whul                                     0x080059bd   Thumb Code    58  bldc.o(i.whul)
    whvl                                     0x08005a05   Thumb Code    58  bldc.o(i.whvl)
    _get_lc_numeric                          0x08005a4d   Thumb Code    44  lc_numeric_c.o(locale$$code)
    __aeabi_d2f                              0x08005a79   Thumb Code     0  d2f.o(x$fpl$d2f)
    _d2f                                     0x08005a79   Thumb Code    98  d2f.o(x$fpl$d2f)
    __aeabi_dadd                             0x08005add   Thumb Code     0  daddsub_clz.o(x$fpl$dadd)
    _dadd                                    0x08005add   Thumb Code   332  daddsub_clz.o(x$fpl$dadd)
    __fpl_dcheck_NaN1                        0x08005c2d   Thumb Code    10  dcheck1.o(x$fpl$dcheck1)
    __fpl_dcmp_Inf                           0x08005c3d   Thumb Code    24  dcmpi.o(x$fpl$dcmpinf)
    __aeabi_ddiv                             0x08005c55   Thumb Code     0  ddiv.o(x$fpl$ddiv)
    _ddiv                                    0x08005c55   Thumb Code   552  ddiv.o(x$fpl$ddiv)
    __aeabi_d2iz                             0x08005f05   Thumb Code     0  dfix.o(x$fpl$dfix)
    _dfix                                    0x08005f05   Thumb Code    94  dfix.o(x$fpl$dfix)
    __aeabi_d2uiz                            0x08005f65   Thumb Code     0  dfixu.o(x$fpl$dfixu)
    _dfixu                                   0x08005f65   Thumb Code    90  dfixu.o(x$fpl$dfixu)
    __aeabi_i2d                              0x08005fbf   Thumb Code     0  dflt_clz.o(x$fpl$dflt)
    _dflt                                    0x08005fbf   Thumb Code    46  dflt_clz.o(x$fpl$dflt)
    __aeabi_ui2d                             0x08005fed   Thumb Code     0  dflt_clz.o(x$fpl$dfltu)
    _dfltu                                   0x08005fed   Thumb Code    38  dflt_clz.o(x$fpl$dfltu)
    __aeabi_cdcmple                          0x08006015   Thumb Code     0  dleqf.o(x$fpl$dleqf)
    _dcmple                                  0x08006015   Thumb Code   120  dleqf.o(x$fpl$dleqf)
    __fpl_dcmple_InfNaN                      0x08006077   Thumb Code     0  dleqf.o(x$fpl$dleqf)
    __aeabi_dmul                             0x0800608d   Thumb Code     0  dmul.o(x$fpl$dmul)
    _dmul                                    0x0800608d   Thumb Code   332  dmul.o(x$fpl$dmul)
    __fpl_dnaninf                            0x080061e1   Thumb Code   156  dnaninf.o(x$fpl$dnaninf)
    __fpl_dretinf                            0x0800627d   Thumb Code    12  dretinf.o(x$fpl$dretinf)
    __aeabi_cdrcmple                         0x08006289   Thumb Code     0  drleqf.o(x$fpl$drleqf)
    _drcmple                                 0x08006289   Thumb Code   108  drleqf.o(x$fpl$drleqf)
    __aeabi_drsub                            0x080062f5   Thumb Code     0  daddsub_clz.o(x$fpl$drsb)
    _drsb                                    0x080062f5   Thumb Code    22  daddsub_clz.o(x$fpl$drsb)
    __aeabi_dsub                             0x0800630d   Thumb Code     0  daddsub_clz.o(x$fpl$dsub)
    _dsub                                    0x0800630d   Thumb Code   464  daddsub_clz.o(x$fpl$dsub)
    __aeabi_f2d                              0x080064e1   Thumb Code     0  f2d.o(x$fpl$f2d)
    _f2d                                     0x080064e1   Thumb Code    86  f2d.o(x$fpl$f2d)
    __aeabi_fadd                             0x08006539   Thumb Code     0  faddsub_clz.o(x$fpl$fadd)
    _fadd                                    0x08006539   Thumb Code   196  faddsub_clz.o(x$fpl$fadd)
    __fpl_fcmp_Inf                           0x080065fd   Thumb Code    24  fcmpi.o(x$fpl$fcmpinf)
    __aeabi_fdiv                             0x08006615   Thumb Code     0  fdiv.o(x$fpl$fdiv)
    _fdiv                                    0x08006615   Thumb Code   384  fdiv.o(x$fpl$fdiv)
    __aeabi_f2iz                             0x08006799   Thumb Code     0  ffix.o(x$fpl$ffix)
    _ffix                                    0x08006799   Thumb Code    54  ffix.o(x$fpl$ffix)
    __aeabi_i2f                              0x080067d1   Thumb Code     0  fflt_clz.o(x$fpl$fflt)
    _fflt                                    0x080067d1   Thumb Code    48  fflt_clz.o(x$fpl$fflt)
    __aeabi_ui2f                             0x08006801   Thumb Code     0  fflt_clz.o(x$fpl$ffltu)
    _ffltu                                   0x08006801   Thumb Code    38  fflt_clz.o(x$fpl$ffltu)
    __aeabi_cfcmple                          0x08006829   Thumb Code     0  fleqf.o(x$fpl$fleqf)
    _fcmple                                  0x08006829   Thumb Code   104  fleqf.o(x$fpl$fleqf)
    __fpl_fcmple_InfNaN                      0x0800687b   Thumb Code     0  fleqf.o(x$fpl$fleqf)
    __aeabi_fmul                             0x08006891   Thumb Code     0  fmul.o(x$fpl$fmul)
    _fmul                                    0x08006891   Thumb Code   258  fmul.o(x$fpl$fmul)
    __fpl_fnaninf                            0x08006993   Thumb Code   140  fnaninf.o(x$fpl$fnaninf)
    __fpl_fretinf                            0x08006a1f   Thumb Code    10  fretinf.o(x$fpl$fretinf)
    __aeabi_cfrcmple                         0x08006a29   Thumb Code     0  frleqf.o(x$fpl$frleqf)
    _frcmple                                 0x08006a29   Thumb Code    98  frleqf.o(x$fpl$frleqf)
    __aeabi_frsub                            0x08006a8b   Thumb Code     0  faddsub_clz.o(x$fpl$frsb)
    _frsb                                    0x08006a8b   Thumb Code    20  faddsub_clz.o(x$fpl$frsb)
    __aeabi_fsub                             0x08006aa1   Thumb Code     0  faddsub_clz.o(x$fpl$fsub)
    _fsub                                    0x08006aa1   Thumb Code   234  faddsub_clz.o(x$fpl$fsub)
    _printf_fp_dec                           0x08006b8b   Thumb Code     4  printf1.o(x$fpl$printf1)
    __fpl_return_NaN                         0x08006b8f   Thumb Code   100  retnan.o(x$fpl$retnan)
    __ARM_scalbn                             0x08006bf3   Thumb Code    92  scalbn.o(x$fpl$scalbn)
    __fpl_cmpreturn                          0x08006c4f   Thumb Code    48  trapv.o(x$fpl$trapveneer)
    AHBPrescTable                            0x08006c7e   Data          16  system_stm32f1xx.o(.constdata)
    __I$use$fp                               0x08006c7e   Number         0  usenofp.o(x$fpl$usenofp)
    APBPrescTable                            0x08006c8e   Data           8  system_stm32f1xx.o(.constdata)
    Region$$Table$$Base                      0x08006e4c   Number         0  anon$$obj.o(Region$$Table)
    Region$$Table$$Limit                     0x08006e6c   Number         0  anon$$obj.o(Region$$Table)
    SystemCoreClock                          0x20000000   Data           4  system_stm32f1xx.o(.data)
    uwTick                                   0x20000004   Data           4  stm32f1xx_hal.o(.data)
    uwTickPrio                               0x20000008   Data           4  stm32f1xx_hal.o(.data)
    uwTickFreq                               0x2000000c   Data           1  stm32f1xx_hal.o(.data)
    cnt_all                                  0x20000010   Data           4  bldc.o(.data)
    last_cnt                                 0x20000014   Data           4  bldc.o(.data)
    last_angle                               0x20000018   Data           4  bldc.o(.data)
    basic_ctrl                               0x2000001c   Data          24  bldc.o(.data)
    forward                                  0x20000034   Data           6  bldc.o(.data)
    backward                                 0x2000003a   Data           6  bldc.o(.data)
    idx_f                                    0x20000040   Data           6  bldc.o(.data)
    counter                                  0x20000048   Data           2  motor_ctrl.o(.data)
    start_cnt                                0x2000004a   Data           1  motor_ctrl.o(.data)
    normal_cnt                               0x2000004c   Data           4  motor_ctrl.o(.data)
    speed_actual                             0x20000050   Data           4  motor_ctrl.o(.data)
    target_speed                             0x20000054   Data           4  motor_ctrl.o(.data)
    encoder_num                              0x20000058   Data           8  motor_ctrl.o(.data)
    rpm                                      0x20000060   Data           4  motor_ctrl.o(.data)
    target_rpm                               0x20000064   Data           4  motor_ctrl.o(.data)
    target_angle                             0x20000068   Data           4  motor_ctrl.o(.data)
    phase_offset                             0x2000006c   Data           6  measure.o(.data)
    g_adc_dma_sta                            0x20000072   Data           1  measure.o(.data)
    rxdata                                   0x20000078   Data           4  usart.o(.data)
    __stdout                                 0x2000007c   Data           4  usart.o(.data)
    g_usart_rx_sta                           0x20000080   Data           2  usart.o(.data)
    g_rx_buffer                              0x20000082   Data           1  usart.o(.data)
    angle                                    0x20000084   Data           4  encode.o(.data)
    TIM1_Handler                             0x20000088   Data          64  init.o(.bss)
    TIM2_Handler                             0x200000c8   Data          64  init.o(.bss)
    TIM1_CH1Handler                          0x20000108   Data          28  init.o(.bss)
    TIM1_CH2Handler                          0x20000124   Data          28  init.o(.bss)
    TIM1_CH3Handler                          0x20000140   Data          28  init.o(.bss)
    htim3                                    0x2000015c   Data          64  init.o(.bss)
    htim4                                    0x2000019c   Data          64  init.o(.bss)
    htim5                                    0x200001dc   Data          64  init.o(.bss)
    AdcHandle                                0x2000021c   Data          48  init.o(.bss)
    DMAHandle                                0x2000024c   Data          68  init.o(.bss)
    motor                                    0x20000290   Data          10  bldc.o(.bss)
    Adrc1                                    0x2000029c   Data          56  motor_ctrl.o(.bss)
    Adrc2                                    0x200002d4   Data          56  motor_ctrl.o(.bss)
    Adrc3                                    0x2000030c   Data          56  motor_ctrl.o(.bss)
    Pid                                      0x20000344   Data          36  motor_ctrl.o(.bss)
    volt_out                                 0x20000368   Data          12  motor_ctrl.o(.bss)
    g_adc_raw                                0x20000374   Data         300  measure.o(.bss)
    g_adc_ave                                0x200004a0   Data          12  measure.o(.bss)
    g_usart_rx_buf                           0x200004ac   Data         200  usart.o(.bss)
    g_uart1_handle                           0x20000574   Data          64  usart.o(.bss)
    motor_foc                                0x200005b4   Data          32  foc.o(.bss)
    filter                                   0x200005d4   Data          12  foc.o(.bss)
    hspi1                                    0x200005e0   Data          88  encode.o(.bss)
    __libspace_start                         0x20000638   Data          96  libspace.o(.bss)
    __temporary_stack_top$libspace           0x20000698   Data           0  libspace.o(.bss)



==============================================================================

Memory Map of the image

  Image Entry point : 0x080000ed

  Load Region LR_IROM1 (Base: 0x08000000, Size: 0x00006f10, Max: 0x00010000, ABSOLUTE)

    Execution Region ER_IROM1 (Base: 0x08000000, Size: 0x00006e88, Max: 0x00010000, ABSOLUTE)

    Base Addr    Size         Type   Attr      Idx    E Section Name        Object

    0x08000000   0x000000ec   Data   RO         3975    RESET               startup_stm32f103xb.o
    0x080000ec   0x00000008   Code   RO         4747  * !!!main             c_w.l(__main.o)
    0x080000f4   0x00000034   Code   RO         5108    !!!scatter          c_w.l(__scatter.o)
    0x08000128   0x0000001a   Code   RO         5110    !!handler_copy      c_w.l(__scatter_copy.o)
    0x08000142   0x00000002   PAD
    0x08000144   0x0000001c   Code   RO         5112    !!handler_zi        c_w.l(__scatter_zi.o)
    0x08000160   0x00000000   Code   RO         4742    .ARM.Collect$$_printf_percent$$00000000  c_w.l(_printf_percent.o)
    0x08000160   0x00000006   Code   RO         4741    .ARM.Collect$$_printf_percent$$00000003  c_w.l(_printf_f.o)
    0x08000166   0x00000006   Code   RO         4740    .ARM.Collect$$_printf_percent$$00000009  c_w.l(_printf_d.o)
    0x0800016c   0x00000004   Code   RO         4842    .ARM.Collect$$_printf_percent$$00000017  c_w.l(_printf_percent_end.o)
    0x08000170   0x00000002   Code   RO         4981    .ARM.Collect$$libinit$$00000000  c_w.l(libinit.o)
    0x08000172   0x00000000   Code   RO         4983    .ARM.Collect$$libinit$$00000002  c_w.l(libinit2.o)
    0x08000172   0x00000000   Code   RO         4985    .ARM.Collect$$libinit$$00000004  c_w.l(libinit2.o)
    0x08000172   0x00000000   Code   RO         4988    .ARM.Collect$$libinit$$0000000A  c_w.l(libinit2.o)
    0x08000172   0x00000000   Code   RO         4990    .ARM.Collect$$libinit$$0000000C  c_w.l(libinit2.o)
    0x08000172   0x00000000   Code   RO         4992    .ARM.Collect$$libinit$$0000000E  c_w.l(libinit2.o)
    0x08000172   0x00000006   Code   RO         4993    .ARM.Collect$$libinit$$0000000F  c_w.l(libinit2.o)
    0x08000178   0x00000000   Code   RO         4995    .ARM.Collect$$libinit$$00000011  c_w.l(libinit2.o)
    0x08000178   0x00000000   Code   RO         4997    .ARM.Collect$$libinit$$00000013  c_w.l(libinit2.o)
    0x08000178   0x00000000   Code   RO         4999    .ARM.Collect$$libinit$$00000015  c_w.l(libinit2.o)
    0x08000178   0x0000000a   Code   RO         5000    .ARM.Collect$$libinit$$00000016  c_w.l(libinit2.o)
    0x08000182   0x00000000   Code   RO         5001    .ARM.Collect$$libinit$$00000017  c_w.l(libinit2.o)
    0x08000182   0x00000000   Code   RO         5003    .ARM.Collect$$libinit$$00000019  c_w.l(libinit2.o)
    0x08000182   0x00000000   Code   RO         5005    .ARM.Collect$$libinit$$0000001B  c_w.l(libinit2.o)
    0x08000182   0x00000000   Code   RO         5007    .ARM.Collect$$libinit$$0000001D  c_w.l(libinit2.o)
    0x08000182   0x00000000   Code   RO         5009    .ARM.Collect$$libinit$$0000001F  c_w.l(libinit2.o)
    0x08000182   0x00000000   Code   RO         5011    .ARM.Collect$$libinit$$00000021  c_w.l(libinit2.o)
    0x08000182   0x00000000   Code   RO         5013    .ARM.Collect$$libinit$$00000023  c_w.l(libinit2.o)
    0x08000182   0x00000000   Code   RO         5015    .ARM.Collect$$libinit$$00000025  c_w.l(libinit2.o)
    0x08000182   0x00000000   Code   RO         5019    .ARM.Collect$$libinit$$0000002C  c_w.l(libinit2.o)
    0x08000182   0x00000000   Code   RO         5021    .ARM.Collect$$libinit$$0000002E  c_w.l(libinit2.o)
    0x08000182   0x00000000   Code   RO         5023    .ARM.Collect$$libinit$$00000030  c_w.l(libinit2.o)
    0x08000182   0x00000000   Code   RO         5025    .ARM.Collect$$libinit$$00000032  c_w.l(libinit2.o)
    0x08000182   0x00000002   Code   RO         5026    .ARM.Collect$$libinit$$00000033  c_w.l(libinit2.o)
    0x08000184   0x00000002   Code   RO         5072    .ARM.Collect$$libshutdown$$00000000  c_w.l(libshutdown.o)
    0x08000186   0x00000000   Code   RO         5079    .ARM.Collect$$libshutdown$$00000003  c_w.l(libshutdown2.o)
    0x08000186   0x00000000   Code   RO         5082    .ARM.Collect$$libshutdown$$00000006  c_w.l(libshutdown2.o)
    0x08000186   0x00000000   Code   RO         5085    .ARM.Collect$$libshutdown$$00000009  c_w.l(libshutdown2.o)
    0x08000186   0x00000000   Code   RO         5087    .ARM.Collect$$libshutdown$$0000000B  c_w.l(libshutdown2.o)
    0x08000186   0x00000000   Code   RO         5090    .ARM.Collect$$libshutdown$$0000000E  c_w.l(libshutdown2.o)
    0x08000186   0x00000002   Code   RO         5091    .ARM.Collect$$libshutdown$$0000000F  c_w.l(libshutdown2.o)
    0x08000188   0x00000000   Code   RO         4831    .ARM.Collect$$rtentry$$00000000  c_w.l(__rtentry.o)
    0x08000188   0x00000000   Code   RO         4885    .ARM.Collect$$rtentry$$00000002  c_w.l(__rtentry2.o)
    0x08000188   0x00000006   Code   RO         4897    .ARM.Collect$$rtentry$$00000004  c_w.l(__rtentry4.o)
    0x0800018e   0x00000000   Code   RO         4887    .ARM.Collect$$rtentry$$00000009  c_w.l(__rtentry2.o)
    0x0800018e   0x00000004   Code   RO         4888    .ARM.Collect$$rtentry$$0000000A  c_w.l(__rtentry2.o)
    0x08000192   0x00000000   Code   RO         4890    .ARM.Collect$$rtentry$$0000000C  c_w.l(__rtentry2.o)
    0x08000192   0x00000008   Code   RO         4891    .ARM.Collect$$rtentry$$0000000D  c_w.l(__rtentry2.o)
    0x0800019a   0x00000002   Code   RO         5029    .ARM.Collect$$rtexit$$00000000  c_w.l(rtexit.o)
    0x0800019c   0x00000000   Code   RO         5042    .ARM.Collect$$rtexit$$00000002  c_w.l(rtexit2.o)
    0x0800019c   0x00000004   Code   RO         5043    .ARM.Collect$$rtexit$$00000003  c_w.l(rtexit2.o)
    0x080001a0   0x00000006   Code   RO         5044    .ARM.Collect$$rtexit$$00000004  c_w.l(rtexit2.o)
    0x080001a6   0x00000002   PAD
    0x080001a8   0x00000040   Code   RO         3976    .text               startup_stm32f103xb.o
    0x080001e8   0x00000002   Code   RO         4706    .text               c_w.l(use_no_semi_2.o)
    0x080001ea   0x00000002   PAD
    0x080001ec   0x00000018   Code   RO         4714    .text               c_w.l(noretval__2printf.o)
    0x08000204   0x00000068   Code   RO         4716    .text               c_w.l(__printf.o)
    0x0800026c   0x00000078   Code   RO         4718    .text               c_w.l(_printf_dec.o)
    0x080002e4   0x0000004e   Code   RO         4743    .text               c_w.l(rt_memclr_w.o)
    0x08000332   0x00000006   Code   RO         4745    .text               c_w.l(heapauxi.o)
    0x08000338   0x00000002   Code   RO         4829    .text               c_w.l(use_no_semi.o)
    0x0800033a   0x00000016   Code   RO         4834    .text               c_w.l(_rserrno.o)
    0x08000350   0x000000b2   Code   RO         4836    .text               c_w.l(_printf_intcommon.o)
    0x08000402   0x0000041a   Code   RO         4838    .text               c_w.l(_printf_fp_dec.o)
    0x0800081c   0x00000024   Code   RO         4840    .text               c_w.l(_printf_char_file.o)
    0x08000840   0x00000008   Code   RO         4906    .text               c_w.l(rt_locale_intlibspace.o)
    0x08000848   0x00000008   Code   RO         4911    .text               c_w.l(rt_errno_addr_intlibspace.o)
    0x08000850   0x0000008a   Code   RO         4913    .text               c_w.l(lludiv10.o)
    0x080008da   0x00000002   PAD
    0x080008dc   0x00000030   Code   RO         4915    .text               c_w.l(_printf_char_common.o)
    0x0800090c   0x00000080   Code   RO         4917    .text               c_w.l(_printf_fp_infnan.o)
    0x0800098c   0x000000dc   Code   RO         4919    .text               c_w.l(bigflt0.o)
    0x08000a68   0x00000008   Code   RO         4944    .text               c_w.l(ferror.o)
    0x08000a70   0x00000008   Code   RO         4963    .text               c_w.l(libspace.o)
    0x08000a78   0x0000004a   Code   RO         4966    .text               c_w.l(sys_stackheap_outer.o)
    0x08000ac2   0x0000000c   Code   RO         4972    .text               c_w.l(exit.o)
    0x08000ace   0x00000002   PAD
    0x08000ad0   0x00000080   Code   RO         4974    .text               c_w.l(strcmpv7m.o)
    0x08000b50   0x0000003e   Code   RO         4922    CL$$btod_d2e        c_w.l(btod.o)
    0x08000b8e   0x00000046   Code   RO         4924    CL$$btod_d2e_denorm_low  c_w.l(btod.o)
    0x08000bd4   0x00000060   Code   RO         4923    CL$$btod_d2e_norm_op1  c_w.l(btod.o)
    0x08000c34   0x00000338   Code   RO         4932    CL$$btod_div_common  c_w.l(btod.o)
    0x08000f6c   0x000000c6   Code   RO         4929    CL$$btod_e2e        c_w.l(btod.o)
    0x08001032   0x00000028   Code   RO         4926    CL$$btod_ediv       c_w.l(btod.o)
    0x0800105a   0x00000028   Code   RO         4925    CL$$btod_emul       c_w.l(btod.o)
    0x08001082   0x00000244   Code   RO         4931    CL$$btod_mult_common  c_w.l(btod.o)
    0x080012c6   0x00000002   PAD
    0x080012c8   0x00000010   Code   RO          202    i.ADC1_2_IRQHandler  stm32f1xx_it.o
    0x080012d8   0x00000052   Code   RO          519    i.ADC_ConversionStop_Disable  stm32f1xx_hal_adc.o
    0x0800132a   0x00000052   Code   RO          520    i.ADC_DMAConvCplt   stm32f1xx_hal_adc.o
    0x0800137c   0x0000001e   Code   RO          521    i.ADC_DMAError      stm32f1xx_hal_adc.o
    0x0800139a   0x0000000e   Code   RO          522    i.ADC_DMAHalfConvCplt  stm32f1xx_hal_adc.o
    0x080013a8   0x00000084   Code   RO          523    i.ADC_Enable        stm32f1xx_hal_adc.o
    0x0800142c   0x0000002e   Code   RO         4655    i.AS5047_read       encode.o
    0x0800145a   0x00000004   Code   RO          203    i.BusFault_Handler  stm32f1xx_it.o
    0x0800145e   0x00000002   PAD
    0x08001460   0x00000090   Code   RO         3983    i.Cap_Tim_Init      init.o
    0x080014f0   0x000000b8   Code   RO         4598    i.ClarkConvT        foc.o
    0x080015a8   0x0000002c   Code   RO         4283    i.DMA1_Channel1_IRQHandler  measure.o
    0x080015d4   0x0000002c   Code   RO         1199    i.DMA_SetConfig     stm32f1xx_hal_dma.o
    0x08001600   0x00000002   Code   RO          204    i.DebugMon_Handler  stm32f1xx_it.o
    0x08001602   0x00000002   Code   RO          205    i.EXTI15_10_IRQHandler  stm32f1xx_it.o
    0x08001604   0x00000014   Code   RO         4599    i.FiltConf          foc.o
    0x08001618   0x00000104   Code   RO          699    i.HAL_ADCEx_Calibration_Start  stm32f1xx_hal_adc_ex.o
    0x0800171c   0x00000002   Code   RO          701    i.HAL_ADCEx_InjectedConvCpltCallback  stm32f1xx_hal_adc_ex.o
    0x0800171e   0x00000002   PAD
    0x08001720   0x00000160   Code   RO          525    i.HAL_ADC_ConfigChannel  stm32f1xx_hal_adc.o
    0x08001880   0x00000002   Code   RO          526    i.HAL_ADC_ConvCpltCallback  stm32f1xx_hal_adc.o
    0x08001882   0x00000002   Code   RO          527    i.HAL_ADC_ConvHalfCpltCallback  stm32f1xx_hal_adc.o
    0x08001884   0x00000002   Code   RO          529    i.HAL_ADC_ErrorCallback  stm32f1xx_hal_adc.o
    0x08001886   0x00000122   Code   RO          533    i.HAL_ADC_IRQHandler  stm32f1xx_hal_adc.o
    0x080019a8   0x00000160   Code   RO          534    i.HAL_ADC_Init      stm32f1xx_hal_adc.o
    0x08001b08   0x00000002   Code   RO          535    i.HAL_ADC_LevelOutOfWindowCallback  stm32f1xx_hal_adc.o
    0x08001b0a   0x00000002   Code   RO          537    i.HAL_ADC_MspInit   stm32f1xx_hal_adc.o
    0x08001b0c   0x00000180   Code   RO          541    i.HAL_ADC_Start_DMA  stm32f1xx_hal_adc.o
    0x08001c8c   0x000001a8   Code   RO         1201    i.HAL_DMA_Abort_IT  stm32f1xx_hal_dma.o
    0x08001e34   0x0000008c   Code   RO         1206    i.HAL_DMA_Init      stm32f1xx_hal_dma.o
    0x08001ec0   0x0000009c   Code   RO         1210    i.HAL_DMA_Start_IT  stm32f1xx_hal_dma.o
    0x08001f5c   0x00000340   Code   RO         1542    i.HAL_GPIO_Init     stm32f1xx_hal_gpio.o
    0x0800229c   0x00000010   Code   RO         1544    i.HAL_GPIO_ReadPin  stm32f1xx_hal_gpio.o
    0x080022ac   0x0000000c   Code   RO         1546    i.HAL_GPIO_WritePin  stm32f1xx_hal_gpio.o
    0x080022b8   0x0000000c   Code   RO          356    i.HAL_GetTick       stm32f1xx_hal.o
    0x080022c4   0x00000018   Code   RO          362    i.HAL_IncTick       stm32f1xx_hal.o
    0x080022dc   0x00000028   Code   RO          363    i.HAL_Init          stm32f1xx_hal.o
    0x08002304   0x0000004c   Code   RO          364    i.HAL_InitTick      stm32f1xx_hal.o
    0x08002350   0x00000002   Code   RO         1750    i.HAL_MspInit       stm32f1xx_hal_msp_template.o
    0x08002352   0x00000020   Code   RO          833    i.HAL_NVIC_EnableIRQ  stm32f1xx_hal_cortex.o
    0x08002372   0x0000007c   Code   RO          839    i.HAL_NVIC_SetPriority  stm32f1xx_hal_cortex.o
    0x080023ee   0x00000002   PAD
    0x080023f0   0x00000028   Code   RO          840    i.HAL_NVIC_SetPriorityGrouping  stm32f1xx_hal_cortex.o
    0x08002418   0x00000134   Code   RO         2007    i.HAL_RCCEx_GetPeriphCLKFreq  stm32f1xx_hal_rcc_ex.o
    0x0800254c   0x00000130   Code   RO         2008    i.HAL_RCCEx_PeriphCLKConfig  stm32f1xx_hal_rcc_ex.o
    0x0800267c   0x0000018c   Code   RO         1900    i.HAL_RCC_ClockConfig  stm32f1xx_hal_rcc.o
    0x08002808   0x0000000c   Code   RO         1905    i.HAL_RCC_GetHCLKFreq  stm32f1xx_hal_rcc.o
    0x08002814   0x00000020   Code   RO         1907    i.HAL_RCC_GetPCLK1Freq  stm32f1xx_hal_rcc.o
    0x08002834   0x00000020   Code   RO         1908    i.HAL_RCC_GetPCLK2Freq  stm32f1xx_hal_rcc.o
    0x08002854   0x00000094   Code   RO         1909    i.HAL_RCC_GetSysClockFreq  stm32f1xx_hal_rcc.o
    0x080028e8   0x00000464   Code   RO         1912    i.HAL_RCC_OscConfig  stm32f1xx_hal_rcc.o
    0x08002d4c   0x0000009c   Code   RO         2125    i.HAL_SPI_Init      stm32f1xx_hal_spi.o
    0x08002de8   0x00000002   Code   RO         2127    i.HAL_SPI_MspInit   stm32f1xx_hal_spi.o
    0x08002dea   0x000002ee   Code   RO         2134    i.HAL_SPI_TransmitReceive  stm32f1xx_hal_spi.o
    0x080030d8   0x00000034   Code   RO          844    i.HAL_SYSTICK_Config  stm32f1xx_hal_cortex.o
    0x0800310c   0x00000002   Code   RO         3168    i.HAL_TIMEx_BreakCallback  stm32f1xx_hal_tim_ex.o
    0x0800310e   0x00000002   Code   RO         3169    i.HAL_TIMEx_CommutCallback  stm32f1xx_hal_tim_ex.o
    0x08003110   0x00000054   Code   RO         3186    i.HAL_TIMEx_MasterConfigSynchronization  stm32f1xx_hal_tim_ex.o
    0x08003164   0x00000034   Code   RO         2482    i.HAL_TIM_Base_Init  stm32f1xx_hal_tim.o
    0x08003198   0x00000024   Code   RO          168    i.HAL_TIM_Base_MspInit  stm32f1xx_hal_msp.o
    0x080031bc   0x0000002a   Code   RO         2487    i.HAL_TIM_Base_Start_IT  stm32f1xx_hal_tim.o
    0x080031e6   0x000000aa   Code   RO         2500    i.HAL_TIM_Encoder_Init  stm32f1xx_hal_tim.o
    0x08003290   0x00000002   Code   RO         2502    i.HAL_TIM_Encoder_MspInit  stm32f1xx_hal_tim.o
    0x08003292   0x0000004e   Code   RO         2503    i.HAL_TIM_Encoder_Start  stm32f1xx_hal_tim.o
    0x080032e0   0x00000002   Code   RO         2511    i.HAL_TIM_IC_CaptureCallback  stm32f1xx_hal_tim.o
    0x080032e2   0x00000196   Code   RO         2525    i.HAL_TIM_IRQHandler  stm32f1xx_hal_tim.o
    0x08003478   0x00000002   Code   RO         2528    i.HAL_TIM_OC_DelayElapsedCallback  stm32f1xx_hal_tim.o
    0x0800347a   0x00000108   Code   RO         2549    i.HAL_TIM_PWM_ConfigChannel  stm32f1xx_hal_tim.o
    0x08003582   0x00000034   Code   RO         2552    i.HAL_TIM_PWM_Init  stm32f1xx_hal_tim.o
    0x080035b6   0x00000002   PAD
    0x080035b8   0x0000008c   Code   RO         3984    i.HAL_TIM_PWM_MspInit  init.o
    0x08003644   0x00000002   Code   RO         2555    i.HAL_TIM_PWM_PulseFinishedCallback  stm32f1xx_hal_tim.o
    0x08003646   0x00000002   PAD
    0x08003648   0x00000058   Code   RO         2557    i.HAL_TIM_PWM_Start  stm32f1xx_hal_tim.o
    0x080036a0   0x00000368   Code   RO         4071    i.HAL_TIM_PeriodElapsedCallback  bldc.o
    0x08003a08   0x00000002   Code   RO         2568    i.HAL_TIM_TriggerCallback  stm32f1xx_hal_tim.o
    0x08003a0a   0x00000002   Code   RO         3440    i.HAL_UART_ErrorCallback  stm32f1xx_hal_uart.o
    0x08003a0c   0x0000014c   Code   RO         3443    i.HAL_UART_IRQHandler  stm32f1xx_hal_uart.o
    0x08003b58   0x00000072   Code   RO         3444    i.HAL_UART_Init     stm32f1xx_hal_uart.o
    0x08003bca   0x00000002   PAD
    0x08003bcc   0x000000b4   Code   RO         4519    i.HAL_UART_MspInit  usart.o
    0x08003c80   0x00000070   Code   RO         3449    i.HAL_UART_Receive_IT  stm32f1xx_hal_uart.o
    0x08003cf0   0x000000e0   Code   RO         4520    i.HAL_UART_RxCpltCallback  usart.o
    0x08003dd0   0x00000002   Code   RO         3455    i.HAL_UART_TxCpltCallback  stm32f1xx_hal_uart.o
    0x08003dd2   0x00000002   PAD
    0x08003dd4   0x00000020   Code   RO         3985    i.H_sensor_init     init.o
    0x08003df4   0x00000004   Code   RO          206    i.HardFault_Handler  stm32f1xx_it.o
    0x08003df8   0x00000038   Code   RO         4072    i.Is_Forward        bldc.o
    0x08003e30   0x00000048   Code   RO         4600    i.LowPass           foc.o
    0x08003e78   0x0000006c   Code   RO         4656    i.MX_SPI1_Init      encode.o
    0x08003ee4   0x00000004   Code   RO          207    i.MemManage_Handler  stm32f1xx_it.o
    0x08003ee8   0x00000002   Code   RO          208    i.NMI_Handler       stm32f1xx_it.o
    0x08003eea   0x00000014   Code   RO         4657    i.Parity_bit_Calculate  encode.o
    0x08003efe   0x00000002   PAD
    0x08003f00   0x0000006c   Code   RO         4602    i.ParkConvT         foc.o
    0x08003f6c   0x00000002   Code   RO          209    i.PendSV_Handler    stm32f1xx_it.o
    0x08003f6e   0x00000074   Code   RO         4173    i.Pid_Cal           motor_ctrl.o
    0x08003fe2   0x00000002   PAD
    0x08003fe4   0x00000030   Code   RO         4174    i.Pid_Conf          motor_ctrl.o
    0x08004014   0x00000028   Code   RO         1913    i.RCC_Delay         stm32f1xx_hal_rcc.o
    0x0800403c   0x00000028   Code   RO         2165    i.SPI_EndRxTxTransaction  stm32f1xx_hal_spi.o
    0x08004064   0x00000006   Code   RO         2166    i.SPI_ISCRCErrorValid  stm32f1xx_hal_spi.o
    0x0800406a   0x00000002   PAD
    0x0800406c   0x00000040   Code   RO         4658    i.SPI_ReadWrite_OneByte  encode.o
    0x080040ac   0x000000a8   Code   RO         2173    i.SPI_WaitFlagStateUntilTimeout  stm32f1xx_hal_spi.o
    0x08004154   0x00000002   Code   RO          210    i.SVC_Handler       stm32f1xx_it.o
    0x08004156   0x00000002   PAD
    0x08004158   0x00000028   Code   RO         4176    i.Speed_Rpm         motor_ctrl.o
    0x08004180   0x00000044   Code   RO         3986    i.Stop_Start_Init   init.o
    0x080041c4   0x00000008   Code   RO          211    i.SysTick_Handler   stm32f1xx_it.o
    0x080041cc   0x00000058   Code   RO          309    i.SystemInit        system_stm32f1xx.o
    0x08004224   0x00000010   Code   RO          212    i.TIM2_IRQHandler   stm32f1xx_it.o
    0x08004234   0x00000010   Code   RO          213    i.TIM3_IRQHandler   stm32f1xx_it.o
    0x08004244   0x00000010   Code   RO          214    i.TIM4_IRQHandler   stm32f1xx_it.o
    0x08004254   0x0000009c   Code   RO         2570    i.TIM_Base_SetConfig  stm32f1xx_hal_tim.o
    0x080042f0   0x00000022   Code   RO         2571    i.TIM_CCxChannelCmd  stm32f1xx_hal_tim.o
    0x08004312   0x00000002   PAD
    0x08004314   0x000000ec   Code   RO         3987    i.TIM_Init          init.o
    0x08004400   0x00000070   Code   RO         2583    i.TIM_OC1_SetConfig  stm32f1xx_hal_tim.o
    0x08004470   0x0000007c   Code   RO         2584    i.TIM_OC2_SetConfig  stm32f1xx_hal_tim.o
    0x080044ec   0x00000078   Code   RO         2585    i.TIM_OC3_SetConfig  stm32f1xx_hal_tim.o
    0x08004564   0x00000054   Code   RO         2586    i.TIM_OC4_SetConfig  stm32f1xx_hal_tim.o
    0x080045b8   0x00000014   Code   RO         3457    i.UART_DMAAbortOnError  stm32f1xx_hal_uart.o
    0x080045cc   0x00000020   Code   RO         3467    i.UART_EndRxTransfer  stm32f1xx_hal_uart.o
    0x080045ec   0x00000020   Code   RO         3468    i.UART_EndTransmit_IT  stm32f1xx_hal_uart.o
    0x0800460c   0x000000a6   Code   RO         3470    i.UART_Receive_IT   stm32f1xx_hal_uart.o
    0x080046b2   0x00000002   PAD
    0x080046b4   0x000001a0   Code   RO         3471    i.UART_SetConfig    stm32f1xx_hal_uart.o
    0x08004854   0x00000068   Code   RO         3472    i.UART_Transmit_IT  stm32f1xx_hal_uart.o
    0x080048bc   0x00000010   Code   RO         4521    i.USART3_IRQHandler  usart.o
    0x080048cc   0x00000004   Code   RO          215    i.UsageFault_Handler  stm32f1xx_it.o
    0x080048d0   0x00000028   Code   RO         4959    i.__ARM_fpclassify  m_ws.l(fpclassify.o)
    0x080048f8   0x00000010   Code   RO          846    i.__NVIC_GetPriorityGrouping  stm32f1xx_hal_cortex.o
    0x08004908   0x00000028   Code   RO          847    i.__NVIC_SetPriority  stm32f1xx_hal_cortex.o
    0x08004930   0x00000388   Code   RO         4873    i.__ieee754_rem_pio2  m_ws.l(rred.o)
    0x08004cb8   0x000000fc   Code   RO         4856    i.__kernel_cos      m_ws.l(cos_i.o)
    0x08004db4   0x000000aa   Code   RO         4961    i.__kernel_poly     m_ws.l(poly.o)
    0x08004e5e   0x00000002   PAD
    0x08004e60   0x000000ec   Code   RO         4878    i.__kernel_sin      m_ws.l(sin_i.o)
    0x08004f4c   0x00000006   Code   RO         4860    i.__mathlib_dbl_infnan  m_ws.l(dunder.o)
    0x08004f52   0x0000000c   Code   RO         4862    i.__mathlib_dbl_invalid  m_ws.l(dunder.o)
    0x08004f5e   0x00000002   PAD
    0x08004f60   0x00000010   Code   RO         4865    i.__mathlib_dbl_underflow  m_ws.l(dunder.o)
    0x08004f70   0x00000004   Code   RO         4523    i._sys_exit         usart.o
    0x08004f74   0x00000088   Code   RO         4284    i.adc_ave_filter    measure.o
    0x08004ffc   0x00000054   Code   RO         3988    i.adc_dma_enable    init.o
    0x08005050   0x00000144   Code   RO         3989    i.adc_dma_init      init.o
    0x08005194   0x00000022   Code   RO         4177    i.adrcCal           motor_ctrl.o
    0x080051b6   0x00000002   PAD
    0x080051b8   0x00000054   Code   RO         4178    i.adrcConf          motor_ctrl.o
    0x0800520c   0x000000bc   Code   RO         4179    i.adrcEso           motor_ctrl.o
    0x080052c8   0x00000070   Code   RO         4180    i.adrcLf            motor_ctrl.o
    0x08005338   0x0000008a   Code   RO         4182    i.adrcTD            motor_ctrl.o
    0x080053c2   0x00000002   PAD
    0x080053c4   0x00000044   Code   RO         4183    i.cal_motor         motor_ctrl.o
    0x08005408   0x00000008   Code   RO         3990    i.capture_init      init.o
    0x08005410   0x0000009c   Code   RO         4814    i.cos               m_ws.l(cos.o)
    0x080054ac   0x00000030   Code   RO         4184    i.ctrl_Init         motor_ctrl.o
    0x080054dc   0x0000000c   Code   RO         4403    i.delay_init        delay.o
    0x080054e8   0x0000001c   Code   RO         4525    i.fputc             usart.o
    0x08005504   0x00000038   Code   RO         4659    i.getAngle          encode.o
    0x0800553c   0x00000054   Code   RO         4076    i.gtimRestart       bldc.o
    0x08005590   0x00000088   Code   RO         3991    i.h_bridge_init     init.o
    0x08005618   0x0000003c   Code   RO         4077    i.hallsensor        bldc.o
    0x08005654   0x00000044   Code   RO         3992    i.l_bridge_init     init.o
    0x08005698   0x00000064   Code   RO            4    i.main              main.o
    0x080056fc   0x000000a0   Code   RO         4822    i.sin               m_ws.l(sin.o)
    0x0800579c   0x00000060   Code   RO         3993    i.sys_init          init.o
    0x080057fc   0x00000066   Code   RO         4452    i.sys_stm32_clock_init  sys.o
    0x08005862   0x00000002   PAD
    0x08005864   0x00000048   Code   RO         4078    i.uhvl              bldc.o
    0x080058ac   0x00000048   Code   RO         4079    i.uhwl              bldc.o
    0x080058f4   0x00000038   Code   RO         4526    i.usart_init        usart.o
    0x0800592c   0x00000048   Code   RO         4080    i.vhul              bldc.o
    0x08005974   0x00000048   Code   RO         4081    i.vhwl              bldc.o
    0x080059bc   0x00000048   Code   RO         4082    i.whul              bldc.o
    0x08005a04   0x00000048   Code   RO         4083    i.whvl              bldc.o
    0x08005a4c   0x0000002c   Code   RO         4949    locale$$code        c_w.l(lc_numeric_c.o)
    0x08005a78   0x00000062   Code   RO         4749    x$fpl$d2f           fz_ws.l(d2f.o)
    0x08005ada   0x00000002   PAD
    0x08005adc   0x00000150   Code   RO         4751    x$fpl$dadd          fz_ws.l(daddsub_clz.o)
    0x08005c2c   0x00000010   Code   RO         5027    x$fpl$dcheck1       fz_ws.l(dcheck1.o)
    0x08005c3c   0x00000018   Code   RO         4843    x$fpl$dcmpinf       fz_ws.l(dcmpi.o)
    0x08005c54   0x000002b0   Code   RO         4758    x$fpl$ddiv          fz_ws.l(ddiv.o)
    0x08005f04   0x0000005e   Code   RO         4951    x$fpl$dfix          fz_ws.l(dfix.o)
    0x08005f62   0x00000002   PAD
    0x08005f64   0x0000005a   Code   RO         4761    x$fpl$dfixu         fz_ws.l(dfixu.o)
    0x08005fbe   0x0000002e   Code   RO         4766    x$fpl$dflt          fz_ws.l(dflt_clz.o)
    0x08005fec   0x00000026   Code   RO         4765    x$fpl$dfltu         fz_ws.l(dflt_clz.o)
    0x08006012   0x00000002   PAD
    0x08006014   0x00000078   Code   RO         4771    x$fpl$dleqf         fz_ws.l(dleqf.o)
    0x0800608c   0x00000154   Code   RO         4773    x$fpl$dmul          fz_ws.l(dmul.o)
    0x080061e0   0x0000009c   Code   RO         4845    x$fpl$dnaninf       fz_ws.l(dnaninf.o)
    0x0800627c   0x0000000c   Code   RO         4847    x$fpl$dretinf       fz_ws.l(dretinf.o)
    0x08006288   0x0000006c   Code   RO         4775    x$fpl$drleqf        fz_ws.l(drleqf.o)
    0x080062f4   0x00000016   Code   RO         4752    x$fpl$drsb          fz_ws.l(daddsub_clz.o)
    0x0800630a   0x00000002   PAD
    0x0800630c   0x000001d4   Code   RO         4753    x$fpl$dsub          fz_ws.l(daddsub_clz.o)
    0x080064e0   0x00000056   Code   RO         4777    x$fpl$f2d           fz_ws.l(f2d.o)
    0x08006536   0x00000002   PAD
    0x08006538   0x000000c4   Code   RO         4779    x$fpl$fadd          fz_ws.l(faddsub_clz.o)
    0x080065fc   0x00000018   Code   RO         4849    x$fpl$fcmpinf       fz_ws.l(fcmpi.o)
    0x08006614   0x00000184   Code   RO         4786    x$fpl$fdiv          fz_ws.l(fdiv.o)
    0x08006798   0x00000036   Code   RO         4791    x$fpl$ffix          fz_ws.l(ffix.o)
    0x080067ce   0x00000002   PAD
    0x080067d0   0x00000030   Code   RO         4800    x$fpl$fflt          fz_ws.l(fflt_clz.o)
    0x08006800   0x00000026   Code   RO         4799    x$fpl$ffltu         fz_ws.l(fflt_clz.o)
    0x08006826   0x00000002   PAD
    0x08006828   0x00000068   Code   RO         4805    x$fpl$fleqf         fz_ws.l(fleqf.o)
    0x08006890   0x00000102   Code   RO         4807    x$fpl$fmul          fz_ws.l(fmul.o)
    0x08006992   0x0000008c   Code   RO         4851    x$fpl$fnaninf       fz_ws.l(fnaninf.o)
    0x08006a1e   0x0000000a   Code   RO         4853    x$fpl$fretinf       fz_ws.l(fretinf.o)
    0x08006a28   0x00000062   Code   RO         4809    x$fpl$frleqf        fz_ws.l(frleqf.o)
    0x08006a8a   0x00000014   Code   RO         4780    x$fpl$frsb          fz_ws.l(faddsub_clz.o)
    0x08006a9e   0x00000002   PAD
    0x08006aa0   0x000000ea   Code   RO         4781    x$fpl$fsub          fz_ws.l(faddsub_clz.o)
    0x08006b8a   0x00000004   Code   RO         4811    x$fpl$printf1       fz_ws.l(printf1.o)
    0x08006b8e   0x00000064   Code   RO         5039    x$fpl$retnan        fz_ws.l(retnan.o)
    0x08006bf2   0x0000005c   Code   RO         4957    x$fpl$scalbn        fz_ws.l(scalbn.o)
    0x08006c4e   0x00000030   Code   RO         5058    x$fpl$trapveneer    fz_ws.l(trapv.o)
    0x08006c7e   0x00000000   Code   RO         4855    x$fpl$usenofp       fz_ws.l(usenofp.o)
    0x08006c7e   0x00000018   Data   RO          310    .constdata          system_stm32f1xx.o
    0x08006c96   0x00000002   PAD
    0x08006c98   0x00000030   Data   RO         4857    .constdata          m_ws.l(cos_i.o)
    0x08006cc8   0x000000c8   Data   RO         4875    .constdata          m_ws.l(rred.o)
    0x08006d90   0x00000028   Data   RO         4879    .constdata          m_ws.l(sin_i.o)
    0x08006db8   0x00000094   Data   RO         4920    .constdata          c_w.l(bigflt0.o)
    0x08006e4c   0x00000020   Data   RO         5106    Region$$Table       anon$$obj.o
    0x08006e6c   0x0000001c   Data   RO         4948    locale$$data        c_w.l(lc_numeric_c.o)


    Execution Region RW_IRAM1 (Base: 0x20000000, Size: 0x00000c98, Max: 0x00005000, ABSOLUTE)

    Base Addr    Size         Type   Attr      Idx    E Section Name        Object

    0x20000000   0x00000004   Data   RW          311    .data               system_stm32f1xx.o
    0x20000004   0x00000009   Data   RW          370    .data               stm32f1xx_hal.o
    0x2000000d   0x00000003   PAD
    0x20000010   0x00000036   Data   RW         4085    .data               bldc.o
    0x20000046   0x00000002   PAD
    0x20000048   0x00000024   Data   RW         4186    .data               motor_ctrl.o
    0x2000006c   0x00000007   Data   RW         4287    .data               measure.o
    0x20000073   0x00000001   PAD
    0x20000074   0x00000004   Data   RW         4406    .data               delay.o
    0x20000078   0x0000000b   Data   RW         4528    .data               usart.o
    0x20000083   0x00000001   PAD
    0x20000084   0x00000004   Data   RW         4661    .data               encode.o
    0x20000088   0x00000208   Zero   RW         3994    .bss                init.o
    0x20000290   0x0000000a   Zero   RW         4084    .bss                bldc.o
    0x2000029a   0x00000002   PAD
    0x2000029c   0x000000d8   Zero   RW         4185    .bss                motor_ctrl.o
    0x20000374   0x00000138   Zero   RW         4286    .bss                measure.o
    0x200004ac   0x00000108   Zero   RW         4527    .bss                usart.o
    0x200005b4   0x0000002c   Zero   RW         4603    .bss                foc.o
    0x200005e0   0x00000058   Zero   RW         4660    .bss                encode.o
    0x20000638   0x00000060   Zero   RW         4964    .bss                c_w.l(libspace.o)
    0x20000698   0x00000200   Zero   RW         3974    HEAP                startup_stm32f103xb.o
    0x20000898   0x00000400   Zero   RW         3973    STACK               startup_stm32f103xb.o


==============================================================================

Image component sizes


      Code (inc. data)   RO Data    RW Data    ZI Data      Debug   Object Name

      1504        192          0         54         10       5301   bldc.o
        12          6          0          4          0        521   delay.o
       294         34          0          4         88       2481   encode.o
       384         24          0          0         44       1761   foc.o
      1336        140          0          0        520       6404   init.o
       100         50          0          0          0     513475   main.o
       180         30          0          7        312       1692   measure.o
       876         90          0         36        216       5692   motor_ctrl.o
        64         26        236          0       1536        752   startup_stm32f103xb.o
       152         32          0          9          0       5193   stm32f1xx_hal.o
      1728         58          0          0          0       8536   stm32f1xx_hal_adc.o
       262          4          0          0          0       1683   stm32f1xx_hal_adc_ex.o
       304         22          0          0          0      28931   stm32f1xx_hal_cortex.o
       764         18          0          0          0       2881   stm32f1xx_hal_dma.o
       860         40          0          0          0       2891   stm32f1xx_hal_gpio.o
        36          4          0          0          0        727   stm32f1xx_hal_msp.o
         2          0          0          0          0        398   stm32f1xx_hal_msp_template.o
      1784        110          0          0          0       5164   stm32f1xx_hal_rcc.o
       612         46          0          0          0       2077   stm32f1xx_hal_rcc_ex.o
      1122          0          0          0          0       4701   stm32f1xx_hal_spi.o
      1792         66          0          0          0      11183   stm32f1xx_hal_tim.o
        88          0          0          0          0       1925   stm32f1xx_hal_tim_ex.o
      1332         10          0          0          0       6355   stm32f1xx_hal_uart.o
        98         24          0          0          0       5283   stm32f1xx_it.o
       102          0          0          0          0        607   sys.o
        88         18         24          4          0        959   system_stm32f1xx.o
       508         64          0         11        264       4697   usart.o

    ----------------------------------------------------------------------
     16416       1108        294        136       2992     632270   Object Totals
         0          0         32          0          0          0   (incl. Generated)
        32          0          2          7          2          0   (incl. Padding)

    ----------------------------------------------------------------------

      Code (inc. data)   RO Data    RW Data    ZI Data      Debug   Library Member Name

         8          0          0          0          0         68   __main.o
       104          0          0          0          0         84   __printf.o
         0          0          0          0          0          0   __rtentry.o
        12          0          0          0          0          0   __rtentry2.o
         6          0          0          0          0          0   __rtentry4.o
        52          8          0          0          0          0   __scatter.o
        26          0          0          0          0          0   __scatter_copy.o
        28          0          0          0          0          0   __scatter_zi.o
        48          6          0          0          0         96   _printf_char_common.o
        36          4          0          0          0         80   _printf_char_file.o
         6          0          0          0          0          0   _printf_d.o
       120         16          0          0          0         92   _printf_dec.o
         6          0          0          0          0          0   _printf_f.o
      1050          0          0          0          0        216   _printf_fp_dec.o
       128         16          0          0          0         84   _printf_fp_infnan.o
       178          0          0          0          0         88   _printf_intcommon.o
         0          0          0          0          0          0   _printf_percent.o
         4          0          0          0          0          0   _printf_percent_end.o
        22          0          0          0          0        100   _rserrno.o
       220          4        148          0          0         96   bigflt0.o
      1910        128          0          0          0        672   btod.o
        12          0          0          0          0         72   exit.o
         8          0          0          0          0         68   ferror.o
         6          0          0          0          0        152   heapauxi.o
        44         10         28          0          0         76   lc_numeric_c.o
         2          0          0          0          0          0   libinit.o
        18          0          0          0          0          0   libinit2.o
         2          0          0          0          0          0   libshutdown.o
         2          0          0          0          0          0   libshutdown2.o
         8          4          0          0         96         68   libspace.o
       138          0          0          0          0         80   lludiv10.o
        24          4          0          0          0         84   noretval__2printf.o
         8          4          0          0          0         68   rt_errno_addr_intlibspace.o
         8          4          0          0          0         68   rt_locale_intlibspace.o
        78          0          0          0          0         80   rt_memclr_w.o
         2          0          0          0          0          0   rtexit.o
        10          0          0          0          0          0   rtexit2.o
       128          0          0          0          0         68   strcmpv7m.o
        74          0          0          0          0         80   sys_stackheap_outer.o
         2          0          0          0          0         68   use_no_semi.o
         2          0          0          0          0         68   use_no_semi_2.o
        98          4          0          0          0         92   d2f.o
       826         16          0          0          0        348   daddsub_clz.o
        16          4          0          0          0         68   dcheck1.o
        24          0          0          0          0         68   dcmpi.o
       688        140          0          0          0        208   ddiv.o
        94          4          0          0          0         92   dfix.o
        90          4          0          0          0         92   dfixu.o
        84          0          0          0          0        136   dflt_clz.o
       120          4          0          0          0         92   dleqf.o
       340         12          0          0          0        104   dmul.o
       156          4          0          0          0         92   dnaninf.o
        12          0          0          0          0         68   dretinf.o
       108          0          0          0          0         80   drleqf.o
        86          4          0          0          0         84   f2d.o
       450          8          0          0          0        236   faddsub_clz.o
        24          0          0          0          0         68   fcmpi.o
       388         76          0          0          0         96   fdiv.o
        54          4          0          0          0         84   ffix.o
        86          0          0          0          0        136   fflt_clz.o
       104          4          0          0          0         84   fleqf.o
       258          4          0          0          0         84   fmul.o
       140          4          0          0          0         84   fnaninf.o
        10          0          0          0          0         68   fretinf.o
        98          0          0          0          0         68   frleqf.o
         4          0          0          0          0         68   printf1.o
       100          0          0          0          0         68   retnan.o
        92          0          0          0          0         68   scalbn.o
        48          0          0          0          0         68   trapv.o
         0          0          0          0          0          0   usenofp.o
       156          8          0          0          0        104   cos.o
       252         22         48          0          0        124   cos_i.o
        34          6          0          0          0        204   dunder.o
        40          0          0          0          0         68   fpclassify.o
       170          0          0          0          0         96   poly.o
       904         76        200          0          0        140   rred.o
       160         10          0          0          0        108   sin.o
       236         12         40          0          0        128   sin_i.o

    ----------------------------------------------------------------------
     11122        638        464          0         96       6652   Library Totals
        32          0          0          0          0          0   (incl. Padding)

    ----------------------------------------------------------------------

      Code (inc. data)   RO Data    RW Data    ZI Data      Debug   Library Name

      4540        208        176          0         96       2776   c_w.l
      4598        296          0          0          0       2904   fz_ws.l
      1952        134        288          0          0        972   m_ws.l

    ----------------------------------------------------------------------
     11122        638        464          0         96       6652   Library Totals

    ----------------------------------------------------------------------

==============================================================================


      Code (inc. data)   RO Data    RW Data    ZI Data      Debug   

     27538       1746        758        136       3088     627634   Grand Totals
     27538       1746        758        136       3088     627634   ELF Image Totals
     27538       1746        758        136          0          0   ROM Totals

==============================================================================

    Total RO  Size (Code + RO Data)                28296 (  27.63kB)
    Total RW  Size (RW Data + ZI Data)              3224 (   3.15kB)
    Total ROM Size (Code + RO Data + RW Data)      28432 (  27.77kB)

==============================================================================

