Component: ARM Compiler 5.05 update 1 (build 106) Tool: armlink [4d0efa]

==============================================================================

Section Cross References

    main.o(i.main) refers to init.o(i.sys_init) for sys_init
    main.o(i.main) refers to stm32f1xx_hal_tim.o(i.HAL_TIM_Encoder_Start) for HAL_TIM_Encoder_Start
    main.o(i.main) refers to bldc.o(.bss) for motor
    main.o(i.main) refers to init.o(.bss) for htim3
    stm32f1xx_hal_msp.o(i.HAL_ADC_MspDeInit) refers to stm32f1xx_hal_gpio.o(i.HAL_GPIO_DeInit) for HAL_GPIO_DeInit
    stm32f1xx_hal_msp.o(i.HAL_ADC_MspDeInit) refers to stm32f1xx_hal_dma.o(i.HAL_DMA_DeInit) for HAL_DMA_DeInit
    stm32f1xx_hal_msp.o(i.HAL_ADC_MspDeInit) refers to stm32f1xx_hal_cortex.o(i.HAL_NVIC_DisableIRQ) for HAL_NVIC_DisableIRQ
    stm32f1xx_it.o(i.ADC1_2_IRQHandler) refers to stm32f1xx_hal_adc.o(i.HAL_ADC_IRQHandler) for HAL_ADC_IRQHandler
    stm32f1xx_it.o(i.ADC1_2_IRQHandler) refers to init.o(.bss) for AdcHandle
    stm32f1xx_it.o(i.DMA1_Channel1_IRQHandler) refers to stm32f1xx_hal_dma.o(i.HAL_DMA_IRQHandler) for HAL_DMA_IRQHandler
    stm32f1xx_it.o(i.DMA1_Channel1_IRQHandler) refers to init.o(.bss) for AdcHandle
    stm32f1xx_it.o(i.SysTick_Handler) refers to stm32f1xx_hal.o(i.HAL_IncTick) for HAL_IncTick
    stm32f1xx_it.o(i.TIM2_IRQHandler) refers to stm32f1xx_hal_tim.o(i.HAL_TIM_IRQHandler) for HAL_TIM_IRQHandler
    stm32f1xx_it.o(i.TIM2_IRQHandler) refers to init.o(.bss) for TIM2_Handler
    stm32f1xx_it.o(i.TIM3_IRQHandler) refers to stm32f1xx_hal_tim.o(i.HAL_TIM_IRQHandler) for HAL_TIM_IRQHandler
    stm32f1xx_it.o(i.TIM3_IRQHandler) refers to init.o(.bss) for htim3
    stm32f1xx_it.o(i.TIM4_IRQHandler) refers to stm32f1xx_hal_tim.o(i.HAL_TIM_IRQHandler) for HAL_TIM_IRQHandler
    stm32f1xx_it.o(i.TIM4_IRQHandler) refers to init.o(.bss) for htim4
    system_stm32f1xx.o(i.SystemCoreClockUpdate) refers to system_stm32f1xx.o(.data) for SystemCoreClock
    system_stm32f1xx.o(i.SystemCoreClockUpdate) refers to system_stm32f1xx.o(.constdata) for AHBPrescTable
    stm32f1xx_hal.o(i.HAL_DeInit) refers to stm32f1xx_hal_msp_template.o(i.HAL_MspDeInit) for HAL_MspDeInit
    stm32f1xx_hal.o(i.HAL_Delay) refers to stm32f1xx_hal.o(i.HAL_GetTick) for HAL_GetTick
    stm32f1xx_hal.o(i.HAL_Delay) refers to stm32f1xx_hal.o(.data) for uwTickFreq
    stm32f1xx_hal.o(i.HAL_GetTick) refers to stm32f1xx_hal.o(.data) for uwTick
    stm32f1xx_hal.o(i.HAL_GetTickFreq) refers to stm32f1xx_hal.o(.data) for uwTickFreq
    stm32f1xx_hal.o(i.HAL_GetTickPrio) refers to stm32f1xx_hal.o(.data) for uwTickPrio
    stm32f1xx_hal.o(i.HAL_IncTick) refers to stm32f1xx_hal.o(.data) for uwTick
    stm32f1xx_hal.o(i.HAL_Init) refers to stm32f1xx_hal_cortex.o(i.HAL_NVIC_SetPriorityGrouping) for HAL_NVIC_SetPriorityGrouping
    stm32f1xx_hal.o(i.HAL_Init) refers to stm32f1xx_hal.o(i.HAL_InitTick) for HAL_InitTick
    stm32f1xx_hal.o(i.HAL_Init) refers to stm32f1xx_hal_msp_template.o(i.HAL_MspInit) for HAL_MspInit
    stm32f1xx_hal.o(i.HAL_InitTick) refers to stm32f1xx_hal_cortex.o(i.HAL_SYSTICK_Config) for HAL_SYSTICK_Config
    stm32f1xx_hal.o(i.HAL_InitTick) refers to stm32f1xx_hal_cortex.o(i.HAL_NVIC_SetPriority) for HAL_NVIC_SetPriority
    stm32f1xx_hal.o(i.HAL_InitTick) refers to stm32f1xx_hal.o(.data) for uwTickFreq
    stm32f1xx_hal.o(i.HAL_InitTick) refers to system_stm32f1xx.o(.data) for SystemCoreClock
    stm32f1xx_hal.o(i.HAL_SetTickFreq) refers to stm32f1xx_hal.o(i.HAL_InitTick) for HAL_InitTick
    stm32f1xx_hal.o(i.HAL_SetTickFreq) refers to stm32f1xx_hal.o(.data) for uwTickFreq
    stm32f1xx_hal_adc.o(i.ADC_ConversionStop_Disable) refers to stm32f1xx_hal.o(i.HAL_GetTick) for HAL_GetTick
    stm32f1xx_hal_adc.o(i.ADC_DMAConvCplt) refers to measure.o(i.HAL_ADC_ConvCpltCallback) for HAL_ADC_ConvCpltCallback
    stm32f1xx_hal_adc.o(i.ADC_DMAError) refers to stm32f1xx_hal_adc.o(i.HAL_ADC_ErrorCallback) for HAL_ADC_ErrorCallback
    stm32f1xx_hal_adc.o(i.ADC_DMAHalfConvCplt) refers to stm32f1xx_hal_adc.o(i.HAL_ADC_ConvHalfCpltCallback) for HAL_ADC_ConvHalfCpltCallback
    stm32f1xx_hal_adc.o(i.ADC_Enable) refers to stm32f1xx_hal.o(i.HAL_GetTick) for HAL_GetTick
    stm32f1xx_hal_adc.o(i.ADC_Enable) refers to system_stm32f1xx.o(.data) for SystemCoreClock
    stm32f1xx_hal_adc.o(i.HAL_ADC_ConfigChannel) refers to system_stm32f1xx.o(.data) for SystemCoreClock
    stm32f1xx_hal_adc.o(i.HAL_ADC_DeInit) refers to stm32f1xx_hal_adc.o(i.ADC_ConversionStop_Disable) for ADC_ConversionStop_Disable
    stm32f1xx_hal_adc.o(i.HAL_ADC_DeInit) refers to stm32f1xx_hal_msp.o(i.HAL_ADC_MspDeInit) for HAL_ADC_MspDeInit
    stm32f1xx_hal_adc.o(i.HAL_ADC_IRQHandler) refers to measure.o(i.HAL_ADC_ConvCpltCallback) for HAL_ADC_ConvCpltCallback
    stm32f1xx_hal_adc.o(i.HAL_ADC_IRQHandler) refers to stm32f1xx_hal_adc_ex.o(i.HAL_ADCEx_InjectedConvCpltCallback) for HAL_ADCEx_InjectedConvCpltCallback
[...]
    i.HAL_SPI_TransmitReceive                0x08001ce6   Section        0  stm32f1xx_hal_spi.o(i.HAL_SPI_TransmitReceive)
    i.HAL_SYSTICK_Config                     0x08001fd4   Section        0  stm32f1xx_hal_cortex.o(i.HAL_SYSTICK_Config)
    i.HAL_TIMEx_BreakCallback                0x08002008   Section        0  stm32f1xx_hal_tim_ex.o(i.HAL_TIMEx_BreakCallback)
    i.HAL_TIMEx_CommutCallback               0x0800200a   Section        0  stm32f1xx_hal_tim_ex.o(i.HAL_TIMEx_CommutCallback)
    i.HAL_TIMEx_MasterConfigSynchronization  0x0800200c   Section        0  stm32f1xx_hal_tim_ex.o(i.HAL_TIMEx_MasterConfigSynchronization)
    i.HAL_TIM_Base_Init                      0x08002060   Section        0  stm32f1xx_hal_tim.o(i.HAL_TIM_Base_Init)
    i.HAL_TIM_Base_MspInit                   0x08002094   Section        0  stm32f1xx_hal_msp.o(i.HAL_TIM_Base_MspInit)
    i.HAL_TIM_Base_Start_IT                  0x080020b8   Section        0  stm32f1xx_hal_tim.o(i.HAL_TIM_Base_Start_IT)
    i.HAL_TIM_Encoder_Init                   0x080020e2   Section        0  stm32f1xx_hal_tim.o(i.HAL_TIM_Encoder_Init)
    i.HAL_TIM_Encoder_MspInit                0x0800218c   Section        0  stm32f1xx_hal_tim.o(i.HAL_TIM_Encoder_MspInit)
    i.HAL_TIM_Encoder_Start                  0x0800218e   Section        0  stm32f1xx_hal_tim.o(i.HAL_TIM_Encoder_Start)
    i.HAL_TIM_IC_CaptureCallback             0x080021dc   Section        0  stm32f1xx_hal_tim.o(i.HAL_TIM_IC_CaptureCallback)
    i.HAL_TIM_IRQHandler                     0x080021de   Section        0  stm32f1xx_hal_tim.o(i.HAL_TIM_IRQHandler)
    i.HAL_TIM_OC_DelayElapsedCallback        0x08002374   Section        0  stm32f1xx_hal_tim.o(i.HAL_TIM_OC_DelayElapsedCallback)
    i.HAL_TIM_PWM_ConfigChannel              0x08002376   Section        0  stm32f1xx_hal_tim.o(i.HAL_TIM_PWM_ConfigChannel)
    i.HAL_TIM_PWM_Init                       0x0800247e   Section        0  stm32f1xx_hal_tim.o(i.HAL_TIM_PWM_Init)
    i.HAL_TIM_PWM_MspInit                    0x080024b4   Section        0  init.o(i.HAL_TIM_PWM_MspInit)
    i.HAL_TIM_PWM_PulseFinishedCallback      0x08002540   Section        0  stm32f1xx_hal_tim.o(i.HAL_TIM_PWM_PulseFinishedCallback)
    i.HAL_TIM_PWM_Start                      0x08002544   Section        0  stm32f1xx_hal_tim.o(i.HAL_TIM_PWM_Start)
    i.HAL_TIM_PeriodElapsedCallback          0x0800259c   Section        0  bldc.o(i.HAL_TIM_PeriodElapsedCallback)
    i.HAL_TIM_TriggerCallback                0x080026e8   Section        0  stm32f1xx_hal_tim.o(i.HAL_TIM_TriggerCallback)
    i.HAL_UART_ErrorCallback                 0x080026ea   Section        0  stm32f1xx_hal_uart.o(i.HAL_UART_ErrorCallback)
    i.HAL_UART_IRQHandler                    0x080026ec   Section        0  stm32f1xx_hal_uart.o(i.HAL_UART_IRQHandler)
    i.HAL_UART_Init                          0x08002838   Section        0  stm32f1xx_hal_uart.o(i.HAL_UART_Init)
    i.HAL_UART_MspInit                       0x080028ac   Section        0  usart.o(i.HAL_UART_MspInit)
    i.HAL_UART_Receive_IT                    0x08002960   Section        0  stm32f1xx_hal_uart.o(i.HAL_UART_Receive_IT)
    i.HAL_UART_RxCpltCallback                0x080029d0   Section        0  usart.o(i.HAL_UART_RxCpltCallback)
    i.HAL_UART_TxCpltCallback                0x08002a6c   Section        0  stm32f1xx_hal_uart.o(i.HAL_UART_TxCpltCallback)
    i.H_sensor_init                          0x08002a70   Section        0  init.o(i.H_sensor_init)
    i.HardFault_Handler                      0x08002a90   Section        0  stm32f1xx_it.o(i.HardFault_Handler)
    i.Is_Forward                             0x08002a94   Section        0  bldc.o(i.Is_Forward)
    i.LowPass                                0x08002acc   Section        0  foc.o(i.LowPass)
    i.MX_SPI1_Init                           0x08002b14   Section        0  encode.o(i.MX_SPI1_Init)
    i.MemManage_Handler                      0x08002b80   Section        0  stm32f1xx_it.o(i.MemManage_Handler)
    i.NMI_Handler                            0x08002b84   Section        0  stm32f1xx_it.o(i.NMI_Handler)
    i.Parity_bit_Calculate                   0x08002b86   Section        0  encode.o(i.Parity_bit_Calculate)
    i.ParkConvT                              0x08002b9c   Section        0  foc.o(i.ParkConvT)
    i.PendSV_Handler                         0x08002c08   Section        0  stm32f1xx_it.o(i.PendSV_Handler)
    i.Pid_Cal                                0x08002c0a   Section        0  motor_ctrl.o(i.Pid_Cal)
    i.Pid_Conf                               0x08002c80   Section        0  motor_ctrl.o(i.Pid_Conf)
    i.RCC_Delay                              0x08002cb0   Section        0  stm32f1xx_hal_rcc.o(i.RCC_Delay)
    RCC_Delay                                0x08002cb1   Thumb Code    36  stm32f1xx_hal_rcc.o(i.RCC_Delay)
    i.SPI_EndRxTxTransaction                 0x08002cd8   Section        0  stm32f1xx_hal_spi.o(i.SPI_EndRxTxTransaction)
    SPI_EndRxTxTransaction                   0x08002cd9   Thumb Code    40  stm32f1xx_hal_spi.o(i.SPI_EndRxTxTransaction)
    i.SPI_ISCRCErrorValid                    0x08002d00   Section        0  stm32f1xx_hal_spi.o(i.SPI_ISCRCErrorValid)
    i.SPI_ReadWrite_OneByte                  0x08002d08   Section        0  encode.o(i.SPI_ReadWrite_OneByte)
    i.SPI_WaitFlagStateUntilTimeout          0x08002d48   Section        0  stm32f1xx_hal_spi.o(i.SPI_WaitFlagStateUntilTimeout)
    SPI_WaitFlagStateUntilTimeout            0x08002d49   Thumb Code   168  stm32f1xx_hal_spi.o(i.SPI_WaitFlagStateUntilTimeout)
    i.SVC_Handler                            0x08002df0   Section        0  stm32f1xx_it.o(i.SVC_Handler)
    i.Speed_Rpm                              0x08002df4   Section        0  motor_ctrl.o(i.Speed_Rpm)
    i.Stop_Start_Init                        0x08002e48   Section        0  init.o(i.Stop_Start_Init)
    i.SysTick_Handler                        0x08002e8c   Section        0  stm32f1xx_it.o(i.SysTick_Handler)
    i.SystemInit                             0x08002e94   Section        0  system_stm32f1xx.o(i.SystemInit)
    i.TIM2_IRQHandler                        0x08002eec   Section        0  stm32f1xx_it.o(i.TIM2_IRQHandler)
    i.TIM3_IRQHandler                        0x08002efc   Section        0  stm32f1xx_it.o(i.TIM3_IRQHandler)
    i.TIM4_IRQHandler                        0x08002f0c   Section        0  stm32f1xx_it.o(i.TIM4_IRQHandler)
    i.TIM_Base_SetConfig                     0x08002f1c   Section        0  stm32f1xx_hal_tim.o(i.TIM_Base_SetConfig)
    i.TIM_CCxChannelCmd                      0x08002fb8   Section        0  stm32f1xx_hal_tim.o(i.TIM_CCxChannelCmd)
    i.TIM_Init                               0x08002fdc   Section        0  init.o(i.TIM_Init)
    i.TIM_OC1_SetConfig                      0x0800308c   Section        0  stm32f1xx_hal_tim.o(i.TIM_OC1_SetConfig)
    TIM_OC1_SetConfig                        0x0800308d   Thumb Code   104  stm32f1xx_hal_tim.o(i.TIM_OC1_SetConfig)
    i.TIM_OC2_SetConfig                      0x080030fc   Section        0  stm32f1xx_hal_tim.o(i.TIM_OC2_SetConfig)
    i.TIM_OC3_SetConfig                      0x08003178   Section        0  stm32f1xx_hal_tim.o(i.TIM_OC3_SetConfig)
    TIM_OC3_SetConfig                        0x08003179   Thumb Code   112  stm32f1xx_hal_tim.o(i.TIM_OC3_SetConfig)
    i.TIM_OC4_SetConfig                      0x080031f0   Section        0  stm32f1xx_hal_tim.o(i.TIM_OC4_SetConfig)
    TIM_OC4_SetConfig                        0x080031f1   Thumb Code    74  stm32f1xx_hal_tim.o(i.TIM_OC4_SetConfig)
    i.UART_DMAAbortOnError                   0x08003244   Section        0  stm32f1xx_hal_uart.o(i.UART_DMAAbortOnError)
    UART_DMAAbortOnError                     0x08003245   Thumb Code    20  stm32f1xx_hal_uart.o(i.UART_DMAAbortOnError)
    i.UART_EndRxTransfer                     0x08003258   Section        0  stm32f1xx_hal_uart.o(i.UART_EndRxTransfer)
    UART_EndRxTransfer                       0x08003259   Thumb Code    32  stm32f1xx_hal_uart.o(i.UART_EndRxTransfer)
    i.UART_EndTransmit_IT                    0x08003278   Section        0  stm32f1xx_hal_uart.o(i.UART_EndTransmit_IT)
    UART_EndTransmit_IT                      0x08003279   Thumb Code    32  stm32f1xx_hal_uart.o(i.UART_EndTransmit_IT)
    i.UART_Receive_IT                        0x08003298   Section        0  stm32f1xx_hal_uart.o(i.UART_Receive_IT)
    UART_Receive_IT                          0x08003299   Thumb Code   166  stm32f1xx_hal_uart.o(i.UART_Receive_IT)
    i.UART_SetConfig                         0x08003340   Section        0  stm32f1xx_hal_uart.o(i.UART_SetConfig)
    UART_SetConfig                           0x08003341   Thumb Code   412  stm32f1xx_hal_uart.o(i.UART_SetConfig)
    i.UART_Transmit_IT                       0x080034e0   Section        0  stm32f1xx_hal_uart.o(i.UART_Transmit_IT)
    UART_Transmit_IT                         0x080034e1   Thumb Code   104  stm32f1xx_hal_uart.o(i.UART_Transmit_IT)
    i.USART1_IRQHandler                      0x08003548   Section        0  usart.o(i.USART1_IRQHandler)
    i.UsageFault_Handler                     0x08003558   Section        0  stm32f1xx_it.o(i.UsageFault_Handler)
    i.__ARM_fpclassify                       0x0800355c   Section        0  fpclassify.o(i.__ARM_fpclassify)
    i.__NVIC_GetPriorityGrouping             0x08003584   Section        0  stm32f1xx_hal_cortex.o(i.__NVIC_GetPriorityGrouping)
    __NVIC_GetPriorityGrouping               0x08003585   Thumb Code    10  stm32f1xx_hal_cortex.o(i.__NVIC_GetPriorityGrouping)
    i.__NVIC_SetPriority                     0x08003594   Section        0  stm32f1xx_hal_cortex.o(i.__NVIC_SetPriority)
    __NVIC_SetPriority                       0x08003595   Thumb Code    32  stm32f1xx_hal_cortex.o(i.__NVIC_SetPriority)
    i.__ieee754_rem_pio2                     0x080035bc   Section        0  rred.o(i.__ieee754_rem_pio2)
    i.__kernel_cos                           0x08003944   Section        0  cos_i.o(i.__kernel_cos)
    i.__kernel_poly                          0x08003a40   Section        0  poly.o(i.__kernel_poly)
    i.__kernel_sin                           0x08003aec   Section        0  sin_i.o(i.__kernel_sin)
    i.__mathlib_dbl_infnan                   0x08003bd8   Section        0  dunder.o(i.__mathlib_dbl_infnan)
    i.__mathlib_dbl_invalid                  0x08003bde   Section        0  dunder.o(i.__mathlib_dbl_invalid)
    i.__mathlib_dbl_underflow                0x08003bec   Section        0  dunder.o(i.__mathlib_dbl_underflow)
    i._sys_exit                              0x08003bfc   Section        0  usart.o(i._sys_exit)
    i.adc_ave_filter                         0x08003c00   Section        0  measure.o(i.adc_ave_filter)
    i.adc_offset                             0x08003c5c   Section        0  measure.o(i.adc_offset)
    i.adrcConf                               0x08003cb4   Section        0  motor_ctrl.o(i.adrcConf)
    i.cal_motor                              0x08003d08   Section        0  motor_ctrl.o(i.cal_motor)
    i.capture_init                           0x08003d4c   Section        0  init.o(i.capture_init)
    i.cos                                    0x08003d54   Section        0  cos.o(i.cos)
    i.ctrl_Init                              0x08003df0   Section        0  motor_ctrl.o(i.ctrl_Init)
    i.delay_init                             0x08003e0c   Section        0  delay.o(i.delay_init)
    i.getAngle                               0x08003e18   Section        0  encode.o(i.getAngle)
    i.gtimRestart                            0x08003e50   Section        0  bldc.o(i.gtimRestart)
    i.h_bridge_init                          0x08003ea4   Section        0  init.o(i.h_bridge_init)
    i.hallsensor                             0x08003f2c   Section        0  bldc.o(i.hallsensor)
    i.l_bridge_init                          0x08003f68   Section        0  init.o(i.l_bridge_init)
    i.main                                   0x08003fac   Section        0  main.o(i.main)
    i.sin                                    0x08003fd8   Section        0  sin.o(i.sin)
    i.sys_init                               0x08004078   Section        0  init.o(i.sys_init)
    i.sys_stm32_clock_init                   0x080040ba   Section        0  sys.o(i.sys_stm32_clock_init)
    i.uhvl                                   0x08004120   Section        0  bldc.o(i.uhvl)
    i.uhwl                                   0x08004168   Section        0  bldc.o(i.uhwl)
    i.usart_init                             0x080041b0   Section        0  usart.o(i.usart_init)
    i.vhul                                   0x080041e8   Section        0  bldc.o(i.vhul)
    i.vhwl                                   0x08004230   Section        0  bldc.o(i.vhwl)
    i.whul                                   0x08004278   Section        0  bldc.o(i.whul)
    i.whvl                                   0x080042c0   Section        0  bldc.o(i.whvl)
    x$fpl$d2f                                0x08004308   Section       98  d2f.o(x$fpl$d2f)
    x$fpl$dadd                               0x0800436c   Section      336  daddsub_clz.o(x$fpl$dadd)
    _dadd1                                   0x0800437d   Thumb Code     0  daddsub_clz.o(x$fpl$dadd)
    x$fpl$dcheck1                            0x080044bc   Section       16  dcheck1.o(x$fpl$dcheck1)
    x$fpl$dcmpinf                            0x080044cc   Section       24  dcmpi.o(x$fpl$dcmpinf)
    x$fpl$ddiv                               0x080044e4   Section      688  ddiv.o(x$fpl$ddiv)
    ddiv_entry                               0x080044eb   Thumb Code     0  ddiv.o(x$fpl$ddiv)
    x$fpl$dfix                               0x08004794   Section       94  dfix.o(x$fpl$dfix)
    x$fpl$dfixu                              0x080047f4   Section       90  dfixu.o(x$fpl$dfixu)
    x$fpl$dflt                               0x0800484e   Section       46  dflt_clz.o(x$fpl$dflt)
    x$fpl$dfltu                              0x0800487c   Section       38  dflt_clz.o(x$fpl$dfltu)
    x$fpl$dleqf                              0x080048a4   Section      120  dleqf.o(x$fpl$dleqf)
    x$fpl$dmul                               0x0800491c   Section      340  dmul.o(x$fpl$dmul)
    x$fpl$dnaninf                            0x08004a70   Section      156  dnaninf.o(x$fpl$dnaninf)
    x$fpl$dretinf                            0x08004b0c   Section       12  dretinf.o(x$fpl$dretinf)
    x$fpl$drleqf                             0x08004b18   Section      108  drleqf.o(x$fpl$drleqf)
    x$fpl$drsb                               0x08004b84   Section       22  daddsub_clz.o(x$fpl$drsb)
    x$fpl$dsub                               0x08004b9c   Section      468  daddsub_clz.o(x$fpl$dsub)
    _dsub1                                   0x08004bad   Thumb Code     0  daddsub_clz.o(x$fpl$dsub)
    x$fpl$f2d                                0x08004d70   Section       86  f2d.o(x$fpl$f2d)
    x$fpl$fadd                               0x08004dc8   Section      196  faddsub_clz.o(x$fpl$fadd)
    _fadd1                                   0x08004dd7   Thumb Code     0  faddsub_clz.o(x$fpl$fadd)
    x$fpl$fcmpinf                            0x08004e8c   Section       24  fcmpi.o(x$fpl$fcmpinf)
    x$fpl$fdiv                               0x08004ea4   Section      388  fdiv.o(x$fpl$fdiv)
    _fdiv1                                   0x08004ea5   Thumb Code     0  fdiv.o(x$fpl$fdiv)
    x$fpl$ffix                               0x08005028   Section       54  ffix.o(x$fpl$ffix)
    x$fpl$fflt                               0x08005060   Section       48  fflt_clz.o(x$fpl$fflt)
    x$fpl$ffltu                              0x08005090   Section       38  fflt_clz.o(x$fpl$ffltu)
    x$fpl$fleqf                              0x080050b8   Section      104  fleqf.o(x$fpl$fleqf)
    x$fpl$fmul                               0x08005120   Section      258  fmul.o(x$fpl$fmul)
    x$fpl$fnaninf                            0x08005222   Section      140  fnaninf.o(x$fpl$fnaninf)
    x$fpl$fretinf                            0x080052ae   Section       10  fretinf.o(x$fpl$fretinf)
    x$fpl$frleqf                             0x080052b8   Section       98  frleqf.o(x$fpl$frleqf)
    x$fpl$fsub                               0x0800531c   Section      234  faddsub_clz.o(x$fpl$fsub)
    _fsub1                                   0x0800532b   Thumb Code     0  faddsub_clz.o(x$fpl$fsub)
    x$fpl$retnan                             0x08005406   Section      100  retnan.o(x$fpl$retnan)
    x$fpl$scalbn                             0x0800546a   Section       92  scalbn.o(x$fpl$scalbn)
    x$fpl$trapveneer                         0x080054c6   Section       48  trapv.o(x$fpl$trapveneer)
    .constdata                               0x080054f6   Section       24  system_stm32f1xx.o(.constdata)
    x$fpl$usenofp                            0x080054f6   Section        0  usenofp.o(x$fpl$usenofp)
    .constdata                               0x08005510   Section       48  cos_i.o(.constdata)
    C                                        0x08005510   Data          48  cos_i.o(.constdata)
    .constdata                               0x08005540   Section      200  rred.o(.constdata)
    pio2s                                    0x08005540   Data          48  rred.o(.constdata)
    twooverpi                                0x08005570   Data         152  rred.o(.constdata)
    .constdata                               0x08005608   Section       40  sin_i.o(.constdata)
    S                                        0x08005608   Data          40  sin_i.o(.constdata)
    .data                                    0x20000000   Section        4  system_stm32f1xx.o(.data)
    .data                                    0x20000004   Section        9  stm32f1xx_hal.o(.data)
    .data                                    0x20000010   Section       54  bldc.o(.data)
    .data                                    0x20000048   Section       36  motor_ctrl.o(.data)
    .data                                    0x2000006c   Section        6  measure.o(.data)
    .data                                    0x20000074   Section        4  delay.o(.data)
    g_fac_us                                 0x20000074   Data           4  delay.o(.data)
    .data                                    0x20000078   Section        7  usart.o(.data)
    .data                                    0x20000080   Section        4  encode.o(.data)
    .bss                                     0x20000084   Section      388  init.o(.bss)
    .bss                                     0x20000208   Section       10  bldc.o(.bss)
    .bss                                     0x20000214   Section       92  motor_ctrl.o(.bss)
    .bss                                     0x20000270   Section      510  measure.o(.bss)
    .bss                                     0x20000470   Section      264  usart.o(.bss)
    .bss                                     0x20000578   Section       44  foc.o(.bss)
    .bss                                     0x200005a4   Section       88  encode.o(.bss)
    .bss                                     0x200005fc   Section       96  libspace.o(.bss)
    HEAP                                     0x20000660   Section      512  startup_stm32f103xb.o(HEAP)
    Heap_Mem                                 0x20000660   Data         512  startup_stm32f103xb.o(HEAP)
    STACK                                    0x20000860   Section     1024  startup_stm32f103xb.o(STACK)
    Stack_Mem                                0x20000860   Data        1024  startup_stm32f103xb.o(STACK)
    __initial_sp                             0x20000c60   Data           0  startup_stm32f103xb.o(STACK)

    Global Symbols

    Symbol Name                              Value     Ov Type        Size  Object(Section)

    BuildAttributes$$THM_ISAv4$P$D$K$B$S$PE$A:L22UL41UL21$X:L11$S22US41US21$IEEE1$IW$USESV6$~STKCKD$USESV7$~SHL$OTIME$ROPI$IEEEX$EBA8$UX$STANDARDLIB$REQ8$PRES8$EABIv2 0x00000000   Number         0  anon$$obj.o ABSOLUTE
    __ARM_use_no_argv                        0x00000000   Number         0  main.o ABSOLUTE
    __ARM_exceptions_init                     - Undefined Weak Reference
    __alloca_initialize                       - Undefined Weak Reference
    __arm_preinit_                            - Undefined Weak Reference
    __cpp_initialize__aeabi_                  - Undefined Weak Reference
    __cxa_finalize                            - Undefined Weak Reference
    __rt_locale                               - Undefined Weak Reference
    __sigvec_lookup                           - Undefined Weak Reference
    _atexit_init                              - Undefined Weak Reference
    _call_atexit_fns                          - Undefined Weak Reference
    _clock_init                               - Undefined Weak Reference
    _fp_trap_init                             - Undefined Weak Reference
    _fp_trap_shutdown                         - Undefined Weak Reference
    _get_lc_collate                           - Undefined Weak Reference
    _get_lc_ctype                             - Undefined Weak Reference
    _get_lc_monetary                          - Undefined Weak Reference
    _get_lc_numeric                           - Undefined Weak Reference
    _get_lc_time                              - Undefined Weak Reference
    _getenv_init                              - Undefined Weak Reference
    _handle_redirection                       - Undefined Weak Reference
    _init_alloc                               - Undefined Weak Reference
    _init_user_alloc                          - Undefined Weak Reference
    _initio                                   - Undefined Weak Reference
    _rand_init                                - Undefined Weak Reference
    _signal_finish                            - Undefined Weak Reference
    _signal_init                              - Undefined Weak Reference
    _terminate_alloc                          - Undefined Weak Reference
    _terminate_user_alloc                     - Undefined Weak Reference
    _terminateio                              - Undefined Weak Reference
    __Vectors_Size                           0x000000ec   Number         0  startup_stm32f103xb.o ABSOLUTE
    __Vectors                                0x08000000   Data           4  startup_stm32f103xb.o(RESET)
    __Vectors_End                            0x080000ec   Data           0  startup_stm32f103xb.o(RESET)
    __main                                   0x080000ed   Thumb Code     8  __main.o(!!!main)
    __scatterload                            0x080000f5   Thumb Code     0  __scatter.o(!!!scatter)
    __scatterload_rt2                        0x080000f5   Thumb Code    44  __scatter.o(!!!scatter)
    __scatterload_rt2_thumb_only             0x080000f5   Thumb Code     0  __scatter.o(!!!scatter)
    __scatterload_null                       0x08000103   Thumb Code     0  __scatter.o(!!!scatter)
    __scatterload_copy                       0x08000129   Thumb Code    26  __scatter_copy.o(!!handler_copy)
    __scatterload_zeroinit                   0x08000145   Thumb Code    28  __scatter_zi.o(!!handler_zi)
    __rt_lib_init                            0x08000161   Thumb Code     0  libinit.o(.ARM.Collect$$libinit$$00000000)
    __rt_lib_init_alloca_1                   0x08000163   Thumb Code     0  libinit2.o(.ARM.Collect$$libinit$$0000002E)
    __rt_lib_init_argv_1                     0x08000163   Thumb Code     0  libinit2.o(.ARM.Collect$$libinit$$0000002C)
    __rt_lib_init_atexit_1                   0x08000163   Thumb Code     0  libinit2.o(.ARM.Collect$$libinit$$0000001B)
    __rt_lib_init_clock_1                    0x08000163   Thumb Code     0  libinit2.o(.ARM.Collect$$libinit$$00000021)
    __rt_lib_init_cpp_1                      0x08000163   Thumb Code     0  libinit2.o(.ARM.Collect$$libinit$$00000032)
    __rt_lib_init_exceptions_1               0x08000163   Thumb Code     0  libinit2.o(.ARM.Collect$$libinit$$00000030)
    __rt_lib_init_fp_1                       0x08000163   Thumb Code     0  libinit2.o(.ARM.Collect$$libinit$$00000002)
    __rt_lib_init_fp_trap_1                  0x08000163   Thumb Code     0  libinit2.o(.ARM.Collect$$libinit$$0000001F)
    __rt_lib_init_getenv_1                   0x08000163   Thumb Code     0  libinit2.o(.ARM.Collect$$libinit$$00000023)
    __rt_lib_init_heap_1                     0x08000163   Thumb Code     0  libinit2.o(.ARM.Collect$$libinit$$0000000A)
    __rt_lib_init_lc_collate_1               0x08000163   Thumb Code     0  libinit2.o(.ARM.Collect$$libinit$$00000011)
    __rt_lib_init_lc_ctype_1                 0x08000163   Thumb Code     0  libinit2.o(.ARM.Collect$$libinit$$00000013)
    __rt_lib_init_lc_monetary_1              0x08000163   Thumb Code     0  libinit2.o(.ARM.Collect$$libinit$$00000015)
    __rt_lib_init_lc_numeric_1               0x08000163   Thumb Code     0  libinit2.o(.ARM.Collect$$libinit$$00000017)
    __rt_lib_init_lc_time_1                  0x08000163   Thumb Code     0  libinit2.o(.ARM.Collect$$libinit$$00000019)
    __rt_lib_init_preinit_1                  0x08000163   Thumb Code     0  libinit2.o(.ARM.Collect$$libinit$$00000004)
    __rt_lib_init_rand_1                     0x08000163   Thumb Code     0  libinit2.o(.ARM.Collect$$libinit$$0000000E)
    __rt_lib_init_return                     0x08000163   Thumb Code     0  libinit2.o(.ARM.Collect$$libinit$$00000033)
    __rt_lib_init_signal_1                   0x08000163   Thumb Code     0  libinit2.o(.ARM.Collect$$libinit$$0000001D)
    __rt_lib_init_stdio_1                    0x08000163   Thumb Code     0  libinit2.o(.ARM.Collect$$libinit$$00000025)
    __rt_lib_init_user_alloc_1               0x08000163   Thumb Code     0  libinit2.o(.ARM.Collect$$libinit$$0000000C)
    __rt_lib_shutdown                        0x08000165   Thumb Code     0  libshutdown.o(.ARM.Collect$$libshutdown$$00000000)
    __rt_lib_shutdown_fp_trap_1              0x08000167   Thumb Code     0  libshutdown2.o(.ARM.Collect$$libshutdown$$00000006)
    __rt_lib_shutdown_heap_1                 0x08000167   Thumb Code     0  libshutdown2.o(.ARM.Collect$$libshutdown$$0000000E)
    __rt_lib_shutdown_return                 0x08000167   Thumb Code     0  libshutdown2.o(.ARM.Collect$$libshutdown$$0000000F)
    __rt_lib_shutdown_signal_1               0x08000167   Thumb Code     0  libshutdown2.o(.ARM.Collect$$libshutdown$$00000009)
    __rt_lib_shutdown_stdio_1                0x08000167   Thumb Code     0  libshutdown2.o(.ARM.Collect$$libshutdown$$00000003)
    __rt_lib_shutdown_user_alloc_1           0x08000167   Thumb Code     0  libshutdown2.o(.ARM.Collect$$libshutdown$$0000000B)
    __rt_entry                               0x08000169   Thumb Code     0  __rtentry.o(.ARM.Collect$$rtentry$$00000000)
    __rt_entry_presh_1                       0x08000169   Thumb Code     0  __rtentry2.o(.ARM.Collect$$rtentry$$00000002)
    __rt_entry_sh                            0x08000169   Thumb Code     0  __rtentry4.o(.ARM.Collect$$rtentry$$00000004)
    __rt_entry_li                            0x0800016f   Thumb Code     0  __rtentry2.o(.ARM.Collect$$rtentry$$0000000A)
    __rt_entry_postsh_1                      0x0800016f   Thumb Code     0  __rtentry2.o(.ARM.Collect$$rtentry$$00000009)
    __rt_entry_main                          0x08000173   Thumb Code     0  __rtentry2.o(.ARM.Collect$$rtentry$$0000000D)
    __rt_entry_postli_1                      0x08000173   Thumb Code     0  __rtentry2.o(.ARM.Collect$$rtentry$$0000000C)
    __rt_exit                                0x0800017b   Thumb Code     0  rtexit.o(.ARM.Collect$$rtexit$$00000000)
    __rt_exit_ls                             0x0800017d   Thumb Code     0  rtexit2.o(.ARM.Collect$$rtexit$$00000003)
    __rt_exit_prels_1                        0x0800017d   Thumb Code     0  rtexit2.o(.ARM.Collect$$rtexit$$00000002)
    __rt_exit_exit                           0x08000181   Thumb Code     0  rtexit2.o(.ARM.Collect$$rtexit$$00000004)
    Reset_Handler                            0x08000189   Thumb Code     8  startup_stm32f103xb.o(.text)
    CAN1_RX1_IRQHandler                      0x080001a3   Thumb Code     0  startup_stm32f103xb.o(.text)
    CAN1_SCE_IRQHandler                      0x080001a3   Thumb Code     0  startup_stm32f103xb.o(.text)
    DMA1_Channel2_IRQHandler                 0x080001a3   Thumb Code     0  startup_stm32f103xb.o(.text)
    DMA1_Channel3_IRQHandler                 0x080001a3   Thumb Code     0  startup_stm32f103xb.o(.text)
    DMA1_Channel4_IRQHandler                 0x080001a3   Thumb Code     0  startup_stm32f103xb.o(.text)
    DMA1_Channel5_IRQHandler                 0x080001a3   Thumb Code     0  startup_stm32f103xb.o(.text)
    DMA1_Channel6_IRQHandler                 0x080001a3   Thumb Code     0  startup_stm32f103xb.o(.text)
    DMA1_Channel7_IRQHandler                 0x080001a3   Thumb Code     0  startup_stm32f103xb.o(.text)
    EXTI0_IRQHandler                         0x080001a3   Thumb Code     0  startup_stm32f103xb.o(.text)
    EXTI1_IRQHandler                         0x080001a3   Thumb Code     0  startup_stm32f103xb.o(.text)
    EXTI2_IRQHandler                         0x080001a3   Thumb Code     0  startup_stm32f103xb.o(.text)
    EXTI3_IRQHandler                         0x080001a3   Thumb Code     0  startup_stm32f103xb.o(.text)
    EXTI4_IRQHandler                         0x080001a3   Thumb Code     0  startup_stm32f103xb.o(.text)
    EXTI9_5_IRQHandler                       0x080001a3   Thumb Code     0  startup_stm32f103xb.o(.text)
    FLASH_IRQHandler                         0x080001a3   Thumb Code     0  startup_stm32f103xb.o(.text)
    I2C1_ER_IRQHandler                       0x080001a3   Thumb Code     0  startup_stm32f103xb.o(.text)
    I2C1_EV_IRQHandler                       0x080001a3   Thumb Code     0  startup_stm32f103xb.o(.text)
    I2C2_ER_IRQHandler                       0x080001a3   Thumb Code     0  startup_stm32f103xb.o(.text)
    I2C2_EV_IRQHandler                       0x080001a3   Thumb Code     0  startup_stm32f103xb.o(.text)
    PVD_IRQHandler                           0x080001a3   Thumb Code     0  startup_stm32f103xb.o(.text)
    RCC_IRQHandler                           0x080001a3   Thumb Code     0  startup_stm32f103xb.o(.text)
    RTC_Alarm_IRQHandler                     0x080001a3   Thumb Code     0  startup_stm32f103xb.o(.text)
    RTC_IRQHandler                           0x080001a3   Thumb Code     0  startup_stm32f103xb.o(.text)
    SPI1_IRQHandler                          0x080001a3   Thumb Code     0  startup_stm32f103xb.o(.text)
    SPI2_IRQHandler                          0x080001a3   Thumb Code     0  startup_stm32f103xb.o(.text)
    TAMPER_IRQHandler                        0x080001a3   Thumb Code     0  startup_stm32f103xb.o(.text)
    TIM1_BRK_IRQHandler                      0x080001a3   Thumb Code     0  startup_stm32f103xb.o(.text)
    TIM1_CC_IRQHandler                       0x080001a3   Thumb Code     0  startup_stm32f103xb.o(.text)
    TIM1_TRG_COM_IRQHandler                  0x080001a3   Thumb Code     0  startup_stm32f103xb.o(.text)
    TIM1_UP_IRQHandler                       0x080001a3   Thumb Code     0  startup_stm32f103xb.o(.text)
    USART2_IRQHandler                        0x080001a3   Thumb Code     0  startup_stm32f103xb.o(.text)
    USART3_IRQHandler                        0x080001a3   Thumb Code     0  startup_stm32f103xb.o(.text)
    USBWakeUp_IRQHandler                     0x080001a3   Thumb Code     0  startup_stm32f103xb.o(.text)
    USB_HP_CAN1_TX_IRQHandler                0x080001a3   Thumb Code     0  startup_stm32f103xb.o(.text)
    USB_LP_CAN1_RX0_IRQHandler               0x080001a3   Thumb Code     0  startup_stm32f103xb.o(.text)
    WWDG_IRQHandler                          0x080001a3   Thumb Code     0  startup_stm32f103xb.o(.text)
    __user_initial_stackheap                 0x080001a5   Thumb Code     0  startup_stm32f103xb.o(.text)
    __use_no_semihosting                     0x080001c9   Thumb Code     2  use_no_semi_2.o(.text)
    __aeabi_memclr4                          0x080001cb   Thumb Code     0  rt_memclr_w.o(.text)
    __aeabi_memclr8                          0x080001cb   Thumb Code     0  rt_memclr_w.o(.text)
    __rt_memclr_w                            0x080001cb   Thumb Code    78  rt_memclr_w.o(.text)
    _memset_w                                0x080001cf   Thumb Code     0  rt_memclr_w.o(.text)
    __use_two_region_memory                  0x08000219   Thumb Code     2  heapauxi.o(.text)
    __rt_heap_escrow$2region                 0x0800021b   Thumb Code     2  heapauxi.o(.text)
    __rt_heap_expand$2region                 0x0800021d   Thumb Code     2  heapauxi.o(.text)
    __semihosting$guard                      0x0800021f   Thumb Code     0  use_no_semi.o(.text)
    __use_no_semihosting_swi                 0x0800021f   Thumb Code     2  use_no_semi.o(.text)
    __read_errno                             0x08000221   Thumb Code    10  _rserrno.o(.text)
    __set_errno                              0x0800022b   Thumb Code    12  _rserrno.o(.text)
    __aeabi_errno_addr                       0x08000239   Thumb Code     8  rt_errno_addr_intlibspace.o(.text)
    __errno$intlibspace                      0x08000239   Thumb Code     0  rt_errno_addr_intlibspace.o(.text)
    __rt_errno_addr$intlibspace              0x08000239   Thumb Code     0  rt_errno_addr_intlibspace.o(.text)
    __user_libspace                          0x08000241   Thumb Code     8  libspace.o(.text)
    __user_perproc_libspace                  0x08000241   Thumb Code     0  libspace.o(.text)
    __user_perthread_libspace                0x08000241   Thumb Code     0  libspace.o(.text)
    __user_setup_stackheap                   0x08000249   Thumb Code    74  sys_stackheap_outer.o(.text)
    exit                                     0x08000293   Thumb Code    12  exit.o(.text)
    ADC1_2_IRQHandler                        0x080002a1   Thumb Code    10  stm32f1xx_it.o(i.ADC1_2_IRQHandler)
    ADC_ConversionStop_Disable               0x080002b1   Thumb Code    82  stm32f1xx_hal_adc.o(i.ADC_ConversionStop_Disable)
    ADC_DMAConvCplt                          0x08000303   Thumb Code    82  stm32f1xx_hal_adc.o(i.ADC_DMAConvCplt)
    ADC_DMAError                             0x08000355   Thumb Code    30  stm32f1xx_hal_adc.o(i.ADC_DMAError)
    ADC_DMAHalfConvCplt                      0x08000373   Thumb Code    14  stm32f1xx_hal_adc.o(i.ADC_DMAHalfConvCplt)
    ADC_Enable                               0x08000381   Thumb Code   122  stm32f1xx_hal_adc.o(i.ADC_Enable)
    AS5047_read                              0x08000405   Thumb Code    46  encode.o(i.AS5047_read)
    BusFault_Handler                         0x08000433   Thumb Code     4  stm32f1xx_it.o(i.BusFault_Handler)
    Cap_Tim_Init                             0x08000439   Thumb Code   130  init.o(i.Cap_Tim_Init)
    ClarkConvT                               0x080004c9   Thumb Code   512  foc.o(i.ClarkConvT)
    DMA1_Channel1_IRQHandler                 0x080006e9   Thumb Code    12  stm32f1xx_it.o(i.DMA1_Channel1_IRQHandler)
    DebugMon_Handler                         0x08000725   Thumb Code     2  stm32f1xx_it.o(i.DebugMon_Handler)
    EXTI15_10_IRQHandler                     0x08000727   Thumb Code     2  stm32f1xx_it.o(i.EXTI15_10_IRQHandler)
    FiltConf                                 0x08000729   Thumb Code    16  foc.o(i.FiltConf)
    HAL_ADCEx_InjectedConvCpltCallback       0x0800073d   Thumb Code     2  stm32f1xx_hal_adc_ex.o(i.HAL_ADCEx_InjectedConvCpltCallback)
    HAL_ADC_ConvCpltCallback                 0x08000741   Thumb Code    46  measure.o(i.HAL_ADC_ConvCpltCallback)
    HAL_ADC_ConvHalfCpltCallback             0x08000781   Thumb Code     2  stm32f1xx_hal_adc.o(i.HAL_ADC_ConvHalfCpltCallback)
    HAL_ADC_ErrorCallback                    0x08000783   Thumb Code     2  stm32f1xx_hal_adc.o(i.HAL_ADC_ErrorCallback)
    HAL_ADC_IRQHandler                       0x08000785   Thumb Code   290  stm32f1xx_hal_adc.o(i.HAL_ADC_IRQHandler)
    HAL_ADC_LevelOutOfWindowCallback         0x080008a7   Thumb Code     2  stm32f1xx_hal_adc.o(i.HAL_ADC_LevelOutOfWindowCallback)
    HAL_ADC_Start_DMA                        0x080008a9   Thumb Code   362  stm32f1xx_hal_adc.o(i.HAL_ADC_Start_DMA)
    HAL_ADC_Stop_DMA                         0x08000a29   Thumb Code    96  stm32f1xx_hal_adc.o(i.HAL_ADC_Stop_DMA)
    HAL_DMA_Abort                            0x08000a89   Thumb Code    86  stm32f1xx_hal_dma.o(i.HAL_DMA_Abort)
    HAL_DMA_Abort_IT                         0x08000ae1   Thumb Code   414  stm32f1xx_hal_dma.o(i.HAL_DMA_Abort_IT)
    HAL_DMA_IRQHandler                       0x08000c89   Thumb Code   910  stm32f1xx_hal_dma.o(i.HAL_DMA_IRQHandler)
    HAL_DMA_Start_IT                         0x08001021   Thumb Code   156  stm32f1xx_hal_dma.o(i.HAL_DMA_Start_IT)
    HAL_GPIO_Init                            0x080010bd   Thumb Code   792  stm32f1xx_hal_gpio.o(i.HAL_GPIO_Init)
    HAL_GPIO_ReadPin                         0x080013fd   Thumb Code    16  stm32f1xx_hal_gpio.o(i.HAL_GPIO_ReadPin)
    HAL_GPIO_WritePin                        0x0800140d   Thumb Code    12  stm32f1xx_hal_gpio.o(i.HAL_GPIO_WritePin)
    HAL_GetTick                              0x08001419   Thumb Code     6  stm32f1xx_hal.o(i.HAL_GetTick)
    HAL_IncTick                              0x08001425   Thumb Code    16  stm32f1xx_hal.o(i.HAL_IncTick)
    HAL_Init                                 0x0800143d   Thumb Code    34  stm32f1xx_hal.o(i.HAL_Init)
    HAL_InitTick                             0x08001465   Thumb Code    64  stm32f1xx_hal.o(i.HAL_InitTick)
    HAL_MspInit                              0x080014b1   Thumb Code     2  stm32f1xx_hal_msp_template.o(i.HAL_MspInit)
    HAL_NVIC_EnableIRQ                       0x080014b3   Thumb Code    32  stm32f1xx_hal_cortex.o(i.HAL_NVIC_EnableIRQ)
    HAL_NVIC_SetPriority                     0x080014d3   Thumb Code   124  stm32f1xx_hal_cortex.o(i.HAL_NVIC_SetPriority)
    HAL_NVIC_SetPriorityGrouping             0x08001551   Thumb Code    32  stm32f1xx_hal_cortex.o(i.HAL_NVIC_SetPriorityGrouping)
    HAL_RCC_ClockConfig                      0x08001579   Thumb Code   376  stm32f1xx_hal_rcc.o(i.HAL_RCC_ClockConfig)
    HAL_RCC_GetHCLKFreq                      0x08001705   Thumb Code     6  stm32f1xx_hal_rcc.o(i.HAL_RCC_GetHCLKFreq)
    HAL_RCC_GetPCLK1Freq                     0x08001711   Thumb Code    22  stm32f1xx_hal_rcc.o(i.HAL_RCC_GetPCLK1Freq)
    HAL_RCC_GetPCLK2Freq                     0x08001731   Thumb Code    22  stm32f1xx_hal_rcc.o(i.HAL_RCC_GetPCLK2Freq)
    HAL_RCC_GetSysClockFreq                  0x08001751   Thumb Code   116  stm32f1xx_hal_rcc.o(i.HAL_RCC_GetSysClockFreq)
    HAL_RCC_OscConfig                        0x080017e5   Thumb Code  1114  stm32f1xx_hal_rcc.o(i.HAL_RCC_OscConfig)
    HAL_SPI_Init                             0x08001c49   Thumb Code   156  stm32f1xx_hal_spi.o(i.HAL_SPI_Init)
    HAL_SPI_MspInit                          0x08001ce5   Thumb Code     2  stm32f1xx_hal_spi.o(i.HAL_SPI_MspInit)
    HAL_SPI_TransmitReceive                  0x08001ce7   Thumb Code   750  stm32f1xx_hal_spi.o(i.HAL_SPI_TransmitReceive)
    HAL_SYSTICK_Config                       0x08001fd5   Thumb Code    52  stm32f1xx_hal_cortex.o(i.HAL_SYSTICK_Config)
    HAL_TIMEx_BreakCallback                  0x08002009   Thumb Code     2  stm32f1xx_hal_tim_ex.o(i.HAL_TIMEx_BreakCallback)
    HAL_TIMEx_CommutCallback                 0x0800200b   Thumb Code     2  stm32f1xx_hal_tim_ex.o(i.HAL_TIMEx_CommutCallback)
    HAL_TIMEx_MasterConfigSynchronization    0x0800200d   Thumb Code    84  stm32f1xx_hal_tim_ex.o(i.HAL_TIMEx_MasterConfigSynchronization)
    HAL_TIM_Base_Init                        0x08002061   Thumb Code    52  stm32f1xx_hal_tim.o(i.HAL_TIM_Base_Init)
    HAL_TIM_Base_MspInit                     0x08002095   Thumb Code    32  stm32f1xx_hal_msp.o(i.HAL_TIM_Base_MspInit)
    HAL_TIM_Base_Start_IT                    0x080020b9   Thumb Code    42  stm32f1xx_hal_tim.o(i.HAL_TIM_Base_Start_IT)
    HAL_TIM_Encoder_Init                     0x080020e3   Thumb Code   170  stm32f1xx_hal_tim.o(i.HAL_TIM_Encoder_Init)
    HAL_TIM_Encoder_MspInit                  0x0800218d   Thumb Code     2  stm32f1xx_hal_tim.o(i.HAL_TIM_Encoder_MspInit)
    HAL_TIM_Encoder_Start                    0x0800218f   Thumb Code    78  stm32f1xx_hal_tim.o(i.HAL_TIM_Encoder_Start)
    HAL_TIM_IC_CaptureCallback               0x080021dd   Thumb Code     2  stm32f1xx_hal_tim.o(i.HAL_TIM_IC_CaptureCallback)
    HAL_TIM_IRQHandler                       0x080021df   Thumb Code   406  stm32f1xx_hal_tim.o(i.HAL_TIM_IRQHandler)
    HAL_TIM_OC_DelayElapsedCallback          0x08002375   Thumb Code     2  stm32f1xx_hal_tim.o(i.HAL_TIM_OC_DelayElapsedCallback)
    HAL_TIM_PWM_ConfigChannel                0x08002377   Thumb Code   264  stm32f1xx_hal_tim.o(i.HAL_TIM_PWM_ConfigChannel)
    HAL_TIM_PWM_Init                         0x0800247f   Thumb Code    52  stm32f1xx_hal_tim.o(i.HAL_TIM_PWM_Init)
    HAL_TIM_PWM_MspInit                      0x080024b5   Thumb Code   122  init.o(i.HAL_TIM_PWM_MspInit)
    HAL_TIM_PWM_PulseFinishedCallback        0x08002541   Thumb Code     2  stm32f1xx_hal_tim.o(i.HAL_TIM_PWM_PulseFinishedCallback)
    HAL_TIM_PWM_Start                        0x08002545   Thumb Code    80  stm32f1xx_hal_tim.o(i.HAL_TIM_PWM_Start)
    HAL_TIM_PeriodElapsedCallback            0x0800259d   Thumb Code   292  bldc.o(i.HAL_TIM_PeriodElapsedCallback)
    HAL_TIM_TriggerCallback                  0x080026e9   Thumb Code     2  stm32f1xx_hal_tim.o(i.HAL_TIM_TriggerCallback)
    HAL_UART_ErrorCallback                   0x080026eb   Thumb Code     2  stm32f1xx_hal_uart.o(i.HAL_UART_ErrorCallback)
    HAL_UART_IRQHandler                      0x080026ed   Thumb Code   326  stm32f1xx_hal_uart.o(i.HAL_UART_IRQHandler)
    HAL_UART_Init                            0x08002839   Thumb Code   114  stm32f1xx_hal_uart.o(i.HAL_UART_Init)
    HAL_UART_MspInit                         0x080028ad   Thumb Code   168  usart.o(i.HAL_UART_MspInit)
    HAL_UART_Receive_IT                      0x08002961   Thumb Code   112  stm32f1xx_hal_uart.o(i.HAL_UART_Receive_IT)
    HAL_UART_RxCpltCallback                  0x080029d1   Thumb Code   134  usart.o(i.HAL_UART_RxCpltCallback)
    HAL_UART_TxCpltCallback                  0x08002a6d   Thumb Code     2  stm32f1xx_hal_uart.o(i.HAL_UART_TxCpltCallback)
    H_sensor_init                            0x08002a71   Thumb Code    26  init.o(i.H_sensor_init)
    HardFault_Handler                        0x08002a91   Thumb Code     4  stm32f1xx_it.o(i.HardFault_Handler)
    Is_Forward                               0x08002a95   Thumb Code    42  bldc.o(i.Is_Forward)
    LowPass                                  0x08002acd   Thumb Code    68  foc.o(i.LowPass)
    MX_SPI1_Init                             0x08002b15   Thumb Code    94  encode.o(i.MX_SPI1_Init)
    MemManage_Handler                        0x08002b81   Thumb Code     4  stm32f1xx_it.o(i.MemManage_Handler)
    NMI_Handler                              0x08002b85   Thumb Code     2  stm32f1xx_it.o(i.NMI_Handler)
    Parity_bit_Calculate                     0x08002b87   Thumb Code    20  encode.o(i.Parity_bit_Calculate)
    ParkConvT                                0x08002b9d   Thumb Code   104  foc.o(i.ParkConvT)
    PendSV_Handler                           0x08002c09   Thumb Code     2  stm32f1xx_it.o(i.PendSV_Handler)
    Pid_Cal                                  0x08002c0b   Thumb Code   116  motor_ctrl.o(i.Pid_Cal)
    Pid_Conf                                 0x08002c81   Thumb Code    32  motor_ctrl.o(i.Pid_Conf)
    SPI_ISCRCErrorValid                      0x08002d01   Thumb Code     6  stm32f1xx_hal_spi.o(i.SPI_ISCRCErrorValid)
    SPI_ReadWrite_OneByte                    0x08002d09   Thumb Code    54  encode.o(i.SPI_ReadWrite_OneByte)
    SVC_Handler                              0x08002df1   Thumb Code     2  stm32f1xx_it.o(i.SVC_Handler)
    Speed_Rpm                                0x08002df5   Thumb Code    64  motor_ctrl.o(i.Speed_Rpm)
    Stop_Start_Init                          0x08002e49   Thumb Code    60  init.o(i.Stop_Start_Init)
    SysTick_Handler                          0x08002e8d   Thumb Code     8  stm32f1xx_it.o(i.SysTick_Handler)
    SystemInit                               0x08002e95   Thumb Code    70  system_stm32f1xx.o(i.SystemInit)
    TIM2_IRQHandler                          0x08002eed   Thumb Code    10  stm32f1xx_it.o(i.TIM2_IRQHandler)
    TIM3_IRQHandler                          0x08002efd   Thumb Code    10  stm32f1xx_it.o(i.TIM3_IRQHandler)
    TIM4_IRQHandler                          0x08002f0d   Thumb Code    10  stm32f1xx_it.o(i.TIM4_IRQHandler)
    TIM_Base_SetConfig                       0x08002f1d   Thumb Code   134  stm32f1xx_hal_tim.o(i.TIM_Base_SetConfig)
    TIM_CCxChannelCmd                        0x08002fb9   Thumb Code    34  stm32f1xx_hal_tim.o(i.TIM_CCxChannelCmd)
    TIM_Init                                 0x08002fdd   Thumb Code   160  init.o(i.TIM_Init)
    TIM_OC2_SetConfig                        0x080030fd   Thumb Code   114  stm32f1xx_hal_tim.o(i.TIM_OC2_SetConfig)
    USART1_IRQHandler                        0x08003549   Thumb Code    10  usart.o(i.USART1_IRQHandler)
    UsageFault_Handler                       0x08003559   Thumb Code     4  stm32f1xx_it.o(i.UsageFault_Handler)
    __ARM_fpclassify                         0x0800355d   Thumb Code    40  fpclassify.o(i.__ARM_fpclassify)
    __ieee754_rem_pio2                       0x080035bd   Thumb Code   828  rred.o(i.__ieee754_rem_pio2)
    __kernel_cos                             0x08003945   Thumb Code   230  cos_i.o(i.__kernel_cos)
    __kernel_poly                            0x08003a41   Thumb Code   170  poly.o(i.__kernel_poly)
    __kernel_sin                             0x08003aed   Thumb Code   224  sin_i.o(i.__kernel_sin)
    __mathlib_dbl_infnan                     0x08003bd9   Thumb Code     6  dunder.o(i.__mathlib_dbl_infnan)
    __mathlib_dbl_invalid                    0x08003bdf   Thumb Code    12  dunder.o(i.__mathlib_dbl_invalid)
    __mathlib_dbl_underflow                  0x08003bed   Thumb Code    10  dunder.o(i.__mathlib_dbl_underflow)
    _sys_exit                                0x08003bfd   Thumb Code     4  usart.o(i._sys_exit)
    adc_ave_filter                           0x08003c01   Thumb Code    82  measure.o(i.adc_ave_filter)
    adc_offset                               0x08003c5d   Thumb Code    78  measure.o(i.adc_offset)
    adrcConf                                 0x08003cb5   Thumb Code    60  motor_ctrl.o(i.adrcConf)
    cal_motor                                0x08003d09   Thumb Code    54  motor_ctrl.o(i.cal_motor)
    capture_init                             0x08003d4d   Thumb Code     8  init.o(i.capture_init)
    cos                                      0x08003d55   Thumb Code   148  cos.o(i.cos)
    ctrl_Init                                0x08003df1   Thumb Code    20  motor_ctrl.o(i.ctrl_Init)
    delay_init                               0x08003e0d   Thumb Code     6  delay.o(i.delay_init)
    getAngle                                 0x08003e19   Thumb Code    46  encode.o(i.getAngle)
    gtimRestart                              0x08003e51   Thumb Code    76  bldc.o(i.gtimRestart)
    h_bridge_init                            0x08003ea5   Thumb Code   116  init.o(i.h_bridge_init)
    hallsensor                               0x08003f2d   Thumb Code    56  bldc.o(i.hallsensor)
    l_bridge_init                            0x08003f69   Thumb Code    60  init.o(i.l_bridge_init)
    main                                     0x08003fad   Thumb Code    34  main.o(i.main)
    sin                                      0x08003fd9   Thumb Code   150  sin.o(i.sin)
    sys_init                                 0x08004079   Thumb Code    66  init.o(i.sys_init)
    sys_stm32_clock_init                     0x080040bb   Thumb Code   102  sys.o(i.sys_stm32_clock_init)
    uhvl                                     0x08004121   Thumb Code    58  bldc.o(i.uhvl)
    uhwl                                     0x08004169   Thumb Code    58  bldc.o(i.uhwl)
    usart_init                               0x080041b1   Thumb Code    44  usart.o(i.usart_init)
    vhul                                     0x080041e9   Thumb Code    60  bldc.o(i.vhul)
    vhwl                                     0x08004231   Thumb Code    60  bldc.o(i.vhwl)
    whul                                     0x08004279   Thumb Code    58  bldc.o(i.whul)
    whvl                                     0x080042c1   Thumb Code    58  bldc.o(i.whvl)
    __aeabi_d2f                              0x08004309   Thumb Code     0  d2f.o(x$fpl$d2f)
    _d2f                                     0x08004309   Thumb Code    98  d2f.o(x$fpl$d2f)
    __aeabi_dadd                             0x0800436d   Thumb Code     0  daddsub_clz.o(x$fpl$dadd)
    _dadd                                    0x0800436d   Thumb Code   332  daddsub_clz.o(x$fpl$dadd)
    __fpl_dcheck_NaN1                        0x080044bd   Thumb Code    10  dcheck1.o(x$fpl$dcheck1)
    __fpl_dcmp_Inf                           0x080044cd   Thumb Code    24  dcmpi.o(x$fpl$dcmpinf)
    __aeabi_ddiv                             0x080044e5   Thumb Code     0  ddiv.o(x$fpl$ddiv)
    _ddiv                                    0x080044e5   Thumb Code   552  ddiv.o(x$fpl$ddiv)
    __aeabi_d2iz                             0x08004795   Thumb Code     0  dfix.o(x$fpl$dfix)
    _dfix                                    0x08004795   Thumb Code    94  dfix.o(x$fpl$dfix)
    __aeabi_d2uiz                            0x080047f5   Thumb Code     0  dfixu.o(x$fpl$dfixu)
    _dfixu                                   0x080047f5   Thumb Code    90  dfixu.o(x$fpl$dfixu)
    __aeabi_i2d                              0x0800484f   Thumb Code     0  dflt_clz.o(x$fpl$dflt)
    _dflt                                    0x0800484f   Thumb Code    46  dflt_clz.o(x$fpl$dflt)
    __aeabi_ui2d                             0x0800487d   Thumb Code     0  dflt_clz.o(x$fpl$dfltu)
    _dfltu                                   0x0800487d   Thumb Code    38  dflt_clz.o(x$fpl$dfltu)
    __aeabi_cdcmple                          0x080048a5   Thumb Code     0  dleqf.o(x$fpl$dleqf)
    _dcmple                                  0x080048a5   Thumb Code   120  dleqf.o(x$fpl$dleqf)
    __fpl_dcmple_InfNaN                      0x08004907   Thumb Code     0  dleqf.o(x$fpl$dleqf)
    __aeabi_dmul                             0x0800491d   Thumb Code     0  dmul.o(x$fpl$dmul)
    _dmul                                    0x0800491d   Thumb Code   332  dmul.o(x$fpl$dmul)
    __fpl_dnaninf                            0x08004a71   Thumb Code   156  dnaninf.o(x$fpl$dnaninf)
    __fpl_dretinf                            0x08004b0d   Thumb Code    12  dretinf.o(x$fpl$dretinf)
    __aeabi_cdrcmple                         0x08004b19   Thumb Code     0  drleqf.o(x$fpl$drleqf)
    _drcmple                                 0x08004b19   Thumb Code   108  drleqf.o(x$fpl$drleqf)
    __aeabi_drsub                            0x08004b85   Thumb Code     0  daddsub_clz.o(x$fpl$drsb)
    _drsb                                    0x08004b85   Thumb Code    22  daddsub_clz.o(x$fpl$drsb)
    __aeabi_dsub                             0x08004b9d   Thumb Code     0  daddsub_clz.o(x$fpl$dsub)
    _dsub                                    0x08004b9d   Thumb Code   464  daddsub_clz.o(x$fpl$dsub)
    __aeabi_f2d                              0x08004d71   Thumb Code     0  f2d.o(x$fpl$f2d)
    _f2d                                     0x08004d71   Thumb Code    86  f2d.o(x$fpl$f2d)
    __aeabi_fadd                             0x08004dc9   Thumb Code     0  faddsub_clz.o(x$fpl$fadd)
    _fadd                                    0x08004dc9   Thumb Code   196  faddsub_clz.o(x$fpl$fadd)
    __fpl_fcmp_Inf                           0x08004e8d   Thumb Code    24  fcmpi.o(x$fpl$fcmpinf)
    __aeabi_fdiv                             0x08004ea5   Thumb Code     0  fdiv.o(x$fpl$fdiv)
    _fdiv                                    0x08004ea5   Thumb Code   384  fdiv.o(x$fpl$fdiv)
    __aeabi_f2iz                             0x08005029   Thumb Code     0  ffix.o(x$fpl$ffix)
    _ffix                                    0x08005029   Thumb Code    54  ffix.o(x$fpl$ffix)
    __aeabi_i2f                              0x08005061   Thumb Code     0  fflt_clz.o(x$fpl$fflt)
    _fflt                                    0x08005061   Thumb Code    48  fflt_clz.o(x$fpl$fflt)
    __aeabi_ui2f                             0x08005091   Thumb Code     0  fflt_clz.o(x$fpl$ffltu)
    _ffltu                                   0x08005091   Thumb Code    38  fflt_clz.o(x$fpl$ffltu)
    __aeabi_cfcmple                          0x080050b9   Thumb Code     0  fleqf.o(x$fpl$fleqf)
    _fcmple                                  0x080050b9   Thumb Code   104  fleqf.o(x$fpl$fleqf)
    __fpl_fcmple_InfNaN                      0x0800510b   Thumb Code     0  fleqf.o(x$fpl$fleqf)
    __aeabi_fmul                             0x08005121   Thumb Code     0  fmul.o(x$fpl$fmul)
    _fmul                                    0x08005121   Thumb Code   258  fmul.o(x$fpl$fmul)
    __fpl_fnaninf                            0x08005223   Thumb Code   140  fnaninf.o(x$fpl$fnaninf)
    __fpl_fretinf                            0x080052af   Thumb Code    10  fretinf.o(x$fpl$fretinf)
    __aeabi_cfrcmple                         0x080052b9   Thumb Code     0  frleqf.o(x$fpl$frleqf)
    _frcmple                                 0x080052b9   Thumb Code    98  frleqf.o(x$fpl$frleqf)
    __aeabi_fsub                             0x0800531d   Thumb Code     0  faddsub_clz.o(x$fpl$fsub)
    _fsub                                    0x0800531d   Thumb Code   234  faddsub_clz.o(x$fpl$fsub)
    __fpl_return_NaN                         0x08005407   Thumb Code   100  retnan.o(x$fpl$retnan)
    __ARM_scalbn                             0x0800546b   Thumb Code    92  scalbn.o(x$fpl$scalbn)
    __fpl_cmpreturn                          0x080054c7   Thumb Code    48  trapv.o(x$fpl$trapveneer)
    AHBPrescTable                            0x080054f6   Data          16  system_stm32f1xx.o(.constdata)
    __I$use$fp                               0x080054f6   Number         0  usenofp.o(x$fpl$usenofp)
    APBPrescTable                            0x08005506   Data           8  system_stm32f1xx.o(.constdata)
    Region$$Table$$Base                      0x08005630   Number         0  anon$$obj.o(Region$$Table)
    Region$$Table$$Limit                     0x08005650   Number         0  anon$$obj.o(Region$$Table)
    SystemCoreClock                          0x20000000   Data           4  system_stm32f1xx.o(.data)
    uwTick                                   0x20000004   Data           4  stm32f1xx_hal.o(.data)
    uwTickPrio                               0x20000008   Data           4  stm32f1xx_hal.o(.data)
    uwTickFreq                               0x2000000c   Data           1  stm32f1xx_hal.o(.data)
    cnt_all                                  0x20000010   Data           4  bldc.o(.data)
    last_cnt                                 0x20000014   Data           4  bldc.o(.data)
    last_angle                               0x20000018   Data           4  bldc.o(.data)
    basic_ctrl                               0x2000001c   Data          24  bldc.o(.data)
    forward                                  0x20000034   Data           6  bldc.o(.data)
    backward                                 0x2000003a   Data           6  bldc.o(.data)
    idx_f                                    0x20000040   Data           6  bldc.o(.data)
    counter                                  0x20000048   Data           2  motor_ctrl.o(.data)
    start_cnt                                0x2000004a   Data           1  motor_ctrl.o(.data)
    normal_cnt                               0x2000004c   Data           4  motor_ctrl.o(.data)
    speed_actual                             0x20000050   Data           4  motor_ctrl.o(.data)
    target_speed                             0x20000054   Data           4  motor_ctrl.o(.data)
    encoder_num                              0x20000058   Data           8  motor_ctrl.o(.data)
    rpm                                      0x20000060   Data           4  motor_ctrl.o(.data)
    target_rpm                               0x20000064   Data           4  motor_ctrl.o(.data)
    target_angle                             0x20000068   Data           4  motor_ctrl.o(.data)
    phase_offset                             0x2000006c   Data           6  measure.o(.data)
    __stdout                                 0x20000078   Data           4  usart.o(.data)
    g_usart_rx_sta                           0x2000007c   Data           2  usart.o(.data)
    g_rx_buffer                              0x2000007e   Data           1  usart.o(.data)
    angle                                    0x20000080   Data           4  encode.o(.data)
    TIM1_Handler                             0x20000084   Data          64  init.o(.bss)
    TIM2_Handler                             0x200000c4   Data          64  init.o(.bss)
    TIM1_CH1Handler                          0x20000104   Data          28  init.o(.bss)
    TIM1_CH2Handler                          0x20000120   Data          28  init.o(.bss)
    TIM1_CH3Handler                          0x2000013c   Data          28  init.o(.bss)
    htim3                                    0x20000158   Data          64  init.o(.bss)
    htim4                                    0x20000198   Data          64  init.o(.bss)
    AdcHandle                                0x200001d8   Data          48  init.o(.bss)
    motor                                    0x20000208   Data          10  bldc.o(.bss)
    Adrc                                     0x20000214   Data          56  motor_ctrl.o(.bss)
    Pid                                      0x2000024c   Data          36  motor_ctrl.o(.bss)
    g_adc_raw                                0x20000270   Data         500  measure.o(.bss)
    g_adc_ave                                0x20000464   Data          10  measure.o(.bss)
    g_usart_rx_buf                           0x20000470   Data         200  usart.o(.bss)
    g_uart1_handle                           0x20000538   Data          64  usart.o(.bss)
    motor_foc                                0x20000578   Data          32  foc.o(.bss)
    filter                                   0x20000598   Data          12  foc.o(.bss)
    hspi1                                    0x200005a4   Data          88  encode.o(.bss)
    __libspace_start                         0x200005fc   Data          96  libspace.o(.bss)
    __temporary_stack_top$libspace           0x2000065c   Data           0  libspace.o(.bss)



==============================================================================

Memory Map of the image

  Image Entry point : 0x080000ed

  Load Region LR_IROM1 (Base: 0x08000000, Size: 0x000056d4, Max: 0x00010000, ABSOLUTE)

    Execution Region ER_IROM1 (Base: 0x08000000, Size: 0x00005650, Max: 0x00010000, ABSOLUTE)

    Base Addr    Size         Type   Attr      Idx    E Section Name        Object

    0x08000000   0x000000ec   Data   RO         3984    RESET               startup_stm32f103xb.o
    0x080000ec   0x00000008   Code   RO         4724  * !!!main             c_w.l(__main.o)
    0x080000f4   0x00000034   Code   RO         5027    !!!scatter          c_w.l(__scatter.o)
    0x08000128   0x0000001a   Code   RO         5029    !!handler_copy      c_w.l(__scatter_copy.o)
    0x08000142   0x00000002   PAD
    0x08000144   0x0000001c   Code   RO         5031    !!handler_zi        c_w.l(__scatter_zi.o)
    0x08000160   0x00000002   Code   RO         4900    .ARM.Collect$$libinit$$00000000  c_w.l(libinit.o)
    0x08000162   0x00000000   Code   RO         4910    .ARM.Collect$$libinit$$00000002  c_w.l(libinit2.o)
    0x08000162   0x00000000   Code   RO         4912    .ARM.Collect$$libinit$$00000004  c_w.l(libinit2.o)
    0x08000162   0x00000000   Code   RO         4915    .ARM.Collect$$libinit$$0000000A  c_w.l(libinit2.o)
    0x08000162   0x00000000   Code   RO         4917    .ARM.Collect$$libinit$$0000000C  c_w.l(libinit2.o)
    0x08000162   0x00000000   Code   RO         4919    .ARM.Collect$$libinit$$0000000E  c_w.l(libinit2.o)
    0x08000162   0x00000000   Code   RO         4922    .ARM.Collect$$libinit$$00000011  c_w.l(libinit2.o)
    0x08000162   0x00000000   Code   RO         4924    .ARM.Collect$$libinit$$00000013  c_w.l(libinit2.o)
    0x08000162   0x00000000   Code   RO         4926    .ARM.Collect$$libinit$$00000015  c_w.l(libinit2.o)
    0x08000162   0x00000000   Code   RO         4928    .ARM.Collect$$libinit$$00000017  c_w.l(libinit2.o)
    0x08000162   0x00000000   Code   RO         4930    .ARM.Collect$$libinit$$00000019  c_w.l(libinit2.o)
    0x08000162   0x00000000   Code   RO         4932    .ARM.Collect$$libinit$$0000001B  c_w.l(libinit2.o)
    0x08000162   0x00000000   Code   RO         4934    .ARM.Collect$$libinit$$0000001D  c_w.l(libinit2.o)
    0x08000162   0x00000000   Code   RO         4936    .ARM.Collect$$libinit$$0000001F  c_w.l(libinit2.o)
    0x08000162   0x00000000   Code   RO         4938    .ARM.Collect$$libinit$$00000021  c_w.l(libinit2.o)
    0x08000162   0x00000000   Code   RO         4940    .ARM.Collect$$libinit$$00000023  c_w.l(libinit2.o)
    0x08000162   0x00000000   Code   RO         4942    .ARM.Collect$$libinit$$00000025  c_w.l(libinit2.o)
    0x08000162   0x00000000   Code   RO         4946    .ARM.Collect$$libinit$$0000002C  c_w.l(libinit2.o)
    0x08000162   0x00000000   Code   RO         4948    .ARM.Collect$$libinit$$0000002E  c_w.l(libinit2.o)
    0x08000162   0x00000000   Code   RO         4950    .ARM.Collect$$libinit$$00000030  c_w.l(libinit2.o)
    0x08000162   0x00000000   Code   RO         4952    .ARM.Collect$$libinit$$00000032  c_w.l(libinit2.o)
    0x08000162   0x00000002   Code   RO         4953    .ARM.Collect$$libinit$$00000033  c_w.l(libinit2.o)
    0x08000164   0x00000002   Code   RO         4985    .ARM.Collect$$libshutdown$$00000000  c_w.l(libshutdown.o)
    0x08000166   0x00000000   Code   RO         4996    .ARM.Collect$$libshutdown$$00000003  c_w.l(libshutdown2.o)
    0x08000166   0x00000000   Code   RO         4999    .ARM.Collect$$libshutdown$$00000006  c_w.l(libshutdown2.o)
    0x08000166   0x00000000   Code   RO         5002    .ARM.Collect$$libshutdown$$00000009  c_w.l(libshutdown2.o)
    0x08000166   0x00000000   Code   RO         5004    .ARM.Collect$$libshutdown$$0000000B  c_w.l(libshutdown2.o)
    0x08000166   0x00000000   Code   RO         5007    .ARM.Collect$$libshutdown$$0000000E  c_w.l(libshutdown2.o)
    0x08000166   0x00000002   Code   RO         5008    .ARM.Collect$$libshutdown$$0000000F  c_w.l(libshutdown2.o)
    0x08000168   0x00000000   Code   RO         4806    .ARM.Collect$$rtentry$$00000000  c_w.l(__rtentry.o)
    0x08000168   0x00000000   Code   RO         4853    .ARM.Collect$$rtentry$$00000002  c_w.l(__rtentry2.o)
    0x08000168   0x00000006   Code   RO         4865    .ARM.Collect$$rtentry$$00000004  c_w.l(__rtentry4.o)
    0x0800016e   0x00000000   Code   RO         4855    .ARM.Collect$$rtentry$$00000009  c_w.l(__rtentry2.o)
    0x0800016e   0x00000004   Code   RO         4856    .ARM.Collect$$rtentry$$0000000A  c_w.l(__rtentry2.o)
    0x08000172   0x00000000   Code   RO         4858    .ARM.Collect$$rtentry$$0000000C  c_w.l(__rtentry2.o)
    0x08000172   0x00000008   Code   RO         4859    .ARM.Collect$$rtentry$$0000000D  c_w.l(__rtentry2.o)
    0x0800017a   0x00000002   Code   RO         4903    .ARM.Collect$$rtexit$$00000000  c_w.l(rtexit.o)
    0x0800017c   0x00000000   Code   RO         4957    .ARM.Collect$$rtexit$$00000002  c_w.l(rtexit2.o)
    0x0800017c   0x00000004   Code   RO         4958    .ARM.Collect$$rtexit$$00000003  c_w.l(rtexit2.o)
    0x08000180   0x00000006   Code   RO         4959    .ARM.Collect$$rtexit$$00000004  c_w.l(rtexit2.o)
    0x08000186   0x00000002   PAD
    0x08000188   0x00000040   Code   RO         3985    .text               startup_stm32f103xb.o
    0x080001c8   0x00000002   Code   RO         4714    .text               c_w.l(use_no_semi_2.o)
    0x080001ca   0x0000004e   Code   RO         4720    .text               c_w.l(rt_memclr_w.o)
    0x08000218   0x00000006   Code   RO         4722    .text               c_w.l(heapauxi.o)
    0x0800021e   0x00000002   Code   RO         4804    .text               c_w.l(use_no_semi.o)
    0x08000220   0x00000016   Code   RO         4809    .text               c_w.l(_rserrno.o)
    0x08000236   0x00000002   PAD
    0x08000238   0x00000008   Code   RO         4874    .text               c_w.l(rt_errno_addr_intlibspace.o)
    0x08000240   0x00000008   Code   RO         4886    .text               c_w.l(libspace.o)
    0x08000248   0x0000004a   Code   RO         4889    .text               c_w.l(sys_stackheap_outer.o)
    0x08000292   0x0000000c   Code   RO         4893    .text               c_w.l(exit.o)
    0x0800029e   0x00000002   PAD
    0x080002a0   0x00000010   Code   RO          205    i.ADC1_2_IRQHandler  stm32f1xx_it.o
    0x080002b0   0x00000052   Code   RO          528    i.ADC_ConversionStop_Disable  stm32f1xx_hal_adc.o
    0x08000302   0x00000052   Code   RO          529    i.ADC_DMAConvCplt   stm32f1xx_hal_adc.o
    0x08000354   0x0000001e   Code   RO          530    i.ADC_DMAError      stm32f1xx_hal_adc.o
    0x08000372   0x0000000e   Code   RO          531    i.ADC_DMAHalfConvCplt  stm32f1xx_hal_adc.o
    0x08000380   0x00000084   Code   RO          532    i.ADC_Enable        stm32f1xx_hal_adc.o
    0x08000404   0x0000002e   Code   RO         4663    i.AS5047_read       encode.o
    0x08000432   0x00000004   Code   RO          206    i.BusFault_Handler  stm32f1xx_it.o
    0x08000436   0x00000002   PAD
    0x08000438   0x00000090   Code   RO         3992    i.Cap_Tim_Init      init.o
    0x080004c8   0x00000220   Code   RO         4606    i.ClarkConvT        foc.o
    0x080006e8   0x00000010   Code   RO          207    i.DMA1_Channel1_IRQHandler  stm32f1xx_it.o
    0x080006f8   0x0000002c   Code   RO         1208    i.DMA_SetConfig     stm32f1xx_hal_dma.o
    0x08000724   0x00000002   Code   RO          208    i.DebugMon_Handler  stm32f1xx_it.o
    0x08000726   0x00000002   Code   RO          209    i.EXTI15_10_IRQHandler  stm32f1xx_it.o
    0x08000728   0x00000014   Code   RO         4607    i.FiltConf          foc.o
    0x0800073c   0x00000002   Code   RO          710    i.HAL_ADCEx_InjectedConvCpltCallback  stm32f1xx_hal_adc_ex.o
    0x0800073e   0x00000002   PAD
    0x08000740   0x00000040   Code   RO         4292    i.HAL_ADC_ConvCpltCallback  measure.o
    0x08000780   0x00000002   Code   RO          536    i.HAL_ADC_ConvHalfCpltCallback  stm32f1xx_hal_adc.o
    0x08000782   0x00000002   Code   RO          538    i.HAL_ADC_ErrorCallback  stm32f1xx_hal_adc.o
    0x08000784   0x00000122   Code   RO          542    i.HAL_ADC_IRQHandler  stm32f1xx_hal_adc.o
    0x080008a6   0x00000002   Code   RO          544    i.HAL_ADC_LevelOutOfWindowCallback  stm32f1xx_hal_adc.o
    0x080008a8   0x00000180   Code   RO          550    i.HAL_ADC_Start_DMA  stm32f1xx_hal_adc.o
    0x08000a28   0x00000060   Code   RO          553    i.HAL_ADC_Stop_DMA  stm32f1xx_hal_adc.o
    0x08000a88   0x00000056   Code   RO         1209    i.HAL_DMA_Abort     stm32f1xx_hal_dma.o
    0x08000ade   0x00000002   PAD
    0x08000ae0   0x000001a8   Code   RO         1210    i.HAL_DMA_Abort_IT  stm32f1xx_hal_dma.o
    0x08000c88   0x00000398   Code   RO         1214    i.HAL_DMA_IRQHandler  stm32f1xx_hal_dma.o
    0x08001020   0x0000009c   Code   RO         1219    i.HAL_DMA_Start_IT  stm32f1xx_hal_dma.o
    0x080010bc   0x00000340   Code   RO         1551    i.HAL_GPIO_Init     stm32f1xx_hal_gpio.o
    0x080013fc   0x00000010   Code   RO         1553    i.HAL_GPIO_ReadPin  stm32f1xx_hal_gpio.o
    0x0800140c   0x0000000c   Code   RO         1555    i.HAL_GPIO_WritePin  stm32f1xx_hal_gpio.o
    0x08001418   0x0000000c   Code   RO          365    i.HAL_GetTick       stm32f1xx_hal.o
    0x08001424   0x00000018   Code   RO          371    i.HAL_IncTick       stm32f1xx_hal.o
    0x0800143c   0x00000028   Code   RO          372    i.HAL_Init          stm32f1xx_hal.o
    0x08001464   0x0000004c   Code   RO          373    i.HAL_InitTick      stm32f1xx_hal.o
    0x080014b0   0x00000002   Code   RO         1759    i.HAL_MspInit       stm32f1xx_hal_msp_template.o
    0x080014b2   0x00000020   Code   RO          842    i.HAL_NVIC_EnableIRQ  stm32f1xx_hal_cortex.o
    0x080014d2   0x0000007c   Code   RO          848    i.HAL_NVIC_SetPriority  stm32f1xx_hal_cortex.o
    0x0800154e   0x00000002   PAD
    0x08001550   0x00000028   Code   RO          849    i.HAL_NVIC_SetPriorityGrouping  stm32f1xx_hal_cortex.o
    0x08001578   0x0000018c   Code   RO         1909    i.HAL_RCC_ClockConfig  stm32f1xx_hal_rcc.o
    0x08001704   0x0000000c   Code   RO         1914    i.HAL_RCC_GetHCLKFreq  stm32f1xx_hal_rcc.o
    0x08001710   0x00000020   Code   RO         1916    i.HAL_RCC_GetPCLK1Freq  stm32f1xx_hal_rcc.o
    0x08001730   0x00000020   Code   RO         1917    i.HAL_RCC_GetPCLK2Freq  stm32f1xx_hal_rcc.o
    0x08001750   0x00000094   Code   RO         1918    i.HAL_RCC_GetSysClockFreq  stm32f1xx_hal_rcc.o
    0x080017e4   0x00000464   Code   RO         1921    i.HAL_RCC_OscConfig  stm32f1xx_hal_rcc.o
    0x08001c48   0x0000009c   Code   RO         2134    i.HAL_SPI_Init      stm32f1xx_hal_spi.o
    0x08001ce4   0x00000002   Code   RO         2136    i.HAL_SPI_MspInit   stm32f1xx_hal_spi.o
    0x08001ce6   0x000002ee   Code   RO         2143    i.HAL_SPI_TransmitReceive  stm32f1xx_hal_spi.o
    0x08001fd4   0x00000034   Code   RO          853    i.HAL_SYSTICK_Config  stm32f1xx_hal_cortex.o
    0x08002008   0x00000002   Code   RO         3177    i.HAL_TIMEx_BreakCallback  stm32f1xx_hal_tim_ex.o
    0x0800200a   0x00000002   Code   RO         3178    i.HAL_TIMEx_CommutCallback  stm32f1xx_hal_tim_ex.o
    0x0800200c   0x00000054   Code   RO         3195    i.HAL_TIMEx_MasterConfigSynchronization  stm32f1xx_hal_tim_ex.o
    0x08002060   0x00000034   Code   RO         2491    i.HAL_TIM_Base_Init  stm32f1xx_hal_tim.o
    0x08002094   0x00000024   Code   RO          171    i.HAL_TIM_Base_MspInit  stm32f1xx_hal_msp.o
    0x080020b8   0x0000002a   Code   RO         2496    i.HAL_TIM_Base_Start_IT  stm32f1xx_hal_tim.o
    0x080020e2   0x000000aa   Code   RO         2509    i.HAL_TIM_Encoder_Init  stm32f1xx_hal_tim.o
    0x0800218c   0x00000002   Code   RO         2511    i.HAL_TIM_Encoder_MspInit  stm32f1xx_hal_tim.o
    0x0800218e   0x0000004e   Code   RO         2512    i.HAL_TIM_Encoder_Start  stm32f1xx_hal_tim.o
    0x080021dc   0x00000002   Code   RO         2520    i.HAL_TIM_IC_CaptureCallback  stm32f1xx_hal_tim.o
    0x080021de   0x00000196   Code   RO         2534    i.HAL_TIM_IRQHandler  stm32f1xx_hal_tim.o
    0x08002374   0x00000002   Code   RO         2537    i.HAL_TIM_OC_DelayElapsedCallback  stm32f1xx_hal_tim.o
    0x08002376   0x00000108   Code   RO         2558    i.HAL_TIM_PWM_ConfigChannel  stm32f1xx_hal_tim.o
    0x0800247e   0x00000034   Code   RO         2561    i.HAL_TIM_PWM_Init  stm32f1xx_hal_tim.o
    0x080024b2   0x00000002   PAD
    0x080024b4   0x0000008c   Code   RO         3994    i.HAL_TIM_PWM_MspInit  init.o
    0x08002540   0x00000002   Code   RO         2564    i.HAL_TIM_PWM_PulseFinishedCallback  stm32f1xx_hal_tim.o
    0x08002542   0x00000002   PAD
    0x08002544   0x00000058   Code   RO         2566    i.HAL_TIM_PWM_Start  stm32f1xx_hal_tim.o
    0x0800259c   0x0000014c   Code   RO         4080    i.HAL_TIM_PeriodElapsedCallback  bldc.o
    0x080026e8   0x00000002   Code   RO         2577    i.HAL_TIM_TriggerCallback  stm32f1xx_hal_tim.o
    0x080026ea   0x00000002   Code   RO         3449    i.HAL_UART_ErrorCallback  stm32f1xx_hal_uart.o
    0x080026ec   0x0000014c   Code   RO         3452    i.HAL_UART_IRQHandler  stm32f1xx_hal_uart.o
    0x08002838   0x00000072   Code   RO         3453    i.HAL_UART_Init     stm32f1xx_hal_uart.o
    0x080028aa   0x00000002   PAD
    0x080028ac   0x000000b4   Code   RO         4528    i.HAL_UART_MspInit  usart.o
    0x08002960   0x00000070   Code   RO         3458    i.HAL_UART_Receive_IT  stm32f1xx_hal_uart.o
    0x080029d0   0x0000009c   Code   RO         4529    i.HAL_UART_RxCpltCallback  usart.o
    0x08002a6c   0x00000002   Code   RO         3464    i.HAL_UART_TxCpltCallback  stm32f1xx_hal_uart.o
    0x08002a6e   0x00000002   PAD
    0x08002a70   0x00000020   Code   RO         3995    i.H_sensor_init     init.o
    0x08002a90   0x00000004   Code   RO          210    i.HardFault_Handler  stm32f1xx_it.o
    0x08002a94   0x00000038   Code   RO         4081    i.Is_Forward        bldc.o
    0x08002acc   0x00000048   Code   RO         4608    i.LowPass           foc.o
    0x08002b14   0x0000006c   Code   RO         4664    i.MX_SPI1_Init      encode.o
    0x08002b80   0x00000004   Code   RO          211    i.MemManage_Handler  stm32f1xx_it.o
    0x08002b84   0x00000002   Code   RO          212    i.NMI_Handler       stm32f1xx_it.o
    0x08002b86   0x00000014   Code   RO         4665    i.Parity_bit_Calculate  encode.o
    0x08002b9a   0x00000002   PAD
    0x08002b9c   0x0000006c   Code   RO         4610    i.ParkConvT         foc.o
    0x08002c08   0x00000002   Code   RO          213    i.PendSV_Handler    stm32f1xx_it.o
    0x08002c0a   0x00000074   Code   RO         4182    i.Pid_Cal           motor_ctrl.o
    0x08002c7e   0x00000002   PAD
    0x08002c80   0x00000030   Code   RO         4183    i.Pid_Conf          motor_ctrl.o
    0x08002cb0   0x00000028   Code   RO         1922    i.RCC_Delay         stm32f1xx_hal_rcc.o
    0x08002cd8   0x00000028   Code   RO         2174    i.SPI_EndRxTxTransaction  stm32f1xx_hal_spi.o
    0x08002d00   0x00000006   Code   RO         2175    i.SPI_ISCRCErrorValid  stm32f1xx_hal_spi.o
    0x08002d06   0x00000002   PAD
    0x08002d08   0x00000040   Code   RO         4666    i.SPI_ReadWrite_OneByte  encode.o
    0x08002d48   0x000000a8   Code   RO         2182    i.SPI_WaitFlagStateUntilTimeout  stm32f1xx_hal_spi.o
    0x08002df0   0x00000002   Code   RO          214    i.SVC_Handler       stm32f1xx_it.o
    0x08002df2   0x00000002   PAD
    0x08002df4   0x00000054   Code   RO         4185    i.Speed_Rpm         motor_ctrl.o
    0x08002e48   0x00000044   Code   RO         3996    i.Stop_Start_Init   init.o
    0x08002e8c   0x00000008   Code   RO          215    i.SysTick_Handler   stm32f1xx_it.o
    0x08002e94   0x00000058   Code   RO          318    i.SystemInit        system_stm32f1xx.o
    0x08002eec   0x00000010   Code   RO          216    i.TIM2_IRQHandler   stm32f1xx_it.o
    0x08002efc   0x00000010   Code   RO          217    i.TIM3_IRQHandler   stm32f1xx_it.o
    0x08002f0c   0x00000010   Code   RO          218    i.TIM4_IRQHandler   stm32f1xx_it.o
    0x08002f1c   0x0000009c   Code   RO         2579    i.TIM_Base_SetConfig  stm32f1xx_hal_tim.o
    0x08002fb8   0x00000022   Code   RO         2580    i.TIM_CCxChannelCmd  stm32f1xx_hal_tim.o
    0x08002fda   0x00000002   PAD
    0x08002fdc   0x000000b0   Code   RO         3997    i.TIM_Init          init.o
    0x0800308c   0x00000070   Code   RO         2592    i.TIM_OC1_SetConfig  stm32f1xx_hal_tim.o
    0x080030fc   0x0000007c   Code   RO         2593    i.TIM_OC2_SetConfig  stm32f1xx_hal_tim.o
    0x08003178   0x00000078   Code   RO         2594    i.TIM_OC3_SetConfig  stm32f1xx_hal_tim.o
    0x080031f0   0x00000054   Code   RO         2595    i.TIM_OC4_SetConfig  stm32f1xx_hal_tim.o
    0x08003244   0x00000014   Code   RO         3466    i.UART_DMAAbortOnError  stm32f1xx_hal_uart.o
    0x08003258   0x00000020   Code   RO         3476    i.UART_EndRxTransfer  stm32f1xx_hal_uart.o
    0x08003278   0x00000020   Code   RO         3477    i.UART_EndTransmit_IT  stm32f1xx_hal_uart.o
    0x08003298   0x000000a6   Code   RO         3479    i.UART_Receive_IT   stm32f1xx_hal_uart.o
    0x0800333e   0x00000002   PAD
    0x08003340   0x000001a0   Code   RO         3480    i.UART_SetConfig    stm32f1xx_hal_uart.o
    0x080034e0   0x00000068   Code   RO         3481    i.UART_Transmit_IT  stm32f1xx_hal_uart.o
    0x08003548   0x00000010   Code   RO         4530    i.USART1_IRQHandler  usart.o
    0x08003558   0x00000004   Code   RO          219    i.UsageFault_Handler  stm32f1xx_it.o
    0x0800355c   0x00000028   Code   RO         4882    i.__ARM_fpclassify  m_ws.l(fpclassify.o)
    0x08003584   0x00000010   Code   RO          855    i.__NVIC_GetPriorityGrouping  stm32f1xx_hal_cortex.o
    0x08003594   0x00000028   Code   RO          856    i.__NVIC_SetPriority  stm32f1xx_hal_cortex.o
    0x080035bc   0x00000388   Code   RO         4841    i.__ieee754_rem_pio2  m_ws.l(rred.o)
    0x08003944   0x000000fc   Code   RO         4824    i.__kernel_cos      m_ws.l(cos_i.o)
    0x08003a40   0x000000aa   Code   RO         4884    i.__kernel_poly     m_ws.l(poly.o)
    0x08003aea   0x00000002   PAD
    0x08003aec   0x000000ec   Code   RO         4846    i.__kernel_sin      m_ws.l(sin_i.o)
    0x08003bd8   0x00000006   Code   RO         4828    i.__mathlib_dbl_infnan  m_ws.l(dunder.o)
    0x08003bde   0x0000000c   Code   RO         4830    i.__mathlib_dbl_invalid  m_ws.l(dunder.o)
    0x08003bea   0x00000002   PAD
    0x08003bec   0x00000010   Code   RO         4833    i.__mathlib_dbl_underflow  m_ws.l(dunder.o)
    0x08003bfc   0x00000004   Code   RO         4532    i._sys_exit         usart.o
    0x08003c00   0x0000005c   Code   RO         4293    i.adc_ave_filter    measure.o
    0x08003c5c   0x00000058   Code   RO         4294    i.adc_offset        measure.o
    0x08003cb4   0x00000054   Code   RO         4187    i.adrcConf          motor_ctrl.o
    0x08003d08   0x00000044   Code   RO         4192    i.cal_motor         motor_ctrl.o
    0x08003d4c   0x00000008   Code   RO         3999    i.capture_init      init.o
    0x08003d54   0x0000009c   Code   RO         4789    i.cos               m_ws.l(cos.o)
    0x08003df0   0x0000001c   Code   RO         4193    i.ctrl_Init         motor_ctrl.o
    0x08003e0c   0x0000000c   Code   RO         4412    i.delay_init        delay.o
    0x08003e18   0x00000038   Code   RO         4667    i.getAngle          encode.o
    0x08003e50   0x00000054   Code   RO         4085    i.gtimRestart       bldc.o
    0x08003ea4   0x00000088   Code   RO         4000    i.h_bridge_init     init.o
    0x08003f2c   0x0000003c   Code   RO         4086    i.hallsensor        bldc.o
    0x08003f68   0x00000044   Code   RO         4001    i.l_bridge_init     init.o
    0x08003fac   0x0000002c   Code   RO            4    i.main              main.o
    0x08003fd8   0x000000a0   Code   RO         4797    i.sin               m_ws.l(sin.o)
    0x08004078   0x00000042   Code   RO         4002    i.sys_init          init.o
    0x080040ba   0x00000066   Code   RO         4461    i.sys_stm32_clock_init  sys.o
    0x08004120   0x00000048   Code   RO         4087    i.uhvl              bldc.o
    0x08004168   0x00000048   Code   RO         4088    i.uhwl              bldc.o
    0x080041b0   0x00000038   Code   RO         4535    i.usart_init        usart.o
    0x080041e8   0x00000048   Code   RO         4089    i.vhul              bldc.o
    0x08004230   0x00000048   Code   RO         4090    i.vhwl              bldc.o
    0x08004278   0x00000048   Code   RO         4091    i.whul              bldc.o
    0x080042c0   0x00000048   Code   RO         4092    i.whvl              bldc.o
    0x08004308   0x00000062   Code   RO         4726    x$fpl$d2f           fz_ws.l(d2f.o)
    0x0800436a   0x00000002   PAD
    0x0800436c   0x00000150   Code   RO         4728    x$fpl$dadd          fz_ws.l(daddsub_clz.o)
    0x080044bc   0x00000010   Code   RO         4901    x$fpl$dcheck1       fz_ws.l(dcheck1.o)
    0x080044cc   0x00000018   Code   RO         4811    x$fpl$dcmpinf       fz_ws.l(dcmpi.o)
    0x080044e4   0x000002b0   Code   RO         4735    x$fpl$ddiv          fz_ws.l(ddiv.o)
    0x08004794   0x0000005e   Code   RO         4876    x$fpl$dfix          fz_ws.l(dfix.o)
    0x080047f2   0x00000002   PAD
    0x080047f4   0x0000005a   Code   RO         4738    x$fpl$dfixu         fz_ws.l(dfixu.o)
    0x0800484e   0x0000002e   Code   RO         4743    x$fpl$dflt          fz_ws.l(dflt_clz.o)
    0x0800487c   0x00000026   Code   RO         4742    x$fpl$dfltu         fz_ws.l(dflt_clz.o)
    0x080048a2   0x00000002   PAD
    0x080048a4   0x00000078   Code   RO         4748    x$fpl$dleqf         fz_ws.l(dleqf.o)
    0x0800491c   0x00000154   Code   RO         4750    x$fpl$dmul          fz_ws.l(dmul.o)
    0x08004a70   0x0000009c   Code   RO         4813    x$fpl$dnaninf       fz_ws.l(dnaninf.o)
    0x08004b0c   0x0000000c   Code   RO         4815    x$fpl$dretinf       fz_ws.l(dretinf.o)
    0x08004b18   0x0000006c   Code   RO         4752    x$fpl$drleqf        fz_ws.l(drleqf.o)
    0x08004b84   0x00000016   Code   RO         4729    x$fpl$drsb          fz_ws.l(daddsub_clz.o)
    0x08004b9a   0x00000002   PAD
    0x08004b9c   0x000001d4   Code   RO         4730    x$fpl$dsub          fz_ws.l(daddsub_clz.o)
    0x08004d70   0x00000056   Code   RO         4754    x$fpl$f2d           fz_ws.l(f2d.o)
    0x08004dc6   0x00000002   PAD
    0x08004dc8   0x000000c4   Code   RO         4756    x$fpl$fadd          fz_ws.l(faddsub_clz.o)
    0x08004e8c   0x00000018   Code   RO         4817    x$fpl$fcmpinf       fz_ws.l(fcmpi.o)
    0x08004ea4   0x00000184   Code   RO         4763    x$fpl$fdiv          fz_ws.l(fdiv.o)
    0x08005028   0x00000036   Code   RO         4768    x$fpl$ffix          fz_ws.l(ffix.o)
    0x0800505e   0x00000002   PAD
    0x08005060   0x00000030   Code   RO         4777    x$fpl$fflt          fz_ws.l(fflt_clz.o)
    0x08005090   0x00000026   Code   RO         4776    x$fpl$ffltu         fz_ws.l(fflt_clz.o)
    0x080050b6   0x00000002   PAD
    0x080050b8   0x00000068   Code   RO         4782    x$fpl$fleqf         fz_ws.l(fleqf.o)
    0x08005120   0x00000102   Code   RO         4784    x$fpl$fmul          fz_ws.l(fmul.o)
    0x08005222   0x0000008c   Code   RO         4819    x$fpl$fnaninf       fz_ws.l(fnaninf.o)
    0x080052ae   0x0000000a   Code   RO         4821    x$fpl$fretinf       fz_ws.l(fretinf.o)
    0x080052b8   0x00000062   Code   RO         4786    x$fpl$frleqf        fz_ws.l(frleqf.o)
    0x0800531a   0x00000002   PAD
    0x0800531c   0x000000ea   Code   RO         4758    x$fpl$fsub          fz_ws.l(faddsub_clz.o)
    0x08005406   0x00000064   Code   RO         4954    x$fpl$retnan        fz_ws.l(retnan.o)
    0x0800546a   0x0000005c   Code   RO         4880    x$fpl$scalbn        fz_ws.l(scalbn.o)
    0x080054c6   0x00000030   Code   RO         4973    x$fpl$trapveneer    fz_ws.l(trapv.o)
    0x080054f6   0x00000000   Code   RO         4823    x$fpl$usenofp       fz_ws.l(usenofp.o)
    0x080054f6   0x00000018   Data   RO          319    .constdata          system_stm32f1xx.o
    0x0800550e   0x00000002   PAD
    0x08005510   0x00000030   Data   RO         4825    .constdata          m_ws.l(cos_i.o)
    0x08005540   0x000000c8   Data   RO         4843    .constdata          m_ws.l(rred.o)
    0x08005608   0x00000028   Data   RO         4847    .constdata          m_ws.l(sin_i.o)
    0x08005630   0x00000020   Data   RO         5025    Region$$Table       anon$$obj.o


    Execution Region RW_IRAM1 (Base: 0x20000000, Size: 0x00000c60, Max: 0x00005000, ABSOLUTE)

    Base Addr    Size         Type   Attr      Idx    E Section Name        Object

    0x20000000   0x00000004   Data   RW          320    .data               system_stm32f1xx.o
    0x20000004   0x00000009   Data   RW          379    .data               stm32f1xx_hal.o
    0x2000000d   0x00000003   PAD
    0x20000010   0x00000036   Data   RW         4094    .data               bldc.o
    0x20000046   0x00000002   PAD
    0x20000048   0x00000024   Data   RW         4195    .data               motor_ctrl.o
    0x2000006c   0x00000006   Data   RW         4296    .data               measure.o
    0x20000072   0x00000002   PAD
    0x20000074   0x00000004   Data   RW         4415    .data               delay.o
    0x20000078   0x00000007   Data   RW         4537    .data               usart.o
    0x2000007f   0x00000001   PAD
    0x20000080   0x00000004   Data   RW         4669    .data               encode.o
    0x20000084   0x00000184   Zero   RW         4003    .bss                init.o
    0x20000208   0x0000000a   Zero   RW         4093    .bss                bldc.o
    0x20000212   0x00000002   PAD
    0x20000214   0x0000005c   Zero   RW         4194    .bss                motor_ctrl.o
    0x20000270   0x000001fe   Zero   RW         4295    .bss                measure.o
    0x2000046e   0x00000002   PAD
    0x20000470   0x00000108   Zero   RW         4536    .bss                usart.o
    0x20000578   0x0000002c   Zero   RW         4611    .bss                foc.o
    0x200005a4   0x00000058   Zero   RW         4668    .bss                encode.o
    0x200005fc   0x00000060   Zero   RW         4887    .bss                c_w.l(libspace.o)
    0x2000065c   0x00000004   PAD
    0x20000660   0x00000200   Zero   RW         3983    HEAP                startup_stm32f103xb.o
    0x20000860   0x00000400   Zero   RW         3982    STACK               startup_stm32f103xb.o


==============================================================================

Image component sizes


      Code (inc. data)   RO Data    RW Data    ZI Data      Debug   Object Name

       964        146          0         54         10       5030   bldc.o
        12          6          0          4          0        521   delay.o
       294         34          0          4         88       2481   encode.o
       744         44          0          0         44       1809   foc.o
       838         90          0          0        388       5132   init.o
        44         10          0          0          0     512923   main.o
       244         38          0          6        510       2014   measure.o
       428         82          0         36         92       3536   motor_ctrl.o
        64         26        236          0       1536        752   startup_stm32f103xb.o
       152         32          0          9          0       5193   stm32f1xx_hal.o
      1116         32          0          0          0       6603   stm32f1xx_hal_adc.o
         2          0          0          0          0        857   stm32f1xx_hal_adc_ex.o
       304         22          0          0          0      28931   stm32f1xx_hal_cortex.o
      1630         20          0          0          0       3915   stm32f1xx_hal_dma.o
       860         40          0          0          0       2891   stm32f1xx_hal_gpio.o
        36          4          0          0          0        727   stm32f1xx_hal_msp.o
         2          0          0          0          0        398   stm32f1xx_hal_msp_template.o
      1784        110          0          0          0       5164   stm32f1xx_hal_rcc.o
      1122          0          0          0          0       4701   stm32f1xx_hal_spi.o
      1792         66          0          0          0      11183   stm32f1xx_hal_tim.o
        88          0          0          0          0       1925   stm32f1xx_hal_tim_ex.o
      1332         10          0          0          0       6355   stm32f1xx_hal_uart.o
       114         28          0          0          0       5694   stm32f1xx_it.o
       102          0          0          0          0        607   sys.o
        88         18         24          4          0        959   system_stm32f1xx.o
       412         52          0          7        264       4169   usart.o

    ----------------------------------------------------------------------
     14596        910        294        132       2936     624470   Object Totals
         0          0         32          0          0          0   (incl. Generated)
        28          0          2          8          4          0   (incl. Padding)

    ----------------------------------------------------------------------

      Code (inc. data)   RO Data    RW Data    ZI Data      Debug   Library Member Name

         8          0          0          0          0         68   __main.o
         0          0          0          0          0          0   __rtentry.o
        12          0          0          0          0          0   __rtentry2.o
         6          0          0          0          0          0   __rtentry4.o
        52          8          0          0          0          0   __scatter.o
        26          0          0          0          0          0   __scatter_copy.o
        28          0          0          0          0          0   __scatter_zi.o
        22          0          0          0          0        100   _rserrno.o
        12          0          0          0          0         72   exit.o
         6          0          0          0          0        152   heapauxi.o
         2          0          0          0          0          0   libinit.o
         2          0          0          0          0          0   libinit2.o
         2          0          0          0          0          0   libshutdown.o
         2          0          0          0          0          0   libshutdown2.o
         8          4          0          0         96         68   libspace.o
         8          4          0          0          0         68   rt_errno_addr_intlibspace.o
        78          0          0          0          0         80   rt_memclr_w.o
         2          0          0          0          0          0   rtexit.o
        10          0          0          0          0          0   rtexit2.o
        74          0          0          0          0         80   sys_stackheap_outer.o
         2          0          0          0          0         68   use_no_semi.o
         2          0          0          0          0         68   use_no_semi_2.o
        98          4          0          0          0         92   d2f.o
       826         16          0          0          0        348   daddsub_clz.o
        16          4          0          0          0         68   dcheck1.o
        24          0          0          0          0         68   dcmpi.o
       688        140          0          0          0        208   ddiv.o
        94          4          0          0          0         92   dfix.o
        90          4          0          0          0         92   dfixu.o
        84          0          0          0          0        136   dflt_clz.o
       120          4          0          0          0         92   dleqf.o
       340         12          0          0          0        104   dmul.o
       156          4          0          0          0         92   dnaninf.o
        12          0          0          0          0         68   dretinf.o
       108          0          0          0          0         80   drleqf.o
        86          4          0          0          0         84   f2d.o
       430          8          0          0          0        168   faddsub_clz.o
        24          0          0          0          0         68   fcmpi.o
       388         76          0          0          0         96   fdiv.o
        54          4          0          0          0         84   ffix.o
        86          0          0          0          0        136   fflt_clz.o
       104          4          0          0          0         84   fleqf.o
       258          4          0          0          0         84   fmul.o
       140          4          0          0          0         84   fnaninf.o
        10          0          0          0          0         68   fretinf.o
        98          0          0          0          0         68   frleqf.o
       100          0          0          0          0         68   retnan.o
        92          0          0          0          0         68   scalbn.o
        48          0          0          0          0         68   trapv.o
         0          0          0          0          0          0   usenofp.o
       156          8          0          0          0        104   cos.o
       252         22         48          0          0        124   cos_i.o
        34          6          0          0          0        204   dunder.o
        40          0          0          0          0         68   fpclassify.o
       170          0          0          0          0         96   poly.o
       904         76        200          0          0        140   rred.o
       160         10          0          0          0        108   sin.o
       236         12         40          0          0        128   sin_i.o

    ----------------------------------------------------------------------
      6918        446        288          0        100       4564   Library Totals
        28          0          0          0          4          0   (incl. Padding)

    ----------------------------------------------------------------------

      Code (inc. data)   RO Data    RW Data    ZI Data      Debug   Library Name

       364         16          0          0         96        824   c_w.l
      4574        296          0          0          0       2768   fz_ws.l
      1952        134        288          0          0        972   m_ws.l

    ----------------------------------------------------------------------
      6918        446        288          0        100       4564   Library Totals

    ----------------------------------------------------------------------

==============================================================================


      Code (inc. data)   RO Data    RW Data    ZI Data      Debug   

     21514       1356        582        132       3036     619566   Grand Totals
     21514       1356        582        132       3036     619566   ELF Image Totals
     21514       1356        582        132          0          0   ROM Totals

==============================================================================

    Total RO  Size (Code + RO Data)                22096 (  21.58kB)
    Total RW  Size (RW Data + ZI Data)              3168 (   3.09kB)
    Total ROM Size (Code + RO Data + RW Data)      22228 (  21.71kB)

==============================================================================

