Component: Arm Compiler for Embedded 6.19 Tool: armlink [5e73cb00]

==============================================================================

Section Cross References

    main.o(.text) refers (Special) to _printf_percent.o(.ARM.Collect$$_printf_percent$$00000000) for _printf_percent
    main.o(.text) refers (Special) to _printf_d.o(.ARM.Collect$$_printf_percent$$00000009) for _printf_d
    main.o(.text) refers (Special) to _printf_f.o(.ARM.Collect$$_printf_percent$$00000003) for _printf_f
    main.o(.text) refers (Special) to _printf_dec.o(.text) for _printf_int_dec
    main.o(.text) refers (Special) to printf1.o(x$fpl$printf1) for _printf_fp_dec
    main.o(.text.main) refers (Special) to _printf_percent.o(.ARM.Collect$$_printf_percent$$00000000) for _printf_percent
    main.o(.text.main) refers (Special) to _printf_d.o(.ARM.Collect$$_printf_percent$$00000009) for _printf_d
    main.o(.text.main) refers (Special) to _printf_f.o(.ARM.Collect$$_printf_percent$$00000003) for _printf_f
    main.o(.text.main) refers (Special) to _printf_dec.o(.text) for _printf_int_dec
    main.o(.text.main) refers (Special) to printf1.o(x$fpl$printf1) for _printf_fp_dec
    main.o(.text.main) refers to init.o(.text.sys_init) for sys_init
    main.o(.text.main) refers to init.o(.bss.htim3) for htim3
    main.o(.text.main) refers to stm32f1xx_hal_tim.o(.text.HAL_TIM_Encoder_Start) for HAL_TIM_Encoder_Start
    main.o(.text.main) refers to bldc.o(.bss.motor) for motor
    main.o(.text.main) refers to usart.o(.bss.g_uart1_handle) for g_uart1_handle
    main.o(.text.main) refers to usart.o(.bss.rxdat) for rxdat
    main.o(.text.main) refers to stm32f1xx_hal_uart.o(.text.HAL_UART_Receive_IT) for HAL_UART_Receive_IT
    main.o(.text.main) refers to foc.o(.bss.motor_foc) for motor_foc
    main.o(.text.main) refers to motor_ctrl.o(.bss.target_angle) for target_angle
    main.o(.text.main) refers to f2d.o(x$fpl$f2d) for __aeabi_f2d
    main.o(.text.main) refers to noretval__2printf.o(.text) for __2printf
    main.o(.text.main) refers to delay.o(.text.HAL_Delay) for HAL_Delay
    main.o(.ARM.exidx.text.main) refers (Special) to _printf_percent.o(.ARM.Collect$$_printf_percent$$00000000) for _printf_percent
    main.o(.ARM.exidx.text.main) refers (Special) to _printf_d.o(.ARM.Collect$$_printf_percent$$00000009) for _printf_d
    main.o(.ARM.exidx.text.main) refers (Special) to _printf_f.o(.ARM.Collect$$_printf_percent$$00000003) for _printf_f
    main.o(.ARM.exidx.text.main) refers (Special) to _printf_dec.o(.text) for _printf_int_dec
    main.o(.ARM.exidx.text.main) refers (Special) to printf1.o(x$fpl$printf1) for _printf_fp_dec
    main.o(.ARM.exidx.text.main) refers to main.o(.text.main) for [Anonymous Symbol]
    main.o(.bss.rxflag) refers (Special) to _printf_percent.o(.ARM.Collect$$_printf_percent$$00000000) for _printf_percent
    main.o(.bss.rxflag) refers (Special) to _printf_d.o(.ARM.Collect$$_printf_percent$$00000009) for _printf_d
    main.o(.bss.rxflag) refers (Special) to _printf_f.o(.ARM.Collect$$_printf_percent$$00000003) for _printf_f
    main.o(.bss.rxflag) refers (Special) to _printf_dec.o(.text) for _printf_int_dec
    main.o(.bss.rxflag) refers (Special) to printf1.o(x$fpl$printf1) for _printf_fp_dec
    main.o(.bss.tmp_test) refers (Special) to _printf_percent.o(.ARM.Collect$$_printf_percent$$00000000) for _printf_percent
    main.o(.bss.tmp_test) refers (Special) to _printf_d.o(.ARM.Collect$$_printf_percent$$00000009) for _printf_d
    main.o(.bss.tmp_test) refers (Special) to _printf_f.o(.ARM.Collect$$_printf_percent$$00000003) for _printf_f
    main.o(.bss.tmp_test) refers (Special) to _printf_dec.o(.text) for _printf_int_dec
    main.o(.bss.tmp_test) refers (Special) to printf1.o(x$fpl$printf1) for _printf_fp_dec
    main.o(.ARM.use_no_argv) refers (Special) to _printf_percent.o(.ARM.Collect$$_printf_percent$$00000000) for _printf_percent
    main.o(.ARM.use_no_argv) refers (Special) to _printf_d.o(.ARM.Collect$$_printf_percent$$00000009) for _printf_d
    main.o(.ARM.use_no_argv) refers (Special) to _printf_f.o(.ARM.Collect$$_printf_percent$$00000003) for _printf_f
    main.o(.ARM.use_no_argv) refers (Special) to _printf_dec.o(.text) for _printf_int_dec
    main.o(.ARM.use_no_argv) refers (Special) to printf1.o(x$fpl$printf1) for _printf_fp_dec
    stm32f1xx_hal_msp.o(.text.HAL_ADC_MspDeInit) refers to stm32f1xx_hal_gpio.o(.text.HAL_GPIO_DeInit) for HAL_GPIO_DeInit
    stm32f1xx_hal_msp.o(.text.HAL_ADC_MspDeInit) refers to stm32f1xx_hal_dma.o(.text.HAL_DMA_DeInit) for HAL_DMA_DeInit
    stm32f1xx_hal_msp.o(.text.HAL_ADC_MspDeInit) refers to stm32f1xx_hal_cortex.o(.text.HAL_NVIC_DisableIRQ) for HAL_NVIC_DisableIRQ
    stm32f1xx_hal_msp.o(.ARM.exidx.text.HAL_ADC_MspDeInit) refers to stm32f1xx_hal_msp.o(.text.HAL_ADC_MspDeInit) for [Anonymous Symbol]
    stm32f1xx_hal_msp.o(.ARM.exidx.text.HAL_TIM_Base_MspInit) refers to stm32f1xx_hal_msp.o(.text.HAL_TIM_Base_MspInit) for [Anonymous Symbol]
[...]
    twooverpi                                0x08006918   Data         156  rred.o(.constdata)
    S                                        0x080069b8   Data          40  sin_i.o(.constdata)
    .constdata                               0x080069b8   Section       40  sin_i.o(.constdata)
    tenpwrs_x                                0x080069e0   Data          60  bigflt0.o(.constdata)
    .constdata                               0x080069e0   Section      148  bigflt0.o(.constdata)
    tenpwrs_i                                0x08006a1c   Data          64  bigflt0.o(.constdata)
    .L__const.HAL_RCC_GetSysClockFreq.aPredivFactorTable 0x08006a74   Data           2  stm32f1xx_hal_rcc.o(.rodata..L__const.HAL_RCC_GetSysClockFreq.aPredivFactorTable)
    .L__const.HAL_RCC_GetSysClockFreq.aPLLMULFactorTable 0x08006a8e   Data          16  stm32f1xx_hal_rcc.o(.rodata.cst16)
    locale$$data                             0x08006ac0   Section       28  lc_numeric_c.o(locale$$data)
    __lcnum_c_name                           0x08006ac4   Data           2  lc_numeric_c.o(locale$$data)
    __lcnum_c_start                          0x08006acc   Data           0  lc_numeric_c.o(locale$$data)
    __lcnum_c_point                          0x08006ad8   Data           0  lc_numeric_c.o(locale$$data)
    __lcnum_c_thousands                      0x08006ada   Data           0  lc_numeric_c.o(locale$$data)
    __lcnum_c_grouping                       0x08006adb   Data           0  lc_numeric_c.o(locale$$data)
    __lcnum_c_end                            0x08006adc   Data           0  lc_numeric_c.o(locale$$data)
    .bss                                     0x20000028   Section       96  libspace.o(.bss)
    g_fac_us                                 0x20000438   Data           4  delay.o(.bss.g_fac_us)
    [Anonymous Symbol]                       0x20000438   Section        0  delay.o(.bss.g_fac_us)
    Heap_Mem                                 0x200005b8   Data         512  startup_stm32f103xb.o(HEAP)
    HEAP                                     0x200005b8   Section      512  startup_stm32f103xb.o(HEAP)
    Stack_Mem                                0x200007b8   Data        1024  startup_stm32f103xb.o(STACK)
    STACK                                    0x200007b8   Section     1024  startup_stm32f103xb.o(STACK)
    __initial_sp                             0x20000bb8   Data           0  startup_stm32f103xb.o(STACK)

    Global Symbols

    Symbol Name                              Value     Ov Type        Size  Object(Section)

    BuildAttributes$$THM_ISAv4$P$D$K$B$S$PE$A:L22UL41UL21$X:L11$S22US41US21$IEEE1$IW$~IW$USESV6$~STKCKD$USESV7$~SHL$OTIME$ROPI$IEEEX$EBA8$UX$STANDARDLIB$REQ8$PRES8$EABIv2 0x00000000   Number         0  anon$$obj.o ABSOLUTE
    __fp_init_empty                          0x00000000   Number         0  fpinit_empty.o ABSOLUTE
    __ARM_exceptions_init                     - Undefined Weak Reference
    __alloca_initialize                       - Undefined Weak Reference
    __arm_preinit_                            - Undefined Weak Reference
    __arm_relocate_pie_                       - Undefined Weak Reference
    __cpp_initialize__aeabi_                  - Undefined Weak Reference
    __cxa_finalize                            - Undefined Weak Reference
    __sigvec_lookup                           - Undefined Weak Reference
    _atexit_init                              - Undefined Weak Reference
    _call_atexit_fns                          - Undefined Weak Reference
    _clock_init                               - Undefined Weak Reference
    _fp_trap_init                             - Undefined Weak Reference
    _fp_trap_shutdown                         - Undefined Weak Reference
    _get_lc_collate                           - Undefined Weak Reference
    _get_lc_ctype                             - Undefined Weak Reference
    _get_lc_monetary                          - Undefined Weak Reference
    _get_lc_time                              - Undefined Weak Reference
    _getenv_init                              - Undefined Weak Reference
    _handle_redirection                       - Undefined Weak Reference
    _init_alloc                               - Undefined Weak Reference
    _init_user_alloc                          - Undefined Weak Reference
    _initio                                   - Undefined Weak Reference
    _mutex_acquire                            - Undefined Weak Reference
    _mutex_release                            - Undefined Weak Reference
    _printf_post_padding                      - Undefined Weak Reference
    _printf_pre_padding                       - Undefined Weak Reference
    _printf_truncate_signed                   - Undefined Weak Reference
    _printf_truncate_unsigned                 - Undefined Weak Reference
    _rand_init                                - Undefined Weak Reference
    _signal_finish                            - Undefined Weak Reference
    _signal_init                              - Undefined Weak Reference
    _terminate_alloc                          - Undefined Weak Reference
    _terminate_user_alloc                     - Undefined Weak Reference
    _terminateio                              - Undefined Weak Reference
    __Vectors_Size                           0x000000ec   Number         0  startup_stm32f103xb.o ABSOLUTE
    __Vectors                                0x08000000   Data           4  startup_stm32f103xb.o(RESET)
    __Vectors_End                            0x080000ec   Data           0  startup_stm32f103xb.o(RESET)
    __main                                   0x080000ed   Thumb Code     8  __main.o(!!!main)
    __scatterload                            0x080000f5   Thumb Code     0  __scatter.o(!!!scatter)
    __scatterload_rt2                        0x080000f5   Thumb Code    44  __scatter.o(!!!scatter)
    __scatterload_rt2_thumb_only             0x080000f5   Thumb Code     0  __scatter.o(!!!scatter)
    __scatterload_null                       0x08000103   Thumb Code     0  __scatter.o(!!!scatter)
    __scatterload_copy                       0x08000129   Thumb Code    26  __scatter_copy.o(!!handler_copy)
    __scatterload_zeroinit                   0x08000145   Thumb Code    28  __scatter_zi.o(!!handler_zi)
    _printf_f                                0x08000161   Thumb Code     0  _printf_f.o(.ARM.Collect$$_printf_percent$$00000003)
    _printf_percent                          0x08000161   Thumb Code     0  _printf_percent.o(.ARM.Collect$$_printf_percent$$00000000)
    _printf_d                                0x08000167   Thumb Code     0  _printf_d.o(.ARM.Collect$$_printf_percent$$00000009)
    _printf_percent_end                      0x0800016d   Thumb Code     0  _printf_percent_end.o(.ARM.Collect$$_printf_percent$$00000017)
    __rt_lib_init                            0x08000171   Thumb Code     0  libinit.o(.ARM.Collect$$libinit$$00000000)
    __rt_lib_init_fp_1                       0x08000173   Thumb Code     0  libinit2.o(.ARM.Collect$$libinit$$00000002)
    __rt_lib_init_heap_1                     0x08000173   Thumb Code     0  libinit2.o(.ARM.Collect$$libinit$$0000000C)
    __rt_lib_init_lc_common                  0x08000173   Thumb Code     0  libinit2.o(.ARM.Collect$$libinit$$00000011)
    __rt_lib_init_preinit_1                  0x08000173   Thumb Code     0  libinit2.o(.ARM.Collect$$libinit$$00000006)
    __rt_lib_init_rand_1                     0x08000173   Thumb Code     0  libinit2.o(.ARM.Collect$$libinit$$00000010)
    __rt_lib_init_relocate_pie_1             0x08000173   Thumb Code     0  libinit2.o(.ARM.Collect$$libinit$$00000004)
    __rt_lib_init_user_alloc_1               0x08000173   Thumb Code     0  libinit2.o(.ARM.Collect$$libinit$$0000000E)
    __rt_lib_init_lc_collate_1               0x08000179   Thumb Code     0  libinit2.o(.ARM.Collect$$libinit$$00000013)
    __rt_lib_init_lc_ctype_1                 0x08000179   Thumb Code     0  libinit2.o(.ARM.Collect$$libinit$$00000015)
    __rt_lib_init_lc_monetary_1              0x08000179   Thumb Code     0  libinit2.o(.ARM.Collect$$libinit$$00000017)
    __rt_lib_init_lc_numeric_2               0x08000179   Thumb Code     0  libinit2.o(.ARM.Collect$$libinit$$00000018)
    __rt_lib_init_alloca_1                   0x08000183   Thumb Code     0  libinit2.o(.ARM.Collect$$libinit$$00000030)
    __rt_lib_init_argv_1                     0x08000183   Thumb Code     0  libinit2.o(.ARM.Collect$$libinit$$0000002E)
    __rt_lib_init_atexit_1                   0x08000183   Thumb Code     0  libinit2.o(.ARM.Collect$$libinit$$0000001D)
    __rt_lib_init_clock_1                    0x08000183   Thumb Code     0  libinit2.o(.ARM.Collect$$libinit$$00000023)
    __rt_lib_init_cpp_1                      0x08000183   Thumb Code     0  libinit2.o(.ARM.Collect$$libinit$$00000034)
    __rt_lib_init_exceptions_1               0x08000183   Thumb Code     0  libinit2.o(.ARM.Collect$$libinit$$00000032)
    __rt_lib_init_fp_trap_1                  0x08000183   Thumb Code     0  libinit2.o(.ARM.Collect$$libinit$$00000021)
    __rt_lib_init_getenv_1                   0x08000183   Thumb Code     0  libinit2.o(.ARM.Collect$$libinit$$00000025)
    __rt_lib_init_lc_numeric_1               0x08000183   Thumb Code     0  libinit2.o(.ARM.Collect$$libinit$$00000019)
    __rt_lib_init_lc_time_1                  0x08000183   Thumb Code     0  libinit2.o(.ARM.Collect$$libinit$$0000001B)
    __rt_lib_init_return                     0x08000183   Thumb Code     0  libinit2.o(.ARM.Collect$$libinit$$00000035)
    __rt_lib_init_signal_1                   0x08000183   Thumb Code     0  libinit2.o(.ARM.Collect$$libinit$$0000001F)
    __rt_lib_init_stdio_1                    0x08000183   Thumb Code     0  libinit2.o(.ARM.Collect$$libinit$$00000027)
    __rt_lib_shutdown                        0x08000185   Thumb Code     0  libshutdown.o(.ARM.Collect$$libshutdown$$00000000)
    __rt_lib_shutdown_cpp_1                  0x08000187   Thumb Code     0  libshutdown2.o(.ARM.Collect$$libshutdown$$00000002)
    __rt_lib_shutdown_fp_trap_1              0x08000187   Thumb Code     0  libshutdown2.o(.ARM.Collect$$libshutdown$$00000007)
    __rt_lib_shutdown_heap_1                 0x08000187   Thumb Code     0  libshutdown2.o(.ARM.Collect$$libshutdown$$0000000F)
    __rt_lib_shutdown_return                 0x08000187   Thumb Code     0  libshutdown2.o(.ARM.Collect$$libshutdown$$00000010)
    __rt_lib_shutdown_signal_1               0x08000187   Thumb Code     0  libshutdown2.o(.ARM.Collect$$libshutdown$$0000000A)
    __rt_lib_shutdown_stdio_1                0x08000187   Thumb Code     0  libshutdown2.o(.ARM.Collect$$libshutdown$$00000004)
    __rt_lib_shutdown_user_alloc_1           0x08000187   Thumb Code     0  libshutdown2.o(.ARM.Collect$$libshutdown$$0000000C)
    __rt_entry                               0x08000189   Thumb Code     0  __rtentry.o(.ARM.Collect$$rtentry$$00000000)
    __rt_entry_presh_1                       0x08000189   Thumb Code     0  __rtentry2.o(.ARM.Collect$$rtentry$$00000002)
    __rt_entry_sh                            0x08000189   Thumb Code     0  __rtentry4.o(.ARM.Collect$$rtentry$$00000004)
    __rt_entry_li                            0x0800018f   Thumb Code     0  __rtentry2.o(.ARM.Collect$$rtentry$$0000000A)
    __rt_entry_postsh_1                      0x0800018f   Thumb Code     0  __rtentry2.o(.ARM.Collect$$rtentry$$00000009)
    __rt_entry_main                          0x08000193   Thumb Code     0  __rtentry2.o(.ARM.Collect$$rtentry$$0000000D)
    __rt_entry_postli_1                      0x08000193   Thumb Code     0  __rtentry2.o(.ARM.Collect$$rtentry$$0000000C)
    __rt_exit                                0x0800019b   Thumb Code     0  rtexit.o(.ARM.Collect$$rtexit$$00000000)
    __rt_exit_ls                             0x0800019d   Thumb Code     0  rtexit2.o(.ARM.Collect$$rtexit$$00000003)
    __rt_exit_prels_1                        0x0800019d   Thumb Code     0  rtexit2.o(.ARM.Collect$$rtexit$$00000002)
    __rt_exit_exit                           0x080001a1   Thumb Code     0  rtexit2.o(.ARM.Collect$$rtexit$$00000004)
    Reset_Handler                            0x080001a9   Thumb Code     8  startup_stm32f103xb.o(.text)
    CAN1_RX1_IRQHandler                      0x080001c3   Thumb Code     0  startup_stm32f103xb.o(.text)
    CAN1_SCE_IRQHandler                      0x080001c3   Thumb Code     0  startup_stm32f103xb.o(.text)
    DMA1_Channel2_IRQHandler                 0x080001c3   Thumb Code     0  startup_stm32f103xb.o(.text)
    DMA1_Channel3_IRQHandler                 0x080001c3   Thumb Code     0  startup_stm32f103xb.o(.text)
    DMA1_Channel4_IRQHandler                 0x080001c3   Thumb Code     0  startup_stm32f103xb.o(.text)
    DMA1_Channel5_IRQHandler                 0x080001c3   Thumb Code     0  startup_stm32f103xb.o(.text)
    DMA1_Channel6_IRQHandler                 0x080001c3   Thumb Code     0  startup_stm32f103xb.o(.text)
    DMA1_Channel7_IRQHandler                 0x080001c3   Thumb Code     0  startup_stm32f103xb.o(.text)
    EXTI0_IRQHandler                         0x080001c3   Thumb Code     0  startup_stm32f103xb.o(.text)
    EXTI15_10_IRQHandler                     0x080001c3   Thumb Code     0  startup_stm32f103xb.o(.text)
    EXTI1_IRQHandler                         0x080001c3   Thumb Code     0  startup_stm32f103xb.o(.text)
    EXTI2_IRQHandler                         0x080001c3   Thumb Code     0  startup_stm32f103xb.o(.text)
    EXTI3_IRQHandler                         0x080001c3   Thumb Code     0  startup_stm32f103xb.o(.text)
    EXTI4_IRQHandler                         0x080001c3   Thumb Code     0  startup_stm32f103xb.o(.text)
    FLASH_IRQHandler                         0x080001c3   Thumb Code     0  startup_stm32f103xb.o(.text)
    I2C1_ER_IRQHandler                       0x080001c3   Thumb Code     0  startup_stm32f103xb.o(.text)
    I2C1_EV_IRQHandler                       0x080001c3   Thumb Code     0  startup_stm32f103xb.o(.text)
    I2C2_ER_IRQHandler                       0x080001c3   Thumb Code     0  startup_stm32f103xb.o(.text)
    I2C2_EV_IRQHandler                       0x080001c3   Thumb Code     0  startup_stm32f103xb.o(.text)
    PVD_IRQHandler                           0x080001c3   Thumb Code     0  startup_stm32f103xb.o(.text)
    RCC_IRQHandler                           0x080001c3   Thumb Code     0  startup_stm32f103xb.o(.text)
    RTC_Alarm_IRQHandler                     0x080001c3   Thumb Code     0  startup_stm32f103xb.o(.text)
    RTC_IRQHandler                           0x080001c3   Thumb Code     0  startup_stm32f103xb.o(.text)
    SPI2_IRQHandler                          0x080001c3   Thumb Code     0  startup_stm32f103xb.o(.text)
    TAMPER_IRQHandler                        0x080001c3   Thumb Code     0  startup_stm32f103xb.o(.text)
    TIM1_BRK_IRQHandler                      0x080001c3   Thumb Code     0  startup_stm32f103xb.o(.text)
    TIM1_CC_IRQHandler                       0x080001c3   Thumb Code     0  startup_stm32f103xb.o(.text)
    TIM1_TRG_COM_IRQHandler                  0x080001c3   Thumb Code     0  startup_stm32f103xb.o(.text)
    TIM1_UP_IRQHandler                       0x080001c3   Thumb Code     0  startup_stm32f103xb.o(.text)
    USART1_IRQHandler                        0x080001c3   Thumb Code     0  startup_stm32f103xb.o(.text)
    USART2_IRQHandler                        0x080001c3   Thumb Code     0  startup_stm32f103xb.o(.text)
    USBWakeUp_IRQHandler                     0x080001c3   Thumb Code     0  startup_stm32f103xb.o(.text)
    USB_HP_CAN1_TX_IRQHandler                0x080001c3   Thumb Code     0  startup_stm32f103xb.o(.text)
    USB_LP_CAN1_RX0_IRQHandler               0x080001c3   Thumb Code     0  startup_stm32f103xb.o(.text)
    WWDG_IRQHandler                          0x080001c3   Thumb Code     0  startup_stm32f103xb.o(.text)
    __user_initial_stackheap                 0x080001c5   Thumb Code     0  startup_stm32f103xb.o(.text)
    __use_no_semihosting                     0x080001e9   Thumb Code     2  use_no_semi_2.o(.text)
    __2printf                                0x080001ed   Thumb Code    20  noretval__2printf.o(.text)
    __printf                                 0x08000205   Thumb Code   104  __printf.o(.text)
    _printf_int_dec                          0x0800026d   Thumb Code   104  _printf_dec.o(.text)
    __aeabi_memclr4                          0x080002e5   Thumb Code     0  rt_memclr_w.o(.text)
    __aeabi_memclr8                          0x080002e5   Thumb Code     0  rt_memclr_w.o(.text)
    __rt_memclr_w                            0x080002e5   Thumb Code     0  rt_memclr_w.o(.text)
    _memset_w                                0x080002e9   Thumb Code    74  rt_memclr_w.o(.text)
    __use_two_region_memory                  0x08000333   Thumb Code     2  heapauxi.o(.text)
    __rt_heap_escrow$2region                 0x08000335   Thumb Code     2  heapauxi.o(.text)
    __rt_heap_expand$2region                 0x08000337   Thumb Code     2  heapauxi.o(.text)
    __semihosting$guard                      0x08000339   Thumb Code     0  use_no_semi.o(.text)
    __use_no_semihosting_swi                 0x08000339   Thumb Code     2  use_no_semi.o(.text)
    __read_errno                             0x0800033b   Thumb Code    10  _rserrno.o(.text)
    __set_errno                              0x08000345   Thumb Code    12  _rserrno.o(.text)
    _printf_int_common                       0x08000351   Thumb Code   178  _printf_intcommon.o(.text)
    _printf_fp_dec_real                      0x080005b3   Thumb Code   620  _printf_fp_dec.o(.text)
    _printf_char_file                        0x08000821   Thumb Code    32  _printf_char_file.o(.text)
    __rt_locale                              0x08000845   Thumb Code     8  rt_locale_intlibspace.o(.text)
    __aeabi_errno_addr                       0x0800084d   Thumb Code     8  rt_errno_addr_intlibspace.o(.text)
    __errno$intlibspace                      0x0800084d   Thumb Code     0  rt_errno_addr_intlibspace.o(.text)
    __rt_errno_addr$intlibspace              0x0800084d   Thumb Code     0  rt_errno_addr_intlibspace.o(.text)
    _ll_udiv10                               0x08000855   Thumb Code   138  lludiv10.o(.text)
    _printf_char_common                      0x080008eb   Thumb Code    32  _printf_char_common.o(.text)
    _printf_fp_infnan                        0x08000911   Thumb Code   112  _printf_fp_infnan.o(.text)
    _btod_etento                             0x08000991   Thumb Code   224  bigflt0.o(.text)
    ferror                                   0x08000a75   Thumb Code     8  ferror.o(.text)
    __user_libspace                          0x08000a7d   Thumb Code     8  libspace.o(.text)
    __user_perproc_libspace                  0x08000a7d   Thumb Code     0  libspace.o(.text)
    __user_perthread_libspace                0x08000a7d   Thumb Code     0  libspace.o(.text)
    __user_setup_stackheap                   0x08000a85   Thumb Code    74  sys_stackheap_outer.o(.text)
    exit                                     0x08000acf   Thumb Code    18  exit.o(.text)
    strcmp                                   0x08000ae1   Thumb Code   128  strcmpv7m.o(.text)
    ADC1_2_IRQHandler                        0x08000b61   Thumb Code    12  stm32f1xx_it.o(.text.ADC1_2_IRQHandler)
    ADC_ConversionStop_Disable               0x08000b6d   Thumb Code    70  stm32f1xx_hal_adc.o(.text.ADC_ConversionStop_Disable)
    ADC_DMAConvCplt                          0x08000bb5   Thumb Code    80  stm32f1xx_hal_adc.o(.text.ADC_DMAConvCplt)
    ADC_DMAError                             0x08000c05   Thumb Code    22  stm32f1xx_hal_adc.o(.text.ADC_DMAError)
    ADC_DMAHalfConvCplt                      0x08000c1d   Thumb Code     6  stm32f1xx_hal_adc.o(.text.ADC_DMAHalfConvCplt)
    ADC_Enable                               0x08000c25   Thumb Code   124  stm32f1xx_hal_adc.o(.text.ADC_Enable)
    BusFault_Handler                         0x08000ca1   Thumb Code     2  stm32f1xx_it.o(.text.BusFault_Handler)
    DMA1_Channel1_IRQHandler                 0x08000ca5   Thumb Code    38  measure.o(.text.DMA1_Channel1_IRQHandler)
    DebugMon_Handler                         0x08000ccd   Thumb Code     2  stm32f1xx_it.o(.text.DebugMon_Handler)
    EXTI9_5_IRQHandler                       0x08000cd1   Thumb Code    30  stm32f1xx_it.o(.text.EXTI9_5_IRQHandler)
    FiltConf                                 0x08000cf1   Thumb Code    24  foc.o(.text.FiltConf)
    GetSector                                0x08000d09   Thumb Code   378  foc.o(.text.GetSector)
    HAL_ADCEx_Calibration_Start              0x08000e85   Thumb Code   202  stm32f1xx_hal_adc_ex.o(.text.HAL_ADCEx_Calibration_Start)
    HAL_ADCEx_InjectedConvCpltCallback       0x08000f51   Thumb Code     2  stm32f1xx_hal_adc_ex.o(.text.HAL_ADCEx_InjectedConvCpltCallback)
    HAL_ADC_ConfigChannel                    0x08000f55   Thumb Code   270  stm32f1xx_hal_adc.o(.text.HAL_ADC_ConfigChannel)
    HAL_ADC_ConvCpltCallback                 0x08001065   Thumb Code     2  stm32f1xx_hal_adc.o(.text.HAL_ADC_ConvCpltCallback)
    HAL_ADC_ConvHalfCpltCallback             0x08001069   Thumb Code     2  stm32f1xx_hal_adc.o(.text.HAL_ADC_ConvHalfCpltCallback)
    HAL_ADC_ErrorCallback                    0x0800106d   Thumb Code     2  stm32f1xx_hal_adc.o(.text.HAL_ADC_ErrorCallback)
    HAL_ADC_IRQHandler                       0x08001071   Thumb Code   250  stm32f1xx_hal_adc.o(.text.HAL_ADC_IRQHandler)
    HAL_ADC_Init                             0x0800116d   Thumb Code   352  stm32f1xx_hal_adc.o(.text.HAL_ADC_Init)
    HAL_ADC_LevelOutOfWindowCallback         0x080012cd   Thumb Code     2  stm32f1xx_hal_adc.o(.text.HAL_ADC_LevelOutOfWindowCallback)
    HAL_ADC_MspInit                          0x080012d1   Thumb Code     2  stm32f1xx_hal_adc.o(.text.HAL_ADC_MspInit)
    HAL_ADC_Start_DMA                        0x080012d5   Thumb Code   412  stm32f1xx_hal_adc.o(.text.HAL_ADC_Start_DMA)
    HAL_DMA_Abort_IT                         0x08001471   Thumb Code   282  stm32f1xx_hal_dma.o(.text.HAL_DMA_Abort_IT)
    HAL_DMA_Init                             0x0800158d   Thumb Code   142  stm32f1xx_hal_dma.o(.text.HAL_DMA_Init)
    HAL_DMA_Start_IT                         0x0800161d   Thumb Code   152  stm32f1xx_hal_dma.o(.text.HAL_DMA_Start_IT)
    HAL_Delay                                0x080016b5   Thumb Code    66  delay.o(.text.HAL_Delay)
    HAL_GPIO_Init                            0x080016f9   Thumb Code   484  stm32f1xx_hal_gpio.o(.text.HAL_GPIO_Init)
    HAL_GPIO_ReadPin                         0x080018dd   Thumb Code    10  stm32f1xx_hal_gpio.o(.text.HAL_GPIO_ReadPin)
    HAL_GPIO_WritePin                        0x080018e9   Thumb Code    10  stm32f1xx_hal_gpio.o(.text.HAL_GPIO_WritePin)
    HAL_GetTick                              0x080018f5   Thumb Code    12  stm32f1xx_hal.o(.text.HAL_GetTick)
    HAL_IncTick                              0x08001901   Thumb Code    26  stm32f1xx_hal.o(.text.HAL_IncTick)
    HAL_Init                                 0x0800191d   Thumb Code    38  stm32f1xx_hal.o(.text.HAL_Init)
    HAL_InitTick                             0x08001945   Thumb Code    80  stm32f1xx_hal.o(.text.HAL_InitTick)
    HAL_MspInit                              0x08001995   Thumb Code    66  init.o(.text.HAL_MspInit)
    HAL_NVIC_EnableIRQ                       0x080019d9   Thumb Code    32  stm32f1xx_hal_cortex.o(.text.HAL_NVIC_EnableIRQ)
    HAL_NVIC_SetPriority                     0x080019f9   Thumb Code    86  stm32f1xx_hal_cortex.o(.text.HAL_NVIC_SetPriority)
    HAL_NVIC_SetPriorityGrouping             0x08001a51   Thumb Code    32  stm32f1xx_hal_cortex.o(.text.HAL_NVIC_SetPriorityGrouping)
    HAL_RCCEx_GetPeriphCLKFreq               0x08001a71   Thumb Code   252  stm32f1xx_hal_rcc_ex.o(.text.HAL_RCCEx_GetPeriphCLKFreq)
    HAL_RCCEx_PeriphCLKConfig                0x08001b81   Thumb Code   262  stm32f1xx_hal_rcc_ex.o(.text.HAL_RCCEx_PeriphCLKConfig)
    HAL_RCC_ClockConfig                      0x08001c89   Thumb Code   442  stm32f1xx_hal_rcc.o(.text.HAL_RCC_ClockConfig)
    HAL_RCC_GetPCLK1Freq                     0x08001e45   Thumb Code    38  stm32f1xx_hal_rcc.o(.text.HAL_RCC_GetPCLK1Freq)
    HAL_RCC_GetPCLK2Freq                     0x08001e6d   Thumb Code    38  stm32f1xx_hal_rcc.o(.text.HAL_RCC_GetPCLK2Freq)
    HAL_RCC_GetSysClockFreq                  0x08001e95   Thumb Code    86  stm32f1xx_hal_rcc.o(.text.HAL_RCC_GetSysClockFreq)
    HAL_RCC_OscConfig                        0x08001eed   Thumb Code   816  stm32f1xx_hal_rcc.o(.text.HAL_RCC_OscConfig)
    HAL_SPI_ErrorCallback                    0x0800221d   Thumb Code     2  stm32f1xx_hal_spi.o(.text.HAL_SPI_ErrorCallback)
    HAL_SPI_IRQHandler                       0x08002221   Thumb Code   256  stm32f1xx_hal_spi.o(.text.HAL_SPI_IRQHandler)
    HAL_SYSTICK_Config                       0x08002321   Thumb Code    44  stm32f1xx_hal_cortex.o(.text.HAL_SYSTICK_Config)
    HAL_TIMEx_BreakCallback                  0x0800234d   Thumb Code     2  stm32f1xx_hal_tim_ex.o(.text.HAL_TIMEx_BreakCallback)
    HAL_TIMEx_CommutCallback                 0x08002351   Thumb Code     2  stm32f1xx_hal_tim_ex.o(.text.HAL_TIMEx_CommutCallback)
    HAL_TIMEx_MasterConfigSynchronization    0x08002355   Thumb Code    64  stm32f1xx_hal_tim_ex.o(.text.HAL_TIMEx_MasterConfigSynchronization)
    HAL_TIM_Base_Init                        0x08002395   Thumb Code    54  stm32f1xx_hal_tim.o(.text.HAL_TIM_Base_Init)
    HAL_TIM_Base_MspInit                     0x080023cd   Thumb Code    32  stm32f1xx_hal_msp.o(.text.HAL_TIM_Base_MspInit)
    HAL_TIM_Base_Start_IT                    0x080023ed   Thumb Code    32  stm32f1xx_hal_tim.o(.text.HAL_TIM_Base_Start_IT)
    HAL_TIM_Encoder_Init                     0x0800240d   Thumb Code   158  stm32f1xx_hal_tim.o(.text.HAL_TIM_Encoder_Init)
    HAL_TIM_Encoder_MspInit                  0x080024ad   Thumb Code     2  stm32f1xx_hal_tim.o(.text.HAL_TIM_Encoder_MspInit)
    HAL_TIM_Encoder_Start                    0x080024b1   Thumb Code    90  stm32f1xx_hal_tim.o(.text.HAL_TIM_Encoder_Start)
    HAL_TIM_IC_CaptureCallback               0x0800250d   Thumb Code     2  stm32f1xx_hal_tim.o(.text.HAL_TIM_IC_CaptureCallback)
    HAL_TIM_IRQHandler                       0x08002511   Thumb Code   362  stm32f1xx_hal_tim.o(.text.HAL_TIM_IRQHandler)
    HAL_TIM_OC_DelayElapsedCallback          0x0800267d   Thumb Code     2  stm32f1xx_hal_tim.o(.text.HAL_TIM_OC_DelayElapsedCallback)
    HAL_TIM_PWM_ConfigChannel                0x08002681   Thumb Code   606  stm32f1xx_hal_tim.o(.text.HAL_TIM_PWM_ConfigChannel)
    HAL_TIM_PWM_Init                         0x080028e1   Thumb Code    54  stm32f1xx_hal_tim.o(.text.HAL_TIM_PWM_Init)
    HAL_TIM_PWM_MspInit                      0x08002919   Thumb Code   122  init.o(.text.HAL_TIM_PWM_MspInit)
    HAL_TIM_PWM_PulseFinishedCallback        0x08002995   Thumb Code     2  stm32f1xx_hal_tim.o(.text.HAL_TIM_PWM_PulseFinishedCallback)
    HAL_TIM_PWM_Start                        0x08002999   Thumb Code    80  stm32f1xx_hal_tim.o(.text.HAL_TIM_PWM_Start)
    HAL_TIM_PeriodElapsedCallback            0x080029e9   Thumb Code   248  bldc.o(.text.HAL_TIM_PeriodElapsedCallback)
    HAL_TIM_TriggerCallback                  0x08002ae1   Thumb Code     2  stm32f1xx_hal_tim.o(.text.HAL_TIM_TriggerCallback)
    HAL_UART_ErrorCallback                   0x08002ae5   Thumb Code    22  usart.o(.text.HAL_UART_ErrorCallback)
    HAL_UART_IRQHandler                      0x08002afd   Thumb Code   390  stm32f1xx_hal_uart.o(.text.HAL_UART_IRQHandler)
    HAL_UART_Init                            0x08002c85   Thumb Code    94  stm32f1xx_hal_uart.o(.text.HAL_UART_Init)
    HAL_UART_MspInit                         0x08002ce5   Thumb Code   154  usart.o(.text.HAL_UART_MspInit)
    HAL_UART_Receive_IT                      0x08002d81   Thumb Code    84  stm32f1xx_hal_uart.o(.text.HAL_UART_Receive_IT)
    HAL_UART_RxCpltCallback                  0x08002dd5   Thumb Code   228  usart.o(.text.HAL_UART_RxCpltCallback)
    HAL_UART_TxCpltCallback                  0x08002eb9   Thumb Code     2  stm32f1xx_hal_uart.o(.text.HAL_UART_TxCpltCallback)
    HardFault_Handler                        0x08002ebd   Thumb Code     2  stm32f1xx_it.o(.text.HardFault_Handler)
    MemManage_Handler                        0x08002ec1   Thumb Code     2  stm32f1xx_it.o(.text.MemManage_Handler)
    NMI_Handler                              0x08002ec5   Thumb Code     2  stm32f1xx_it.o(.text.NMI_Handler)
    ParkConvT                                0x08002ec9   Thumb Code   396  foc.o(.text.ParkConvT)
    PendSV_Handler                           0x08003055   Thumb Code     2  stm32f1xx_it.o(.text.PendSV_Handler)
    SPI1_IRQHandler                          0x08003059   Thumb Code    12  stm32f1xx_it.o(.text.SPI1_IRQHandler)
    SVC_Handler                              0x08003071   Thumb Code     2  stm32f1xx_it.o(.text.SVC_Handler)
    SVPWM                                    0x08003075   Thumb Code  1318  foc.o(.text.SVPWM)
    SysTick_Handler                          0x0800359d   Thumb Code     4  stm32f1xx_it.o(.text.SysTick_Handler)
    SystemInit                               0x080035a1   Thumb Code    80  system_stm32f1xx.o(.text.SystemInit)
    TIM2_IRQHandler                          0x080035f1   Thumb Code    12  stm32f1xx_it.o(.text.TIM2_IRQHandler)
    TIM3_IRQHandler                          0x080035fd   Thumb Code    12  stm32f1xx_it.o(.text.TIM3_IRQHandler)
    TIM4_IRQHandler                          0x08003609   Thumb Code    12  stm32f1xx_it.o(.text.TIM4_IRQHandler)
    TIM_Base_SetConfig                       0x08003615   Thumb Code   214  stm32f1xx_hal_tim.o(.text.TIM_Base_SetConfig)
    TIM_Init                                 0x080036ed   Thumb Code   162  init.o(.text.TIM_Init)
    USART3_IRQHandler                        0x080038a9   Thumb Code    12  usart.o(.text.USART3_IRQHandler)
    UsageFault_Handler                       0x080038b5   Thumb Code     2  stm32f1xx_it.o(.text.UsageFault_Handler)
    _sys_exit                                0x080038b9   Thumb Code     2  usart.o(.text._sys_exit)
    adc_dma_init                             0x080038bd   Thumb Code   314  init.o(.text.adc_dma_init)
    cal_motor                                0x080039f9   Thumb Code   306  motor_ctrl.o(.text.cal_motor)
    ctrl_Init                                0x08003b2d   Thumb Code   224  motor_ctrl.o(.text.ctrl_Init)
    delay_init                               0x08003c0d   Thumb Code    12  delay.o(.text.delay_init)
    fputc                                    0x08003c19   Thumb Code    20  usart.o(.text.fputc)
    getAngle                                 0x08003c2d   Thumb Code   148  encode.o(.text.getAngle)
    main                                     0x08003cc1   Thumb Code   196  main.o(.text.main)
    sys_init                                 0x08003da5   Thumb Code   530  init.o(.text.sys_init)
    sys_stm32_clock_init                     0x08003fb9   Thumb Code    94  sys.o(.text.sys_stm32_clock_init)
    uhvl                                     0x08004019   Thumb Code    72  bldc.o(.text.uhvl)
    uhwl                                     0x08004061   Thumb Code    72  bldc.o(.text.uhwl)
    usart_init                               0x080040a9   Thumb Code    42  usart.o(.text.usart_init)
    vhul                                     0x080040d5   Thumb Code    72  bldc.o(.text.vhul)
    vhwl                                     0x0800411d   Thumb Code    72  bldc.o(.text.vhwl)
    whul                                     0x08004165   Thumb Code    72  bldc.o(.text.whul)
    whvl                                     0x080041ad   Thumb Code    72  bldc.o(.text.whvl)
    _btod_d2e                                0x080041f5   Thumb Code    62  btod.o(CL$$btod_d2e)
    _d2e_denorm_low                          0x08004233   Thumb Code    70  btod.o(CL$$btod_d2e_denorm_low)
    _d2e_norm_op1                            0x08004279   Thumb Code    96  btod.o(CL$$btod_d2e_norm_op1)
    __btod_div_common                        0x080042d9   Thumb Code   696  btod.o(CL$$btod_div_common)
    _e2e                                     0x08004611   Thumb Code   220  btod.o(CL$$btod_e2e)
    _btod_ediv                               0x080046ed   Thumb Code    42  btod.o(CL$$btod_ediv)
    _btod_emul                               0x08004717   Thumb Code    42  btod.o(CL$$btod_emul)
    __btod_mult_common                       0x08004741   Thumb Code   580  btod.o(CL$$btod_mult_common)
    __ARM_fpclassify                         0x08004985   Thumb Code    40  fpclassify.o(i.__ARM_fpclassify)
    __ieee754_rem_pio2                       0x080049ad   Thumb Code   828  rred.o(i.__ieee754_rem_pio2)
    __kernel_cos                             0x08004d35   Thumb Code   230  cos_i.o(i.__kernel_cos)
    __kernel_poly                            0x08004e31   Thumb Code   170  poly.o(i.__kernel_poly)
    __kernel_sin                             0x08004edd   Thumb Code   224  sin_i.o(i.__kernel_sin)
    __mathlib_dbl_infnan                     0x08004fc9   Thumb Code     6  dunder.o(i.__mathlib_dbl_infnan)
    __mathlib_dbl_infnan2                    0x08004fcf   Thumb Code     4  dunder.o(i.__mathlib_dbl_infnan2)
    __mathlib_dbl_invalid                    0x08004fd3   Thumb Code    12  dunder.o(i.__mathlib_dbl_invalid)
    __mathlib_dbl_underflow                  0x08004fe1   Thumb Code    10  dunder.o(i.__mathlib_dbl_underflow)
    atan                                     0x08004ff1   Thumb Code   474  atan.o(i.atan)
    atan2                                    0x08005211   Thumb Code   374  atan2.o(i.atan2)
    cos                                      0x080053ad   Thumb Code   148  cos.o(i.cos)
    sin                                      0x08005449   Thumb Code   150  sin.o(i.sin)
    _get_lc_numeric                          0x080054e9   Thumb Code    44  lc_numeric_c.o(locale$$code)
    __aeabi_d2f                              0x08005515   Thumb Code     0  d2f.o(x$fpl$d2f)
    _d2f                                     0x08005515   Thumb Code    98  d2f.o(x$fpl$d2f)
    __aeabi_dadd                             0x08005579   Thumb Code     0  daddsub_clz.o(x$fpl$dadd)
    _dadd                                    0x08005579   Thumb Code   332  daddsub_clz.o(x$fpl$dadd)
    __fpl_dcheck_NaN1                        0x080056c9   Thumb Code    10  dcheck1.o(x$fpl$dcheck1)
    __fpl_dcmp_Inf                           0x080056d9   Thumb Code    24  dcmpi.o(x$fpl$dcmpinf)
    __aeabi_ddiv                             0x080056f1   Thumb Code     0  ddiv.o(x$fpl$ddiv)
    _ddiv                                    0x080056f1   Thumb Code   556  ddiv.o(x$fpl$ddiv)
    __aeabi_cdcmpeq                          0x080059a5   Thumb Code     0  deqf.o(x$fpl$deqf)
    _dcmpeq                                  0x080059a5   Thumb Code   120  deqf.o(x$fpl$deqf)
    __aeabi_d2iz                             0x08005a1d   Thumb Code     0  dfix.o(x$fpl$dfix)
    _dfix                                    0x08005a1d   Thumb Code    94  dfix.o(x$fpl$dfix)
    __aeabi_i2d                              0x08005a7b   Thumb Code     0  dflt_clz.o(x$fpl$dflt)
    _dflt                                    0x08005a7b   Thumb Code    46  dflt_clz.o(x$fpl$dflt)
    __aeabi_ui2d                             0x08005aa9   Thumb Code     0  dflt_clz.o(x$fpl$dfltu)
    _dfltu                                   0x08005aa9   Thumb Code    38  dflt_clz.o(x$fpl$dfltu)
    __aeabi_cdcmpge                          0x08005ad1   Thumb Code     0  dgeqf.o(x$fpl$dgeqf)
    _dcmpge                                  0x08005ad1   Thumb Code   120  dgeqf.o(x$fpl$dgeqf)
    __aeabi_cdcmple                          0x08005b49   Thumb Code     0  dleqf.o(x$fpl$dleqf)
    _dcmple                                  0x08005b49   Thumb Code   120  dleqf.o(x$fpl$dleqf)
    __fpl_dcmple_InfNaN                      0x08005bab   Thumb Code     0  dleqf.o(x$fpl$dleqf)
    __aeabi_dmul                             0x08005bc1   Thumb Code     0  dmul.o(x$fpl$dmul)
    _dmul                                    0x08005bc1   Thumb Code   332  dmul.o(x$fpl$dmul)
    __fpl_dnaninf                            0x08005d15   Thumb Code   156  dnaninf.o(x$fpl$dnaninf)
    __fpl_dretinf                            0x08005db1   Thumb Code    12  dretinf.o(x$fpl$dretinf)
    __aeabi_drsub                            0x08005dbd   Thumb Code     0  daddsub_clz.o(x$fpl$drsb)
    _drsb                                    0x08005dbd   Thumb Code    22  daddsub_clz.o(x$fpl$drsb)
    __aeabi_dsub                             0x08005dd5   Thumb Code     0  daddsub_clz.o(x$fpl$dsub)
    _dsub                                    0x08005dd5   Thumb Code   472  daddsub_clz.o(x$fpl$dsub)
    __aeabi_f2d                              0x08005fb1   Thumb Code     0  f2d.o(x$fpl$f2d)
    _f2d                                     0x08005fb1   Thumb Code    86  f2d.o(x$fpl$f2d)
    __aeabi_fadd                             0x08006009   Thumb Code     0  faddsub_clz.o(x$fpl$fadd)
    _fadd                                    0x08006009   Thumb Code   196  faddsub_clz.o(x$fpl$fadd)
    __aeabi_dcmpeq                           0x080060cd   Thumb Code     0  dcmp.o(x$fpl$fcmp)
    _deq                                     0x080060cd   Thumb Code    14  dcmp.o(x$fpl$fcmp)
    _dneq                                    0x080060db   Thumb Code    14  dcmp.o(x$fpl$fcmp)
    __aeabi_dcmpgt                           0x080060e9   Thumb Code     0  dcmp.o(x$fpl$fcmp)
    _dgr                                     0x080060e9   Thumb Code    14  dcmp.o(x$fpl$fcmp)
    __aeabi_dcmpge                           0x080060f7   Thumb Code     0  dcmp.o(x$fpl$fcmp)
    _dgeq                                    0x080060f7   Thumb Code    14  dcmp.o(x$fpl$fcmp)
    __aeabi_dcmple                           0x08006105   Thumb Code     0  dcmp.o(x$fpl$fcmp)
    _dleq                                    0x08006105   Thumb Code    14  dcmp.o(x$fpl$fcmp)
    __aeabi_dcmplt                           0x08006113   Thumb Code     0  dcmp.o(x$fpl$fcmp)
    _dls                                     0x08006113   Thumb Code    14  dcmp.o(x$fpl$fcmp)
    __aeabi_fcmpeq                           0x08006121   Thumb Code     0  fcmp.o(x$fpl$fcmp)
    _feq                                     0x08006121   Thumb Code    14  fcmp.o(x$fpl$fcmp)
    _fneq                                    0x0800612f   Thumb Code    14  fcmp.o(x$fpl$fcmp)
    __aeabi_fcmpgt                           0x0800613d   Thumb Code     0  fcmp.o(x$fpl$fcmp)
    _fgr                                     0x0800613d   Thumb Code    14  fcmp.o(x$fpl$fcmp)
    __aeabi_fcmpge                           0x0800614b   Thumb Code     0  fcmp.o(x$fpl$fcmp)
    _fgeq                                    0x0800614b   Thumb Code    14  fcmp.o(x$fpl$fcmp)
    __aeabi_fcmple                           0x08006159   Thumb Code     0  fcmp.o(x$fpl$fcmp)
    _fleq                                    0x08006159   Thumb Code    14  fcmp.o(x$fpl$fcmp)
    __aeabi_fcmplt                           0x08006167   Thumb Code     0  fcmp.o(x$fpl$fcmp)
    _fls                                     0x08006167   Thumb Code    14  fcmp.o(x$fpl$fcmp)
    __fpl_fcmp_Inf                           0x08006175   Thumb Code    24  fcmpi.o(x$fpl$fcmpinf)
    __aeabi_fdiv                             0x0800618d   Thumb Code     0  fdiv.o(x$fpl$fdiv)
    _fdiv                                    0x0800618d   Thumb Code   384  fdiv.o(x$fpl$fdiv)
    __aeabi_cfcmpeq                          0x08006311   Thumb Code     0  feqf.o(x$fpl$feqf)
    _fcmpeq                                  0x08006311   Thumb Code   104  feqf.o(x$fpl$feqf)
    __aeabi_i2f                              0x08006379   Thumb Code     0  fflt_clz.o(x$fpl$fflt)
    _fflt                                    0x08006379   Thumb Code    48  fflt_clz.o(x$fpl$fflt)
    __aeabi_ui2f                             0x080063a9   Thumb Code     0  fflt_clz.o(x$fpl$ffltu)
    _ffltu                                   0x080063a9   Thumb Code    38  fflt_clz.o(x$fpl$ffltu)
    _fcmpge                                  0x080063d1   Thumb Code   104  fgeqf.o(x$fpl$fgeqf)
    __aeabi_cfcmple                          0x08006439   Thumb Code     0  fleqf.o(x$fpl$fleqf)
    _fcmple                                  0x08006439   Thumb Code   104  fleqf.o(x$fpl$fleqf)
    __fpl_fcmple_InfNaN                      0x0800648b   Thumb Code     0  fleqf.o(x$fpl$fleqf)
    __aeabi_fmul                             0x080064a1   Thumb Code     0  fmul.o(x$fpl$fmul)
    _fmul                                    0x080064a1   Thumb Code   258  fmul.o(x$fpl$fmul)
    __fpl_fnaninf                            0x080065a3   Thumb Code   140  fnaninf.o(x$fpl$fnaninf)
    __fpl_fretinf                            0x0800662f   Thumb Code    10  fretinf.o(x$fpl$fretinf)
    __aeabi_fsub                             0x08006639   Thumb Code     0  faddsub_clz.o(x$fpl$fsub)
    _fsub                                    0x08006639   Thumb Code   234  faddsub_clz.o(x$fpl$fsub)
    _printf_fp_dec                           0x08006723   Thumb Code     4  printf1.o(x$fpl$printf1)
    __fpl_return_NaN                         0x08006727   Thumb Code   100  retnan.o(x$fpl$retnan)
    __ARM_scalbn                             0x0800678b   Thumb Code    92  scalbn.o(x$fpl$scalbn)
    __fpl_cmpreturn                          0x080067e7   Thumb Code    48  trapv.o(x$fpl$trapveneer)
    __I$use$fp                               0x08006816   Number         0  usenofp.o(x$fpl$usenofp)
    __mathlib_zero                           0x080068e0   Data           8  qnan.o(.constdata)
    AHBPrescTable                            0x08006a76   Data          16  system_stm32f1xx.o(.rodata.AHBPrescTable)
    APBPrescTable                            0x08006a86   Data           8  system_stm32f1xx.o(.rodata.APBPrescTable)
    Region$$Table$$Base                      0x08006aa0   Number         0  anon$$obj.o(Region$$Table)
    Region$$Table$$Limit                     0x08006ac0   Number         0  anon$$obj.o(Region$$Table)
    __ARM_use_no_argv                        0x20000000   Data           4  main.o(.ARM.use_no_argv)
    SystemCoreClock                          0x20000004   Data           4  system_stm32f1xx.o(.data.SystemCoreClock)
    basic_ctrl                               0x20000008   Data          24  bldc.o(.data.basic_ctrl)
    uwTickFreq                               0x20000020   Data           1  stm32f1xx_hal.o(.data.uwTickFreq)
    uwTickPrio                               0x20000024   Data           4  stm32f1xx_hal.o(.data.uwTickPrio)
    __libspace_start                         0x20000028   Data          96  libspace.o(.bss)
    AdcHandle                                0x20000088   Data          48  init.o(.bss.AdcHandle)
    __temporary_stack_top$libspace           0x20000088   Data           0  libspace.o(.bss)
    Adrc1                                    0x200000b8   Data          56  motor_ctrl.o(.bss.Adrc1)
    Adrc2                                    0x200000f0   Data          56  motor_ctrl.o(.bss.Adrc2)
    Adrc3                                    0x20000128   Data          56  motor_ctrl.o(.bss.Adrc3)
    DMAHandle                                0x20000160   Data          68  init.o(.bss.DMAHandle)
    Pid                                      0x200001a4   Data          36  motor_ctrl.o(.bss.Pid)
    TIM1_CH1Handler                          0x200001c8   Data          28  init.o(.bss.TIM1_CH1Handler)
    TIM1_CH2Handler                          0x200001e4   Data          28  init.o(.bss.TIM1_CH2Handler)
    TIM1_CH3Handler                          0x20000200   Data          28  init.o(.bss.TIM1_CH3Handler)
    TIM1_Handler                             0x2000021c   Data          64  init.o(.bss.TIM1_Handler)
    TIM2_Handler                             0x2000025c   Data          64  init.o(.bss.TIM2_Handler)
    __stdout                                 0x2000029c   Data          84  usart.o(.bss.__stdout)
    cnt_all                                  0x200002f0   Data           4  bldc.o(.bss.cnt_all)
    cnt_tmp                                  0x200002f4   Data           4  encode.o(.bss.cnt_tmp)
    filter                                   0x200002f8   Data          16  foc.o(.bss.filter)
    g_adc_dma_sta                            0x20000308   Data           1  measure.o(.bss.g_adc_dma_sta)
    g_adc_raw                                0x2000030a   Data         300  measure.o(.bss.g_adc_raw)
    g_uart1_handle                           0x2000043c   Data          64  usart.o(.bss.g_uart1_handle)
    hspi1                                    0x2000047c   Data          88  encode.o(.bss.hspi1)
    htim3                                    0x200004d4   Data          64  init.o(.bss.htim3)
    htim4                                    0x20000514   Data          64  init.o(.bss.htim4)
    last_cnt                                 0x20000554   Data           4  bldc.o(.bss.last_cnt)
    motor                                    0x20000558   Data          10  bldc.o(.bss.motor)
    motor_foc                                0x20000564   Data          60  foc.o(.bss.motor_foc)
    roundcnt                                 0x200005a0   Data           1  stm32f1xx_it.o(.bss.roundcnt)
    rxdat                                    0x200005a1   Data           5  usart.o(.bss.rxdat)
    rxflag                                   0x200005a6   Data           1  main.o(.bss.rxflag)
    t0                                       0x200005a8   Data           4  foc.o(.bss.t0)
    target_angle                             0x200005ac   Data           4  motor_ctrl.o(.bss.target_angle)
    target_rpm                               0x200005b0   Data           4  motor_ctrl.o(.bss.target_rpm)
    uwTick                                   0x200005b4   Data           4  stm32f1xx_hal.o(.bss.uwTick)



==============================================================================

Memory Map of the image

  Image Entry point : 0x080000ed

  Load Region LR_IROM1 (Base: 0x08000000, Size: 0x00006b08, Max: 0x00010000, ABSOLUTE)

    Execution Region ER_IROM1 (Exec base: 0x08000000, Load base: 0x08000000, Size: 0x00006adc, Max: 0x00010000, ABSOLUTE)

    Exec Addr    Load Addr    Size         Type   Attr      Idx    E Section Name        Object

    0x08000000   0x08000000   0x000000ec   Data   RO         1132    RESET               startup_stm32f103xb.o
    0x080000ec   0x080000ec   0x00000008   Code   RO         1451  * !!!main             c_w.l(__main.o)
    0x080000f4   0x080000f4   0x00000034   Code   RO         1812    !!!scatter          c_w.l(__scatter.o)
    0x08000128   0x08000128   0x0000001a   Code   RO         1814    !!handler_copy      c_w.l(__scatter_copy.o)
    0x08000142   0x08000142   0x00000002   PAD
    0x08000144   0x08000144   0x0000001c   Code   RO         1816    !!handler_zi        c_w.l(__scatter_zi.o)
    0x08000160   0x08000160   0x00000000   Code   RO         1446    .ARM.Collect$$_printf_percent$$00000000  c_w.l(_printf_percent.o)
    0x08000160   0x08000160   0x00000006   Code   RO         1445    .ARM.Collect$$_printf_percent$$00000003  c_w.l(_printf_f.o)
    0x08000166   0x08000166   0x00000006   Code   RO         1444    .ARM.Collect$$_printf_percent$$00000009  c_w.l(_printf_d.o)
    0x0800016c   0x0800016c   0x00000004   Code   RO         1536    .ARM.Collect$$_printf_percent$$00000017  c_w.l(_printf_percent_end.o)
    0x08000170   0x08000170   0x00000002   Code   RO         1684    .ARM.Collect$$libinit$$00000000  c_w.l(libinit.o)
    0x08000172   0x08000172   0x00000000   Code   RO         1686    .ARM.Collect$$libinit$$00000002  c_w.l(libinit2.o)
    0x08000172   0x08000172   0x00000000   Code   RO         1688    .ARM.Collect$$libinit$$00000004  c_w.l(libinit2.o)
    0x08000172   0x08000172   0x00000000   Code   RO         1690    .ARM.Collect$$libinit$$00000006  c_w.l(libinit2.o)
    0x08000172   0x08000172   0x00000000   Code   RO         1693    .ARM.Collect$$libinit$$0000000C  c_w.l(libinit2.o)
    0x08000172   0x08000172   0x00000000   Code   RO         1695    .ARM.Collect$$libinit$$0000000E  c_w.l(libinit2.o)
    0x08000172   0x08000172   0x00000000   Code   RO         1697    .ARM.Collect$$libinit$$00000010  c_w.l(libinit2.o)
    0x08000172   0x08000172   0x00000006   Code   RO         1698    .ARM.Collect$$libinit$$00000011  c_w.l(libinit2.o)
    0x08000178   0x08000178   0x00000000   Code   RO         1700    .ARM.Collect$$libinit$$00000013  c_w.l(libinit2.o)
    0x08000178   0x08000178   0x00000000   Code   RO         1702    .ARM.Collect$$libinit$$00000015  c_w.l(libinit2.o)
    0x08000178   0x08000178   0x00000000   Code   RO         1704    .ARM.Collect$$libinit$$00000017  c_w.l(libinit2.o)
    0x08000178   0x08000178   0x0000000a   Code   RO         1705    .ARM.Collect$$libinit$$00000018  c_w.l(libinit2.o)
    0x08000182   0x08000182   0x00000000   Code   RO         1706    .ARM.Collect$$libinit$$00000019  c_w.l(libinit2.o)
    0x08000182   0x08000182   0x00000000   Code   RO         1708    .ARM.Collect$$libinit$$0000001B  c_w.l(libinit2.o)
    0x08000182   0x08000182   0x00000000   Code   RO         1710    .ARM.Collect$$libinit$$0000001D  c_w.l(libinit2.o)
    0x08000182   0x08000182   0x00000000   Code   RO         1712    .ARM.Collect$$libinit$$0000001F  c_w.l(libinit2.o)
    0x08000182   0x08000182   0x00000000   Code   RO         1714    .ARM.Collect$$libinit$$00000021  c_w.l(libinit2.o)
    0x08000182   0x08000182   0x00000000   Code   RO         1716    .ARM.Collect$$libinit$$00000023  c_w.l(libinit2.o)
    0x08000182   0x08000182   0x00000000   Code   RO         1718    .ARM.Collect$$libinit$$00000025  c_w.l(libinit2.o)
    0x08000182   0x08000182   0x00000000   Code   RO         1720    .ARM.Collect$$libinit$$00000027  c_w.l(libinit2.o)
    0x08000182   0x08000182   0x00000000   Code   RO         1724    .ARM.Collect$$libinit$$0000002E  c_w.l(libinit2.o)
    0x08000182   0x08000182   0x00000000   Code   RO         1726    .ARM.Collect$$libinit$$00000030  c_w.l(libinit2.o)
    0x08000182   0x08000182   0x00000000   Code   RO         1728    .ARM.Collect$$libinit$$00000032  c_w.l(libinit2.o)
    0x08000182   0x08000182   0x00000000   Code   RO         1730    .ARM.Collect$$libinit$$00000034  c_w.l(libinit2.o)
    0x08000182   0x08000182   0x00000002   Code   RO         1731    .ARM.Collect$$libinit$$00000035  c_w.l(libinit2.o)
    0x08000184   0x08000184   0x00000002   Code   RO         1765    .ARM.Collect$$libshutdown$$00000000  c_w.l(libshutdown.o)
    0x08000186   0x08000186   0x00000000   Code   RO         1773    .ARM.Collect$$libshutdown$$00000002  c_w.l(libshutdown2.o)
    0x08000186   0x08000186   0x00000000   Code   RO         1775    .ARM.Collect$$libshutdown$$00000004  c_w.l(libshutdown2.o)
    0x08000186   0x08000186   0x00000000   Code   RO         1778    .ARM.Collect$$libshutdown$$00000007  c_w.l(libshutdown2.o)
    0x08000186   0x08000186   0x00000000   Code   RO         1781    .ARM.Collect$$libshutdown$$0000000A  c_w.l(libshutdown2.o)
    0x08000186   0x08000186   0x00000000   Code   RO         1783    .ARM.Collect$$libshutdown$$0000000C  c_w.l(libshutdown2.o)
    0x08000186   0x08000186   0x00000000   Code   RO         1786    .ARM.Collect$$libshutdown$$0000000F  c_w.l(libshutdown2.o)
    0x08000186   0x08000186   0x00000002   Code   RO         1787    .ARM.Collect$$libshutdown$$00000010  c_w.l(libshutdown2.o)
    0x08000188   0x08000188   0x00000000   Code   RO         1525    .ARM.Collect$$rtentry$$00000000  c_w.l(__rtentry.o)
    0x08000188   0x08000188   0x00000000   Code   RO         1590    .ARM.Collect$$rtentry$$00000002  c_w.l(__rtentry2.o)
    0x08000188   0x08000188   0x00000006   Code   RO         1602    .ARM.Collect$$rtentry$$00000004  c_w.l(__rtentry4.o)
    0x0800018e   0x0800018e   0x00000000   Code   RO         1592    .ARM.Collect$$rtentry$$00000009  c_w.l(__rtentry2.o)
    0x0800018e   0x0800018e   0x00000004   Code   RO         1593    .ARM.Collect$$rtentry$$0000000A  c_w.l(__rtentry2.o)
    0x08000192   0x08000192   0x00000000   Code   RO         1595    .ARM.Collect$$rtentry$$0000000C  c_w.l(__rtentry2.o)
    0x08000192   0x08000192   0x00000008   Code   RO         1596    .ARM.Collect$$rtentry$$0000000D  c_w.l(__rtentry2.o)
    0x0800019a   0x0800019a   0x00000002   Code   RO         1734    .ARM.Collect$$rtexit$$00000000  c_w.l(rtexit.o)
    0x0800019c   0x0800019c   0x00000000   Code   RO         1745    .ARM.Collect$$rtexit$$00000002  c_w.l(rtexit2.o)
    0x0800019c   0x0800019c   0x00000004   Code   RO         1746    .ARM.Collect$$rtexit$$00000003  c_w.l(rtexit2.o)
    0x080001a0   0x080001a0   0x00000006   Code   RO         1747    .ARM.Collect$$rtexit$$00000004  c_w.l(rtexit2.o)
    0x080001a6   0x080001a6   0x00000002   PAD
    0x080001a8   0x080001a8   0x00000040   Code   RO         1133    .text               startup_stm32f103xb.o
    0x080001e8   0x080001e8   0x00000002   Code   RO         1414    .text               c_w.l(use_no_semi_2.o)
    0x080001ea   0x080001ea   0x00000002   PAD
    0x080001ec   0x080001ec   0x00000018   Code   RO         1418    .text               c_w.l(noretval__2printf.o)
    0x08000204   0x08000204   0x00000068   Code   RO         1420    .text               c_w.l(__printf.o)
    0x0800026c   0x0800026c   0x00000078   Code   RO         1422    .text               c_w.l(_printf_dec.o)
    0x080002e4   0x080002e4   0x0000004e   Code   RO         1447    .text               c_w.l(rt_memclr_w.o)
    0x08000332   0x08000332   0x00000006   Code   RO         1449    .text               c_w.l(heapauxi.o)
    0x08000338   0x08000338   0x00000002   Code   RO         1523    .text               c_w.l(use_no_semi.o)
    0x0800033a   0x0800033a   0x00000016   Code   RO         1526    .text               c_w.l(_rserrno.o)
    0x08000350   0x08000350   0x000000b2   Code   RO         1528    .text               c_w.l(_printf_intcommon.o)
    0x08000402   0x08000402   0x0000041c   Code   RO         1530    .text               c_w.l(_printf_fp_dec.o)
    0x0800081e   0x0800081e   0x00000002   PAD
    0x08000820   0x08000820   0x00000024   Code   RO         1534    .text               c_w.l(_printf_char_file.o)
    0x08000844   0x08000844   0x00000008   Code   RO         1607    .text               c_w.l(rt_locale_intlibspace.o)
    0x0800084c   0x0800084c   0x00000008   Code   RO         1612    .text               c_w.l(rt_errno_addr_intlibspace.o)
    0x08000854   0x08000854   0x0000008a   Code   RO         1614    .text               c_w.l(lludiv10.o)
    0x080008de   0x080008de   0x00000002   PAD
    0x080008e0   0x080008e0   0x00000030   Code   RO         1616    .text               c_w.l(_printf_char_common.o)
    0x08000910   0x08000910   0x00000080   Code   RO         1618    .text               c_w.l(_printf_fp_infnan.o)
    0x08000990   0x08000990   0x000000e4   Code   RO         1620    .text               c_w.l(bigflt0.o)
    0x08000a74   0x08000a74   0x00000008   Code   RO         1647    .text               c_w.l(ferror.o)
    0x08000a7c   0x08000a7c   0x00000008   Code   RO         1666    .text               c_w.l(libspace.o)
    0x08000a84   0x08000a84   0x0000004a   Code   RO         1669    .text               c_w.l(sys_stackheap_outer.o)
    0x08000ace   0x08000ace   0x00000012   Code   RO         1675    .text               c_w.l(exit.o)
    0x08000ae0   0x08000ae0   0x00000080   Code   RO         1677    .text               c_w.l(strcmpv7m.o)
    0x08000b60   0x08000b60   0x0000000c   Code   RO           47    .text.ADC1_2_IRQHandler  stm32f1xx_it.o
    0x08000b6c   0x08000b6c   0x00000046   Code   RO          145    .text.ADC_ConversionStop_Disable  stm32f1xx_hal_adc.o
    0x08000bb2   0x08000bb2   0x00000002   PAD
    0x08000bb4   0x08000bb4   0x00000050   Code   RO          167    .text.ADC_DMAConvCplt  stm32f1xx_hal_adc.o
    0x08000c04   0x08000c04   0x00000016   Code   RO          171    .text.ADC_DMAError  stm32f1xx_hal_adc.o
    0x08000c1a   0x08000c1a   0x00000002   PAD
    0x08000c1c   0x08000c1c   0x00000006   Code   RO          169    .text.ADC_DMAHalfConvCplt  stm32f1xx_hal_adc.o
    0x08000c22   0x08000c22   0x00000002   PAD
    0x08000c24   0x08000c24   0x0000007c   Code   RO          153    .text.ADC_Enable    stm32f1xx_hal_adc.o
    0x08000ca0   0x08000ca0   0x00000002   Code   RO           33    .text.BusFault_Handler  stm32f1xx_it.o
    0x08000ca2   0x08000ca2   0x00000002   PAD
    0x08000ca4   0x08000ca4   0x00000026   Code   RO         1266    .text.DMA1_Channel1_IRQHandler  measure.o
    0x08000cca   0x08000cca   0x00000002   PAD
    0x08000ccc   0x08000ccc   0x00000002   Code   RO           39    .text.DebugMon_Handler  stm32f1xx_it.o
    0x08000cce   0x08000cce   0x00000002   PAD
    0x08000cd0   0x08000cd0   0x0000001e   Code   RO           45    .text.EXTI9_5_IRQHandler  stm32f1xx_it.o
    0x08000cee   0x08000cee   0x00000002   PAD
    0x08000cf0   0x08000cf0   0x00000018   Code   RO         1390    .text.FiltConf      foc.o
    0x08000d08   0x08000d08   0x0000017a   Code   RO         1378    .text.GetSector     foc.o
    0x08000e82   0x08000e82   0x00000002   PAD
    0x08000e84   0x08000e84   0x000000ca   Code   RO          203    .text.HAL_ADCEx_Calibration_Start  stm32f1xx_hal_adc_ex.o
    0x08000f4e   0x08000f4e   0x00000002   PAD
    0x08000f50   0x08000f50   0x00000002   Code   RO          223    .text.HAL_ADCEx_InjectedConvCpltCallback  stm32f1xx_hal_adc_ex.o
    0x08000f52   0x08000f52   0x00000002   PAD
    0x08000f54   0x08000f54   0x0000010e   Code   RO          187    .text.HAL_ADC_ConfigChannel  stm32f1xx_hal_adc.o
    0x08001062   0x08001062   0x00000002   PAD
    0x08001064   0x08001064   0x00000002   Code   RO          179    .text.HAL_ADC_ConvCpltCallback  stm32f1xx_hal_adc.o
    0x08001066   0x08001066   0x00000002   PAD
    0x08001068   0x08001068   0x00000002   Code   RO          183    .text.HAL_ADC_ConvHalfCpltCallback  stm32f1xx_hal_adc.o
    0x0800106a   0x0800106a   0x00000002   PAD
    0x0800106c   0x0800106c   0x00000002   Code   RO          185    .text.HAL_ADC_ErrorCallback  stm32f1xx_hal_adc.o
    0x0800106e   0x0800106e   0x00000002   PAD
    0x08001070   0x08001070   0x000000fa   Code   RO          177    .text.HAL_ADC_IRQHandler  stm32f1xx_hal_adc.o
    0x0800116a   0x0800116a   0x00000002   PAD
    0x0800116c   0x0800116c   0x00000160   Code   RO          141    .text.HAL_ADC_Init  stm32f1xx_hal_adc.o
    0x080012cc   0x080012cc   0x00000002   Code   RO          181    .text.HAL_ADC_LevelOutOfWindowCallback  stm32f1xx_hal_adc.o
    0x080012ce   0x080012ce   0x00000002   PAD
    0x080012d0   0x080012d0   0x00000002   Code   RO          143    .text.HAL_ADC_MspInit  stm32f1xx_hal_adc.o
    0x080012d2   0x080012d2   0x00000002   PAD
    0x080012d4   0x080012d4   0x0000019c   Code   RO          165    .text.HAL_ADC_Start_DMA  stm32f1xx_hal_adc.o
    0x08001470   0x08001470   0x0000011a   Code   RO          370    .text.HAL_DMA_Abort_IT  stm32f1xx_hal_dma.o
    0x0800158a   0x0800158a   0x00000002   PAD
    0x0800158c   0x0800158c   0x0000008e   Code   RO          360    .text.HAL_DMA_Init  stm32f1xx_hal_dma.o
    0x0800161a   0x0800161a   0x00000002   PAD
    0x0800161c   0x0800161c   0x00000098   Code   RO          366    .text.HAL_DMA_Start_IT  stm32f1xx_hal_dma.o
    0x080016b4   0x080016b4   0x00000042   Code   RO         1309    .text.HAL_Delay     delay.o
    0x080016f6   0x080016f6   0x00000002   PAD
    0x080016f8   0x080016f8   0x000001e4   Code   RO          449    .text.HAL_GPIO_Init  stm32f1xx_hal_gpio.o
    0x080018dc   0x080018dc   0x0000000a   Code   RO          453    .text.HAL_GPIO_ReadPin  stm32f1xx_hal_gpio.o
    0x080018e6   0x080018e6   0x00000002   PAD
    0x080018e8   0x080018e8   0x0000000a   Code   RO          455    .text.HAL_GPIO_WritePin  stm32f1xx_hal_gpio.o
    0x080018f2   0x080018f2   0x00000002   PAD
    0x080018f4   0x080018f4   0x0000000c   Code   RO           92    .text.HAL_GetTick   stm32f1xx_hal.o
    0x08001900   0x08001900   0x0000001a   Code   RO           90    .text.HAL_IncTick   stm32f1xx_hal.o
    0x0800191a   0x0800191a   0x00000002   PAD
    0x0800191c   0x0800191c   0x00000026   Code   RO           80    .text.HAL_Init      stm32f1xx_hal.o
    0x08001942   0x08001942   0x00000002   PAD
    0x08001944   0x08001944   0x00000050   Code   RO           82    .text.HAL_InitTick  stm32f1xx_hal.o
    0x08001994   0x08001994   0x00000042   Code   RO         1162    .text.HAL_MspInit   init.o
    0x080019d6   0x080019d6   0x00000002   PAD
    0x080019d8   0x080019d8   0x00000020   Code   RO          243    .text.HAL_NVIC_EnableIRQ  stm32f1xx_hal_cortex.o
    0x080019f8   0x080019f8   0x00000056   Code   RO          241    .text.HAL_NVIC_SetPriority  stm32f1xx_hal_cortex.o
    0x08001a4e   0x08001a4e   0x00000002   PAD
    0x08001a50   0x08001a50   0x00000020   Code   RO          239    .text.HAL_NVIC_SetPriorityGrouping  stm32f1xx_hal_cortex.o
    0x08001a70   0x08001a70   0x00000110   Code   RO          541    .text.HAL_RCCEx_GetPeriphCLKFreq  stm32f1xx_hal_rcc_ex.o
    0x08001b80   0x08001b80   0x00000106   Code   RO          537    .text.HAL_RCCEx_PeriphCLKConfig  stm32f1xx_hal_rcc_ex.o
    0x08001c86   0x08001c86   0x00000002   PAD
    0x08001c88   0x08001c88   0x000001ba   Code   RO          503    .text.HAL_RCC_ClockConfig  stm32f1xx_hal_rcc.o
    0x08001e42   0x08001e42   0x00000002   PAD
    0x08001e44   0x08001e44   0x00000026   Code   RO          515    .text.HAL_RCC_GetPCLK1Freq  stm32f1xx_hal_rcc.o
    0x08001e6a   0x08001e6a   0x00000002   PAD
    0x08001e6c   0x08001e6c   0x00000026   Code   RO          517    .text.HAL_RCC_GetPCLK2Freq  stm32f1xx_hal_rcc.o
    0x08001e92   0x08001e92   0x00000002   PAD
    0x08001e94   0x08001e94   0x00000056   Code   RO          505    .text.HAL_RCC_GetSysClockFreq  stm32f1xx_hal_rcc.o
    0x08001eea   0x08001eea   0x00000002   PAD
    0x08001eec   0x08001eec   0x00000330   Code   RO          501    .text.HAL_RCC_OscConfig  stm32f1xx_hal_rcc.o
    0x0800221c   0x0800221c   0x00000002   Code   RO          641    .text.HAL_SPI_ErrorCallback  stm32f1xx_hal_spi.o
    0x0800221e   0x0800221e   0x00000002   PAD
    0x08002220   0x08002220   0x00000100   Code   RO          637    .text.HAL_SPI_IRQHandler  stm32f1xx_hal_spi.o
    0x08002320   0x08002320   0x0000002c   Code   RO          251    .text.HAL_SYSTICK_Config  stm32f1xx_hal_cortex.o
    0x0800234c   0x0800234c   0x00000002   Code   RO          973    .text.HAL_TIMEx_BreakCallback  stm32f1xx_hal_tim_ex.o
    0x0800234e   0x0800234e   0x00000002   PAD
    0x08002350   0x08002350   0x00000002   Code   RO          969    .text.HAL_TIMEx_CommutCallback  stm32f1xx_hal_tim_ex.o
    0x08002352   0x08002352   0x00000002   PAD
    0x08002354   0x08002354   0x00000040   Code   RO          963    .text.HAL_TIMEx_MasterConfigSynchronization  stm32f1xx_hal_tim_ex.o
    0x08002394   0x08002394   0x00000036   Code   RO          682    .text.HAL_TIM_Base_Init  stm32f1xx_hal_tim.o
    0x080023ca   0x080023ca   0x00000002   PAD
    0x080023cc   0x080023cc   0x00000020   Code   RO           15    .text.HAL_TIM_Base_MspInit  stm32f1xx_hal_msp.o
    0x080023ec   0x080023ec   0x00000020   Code   RO          696    .text.HAL_TIM_Base_Start_IT  stm32f1xx_hal_tim.o
    0x0800240c   0x0800240c   0x0000009e   Code   RO          796    .text.HAL_TIM_Encoder_Init  stm32f1xx_hal_tim.o
    0x080024aa   0x080024aa   0x00000002   PAD
    0x080024ac   0x080024ac   0x00000002   Code   RO          798    .text.HAL_TIM_Encoder_MspInit  stm32f1xx_hal_tim.o
    0x080024ae   0x080024ae   0x00000002   PAD
    0x080024b0   0x080024b0   0x0000005a   Code   RO          804    .text.HAL_TIM_Encoder_Start  stm32f1xx_hal_tim.o
    0x0800250a   0x0800250a   0x00000002   PAD
    0x0800250c   0x0800250c   0x00000002   Code   RO          818    .text.HAL_TIM_IC_CaptureCallback  stm32f1xx_hal_tim.o
    0x0800250e   0x0800250e   0x00000002   PAD
    0x08002510   0x08002510   0x0000016a   Code   RO          816    .text.HAL_TIM_IRQHandler  stm32f1xx_hal_tim.o
    0x0800267a   0x0800267a   0x00000002   PAD
    0x0800267c   0x0800267c   0x00000002   Code   RO          820    .text.HAL_TIM_OC_DelayElapsedCallback  stm32f1xx_hal_tim.o
    0x0800267e   0x0800267e   0x00000002   PAD
    0x08002680   0x08002680   0x0000025e   Code   RO          836    .text.HAL_TIM_PWM_ConfigChannel  stm32f1xx_hal_tim.o
    0x080028de   0x080028de   0x00000002   PAD
    0x080028e0   0x080028e0   0x00000036   Code   RO          736    .text.HAL_TIM_PWM_Init  stm32f1xx_hal_tim.o
    0x08002916   0x08002916   0x00000002   PAD
    0x08002918   0x08002918   0x0000007a   Code   RO         1146    .text.HAL_TIM_PWM_MspInit  init.o
    0x08002992   0x08002992   0x00000002   PAD
    0x08002994   0x08002994   0x00000002   Code   RO          822    .text.HAL_TIM_PWM_PulseFinishedCallback  stm32f1xx_hal_tim.o
    0x08002996   0x08002996   0x00000002   PAD
    0x08002998   0x08002998   0x00000050   Code   RO          744    .text.HAL_TIM_PWM_Start  stm32f1xx_hal_tim.o
    0x080029e8   0x080029e8   0x000000f8   Code   RO         1200    .text.HAL_TIM_PeriodElapsedCallback  bldc.o
    0x08002ae0   0x08002ae0   0x00000002   Code   RO          826    .text.HAL_TIM_TriggerCallback  stm32f1xx_hal_tim.o
    0x08002ae2   0x08002ae2   0x00000002   PAD
    0x08002ae4   0x08002ae4   0x00000016   Code   RO         1360    .text.HAL_UART_ErrorCallback  usart.o
    0x08002afa   0x08002afa   0x00000002   PAD
    0x08002afc   0x08002afc   0x00000186   Code   RO         1055    .text.HAL_UART_IRQHandler  stm32f1xx_hal_uart.o
    0x08002c82   0x08002c82   0x00000002   PAD
    0x08002c84   0x08002c84   0x0000005e   Code   RO          985    .text.HAL_UART_Init  stm32f1xx_hal_uart.o
    0x08002ce2   0x08002ce2   0x00000002   PAD
    0x08002ce4   0x08002ce4   0x0000009a   Code   RO         1356    .text.HAL_UART_MspInit  usart.o
    0x08002d7e   0x08002d7e   0x00000002   PAD
    0x08002d80   0x08002d80   0x00000054   Code   RO         1007    .text.HAL_UART_Receive_IT  stm32f1xx_hal_uart.o
    0x08002dd4   0x08002dd4   0x000000e4   Code   RO         1358    .text.HAL_UART_RxCpltCallback  usart.o
    0x08002eb8   0x08002eb8   0x00000002   Code   RO         1063    .text.HAL_UART_TxCpltCallback  stm32f1xx_hal_uart.o
    0x08002eba   0x08002eba   0x00000002   PAD
    0x08002ebc   0x08002ebc   0x00000002   Code   RO           29    .text.HardFault_Handler  stm32f1xx_it.o
    0x08002ebe   0x08002ebe   0x00000002   PAD
    0x08002ec0   0x08002ec0   0x00000002   Code   RO           31    .text.MemManage_Handler  stm32f1xx_it.o
    0x08002ec2   0x08002ec2   0x00000002   PAD
    0x08002ec4   0x08002ec4   0x00000002   Code   RO           27    .text.NMI_Handler   stm32f1xx_it.o
    0x08002ec6   0x08002ec6   0x00000002   PAD
    0x08002ec8   0x08002ec8   0x0000018c   Code   RO         1384    .text.ParkConvT     foc.o
    0x08003054   0x08003054   0x00000002   Code   RO           41    .text.PendSV_Handler  stm32f1xx_it.o
    0x08003056   0x08003056   0x00000002   PAD
    0x08003058   0x08003058   0x0000000c   Code   RO           55    .text.SPI1_IRQHandler  stm32f1xx_it.o
    0x08003064   0x08003064   0x0000000c   Code   RO          639    .text.SPI_DMAAbortOnError  stm32f1xx_hal_spi.o
    0x08003070   0x08003070   0x00000002   Code   RO           37    .text.SVC_Handler   stm32f1xx_it.o
    0x08003072   0x08003072   0x00000002   PAD
    0x08003074   0x08003074   0x00000526   Code   RO         1386    .text.SVPWM         foc.o
    0x0800359a   0x0800359a   0x00000002   PAD
    0x0800359c   0x0800359c   0x00000004   Code   RO           43    .text.SysTick_Handler  stm32f1xx_it.o
    0x080035a0   0x080035a0   0x00000050   Code   RO           65    .text.SystemInit    system_stm32f1xx.o
    0x080035f0   0x080035f0   0x0000000c   Code   RO           49    .text.TIM2_IRQHandler  stm32f1xx_it.o
    0x080035fc   0x080035fc   0x0000000c   Code   RO           51    .text.TIM3_IRQHandler  stm32f1xx_it.o
    0x08003608   0x08003608   0x0000000c   Code   RO           53    .text.TIM4_IRQHandler  stm32f1xx_it.o
    0x08003614   0x08003614   0x000000d6   Code   RO          686    .text.TIM_Base_SetConfig  stm32f1xx_hal_tim.o
    0x080036ea   0x080036ea   0x00000002   PAD
    0x080036ec   0x080036ec   0x000000a2   Code   RO         1150    .text.TIM_Init      init.o
    0x0800378e   0x0800378e   0x00000002   PAD
    0x08003790   0x08003790   0x0000000c   Code   RO         1059    .text.UART_DMAAbortOnError  stm32f1xx_hal_uart.o
    0x0800379c   0x0800379c   0x00000076   Code   RO         1057    .text.UART_Receive_IT  stm32f1xx_hal_uart.o
    0x08003812   0x08003812   0x00000002   PAD
    0x08003814   0x08003814   0x00000092   Code   RO          989    .text.UART_SetConfig  stm32f1xx_hal_uart.o
    0x080038a6   0x080038a6   0x00000002   PAD
    0x080038a8   0x080038a8   0x0000000c   Code   RO         1362    .text.USART3_IRQHandler  usart.o
    0x080038b4   0x080038b4   0x00000002   Code   RO           35    .text.UsageFault_Handler  stm32f1xx_it.o
    0x080038b6   0x080038b6   0x00000002   PAD
    0x080038b8   0x080038b8   0x00000002   Code   RO         1348    .text._sys_exit     usart.o
    0x080038ba   0x080038ba   0x00000002   PAD
    0x080038bc   0x080038bc   0x0000013a   Code   RO         1152    .text.adc_dma_init  init.o
    0x080039f6   0x080039f6   0x00000002   PAD
    0x080039f8   0x080039f8   0x00000132   Code   RO         1231    .text.cal_motor     motor_ctrl.o
    0x08003b2a   0x08003b2a   0x00000002   PAD
    0x08003b2c   0x08003b2c   0x000000e0   Code   RO         1219    .text.ctrl_Init     motor_ctrl.o
    0x08003c0c   0x08003c0c   0x0000000c   Code   RO         1303    .text.delay_init    delay.o
    0x08003c18   0x08003c18   0x00000014   Code   RO         1352    .text.fputc         usart.o
    0x08003c2c   0x08003c2c   0x00000094   Code   RO         1403    .text.getAngle      encode.o
    0x08003cc0   0x08003cc0   0x000000e4   Code   RO            2    .text.main          main.o
    0x08003da4   0x08003da4   0x00000212   Code   RO         1164    .text.sys_init      init.o
    0x08003fb6   0x08003fb6   0x00000002   PAD
    0x08003fb8   0x08003fb8   0x0000005e   Code   RO         1336    .text.sys_stm32_clock_init  sys.o
    0x08004016   0x08004016   0x00000002   PAD
    0x08004018   0x08004018   0x00000048   Code   RO         1192    .text.uhvl          bldc.o
    0x08004060   0x08004060   0x00000048   Code   RO         1184    .text.uhwl          bldc.o
    0x080040a8   0x080040a8   0x0000002a   Code   RO         1354    .text.usart_init    usart.o
    0x080040d2   0x080040d2   0x00000002   PAD
    0x080040d4   0x080040d4   0x00000048   Code   RO         1186    .text.vhul          bldc.o
    0x0800411c   0x0800411c   0x00000048   Code   RO         1188    .text.vhwl          bldc.o
    0x08004164   0x08004164   0x00000048   Code   RO         1194    .text.whul          bldc.o
    0x080041ac   0x080041ac   0x00000048   Code   RO         1190    .text.whvl          bldc.o
    0x080041f4   0x080041f4   0x0000003e   Code   RO         1623    CL$$btod_d2e        c_w.l(btod.o)
    0x08004232   0x08004232   0x00000046   Code   RO         1625    CL$$btod_d2e_denorm_low  c_w.l(btod.o)
    0x08004278   0x08004278   0x00000060   Code   RO         1624    CL$$btod_d2e_norm_op1  c_w.l(btod.o)
    0x080042d8   0x080042d8   0x00000338   Code   RO         1633    CL$$btod_div_common  c_w.l(btod.o)
    0x08004610   0x08004610   0x000000dc   Code   RO         1630    CL$$btod_e2e        c_w.l(btod.o)
    0x080046ec   0x080046ec   0x0000002a   Code   RO         1627    CL$$btod_ediv       c_w.l(btod.o)
    0x08004716   0x08004716   0x0000002a   Code   RO         1626    CL$$btod_emul       c_w.l(btod.o)
    0x08004740   0x08004740   0x00000244   Code   RO         1632    CL$$btod_mult_common  c_w.l(btod.o)
    0x08004984   0x08004984   0x00000028   Code   RO         1662    i.__ARM_fpclassify  m_ws.l(fpclassify.o)
    0x080049ac   0x080049ac   0x00000388   Code   RO         1581    i.__ieee754_rem_pio2  m_ws.l(rred.o)
    0x08004d34   0x08004d34   0x000000fc   Code   RO         1563    i.__kernel_cos      m_ws.l(cos_i.o)
    0x08004e30   0x08004e30   0x000000aa   Code   RO         1664    i.__kernel_poly     m_ws.l(poly.o)
    0x08004eda   0x08004eda   0x00000002   PAD
    0x08004edc   0x08004edc   0x000000ec   Code   RO         1586    i.__kernel_sin      m_ws.l(sin_i.o)
    0x08004fc8   0x08004fc8   0x00000006   Code   RO         1567    i.__mathlib_dbl_infnan  m_ws.l(dunder.o)
    0x08004fce   0x08004fce   0x00000004   Code   RO         1568    i.__mathlib_dbl_infnan2  m_ws.l(dunder.o)
    0x08004fd2   0x08004fd2   0x0000000c   Code   RO         1569    i.__mathlib_dbl_invalid  m_ws.l(dunder.o)
    0x08004fde   0x08004fde   0x00000002   PAD
    0x08004fe0   0x08004fe0   0x00000010   Code   RO         1572    i.__mathlib_dbl_underflow  m_ws.l(dunder.o)
    0x08004ff0   0x08004ff0   0x00000220   Code   RO         1559    i.atan              m_ws.l(atan.o)
    0x08005210   0x08005210   0x0000019c   Code   RO         1512    i.atan2             m_ws.l(atan2.o)
    0x080053ac   0x080053ac   0x0000009c   Code   RO         1516    i.cos               m_ws.l(cos.o)
    0x08005448   0x08005448   0x000000a0   Code   RO         1520    i.sin               m_ws.l(sin.o)
    0x080054e8   0x080054e8   0x0000002c   Code   RO         1652    locale$$code        c_w.l(lc_numeric_c.o)
    0x08005514   0x08005514   0x00000062   Code   RO         1453    x$fpl$d2f           fz_ws.l(d2f.o)
    0x08005576   0x08005576   0x00000002   PAD
    0x08005578   0x08005578   0x00000150   Code   RO         1455    x$fpl$dadd          fz_ws.l(daddsub_clz.o)
    0x080056c8   0x080056c8   0x00000010   Code   RO         1732    x$fpl$dcheck1       fz_ws.l(dcheck1.o)
    0x080056d8   0x080056d8   0x00000018   Code   RO         1654    x$fpl$dcmpinf       fz_ws.l(dcmpi.o)
    0x080056f0   0x080056f0   0x000002b4   Code   RO         1464    x$fpl$ddiv          fz_ws.l(ddiv.o)
    0x080059a4   0x080059a4   0x00000078   Code   RO         1537    x$fpl$deqf          fz_ws.l(deqf.o)
    0x08005a1c   0x08005a1c   0x0000005e   Code   RO         1467    x$fpl$dfix          fz_ws.l(dfix.o)
    0x08005a7a   0x08005a7a   0x0000002e   Code   RO         1476    x$fpl$dflt          fz_ws.l(dflt_clz.o)
    0x08005aa8   0x08005aa8   0x00000026   Code   RO         1475    x$fpl$dfltu         fz_ws.l(dflt_clz.o)
    0x08005ace   0x08005ace   0x00000002   PAD
    0x08005ad0   0x08005ad0   0x00000078   Code   RO         1539    x$fpl$dgeqf         fz_ws.l(dgeqf.o)
    0x08005b48   0x08005b48   0x00000078   Code   RO         1541    x$fpl$dleqf         fz_ws.l(dleqf.o)
    0x08005bc0   0x08005bc0   0x00000154   Code   RO         1481    x$fpl$dmul          fz_ws.l(dmul.o)
    0x08005d14   0x08005d14   0x0000009c   Code   RO         1543    x$fpl$dnaninf       fz_ws.l(dnaninf.o)
    0x08005db0   0x08005db0   0x0000000c   Code   RO         1545    x$fpl$dretinf       fz_ws.l(dretinf.o)
    0x08005dbc   0x08005dbc   0x00000016   Code   RO         1456    x$fpl$drsb          fz_ws.l(daddsub_clz.o)
    0x08005dd2   0x08005dd2   0x00000002   PAD
    0x08005dd4   0x08005dd4   0x000001dc   Code   RO         1457    x$fpl$dsub          fz_ws.l(daddsub_clz.o)
    0x08005fb0   0x08005fb0   0x00000056   Code   RO         1483    x$fpl$f2d           fz_ws.l(f2d.o)
    0x08006006   0x08006006   0x00000002   PAD
    0x08006008   0x08006008   0x000000c4   Code   RO         1485    x$fpl$fadd          fz_ws.l(faddsub_clz.o)
    0x080060cc   0x080060cc   0x00000054   Code   RO         1461    x$fpl$fcmp          fz_ws.l(dcmp.o)
    0x08006120   0x08006120   0x00000054   Code   RO         1491    x$fpl$fcmp          fz_ws.l(fcmp.o)
    0x08006174   0x08006174   0x00000018   Code   RO         1656    x$fpl$fcmpinf       fz_ws.l(fcmpi.o)
    0x0800618c   0x0800618c   0x00000184   Code   RO         1494    x$fpl$fdiv          fz_ws.l(fdiv.o)
    0x08006310   0x08006310   0x00000068   Code   RO         1547    x$fpl$feqf          fz_ws.l(feqf.o)
    0x08006378   0x08006378   0x00000030   Code   RO         1502    x$fpl$fflt          fz_ws.l(fflt_clz.o)
    0x080063a8   0x080063a8   0x00000026   Code   RO         1501    x$fpl$ffltu         fz_ws.l(fflt_clz.o)
    0x080063ce   0x080063ce   0x00000002   PAD
    0x080063d0   0x080063d0   0x00000068   Code   RO         1549    x$fpl$fgeqf         fz_ws.l(fgeqf.o)
    0x08006438   0x08006438   0x00000068   Code   RO         1551    x$fpl$fleqf         fz_ws.l(fleqf.o)
    0x080064a0   0x080064a0   0x00000102   Code   RO         1507    x$fpl$fmul          fz_ws.l(fmul.o)
    0x080065a2   0x080065a2   0x0000008c   Code   RO         1553    x$fpl$fnaninf       fz_ws.l(fnaninf.o)
    0x0800662e   0x0800662e   0x0000000a   Code   RO         1555    x$fpl$fretinf       fz_ws.l(fretinf.o)
    0x08006638   0x08006638   0x000000ea   Code   RO         1487    x$fpl$fsub          fz_ws.l(faddsub_clz.o)
    0x08006722   0x08006722   0x00000004   Code   RO         1509    x$fpl$printf1       fz_ws.l(printf1.o)
    0x08006726   0x08006726   0x00000064   Code   RO         1742    x$fpl$retnan        fz_ws.l(retnan.o)
    0x0800678a   0x0800678a   0x0000005c   Code   RO         1660    x$fpl$scalbn        fz_ws.l(scalbn.o)
    0x080067e6   0x080067e6   0x00000030   Code   RO         1755    x$fpl$trapveneer    fz_ws.l(trapv.o)
    0x08006816   0x08006816   0x00000000   Code   RO         1557    x$fpl$usenofp       fz_ws.l(usenofp.o)
    0x08006816   0x08006816   0x00000002   PAD
    0x08006818   0x08006818   0x00000098   Data   RO         1560    .constdata          m_ws.l(atan.o)
    0x080068b0   0x080068b0   0x00000030   Data   RO         1564    .constdata          m_ws.l(cos_i.o)
    0x080068e0   0x080068e0   0x00000008   Data   RO         1580    .constdata          m_ws.l(qnan.o)
    0x080068e8   0x080068e8   0x000000cc   Data   RO         1583    .constdata          m_ws.l(rred.o)
    0x080069b4   0x080069b4   0x00000004   PAD
    0x080069b8   0x080069b8   0x00000028   Data   RO         1587    .constdata          m_ws.l(sin_i.o)
    0x080069e0   0x080069e0   0x00000094   Data   RO         1621    .constdata          c_w.l(bigflt0.o)
    0x08006a74   0x08006a74   0x00000002   Data   RO          528    .rodata..L__const.HAL_RCC_GetSysClockFreq.aPredivFactorTable  stm32f1xx_hal_rcc.o
    0x08006a76   0x08006a76   0x00000010   Data   RO           70    .rodata.AHBPrescTable  system_stm32f1xx.o
    0x08006a86   0x08006a86   0x00000008   Data   RO           71    .rodata.APBPrescTable  system_stm32f1xx.o
    0x08006a8e   0x08006a8e   0x00000010   Data   RO          527    .rodata.cst16       stm32f1xx_hal_rcc.o
    0x08006a9e   0x08006a9e   0x00000002   PAD
    0x08006aa0   0x08006aa0   0x00000020   Data   RO         1811    Region$$Table       anon$$obj.o
    0x08006ac0   0x08006ac0   0x0000001c   Data   RO         1651    locale$$data        c_w.l(lc_numeric_c.o)


    Execution Region RW_IRAM1 (Exec base: 0x20000000, Load base: 0x08006ae0, Size: 0x00000bb8, Max: 0x00005000, ABSOLUTE)

    Exec Addr    Load Addr    Size         Type   Attr      Idx    E Section Name        Object

    0x20000000   0x08006ae0   0x00000004   Data   RW            6    .ARM.use_no_argv    main.o
    0x20000004   0x08006ae4   0x00000004   Data   RW           69    .data.SystemCoreClock  system_stm32f1xx.o
    0x20000008   0x08006ae8   0x00000018   Data   RW         1207    .data.basic_ctrl    bldc.o
    0x20000020   0x08006b00   0x00000001   Data   RW          131    .data.uwTickFreq    stm32f1xx_hal.o
    0x20000021   0x08006b01   0x00000003   PAD
    0x20000024   0x08006b04   0x00000004   Data   RW          130    .data.uwTickPrio    stm32f1xx_hal.o
    0x20000028        -       0x00000060   Zero   RW         1667    .bss                c_w.l(libspace.o)
    0x20000088        -       0x00000030   Zero   RW         1173    .bss.AdcHandle      init.o
    0x200000b8        -       0x00000038   Zero   RW         1246    .bss.Adrc1          motor_ctrl.o
    0x200000f0        -       0x00000038   Zero   RW         1247    .bss.Adrc2          motor_ctrl.o
    0x20000128        -       0x00000038   Zero   RW         1248    .bss.Adrc3          motor_ctrl.o
    0x20000160        -       0x00000044   Zero   RW         1172    .bss.DMAHandle      init.o
    0x200001a4        -       0x00000024   Zero   RW         1249    .bss.Pid            motor_ctrl.o
    0x200001c8        -       0x0000001c   Zero   RW         1167    .bss.TIM1_CH1Handler  init.o
    0x200001e4        -       0x0000001c   Zero   RW         1168    .bss.TIM1_CH2Handler  init.o
    0x20000200        -       0x0000001c   Zero   RW         1169    .bss.TIM1_CH3Handler  init.o
    0x2000021c        -       0x00000040   Zero   RW         1166    .bss.TIM1_Handler   init.o
    0x2000025c        -       0x00000040   Zero   RW         1170    .bss.TIM2_Handler   init.o
    0x2000029c        -       0x00000054   Zero   RW         1367    .bss.__stdout       usart.o
    0x200002f0        -       0x00000004   Zero   RW         1203    .bss.cnt_all        bldc.o
    0x200002f4        -       0x00000004   Zero   RW         1405    .bss.cnt_tmp        encode.o
    0x200002f8        -       0x00000010   Zero   RW         1393    .bss.filter         foc.o
    0x20000308        -       0x00000001   Zero   RW         1269    .bss.g_adc_dma_sta  measure.o
    0x20000309   0x08006b08   0x00000001   PAD
    0x2000030a        -       0x0000012c   Zero   RW         1270    .bss.g_adc_raw      measure.o
    0x20000436   0x08006b08   0x00000002   PAD
    0x20000438        -       0x00000004   Zero   RW         1311    .bss.g_fac_us       delay.o
    0x2000043c        -       0x00000040   Zero   RW         1366    .bss.g_uart1_handle  usart.o
    0x2000047c        -       0x00000058   Zero   RW         1406    .bss.hspi1          encode.o
    0x200004d4        -       0x00000040   Zero   RW         1174    .bss.htim3          init.o
    0x20000514        -       0x00000040   Zero   RW         1171    .bss.htim4          init.o
    0x20000554        -       0x00000004   Zero   RW         1204    .bss.last_cnt       bldc.o
    0x20000558        -       0x0000000a   Zero   RW         1202    .bss.motor          bldc.o
    0x20000562   0x08006b08   0x00000002   PAD
    0x20000564        -       0x0000003c   Zero   RW         1392    .bss.motor_foc      foc.o
    0x200005a0        -       0x00000001   Zero   RW           57    .bss.roundcnt       stm32f1xx_it.o
    0x200005a1        -       0x00000005   Zero   RW         1364    .bss.rxdat          usart.o
    0x200005a6        -       0x00000001   Zero   RW            4    .bss.rxflag         main.o
    0x200005a7   0x08006b08   0x00000001   PAD
    0x200005a8        -       0x00000004   Zero   RW         1394    .bss.t0             foc.o
    0x200005ac        -       0x00000004   Zero   RW         1251    .bss.target_angle   motor_ctrl.o
    0x200005b0        -       0x00000004   Zero   RW         1244    .bss.target_rpm     motor_ctrl.o
    0x200005b4        -       0x00000004   Zero   RW          132    .bss.uwTick         stm32f1xx_hal.o
    0x200005b8        -       0x00000200   Zero   RW         1131    HEAP                startup_stm32f103xb.o
    0x200007b8        -       0x00000400   Zero   RW         1130    STACK               startup_stm32f103xb.o


==============================================================================

Image component sizes


      Code (inc. data)   RO Data    RW Data    ZI Data      Debug   Object Name

       680          0          0         24         18       5350   bldc.o
        78          0          0          0          4       2429   delay.o
       148          0          0          0         92       3008   encode.o
      2116         12          0          0         80       3002   foc.o
      1194          0          0          0        456      10893   init.o
       228         32          0          4          1       1643   main.o
        38          0          0          0        301       1629   measure.o
       530          0          0          0        212       4993   motor_ctrl.o
        64         26        236          0       1536        776   startup_stm32f103xb.o
       156          0          0          5          4       5909   stm32f1xx_hal.o
      1596          0          0          0          0      12740   stm32f1xx_hal_adc.o
       204          0          0          0          0       8511   stm32f1xx_hal_adc_ex.o
       194          0          0          0          0       8721   stm32f1xx_hal_cortex.o
       576          0          0          0          0       8109   stm32f1xx_hal_dma.o
       504         20          0          0          0       4364   stm32f1xx_hal_gpio.o
        32          0          0          0          0       6230   stm32f1xx_hal_msp.o
      1420          0         18          0          0       7454   stm32f1xx_hal_rcc.o
       534         36          0          0          0       3642   stm32f1xx_hal_rcc_ex.o
       270          0          0          0          0      24890   stm32f1xx_hal_spi.o
      1660          4          0          0          0      47035   stm32f1xx_hal_tim.o
        68          0          0          0          0      16343   stm32f1xx_hal_tim_ex.o
       846          0          0          0          0      18483   stm32f1xx_hal_uart.o
       110          0          0          0          1       6460   stm32f1xx_it.o
        94          0          0          0          0       3596   sys.o
        80          0         24          4          0       2109   system_stm32f1xx.o
       480          0          0          0        153       6929   usart.o

    ----------------------------------------------------------------------
     14036        130        312         40       2864     225248   Object Totals
         0          0         32          0          0          0   (incl. Generated)
       136          0          2          3          6          0   (incl. Padding)

    ----------------------------------------------------------------------

      Code (inc. data)   RO Data    RW Data    ZI Data      Debug   Library Member Name

         8          0          0          0          0         68   __main.o
       104          0          0          0          0         84   __printf.o
         0          0          0          0          0          0   __rtentry.o
        12          0          0          0          0          0   __rtentry2.o
         6          0          0          0          0          0   __rtentry4.o
        52          8          0          0          0          0   __scatter.o
        26          0          0          0          0          0   __scatter_copy.o
        28          0          0          0          0          0   __scatter_zi.o
        48          6          0          0          0         96   _printf_char_common.o
        36          4          0          0          0         80   _printf_char_file.o
         6          0          0          0          0          0   _printf_d.o
       120         16          0          0          0         92   _printf_dec.o
         6          0          0          0          0          0   _printf_f.o
      1052          0          0          0          0        148   _printf_fp_dec.o
       128         16          0          0          0         84   _printf_fp_infnan.o
       178          0          0          0          0         88   _printf_intcommon.o
         0          0          0          0          0          0   _printf_percent.o
         4          0          0          0          0          0   _printf_percent_end.o
        22          0          0          0          0        100   _rserrno.o
       228          4        148          0          0         96   bigflt0.o
      1936        128          0          0          0        668   btod.o
        18          0          0          0          0         80   exit.o
         8          0          0          0          0         68   ferror.o
         6          0          0          0          0        152   heapauxi.o
        44         10         28          0          0         76   lc_numeric_c.o
         2          0          0          0          0          0   libinit.o
        18          0          0          0          0          0   libinit2.o
         2          0          0          0          0          0   libshutdown.o
         2          0          0          0          0          0   libshutdown2.o
         8          4          0          0         96         68   libspace.o
       138          0          0          0          0         80   lludiv10.o
        24          4          0          0          0         84   noretval__2printf.o
         8          4          0          0          0         68   rt_errno_addr_intlibspace.o
         8          4          0          0          0         68   rt_locale_intlibspace.o
        78          0          0          0          0         80   rt_memclr_w.o
         2          0          0          0          0          0   rtexit.o
        10          0          0          0          0          0   rtexit2.o
       128          0          0          0          0         68   strcmpv7m.o
        74          0          0          0          0         80   sys_stackheap_outer.o
         2          0          0          0          0         68   use_no_semi.o
         2          0          0          0          0         68   use_no_semi_2.o
        98          4          0          0          0         92   d2f.o
       834         16          0          0          0        372   daddsub_clz.o
        16          4          0          0          0         68   dcheck1.o
        84          0          0          0          0        196   dcmp.o
        24          0          0          0          0         68   dcmpi.o
       692        140          0          0          0        216   ddiv.o
       120          4          0          0          0         92   deqf.o
        94          4          0          0          0         92   dfix.o
        84          0          0          0          0        136   dflt_clz.o
       120          4          0          0          0         92   dgeqf.o
       120          4          0          0          0         92   dleqf.o
       340         12          0          0          0        104   dmul.o
       156          4          0          0          0         92   dnaninf.o
        12          0          0          0          0         68   dretinf.o
        86          4          0          0          0         84   f2d.o
       430          8          0          0          0        168   faddsub_clz.o
        84          0          0          0          0        196   fcmp.o
        24          0          0          0          0         68   fcmpi.o
       388         76          0          0          0         96   fdiv.o
       104          4          0          0          0         84   feqf.o
        86          0          0          0          0        136   fflt_clz.o
       104          4          0          0          0         84   fgeqf.o
       104          4          0          0          0         84   fleqf.o
       258          4          0          0          0         84   fmul.o
       140          4          0          0          0         84   fnaninf.o
        10          0          0          0          0         68   fretinf.o
         4          0          0          0          0         68   printf1.o
       100          0          0          0          0         68   retnan.o
        92          0          0          0          0         68   scalbn.o
        48          0          0          0          0         68   trapv.o
         0          0          0          0          0          0   usenofp.o
       544         70        152          0          0        124   atan.o
       412         38          0          0          0        144   atan2.o
       156          8          0          0          0        104   cos.o
       252         22         48          0          0        124   cos_i.o
        38          6          0          0          0        272   dunder.o
        40          0          0          0          0         68   fpclassify.o
       170          0          0          0          0         96   poly.o
         0          0          8          0          0          0   qnan.o
       904         76        204          0          0        140   rred.o
       160         10          0          0          0        108   sin.o
       236         12         40          0          0        128   sin_i.o

    ----------------------------------------------------------------------
     12376        754        632          0         96       7308   Library Totals
        26          0          4          0          0          0   (incl. Padding)

    ----------------------------------------------------------------------

      Code (inc. data)   RO Data    RW Data    ZI Data      Debug   Library Name

      4582        208        176          0         96       2712   c_w.l
      4856        304          0          0          0       3288   fz_ws.l
      2912        242        452          0          0       1308   m_ws.l

    ----------------------------------------------------------------------
     12376        754        632          0         96       7308   Library Totals

    ----------------------------------------------------------------------

==============================================================================


      Code (inc. data)   RO Data    RW Data    ZI Data      Debug   

     26412        884        944         40       2960     228172   Grand Totals
     26412        884        944         40       2960     228172   ELF Image Totals
     26412        884        944         40          0          0   ROM Totals

==============================================================================

    Total RO  Size (Code + RO Data)                27356 (  26.71kB)
    Total RW  Size (RW Data + ZI Data)              3000 (   2.93kB)
    Total ROM Size (Code + RO Data + RW Data)      27396 (  26.75kB)

==============================================================================

