Component: ARM Compiler 5.05 update 1 (build 106) Tool: armlink [4d0efa]

==============================================================================

Section Cross References

    main.o(i.main) refers to _printf_percent.o(.ARM.Collect$$_printf_percent$$00000000) for _printf_percent
    main.o(i.main) refers to _printf_f.o(.ARM.Collect$$_printf_percent$$00000003) for _printf_f
    main.o(i.main) refers to printf1.o(x$fpl$printf1) for _printf_fp_dec
    main.o(i.main) refers to init.o(i.sys_init) for sys_init
    main.o(i.main) refers to stm32f1xx_hal_uart.o(i.HAL_UART_Receive_IT) for HAL_UART_Receive_IT
    main.o(i.main) refers to encode.o(i.getAngle) for getAngle
    main.o(i.main) refers to bldc.o(i.Is_Forward) for Is_Forward
    main.o(i.main) refers to dflt_clz.o(x$fpl$dfltu) for __aeabi_ui2d
    main.o(i.main) refers to dmul.o(x$fpl$dmul) for __aeabi_dmul
    main.o(i.main) refers to f2d.o(x$fpl$f2d) for __aeabi_f2d
    main.o(i.main) refers to daddsub_clz.o(x$fpl$dadd) for __aeabi_dadd
    main.o(i.main) refers to d2f.o(x$fpl$d2f) for __aeabi_d2f
    main.o(i.main) refers to daddsub_clz.o(x$fpl$dsub) for __aeabi_dsub
    main.o(i.main) refers to noretval__2printf.o(.text) for __2printf
    main.o(i.main) refers to delay.o(i.HAL_Delay) for HAL_Delay
    main.o(i.main) refers to bldc.o(.bss) for motor
    main.o(i.main) refers to usart.o(.data) for rxdat
    main.o(i.main) refers to usart.o(.bss) for g_uart1_handle
    main.o(i.main) refers to foc.o(.bss) for filter
    main.o(i.main) refers to stm32f1xx_it.o(.data) for roundcnt
    main.o(i.main) refers to encode.o(.data) for angle
    main.o(i.main) refers to bldc.o(.data) for last_angle
    stm32f1xx_hal_msp.o(i.HAL_ADC_MspDeInit) refers to stm32f1xx_hal_gpio.o(i.HAL_GPIO_DeInit) for HAL_GPIO_DeInit
    stm32f1xx_hal_msp.o(i.HAL_ADC_MspDeInit) refers to stm32f1xx_hal_dma.o(i.HAL_DMA_DeInit) for HAL_DMA_DeInit
    stm32f1xx_hal_msp.o(i.HAL_ADC_MspDeInit) refers to stm32f1xx_hal_cortex.o(i.HAL_NVIC_DisableIRQ) for HAL_NVIC_DisableIRQ
    stm32f1xx_it.o(i.ADC1_2_IRQHandler) refers to stm32f1xx_hal_adc.o(i.HAL_ADC_IRQHandler) for HAL_ADC_IRQHandler
    stm32f1xx_it.o(i.ADC1_2_IRQHandler) refers to init.o(.bss) for AdcHandle
    stm32f1xx_it.o(i.EXTI9_5_IRQHandler) refers to stm32f1xx_it.o(.data) for roundcnt
    stm32f1xx_it.o(i.SPI1_IRQHandler) refers to stm32f1xx_hal_spi.o(i.HAL_SPI_IRQHandler) for HAL_SPI_IRQHandler
    stm32f1xx_it.o(i.SPI1_IRQHandler) refers to encode.o(.bss) for hspi1
    stm32f1xx_it.o(i.SysTick_Handler) refers to stm32f1xx_hal.o(i.HAL_IncTick) for HAL_IncTick
    stm32f1xx_it.o(i.TIM2_IRQHandler) refers to stm32f1xx_hal_tim.o(i.HAL_TIM_IRQHandler) for HAL_TIM_IRQHandler
    stm32f1xx_it.o(i.TIM2_IRQHandler) refers to init.o(.bss) for TIM2_Handler
    stm32f1xx_it.o(i.TIM3_IRQHandler) refers to stm32f1xx_hal_tim.o(i.HAL_TIM_IRQHandler) for HAL_TIM_IRQHandler
    stm32f1xx_it.o(i.TIM3_IRQHandler) refers to init.o(.bss) for htim3
    stm32f1xx_it.o(i.TIM4_IRQHandler) refers to stm32f1xx_hal_tim.o(i.HAL_TIM_IRQHandler) for HAL_TIM_IRQHandler
    stm32f1xx_it.o(i.TIM4_IRQHandler) refers to init.o(.bss) for htim4
    system_stm32f1xx.o(i.SystemCoreClockUpdate) refers to system_stm32f1xx.o(.data) for SystemCoreClock
    system_stm32f1xx.o(i.SystemCoreClockUpdate) refers to system_stm32f1xx.o(.constdata) for AHBPrescTable
    stm32f1xx_hal.o(i.HAL_DeInit) refers to stm32f1xx_hal.o(i.HAL_MspDeInit) for HAL_MspDeInit
    stm32f1xx_hal.o(i.HAL_Delay) refers to stm32f1xx_hal.o(i.HAL_GetTick) for HAL_GetTick
    stm32f1xx_hal.o(i.HAL_Delay) refers to stm32f1xx_hal.o(.data) for uwTickFreq
    stm32f1xx_hal.o(i.HAL_GetTick) refers to stm32f1xx_hal.o(.data) for uwTick
    stm32f1xx_hal.o(i.HAL_GetTickFreq) refers to stm32f1xx_hal.o(.data) for uwTickFreq
    stm32f1xx_hal.o(i.HAL_GetTickPrio) refers to stm32f1xx_hal.o(.data) for uwTickPrio
    stm32f1xx_hal.o(i.HAL_IncTick) refers to stm32f1xx_hal.o(.data) for uwTick
    stm32f1xx_hal.o(i.HAL_Init) refers to stm32f1xx_hal_cortex.o(i.HAL_NVIC_SetPriorityGrouping) for HAL_NVIC_SetPriorityGrouping
    stm32f1xx_hal.o(i.HAL_Init) refers to stm32f1xx_hal.o(i.HAL_InitTick) for HAL_InitTick
    stm32f1xx_hal.o(i.HAL_Init) refers to init.o(i.HAL_MspInit) for HAL_MspInit
    stm32f1xx_hal.o(i.HAL_InitTick) refers to stm32f1xx_hal_cortex.o(i.HAL_SYSTICK_Config) for HAL_SYSTICK_Config
    stm32f1xx_hal.o(i.HAL_InitTick) refers to stm32f1xx_hal_cortex.o(i.HAL_NVIC_SetPriority) for HAL_NVIC_SetPriority
    stm32f1xx_hal.o(i.HAL_InitTick) refers to stm32f1xx_hal.o(.data) for uwTickFreq
    stm32f1xx_hal.o(i.HAL_InitTick) refers to system_stm32f1xx.o(.data) for SystemCoreClock
    stm32f1xx_hal.o(i.HAL_SetTickFreq) refers to stm32f1xx_hal.o(i.HAL_InitTick) for HAL_InitTick
    stm32f1xx_hal.o(i.HAL_SetTickFreq) refers to stm32f1xx_hal.o(.data) for uwTickFreq
    stm32f1xx_hal_adc.o(i.ADC_ConversionStop_Disable) refers to stm32f1xx_hal.o(i.HAL_GetTick) for HAL_GetTick
[...]
    i.ctrl_Init                              0x080050c8   Section        0  motor_ctrl.o(i.ctrl_Init)
    i.delay_init                             0x080050f8   Section        0  delay.o(i.delay_init)
    i.delay_ms                               0x08005104   Section        0  delay.o(i.delay_ms)
    i.delay_us                               0x08005118   Section        0  delay.o(i.delay_us)
    i.fmod                                   0x08005160   Section        0  fmod.o(i.fmod)
    i.fputc                                  0x080051f4   Section        0  usart.o(i.fputc)
    i.getAngle                               0x08005210   Section        0  encode.o(i.getAngle)
    i.h_bridge_init                          0x08005278   Section        0  init.o(i.h_bridge_init)
    i.hallsensor                             0x08005300   Section        0  bldc.o(i.hallsensor)
    i.l_bridge_init                          0x0800533c   Section        0  init.o(i.l_bridge_init)
    i.main                                   0x08005380   Section        0  main.o(i.main)
    i.rcnt                                   0x080054a0   Section        0  init.o(i.rcnt)
    i.sin                                    0x080054d4   Section        0  sin.o(i.sin)
    i.sys_init                               0x08005574   Section        0  init.o(i.sys_init)
    i.sys_stm32_clock_init                   0x080055c4   Section        0  sys.o(i.sys_stm32_clock_init)
    i.uhvl                                   0x08005630   Section        0  bldc.o(i.uhvl)
    i.uhwl                                   0x08005678   Section        0  bldc.o(i.uhwl)
    i.usart_init                             0x080056c0   Section        0  usart.o(i.usart_init)
    i.vhul                                   0x080056ec   Section        0  bldc.o(i.vhul)
    i.vhwl                                   0x08005734   Section        0  bldc.o(i.vhwl)
    i.whul                                   0x0800577c   Section        0  bldc.o(i.whul)
    i.whvl                                   0x080057c4   Section        0  bldc.o(i.whvl)
    locale$$code                             0x0800580c   Section       44  lc_numeric_c.o(locale$$code)
    x$fpl$d2f                                0x08005838   Section       98  d2f.o(x$fpl$d2f)
    x$fpl$dadd                               0x0800589c   Section      336  daddsub_clz.o(x$fpl$dadd)
    _dadd1                                   0x080058ad   Thumb Code     0  daddsub_clz.o(x$fpl$dadd)
    x$fpl$dcheck1                            0x080059ec   Section       16  dcheck1.o(x$fpl$dcheck1)
    x$fpl$dcmpinf                            0x080059fc   Section       24  dcmpi.o(x$fpl$dcmpinf)
    x$fpl$ddiv                               0x08005a14   Section      688  ddiv.o(x$fpl$ddiv)
    ddiv_entry                               0x08005a1b   Thumb Code     0  ddiv.o(x$fpl$ddiv)
    x$fpl$dfix                               0x08005cc4   Section       94  dfix.o(x$fpl$dfix)
    x$fpl$dfixu                              0x08005d24   Section       90  dfixu.o(x$fpl$dfixu)
    x$fpl$dflt                               0x08005d7e   Section       46  dflt_clz.o(x$fpl$dflt)
    x$fpl$dfltu                              0x08005dac   Section       38  dflt_clz.o(x$fpl$dfltu)
    x$fpl$dleqf                              0x08005dd4   Section      120  dleqf.o(x$fpl$dleqf)
    x$fpl$dmul                               0x08005e4c   Section      340  dmul.o(x$fpl$dmul)
    x$fpl$dnaninf                            0x08005fa0   Section      156  dnaninf.o(x$fpl$dnaninf)
    x$fpl$drem                               0x0800603c   Section      336  drem_clz.o(x$fpl$drem)
    x$fpl$dretinf                            0x0800618c   Section       12  dretinf.o(x$fpl$dretinf)
    x$fpl$drleqf                             0x08006198   Section      108  drleqf.o(x$fpl$drleqf)
    x$fpl$drsb                               0x08006204   Section       22  daddsub_clz.o(x$fpl$drsb)
    x$fpl$dsub                               0x0800621c   Section      468  daddsub_clz.o(x$fpl$dsub)
    _dsub1                                   0x0800622d   Thumb Code     0  daddsub_clz.o(x$fpl$dsub)
    x$fpl$f2d                                0x080063f0   Section       86  f2d.o(x$fpl$f2d)
    x$fpl$fadd                               0x08006448   Section      196  faddsub_clz.o(x$fpl$fadd)
    _fadd1                                   0x08006457   Thumb Code     0  faddsub_clz.o(x$fpl$fadd)
    x$fpl$fcmpinf                            0x0800650c   Section       24  fcmpi.o(x$fpl$fcmpinf)
    x$fpl$fdiv                               0x08006524   Section      388  fdiv.o(x$fpl$fdiv)
    _fdiv1                                   0x08006525   Thumb Code     0  fdiv.o(x$fpl$fdiv)
    x$fpl$fflt                               0x080066a8   Section       48  fflt_clz.o(x$fpl$fflt)
    x$fpl$ffltu                              0x080066d8   Section       38  fflt_clz.o(x$fpl$ffltu)
    x$fpl$fleqf                              0x08006700   Section      104  fleqf.o(x$fpl$fleqf)
    x$fpl$fmul                               0x08006768   Section      258  fmul.o(x$fpl$fmul)
    x$fpl$fnaninf                            0x0800686a   Section      140  fnaninf.o(x$fpl$fnaninf)
    x$fpl$fretinf                            0x080068f6   Section       10  fretinf.o(x$fpl$fretinf)
    x$fpl$frleqf                             0x08006900   Section       98  frleqf.o(x$fpl$frleqf)
    x$fpl$fsub                               0x08006964   Section      234  faddsub_clz.o(x$fpl$fsub)
    _fsub1                                   0x08006973   Thumb Code     0  faddsub_clz.o(x$fpl$fsub)
    x$fpl$printf1                            0x08006a4e   Section        4  printf1.o(x$fpl$printf1)
    x$fpl$retnan                             0x08006a52   Section      100  retnan.o(x$fpl$retnan)
    x$fpl$scalbn                             0x08006ab6   Section       92  scalbn.o(x$fpl$scalbn)
    x$fpl$trapveneer                         0x08006b12   Section       48  trapv.o(x$fpl$trapveneer)
    .constdata                               0x08006b42   Section       24  system_stm32f1xx.o(.constdata)
    x$fpl$usenofp                            0x08006b42   Section        0  usenofp.o(x$fpl$usenofp)
    .constdata                               0x08006b60   Section       48  cos_i.o(.constdata)
    C                                        0x08006b60   Data          48  cos_i.o(.constdata)
    .constdata                               0x08006b90   Section      200  rred.o(.constdata)
    pio2s                                    0x08006b90   Data          48  rred.o(.constdata)
    twooverpi                                0x08006bc0   Data         152  rred.o(.constdata)
    .constdata                               0x08006c58   Section       40  sin_i.o(.constdata)
    S                                        0x08006c58   Data          40  sin_i.o(.constdata)
    .constdata                               0x08006c80   Section      148  bigflt0.o(.constdata)
    tenpwrs_x                                0x08006c80   Data          60  bigflt0.o(.constdata)
    tenpwrs_i                                0x08006cbc   Data          64  bigflt0.o(.constdata)
    locale$$data                             0x08006d34   Section       28  lc_numeric_c.o(locale$$data)
    __lcnum_c_name                           0x08006d38   Data           2  lc_numeric_c.o(locale$$data)
    __lcnum_c_start                          0x08006d40   Data           0  lc_numeric_c.o(locale$$data)
    __lcnum_c_point                          0x08006d4c   Data           0  lc_numeric_c.o(locale$$data)
    __lcnum_c_thousands                      0x08006d4e   Data           0  lc_numeric_c.o(locale$$data)
    __lcnum_c_grouping                       0x08006d4f   Data           0  lc_numeric_c.o(locale$$data)
    __lcnum_c_end                            0x08006d50   Data           0  lc_numeric_c.o(locale$$data)
    .data                                    0x20000000   Section        2  main.o(.data)
    .data                                    0x20000002   Section        1  stm32f1xx_it.o(.data)
    .data                                    0x20000004   Section        4  system_stm32f1xx.o(.data)
    .data                                    0x20000008   Section        9  stm32f1xx_hal.o(.data)
    .data                                    0x20000014   Section       58  bldc.o(.data)
    .data                                    0x20000050   Section       36  motor_ctrl.o(.data)
    .data                                    0x20000074   Section        7  measure.o(.data)
    .data                                    0x2000007c   Section        4  delay.o(.data)
    g_fac_us                                 0x2000007c   Data           4  delay.o(.data)
    .data                                    0x20000080   Section       15  usart.o(.data)
    .data                                    0x20000090   Section        4  encode.o(.data)
    .bss                                     0x20000094   Section      520  init.o(.bss)
    .bss                                     0x2000029c   Section       10  bldc.o(.bss)
    .bss                                     0x200002a8   Section      216  motor_ctrl.o(.bss)
    .bss                                     0x20000380   Section      312  measure.o(.bss)
    .bss                                     0x200004b8   Section      264  usart.o(.bss)
    .bss                                     0x200005c0   Section       48  foc.o(.bss)
    .bss                                     0x200005f0   Section       88  encode.o(.bss)
    .bss                                     0x20000648   Section       96  libspace.o(.bss)
    HEAP                                     0x200006a8   Section      512  startup_stm32f103xb.o(HEAP)
    Heap_Mem                                 0x200006a8   Data         512  startup_stm32f103xb.o(HEAP)
    STACK                                    0x200008a8   Section     1024  startup_stm32f103xb.o(STACK)
    Stack_Mem                                0x200008a8   Data        1024  startup_stm32f103xb.o(STACK)
    __initial_sp                             0x20000ca8   Data           0  startup_stm32f103xb.o(STACK)

    Global Symbols

    Symbol Name                              Value     Ov Type        Size  Object(Section)

    BuildAttributes$$THM_ISAv4$P$D$K$B$S$PE$A:L22UL41UL21$X:L11$S22US41US21$IEEE1$IW$USESV6$~STKCKD$USESV7$~SHL$OTIME$ROPI$IEEEX$EBA8$UX$STANDARDLIB$REQ8$PRES8$EABIv2 0x00000000   Number         0  anon$$obj.o ABSOLUTE
    __ARM_use_no_argv                        0x00000000   Number         0  main.o ABSOLUTE
    __ARM_exceptions_init                     - Undefined Weak Reference
    __alloca_initialize                       - Undefined Weak Reference
    __arm_preinit_                            - Undefined Weak Reference
    __cpp_initialize__aeabi_                  - Undefined Weak Reference
    __cxa_finalize                            - Undefined Weak Reference
    __sigvec_lookup                           - Undefined Weak Reference
    _atexit_init                              - Undefined Weak Reference
    _call_atexit_fns                          - Undefined Weak Reference
    _clock_init                               - Undefined Weak Reference
    _fp_trap_init                             - Undefined Weak Reference
    _fp_trap_shutdown                         - Undefined Weak Reference
    _get_lc_collate                           - Undefined Weak Reference
    _get_lc_ctype                             - Undefined Weak Reference
    _get_lc_monetary                          - Undefined Weak Reference
    _get_lc_time                              - Undefined Weak Reference
    _getenv_init                              - Undefined Weak Reference
    _handle_redirection                       - Undefined Weak Reference
    _init_alloc                               - Undefined Weak Reference
    _init_user_alloc                          - Undefined Weak Reference
    _initio                                   - Undefined Weak Reference
    _mutex_acquire                            - Undefined Weak Reference
    _mutex_release                            - Undefined Weak Reference
    _printf_post_padding                      - Undefined Weak Reference
    _printf_pre_padding                       - Undefined Weak Reference
    _rand_init                                - Undefined Weak Reference
    _signal_finish                            - Undefined Weak Reference
    _signal_init                              - Undefined Weak Reference
    _terminate_alloc                          - Undefined Weak Reference
    _terminate_user_alloc                     - Undefined Weak Reference
    _terminateio                              - Undefined Weak Reference
    __Vectors_Size                           0x000000ec   Number         0  startup_stm32f103xb.o ABSOLUTE
    __Vectors                                0x08000000   Data           4  startup_stm32f103xb.o(RESET)
    __Vectors_End                            0x080000ec   Data           0  startup_stm32f103xb.o(RESET)
    __main                                   0x080000ed   Thumb Code     8  __main.o(!!!main)
    __scatterload                            0x080000f5   Thumb Code     0  __scatter.o(!!!scatter)
    __scatterload_rt2                        0x080000f5   Thumb Code    44  __scatter.o(!!!scatter)
    __scatterload_rt2_thumb_only             0x080000f5   Thumb Code     0  __scatter.o(!!!scatter)
    __scatterload_null                       0x08000103   Thumb Code     0  __scatter.o(!!!scatter)
    __scatterload_copy                       0x08000129   Thumb Code    26  __scatter_copy.o(!!handler_copy)
    __scatterload_zeroinit                   0x08000145   Thumb Code    28  __scatter_zi.o(!!handler_zi)
    _printf_f                                0x08000161   Thumb Code     0  _printf_f.o(.ARM.Collect$$_printf_percent$$00000003)
    _printf_percent                          0x08000161   Thumb Code     0  _printf_percent.o(.ARM.Collect$$_printf_percent$$00000000)
    _printf_percent_end                      0x08000167   Thumb Code     0  _printf_percent_end.o(.ARM.Collect$$_printf_percent$$00000017)
    __rt_lib_init                            0x0800016b   Thumb Code     0  libinit.o(.ARM.Collect$$libinit$$00000000)
    __rt_lib_init_fp_1                       0x0800016d   Thumb Code     0  libinit2.o(.ARM.Collect$$libinit$$00000002)
    __rt_lib_init_heap_1                     0x0800016d   Thumb Code     0  libinit2.o(.ARM.Collect$$libinit$$0000000A)
    __rt_lib_init_lc_common                  0x0800016d   Thumb Code     0  libinit2.o(.ARM.Collect$$libinit$$0000000F)
    __rt_lib_init_preinit_1                  0x0800016d   Thumb Code     0  libinit2.o(.ARM.Collect$$libinit$$00000004)
    __rt_lib_init_rand_1                     0x0800016d   Thumb Code     0  libinit2.o(.ARM.Collect$$libinit$$0000000E)
    __rt_lib_init_user_alloc_1               0x0800016d   Thumb Code     0  libinit2.o(.ARM.Collect$$libinit$$0000000C)
    __rt_lib_init_lc_collate_1               0x08000173   Thumb Code     0  libinit2.o(.ARM.Collect$$libinit$$00000011)
    __rt_lib_init_lc_ctype_1                 0x08000173   Thumb Code     0  libinit2.o(.ARM.Collect$$libinit$$00000013)
    __rt_lib_init_lc_monetary_1              0x08000173   Thumb Code     0  libinit2.o(.ARM.Collect$$libinit$$00000015)
    __rt_lib_init_lc_numeric_2               0x08000173   Thumb Code     0  libinit2.o(.ARM.Collect$$libinit$$00000016)
    __rt_lib_init_alloca_1                   0x0800017d   Thumb Code     0  libinit2.o(.ARM.Collect$$libinit$$0000002E)
    __rt_lib_init_argv_1                     0x0800017d   Thumb Code     0  libinit2.o(.ARM.Collect$$libinit$$0000002C)
    __rt_lib_init_atexit_1                   0x0800017d   Thumb Code     0  libinit2.o(.ARM.Collect$$libinit$$0000001B)
    __rt_lib_init_clock_1                    0x0800017d   Thumb Code     0  libinit2.o(.ARM.Collect$$libinit$$00000021)
    __rt_lib_init_cpp_1                      0x0800017d   Thumb Code     0  libinit2.o(.ARM.Collect$$libinit$$00000032)
    __rt_lib_init_exceptions_1               0x0800017d   Thumb Code     0  libinit2.o(.ARM.Collect$$libinit$$00000030)
    __rt_lib_init_fp_trap_1                  0x0800017d   Thumb Code     0  libinit2.o(.ARM.Collect$$libinit$$0000001F)
    __rt_lib_init_getenv_1                   0x0800017d   Thumb Code     0  libinit2.o(.ARM.Collect$$libinit$$00000023)
    __rt_lib_init_lc_numeric_1               0x0800017d   Thumb Code     0  libinit2.o(.ARM.Collect$$libinit$$00000017)
    __rt_lib_init_lc_time_1                  0x0800017d   Thumb Code     0  libinit2.o(.ARM.Collect$$libinit$$00000019)
    __rt_lib_init_return                     0x0800017d   Thumb Code     0  libinit2.o(.ARM.Collect$$libinit$$00000033)
    __rt_lib_init_signal_1                   0x0800017d   Thumb Code     0  libinit2.o(.ARM.Collect$$libinit$$0000001D)
    __rt_lib_init_stdio_1                    0x0800017d   Thumb Code     0  libinit2.o(.ARM.Collect$$libinit$$00000025)
    __rt_lib_shutdown                        0x0800017f   Thumb Code     0  libshutdown.o(.ARM.Collect$$libshutdown$$00000000)
    __rt_lib_shutdown_fp_trap_1              0x08000181   Thumb Code     0  libshutdown2.o(.ARM.Collect$$libshutdown$$00000006)
    __rt_lib_shutdown_heap_1                 0x08000181   Thumb Code     0  libshutdown2.o(.ARM.Collect$$libshutdown$$0000000E)
    __rt_lib_shutdown_return                 0x08000181   Thumb Code     0  libshutdown2.o(.ARM.Collect$$libshutdown$$0000000F)
    __rt_lib_shutdown_signal_1               0x08000181   Thumb Code     0  libshutdown2.o(.ARM.Collect$$libshutdown$$00000009)
    __rt_lib_shutdown_stdio_1                0x08000181   Thumb Code     0  libshutdown2.o(.ARM.Collect$$libshutdown$$00000003)
    __rt_lib_shutdown_user_alloc_1           0x08000181   Thumb Code     0  libshutdown2.o(.ARM.Collect$$libshutdown$$0000000B)
    __rt_entry                               0x08000183   Thumb Code     0  __rtentry.o(.ARM.Collect$$rtentry$$00000000)
    __rt_entry_presh_1                       0x08000183   Thumb Code     0  __rtentry2.o(.ARM.Collect$$rtentry$$00000002)
    __rt_entry_sh                            0x08000183   Thumb Code     0  __rtentry4.o(.ARM.Collect$$rtentry$$00000004)
    __rt_entry_li                            0x08000189   Thumb Code     0  __rtentry2.o(.ARM.Collect$$rtentry$$0000000A)
    __rt_entry_postsh_1                      0x08000189   Thumb Code     0  __rtentry2.o(.ARM.Collect$$rtentry$$00000009)
    __rt_entry_main                          0x0800018d   Thumb Code     0  __rtentry2.o(.ARM.Collect$$rtentry$$0000000D)
    __rt_entry_postli_1                      0x0800018d   Thumb Code     0  __rtentry2.o(.ARM.Collect$$rtentry$$0000000C)
    __rt_exit                                0x08000195   Thumb Code     0  rtexit.o(.ARM.Collect$$rtexit$$00000000)
    __rt_exit_ls                             0x08000197   Thumb Code     0  rtexit2.o(.ARM.Collect$$rtexit$$00000003)
    __rt_exit_prels_1                        0x08000197   Thumb Code     0  rtexit2.o(.ARM.Collect$$rtexit$$00000002)
    __rt_exit_exit                           0x0800019b   Thumb Code     0  rtexit2.o(.ARM.Collect$$rtexit$$00000004)
    Reset_Handler                            0x080001a1   Thumb Code     8  startup_stm32f103xb.o(.text)
    CAN1_RX1_IRQHandler                      0x080001bb   Thumb Code     0  startup_stm32f103xb.o(.text)
    CAN1_SCE_IRQHandler                      0x080001bb   Thumb Code     0  startup_stm32f103xb.o(.text)
    DMA1_Channel2_IRQHandler                 0x080001bb   Thumb Code     0  startup_stm32f103xb.o(.text)
    DMA1_Channel3_IRQHandler                 0x080001bb   Thumb Code     0  startup_stm32f103xb.o(.text)
    DMA1_Channel4_IRQHandler                 0x080001bb   Thumb Code     0  startup_stm32f103xb.o(.text)
    DMA1_Channel5_IRQHandler                 0x080001bb   Thumb Code     0  startup_stm32f103xb.o(.text)
    DMA1_Channel6_IRQHandler                 0x080001bb   Thumb Code     0  startup_stm32f103xb.o(.text)
    DMA1_Channel7_IRQHandler                 0x080001bb   Thumb Code     0  startup_stm32f103xb.o(.text)
    EXTI0_IRQHandler                         0x080001bb   Thumb Code     0  startup_stm32f103xb.o(.text)
    EXTI15_10_IRQHandler                     0x080001bb   Thumb Code     0  startup_stm32f103xb.o(.text)
    EXTI1_IRQHandler                         0x080001bb   Thumb Code     0  startup_stm32f103xb.o(.text)
    EXTI2_IRQHandler                         0x080001bb   Thumb Code     0  startup_stm32f103xb.o(.text)
    EXTI3_IRQHandler                         0x080001bb   Thumb Code     0  startup_stm32f103xb.o(.text)
    EXTI4_IRQHandler                         0x080001bb   Thumb Code     0  startup_stm32f103xb.o(.text)
    FLASH_IRQHandler                         0x080001bb   Thumb Code     0  startup_stm32f103xb.o(.text)
    I2C1_ER_IRQHandler                       0x080001bb   Thumb Code     0  startup_stm32f103xb.o(.text)
    I2C1_EV_IRQHandler                       0x080001bb   Thumb Code     0  startup_stm32f103xb.o(.text)
    I2C2_ER_IRQHandler                       0x080001bb   Thumb Code     0  startup_stm32f103xb.o(.text)
    I2C2_EV_IRQHandler                       0x080001bb   Thumb Code     0  startup_stm32f103xb.o(.text)
    PVD_IRQHandler                           0x080001bb   Thumb Code     0  startup_stm32f103xb.o(.text)
    RCC_IRQHandler                           0x080001bb   Thumb Code     0  startup_stm32f103xb.o(.text)
    RTC_Alarm_IRQHandler                     0x080001bb   Thumb Code     0  startup_stm32f103xb.o(.text)
    RTC_IRQHandler                           0x080001bb   Thumb Code     0  startup_stm32f103xb.o(.text)
    SPI2_IRQHandler                          0x080001bb   Thumb Code     0  startup_stm32f103xb.o(.text)
    TAMPER_IRQHandler                        0x080001bb   Thumb Code     0  startup_stm32f103xb.o(.text)
    TIM1_BRK_IRQHandler                      0x080001bb   Thumb Code     0  startup_stm32f103xb.o(.text)
    TIM1_CC_IRQHandler                       0x080001bb   Thumb Code     0  startup_stm32f103xb.o(.text)
    TIM1_TRG_COM_IRQHandler                  0x080001bb   Thumb Code     0  startup_stm32f103xb.o(.text)
    TIM1_UP_IRQHandler                       0x080001bb   Thumb Code     0  startup_stm32f103xb.o(.text)
    USART1_IRQHandler                        0x080001bb   Thumb Code     0  startup_stm32f103xb.o(.text)
    USART2_IRQHandler                        0x080001bb   Thumb Code     0  startup_stm32f103xb.o(.text)
    USBWakeUp_IRQHandler                     0x080001bb   Thumb Code     0  startup_stm32f103xb.o(.text)
    USB_HP_CAN1_TX_IRQHandler                0x080001bb   Thumb Code     0  startup_stm32f103xb.o(.text)
    USB_LP_CAN1_RX0_IRQHandler               0x080001bb   Thumb Code     0  startup_stm32f103xb.o(.text)
    WWDG_IRQHandler                          0x080001bb   Thumb Code     0  startup_stm32f103xb.o(.text)
    __user_initial_stackheap                 0x080001bd   Thumb Code     0  startup_stm32f103xb.o(.text)
    __use_no_semihosting                     0x080001e1   Thumb Code     2  use_no_semi_2.o(.text)
    __2printf                                0x080001e5   Thumb Code    20  noretval__2printf.o(.text)
    __printf                                 0x080001fd   Thumb Code   104  __printf.o(.text)
    __aeabi_memclr4                          0x08000265   Thumb Code     0  rt_memclr_w.o(.text)
    __aeabi_memclr8                          0x08000265   Thumb Code     0  rt_memclr_w.o(.text)
    __rt_memclr_w                            0x08000265   Thumb Code    78  rt_memclr_w.o(.text)
    _memset_w                                0x08000269   Thumb Code     0  rt_memclr_w.o(.text)
    __use_two_region_memory                  0x080002b3   Thumb Code     2  heapauxi.o(.text)
    __rt_heap_escrow$2region                 0x080002b5   Thumb Code     2  heapauxi.o(.text)
    __rt_heap_expand$2region                 0x080002b7   Thumb Code     2  heapauxi.o(.text)
    __semihosting$guard                      0x080002b9   Thumb Code     0  use_no_semi.o(.text)
    __use_no_semihosting_swi                 0x080002b9   Thumb Code     2  use_no_semi.o(.text)
    __read_errno                             0x080002bb   Thumb Code    10  _rserrno.o(.text)
    __set_errno                              0x080002c5   Thumb Code    12  _rserrno.o(.text)
    __lib_sel_fp_printf                      0x080002d1   Thumb Code     2  _printf_fp_dec.o(.text)
    _printf_fp_dec_real                      0x0800047f   Thumb Code   620  _printf_fp_dec.o(.text)
    _printf_char_file                        0x080006ed   Thumb Code    32  _printf_char_file.o(.text)
    __rt_locale                              0x08000711   Thumb Code     8  rt_locale_intlibspace.o(.text)
    __aeabi_errno_addr                       0x08000719   Thumb Code     8  rt_errno_addr_intlibspace.o(.text)
    __errno$intlibspace                      0x08000719   Thumb Code     0  rt_errno_addr_intlibspace.o(.text)
    __rt_errno_addr$intlibspace              0x08000719   Thumb Code     0  rt_errno_addr_intlibspace.o(.text)
    _ll_udiv10                               0x08000721   Thumb Code   138  lludiv10.o(.text)
    _printf_char_common                      0x080007b7   Thumb Code    32  _printf_char_common.o(.text)
    _printf_fp_infnan                        0x080007dd   Thumb Code   112  _printf_fp_infnan.o(.text)
    _btod_etento                             0x0800085d   Thumb Code   216  bigflt0.o(.text)
    ferror                                   0x08000939   Thumb Code     8  ferror.o(.text)
    __user_libspace                          0x08000941   Thumb Code     8  libspace.o(.text)
    __user_perproc_libspace                  0x08000941   Thumb Code     0  libspace.o(.text)
    __user_perthread_libspace                0x08000941   Thumb Code     0  libspace.o(.text)
    __user_setup_stackheap                   0x08000949   Thumb Code    74  sys_stackheap_outer.o(.text)
    exit                                     0x08000993   Thumb Code    12  exit.o(.text)
    strcmp                                   0x080009a1   Thumb Code   128  strcmpv7m.o(.text)
    _btod_d2e                                0x08000a21   Thumb Code    62  btod.o(CL$$btod_d2e)
    _d2e_denorm_low                          0x08000a5f   Thumb Code    70  btod.o(CL$$btod_d2e_denorm_low)
    _d2e_norm_op1                            0x08000aa5   Thumb Code    96  btod.o(CL$$btod_d2e_norm_op1)
    __btod_div_common                        0x08000b05   Thumb Code   696  btod.o(CL$$btod_div_common)
    _e2e                                     0x08000e3d   Thumb Code   198  btod.o(CL$$btod_e2e)
    _btod_ediv                               0x08000f03   Thumb Code    40  btod.o(CL$$btod_ediv)
    _btod_emul                               0x08000f2b   Thumb Code    40  btod.o(CL$$btod_emul)
    __btod_mult_common                       0x08000f53   Thumb Code   580  btod.o(CL$$btod_mult_common)
    ADC1_2_IRQHandler                        0x08001199   Thumb Code    10  stm32f1xx_it.o(i.ADC1_2_IRQHandler)
    ADC_ConversionStop_Disable               0x080011a9   Thumb Code    82  stm32f1xx_hal_adc.o(i.ADC_ConversionStop_Disable)
    ADC_DMAConvCplt                          0x080011fb   Thumb Code    82  stm32f1xx_hal_adc.o(i.ADC_DMAConvCplt)
    ADC_DMAError                             0x0800124d   Thumb Code    30  stm32f1xx_hal_adc.o(i.ADC_DMAError)
    ADC_DMAHalfConvCplt                      0x0800126b   Thumb Code    14  stm32f1xx_hal_adc.o(i.ADC_DMAHalfConvCplt)
    ADC_Enable                               0x08001279   Thumb Code   122  stm32f1xx_hal_adc.o(i.ADC_Enable)
    AS5047_read                              0x080012fd   Thumb Code    46  encode.o(i.AS5047_read)
    BusFault_Handler                         0x0800132b   Thumb Code     4  stm32f1xx_it.o(i.BusFault_Handler)
    ClarkConvT                               0x08001331   Thumb Code   512  foc.o(i.ClarkConvT)
    DMA1_Channel1_IRQHandler                 0x08001551   Thumb Code    34  measure.o(i.DMA1_Channel1_IRQHandler)
    DebugMon_Handler                         0x080015a9   Thumb Code     2  stm32f1xx_it.o(i.DebugMon_Handler)
    EXTI9_5_IRQHandler                       0x080015ad   Thumb Code    24  stm32f1xx_it.o(i.EXTI9_5_IRQHandler)
    FiltConf                                 0x080015cd   Thumb Code    18  foc.o(i.FiltConf)
    HAL_ADCEx_Calibration_Start              0x080015e5   Thumb Code   256  stm32f1xx_hal_adc_ex.o(i.HAL_ADCEx_Calibration_Start)
    HAL_ADCEx_InjectedConvCpltCallback       0x080016e9   Thumb Code     2  stm32f1xx_hal_adc_ex.o(i.HAL_ADCEx_InjectedConvCpltCallback)
    HAL_ADC_ConfigChannel                    0x080016ed   Thumb Code   338  stm32f1xx_hal_adc.o(i.HAL_ADC_ConfigChannel)
    HAL_ADC_ConvCpltCallback                 0x0800184d   Thumb Code     2  stm32f1xx_hal_adc.o(i.HAL_ADC_ConvCpltCallback)
    HAL_ADC_ConvHalfCpltCallback             0x0800184f   Thumb Code     2  stm32f1xx_hal_adc.o(i.HAL_ADC_ConvHalfCpltCallback)
    HAL_ADC_ErrorCallback                    0x08001851   Thumb Code     2  stm32f1xx_hal_adc.o(i.HAL_ADC_ErrorCallback)
    HAL_ADC_IRQHandler                       0x08001853   Thumb Code   290  stm32f1xx_hal_adc.o(i.HAL_ADC_IRQHandler)
    HAL_ADC_Init                             0x08001975   Thumb Code   340  stm32f1xx_hal_adc.o(i.HAL_ADC_Init)
    HAL_ADC_LevelOutOfWindowCallback         0x08001ad5   Thumb Code     2  stm32f1xx_hal_adc.o(i.HAL_ADC_LevelOutOfWindowCallback)
    HAL_ADC_MspInit                          0x08001ad7   Thumb Code     2  stm32f1xx_hal_adc.o(i.HAL_ADC_MspInit)
    HAL_ADC_Start_DMA                        0x08001ad9   Thumb Code   362  stm32f1xx_hal_adc.o(i.HAL_ADC_Start_DMA)
    HAL_DMA_Abort_IT                         0x08001c59   Thumb Code   414  stm32f1xx_hal_dma.o(i.HAL_DMA_Abort_IT)
    HAL_DMA_Init                             0x08001e01   Thumb Code   132  stm32f1xx_hal_dma.o(i.HAL_DMA_Init)
    HAL_DMA_Start_IT                         0x08001e8d   Thumb Code   156  stm32f1xx_hal_dma.o(i.HAL_DMA_Start_IT)
    HAL_Delay                                0x08001f29   Thumb Code    12  delay.o(i.HAL_Delay)
    HAL_GPIO_Init                            0x08001f35   Thumb Code   792  stm32f1xx_hal_gpio.o(i.HAL_GPIO_Init)
    HAL_GPIO_ReadPin                         0x08002275   Thumb Code    16  stm32f1xx_hal_gpio.o(i.HAL_GPIO_ReadPin)
    HAL_GPIO_WritePin                        0x08002285   Thumb Code    12  stm32f1xx_hal_gpio.o(i.HAL_GPIO_WritePin)
    HAL_GetTick                              0x08002291   Thumb Code     6  stm32f1xx_hal.o(i.HAL_GetTick)
    HAL_IncTick                              0x0800229d   Thumb Code    16  stm32f1xx_hal.o(i.HAL_IncTick)
    HAL_Init                                 0x080022b5   Thumb Code    34  stm32f1xx_hal.o(i.HAL_Init)
    HAL_InitTick                             0x080022dd   Thumb Code    64  stm32f1xx_hal.o(i.HAL_InitTick)
    HAL_MspInit                              0x08002329   Thumb Code    76  init.o(i.HAL_MspInit)
    HAL_NVIC_EnableIRQ                       0x0800237d   Thumb Code    32  stm32f1xx_hal_cortex.o(i.HAL_NVIC_EnableIRQ)
    HAL_NVIC_SetPriority                     0x0800239d   Thumb Code   124  stm32f1xx_hal_cortex.o(i.HAL_NVIC_SetPriority)
    HAL_NVIC_SetPriorityGrouping             0x08002419   Thumb Code    32  stm32f1xx_hal_cortex.o(i.HAL_NVIC_SetPriorityGrouping)
    HAL_RCCEx_GetPeriphCLKFreq               0x08002441   Thumb Code   276  stm32f1xx_hal_rcc_ex.o(i.HAL_RCCEx_GetPeriphCLKFreq)
    HAL_RCCEx_PeriphCLKConfig                0x08002575   Thumb Code   290  stm32f1xx_hal_rcc_ex.o(i.HAL_RCCEx_PeriphCLKConfig)
    HAL_RCC_ClockConfig                      0x080026a5   Thumb Code   376  stm32f1xx_hal_rcc.o(i.HAL_RCC_ClockConfig)
    HAL_RCC_GetHCLKFreq                      0x08002831   Thumb Code     6  stm32f1xx_hal_rcc.o(i.HAL_RCC_GetHCLKFreq)
    HAL_RCC_GetPCLK1Freq                     0x0800283d   Thumb Code    22  stm32f1xx_hal_rcc.o(i.HAL_RCC_GetPCLK1Freq)
    HAL_RCC_GetPCLK2Freq                     0x0800285d   Thumb Code    22  stm32f1xx_hal_rcc.o(i.HAL_RCC_GetPCLK2Freq)
    HAL_RCC_GetSysClockFreq                  0x0800287d   Thumb Code   116  stm32f1xx_hal_rcc.o(i.HAL_RCC_GetSysClockFreq)
    HAL_RCC_OscConfig                        0x08002911   Thumb Code  1114  stm32f1xx_hal_rcc.o(i.HAL_RCC_OscConfig)
    HAL_SPI_ErrorCallback                    0x08002d75   Thumb Code     2  stm32f1xx_hal_spi.o(i.HAL_SPI_ErrorCallback)
    HAL_SPI_IRQHandler                       0x08002d79   Thumb Code   304  stm32f1xx_hal_spi.o(i.HAL_SPI_IRQHandler)
    HAL_SPI_Init                             0x08002ead   Thumb Code   156  stm32f1xx_hal_spi.o(i.HAL_SPI_Init)
    HAL_SPI_MspInit                          0x08002f49   Thumb Code    62  encode.o(i.HAL_SPI_MspInit)
    HAL_SPI_TransmitReceive                  0x08002f91   Thumb Code   750  stm32f1xx_hal_spi.o(i.HAL_SPI_TransmitReceive)
    HAL_SYSTICK_Config                       0x0800327f   Thumb Code    52  stm32f1xx_hal_cortex.o(i.HAL_SYSTICK_Config)
    HAL_TIMEx_BreakCallback                  0x080032b3   Thumb Code     2  stm32f1xx_hal_tim_ex.o(i.HAL_TIMEx_BreakCallback)
    HAL_TIMEx_CommutCallback                 0x080032b5   Thumb Code     2  stm32f1xx_hal_tim_ex.o(i.HAL_TIMEx_CommutCallback)
    HAL_TIM_Base_Init                        0x080032b7   Thumb Code    52  stm32f1xx_hal_tim.o(i.HAL_TIM_Base_Init)
    HAL_TIM_Base_MspInit                     0x080032ed   Thumb Code    32  stm32f1xx_hal_msp.o(i.HAL_TIM_Base_MspInit)
    HAL_TIM_Base_Start_IT                    0x08003311   Thumb Code    42  stm32f1xx_hal_tim.o(i.HAL_TIM_Base_Start_IT)
    HAL_TIM_IC_CaptureCallback               0x0800333b   Thumb Code     2  stm32f1xx_hal_tim.o(i.HAL_TIM_IC_CaptureCallback)
    HAL_TIM_IRQHandler                       0x0800333d   Thumb Code   406  stm32f1xx_hal_tim.o(i.HAL_TIM_IRQHandler)
    HAL_TIM_OC_DelayElapsedCallback          0x080034d3   Thumb Code     2  stm32f1xx_hal_tim.o(i.HAL_TIM_OC_DelayElapsedCallback)
    HAL_TIM_PWM_ConfigChannel                0x080034d5   Thumb Code   264  stm32f1xx_hal_tim.o(i.HAL_TIM_PWM_ConfigChannel)
    HAL_TIM_PWM_Init                         0x080035dd   Thumb Code    52  stm32f1xx_hal_tim.o(i.HAL_TIM_PWM_Init)
    HAL_TIM_PWM_MspInit                      0x08003611   Thumb Code   122  init.o(i.HAL_TIM_PWM_MspInit)
    HAL_TIM_PWM_PulseFinishedCallback        0x0800369d   Thumb Code     2  stm32f1xx_hal_tim.o(i.HAL_TIM_PWM_PulseFinishedCallback)
    HAL_TIM_PWM_Start                        0x080036a1   Thumb Code    80  stm32f1xx_hal_tim.o(i.HAL_TIM_PWM_Start)
    HAL_TIM_PeriodElapsedCallback            0x080036f9   Thumb Code   286  bldc.o(i.HAL_TIM_PeriodElapsedCallback)
    HAL_TIM_TriggerCallback                  0x0800384d   Thumb Code     2  stm32f1xx_hal_tim.o(i.HAL_TIM_TriggerCallback)
    HAL_UART_ErrorCallback                   0x08003851   Thumb Code    16  usart.o(i.HAL_UART_ErrorCallback)
    HAL_UART_IRQHandler                      0x08003869   Thumb Code   326  stm32f1xx_hal_uart.o(i.HAL_UART_IRQHandler)
    HAL_UART_Init                            0x080039b5   Thumb Code   114  stm32f1xx_hal_uart.o(i.HAL_UART_Init)
    HAL_UART_MspInit                         0x08003a29   Thumb Code   168  usart.o(i.HAL_UART_MspInit)
    HAL_UART_Receive_IT                      0x08003add   Thumb Code   112  stm32f1xx_hal_uart.o(i.HAL_UART_Receive_IT)
    HAL_UART_RxCpltCallback                  0x08003b4d   Thumb Code   172  usart.o(i.HAL_UART_RxCpltCallback)
    HAL_UART_TxCpltCallback                  0x08003c11   Thumb Code     2  stm32f1xx_hal_uart.o(i.HAL_UART_TxCpltCallback)
    H_sensor_init                            0x08003c15   Thumb Code    26  init.o(i.H_sensor_init)
    HardFault_Handler                        0x08003c35   Thumb Code     4  stm32f1xx_it.o(i.HardFault_Handler)
    Is_Forward                               0x08003c39   Thumb Code    68  bldc.o(i.Is_Forward)
    LowPass                                  0x08003c89   Thumb Code    68  foc.o(i.LowPass)
    MX_SPI1_Init                             0x08003cd1   Thumb Code   152  encode.o(i.MX_SPI1_Init)
    MemManage_Handler                        0x08003d79   Thumb Code     4  stm32f1xx_it.o(i.MemManage_Handler)
    NMI_Handler                              0x08003d7d   Thumb Code     2  stm32f1xx_it.o(i.NMI_Handler)
    Parity_bit_Calculate                     0x08003d7f   Thumb Code    20  encode.o(i.Parity_bit_Calculate)
    ParkConvT                                0x08003d95   Thumb Code   104  foc.o(i.ParkConvT)
    PendSV_Handler                           0x08003e01   Thumb Code     2  stm32f1xx_it.o(i.PendSV_Handler)
    Pid_Cal                                  0x08003e03   Thumb Code   110  motor_ctrl.o(i.Pid_Cal)
    Pid_Conf                                 0x08003e71   Thumb Code    32  motor_ctrl.o(i.Pid_Conf)
    SPI1_IRQHandler                          0x08003ec9   Thumb Code    10  stm32f1xx_it.o(i.SPI1_IRQHandler)
    SPI_ISCRCErrorValid                      0x08003f15   Thumb Code     6  stm32f1xx_hal_spi.o(i.SPI_ISCRCErrorValid)
    SPI_ReadWrite_OneByte                    0x08003f1d   Thumb Code    54  encode.o(i.SPI_ReadWrite_OneByte)
    SVC_Handler                              0x08004005   Thumb Code     2  stm32f1xx_it.o(i.SVC_Handler)
    Speed_Rpm                                0x08004009   Thumb Code    48  motor_ctrl.o(i.Speed_Rpm)
    Stop_Start_Init                          0x0800404d   Thumb Code    60  init.o(i.Stop_Start_Init)
    SysTick_Handler                          0x08004091   Thumb Code     8  stm32f1xx_it.o(i.SysTick_Handler)
    SystemInit                               0x08004099   Thumb Code    70  system_stm32f1xx.o(i.SystemInit)
    TIM2_IRQHandler                          0x080040f1   Thumb Code    10  stm32f1xx_it.o(i.TIM2_IRQHandler)
    TIM3_IRQHandler                          0x08004101   Thumb Code    10  stm32f1xx_it.o(i.TIM3_IRQHandler)
    TIM4_IRQHandler                          0x08004111   Thumb Code    10  stm32f1xx_it.o(i.TIM4_IRQHandler)
    TIM_Base_SetConfig                       0x08004121   Thumb Code   134  stm32f1xx_hal_tim.o(i.TIM_Base_SetConfig)
    TIM_CCxChannelCmd                        0x080041bd   Thumb Code    34  stm32f1xx_hal_tim.o(i.TIM_CCxChannelCmd)
    TIM_Init                                 0x080041e1   Thumb Code   160  init.o(i.TIM_Init)
    TIM_OC2_SetConfig                        0x08004301   Thumb Code   114  stm32f1xx_hal_tim.o(i.TIM_OC2_SetConfig)
    USART3_IRQHandler                        0x0800474d   Thumb Code    10  usart.o(i.USART3_IRQHandler)
    UsageFault_Handler                       0x0800475d   Thumb Code     4  stm32f1xx_it.o(i.UsageFault_Handler)
    __ARM_fpclassify                         0x08004761   Thumb Code    40  fpclassify.o(i.__ARM_fpclassify)
    __ieee754_rem_pio2                       0x080047c1   Thumb Code   828  rred.o(i.__ieee754_rem_pio2)
    __kernel_cos                             0x08004b49   Thumb Code   230  cos_i.o(i.__kernel_cos)
    __kernel_poly                            0x08004c45   Thumb Code   170  poly.o(i.__kernel_poly)
    __kernel_sin                             0x08004cf1   Thumb Code   224  sin_i.o(i.__kernel_sin)
    __mathlib_dbl_infnan                     0x08004ddd   Thumb Code     6  dunder.o(i.__mathlib_dbl_infnan)
    __mathlib_dbl_invalid                    0x08004de3   Thumb Code    12  dunder.o(i.__mathlib_dbl_invalid)
    __mathlib_dbl_underflow                  0x08004df1   Thumb Code    10  dunder.o(i.__mathlib_dbl_underflow)
    _sys_exit                                0x08004e01   Thumb Code     4  usart.o(i._sys_exit)
    adc_dma_enable                           0x08004e05   Thumb Code    76  init.o(i.adc_dma_enable)
    adc_dma_init                             0x08004e59   Thumb Code   300  init.o(i.adc_dma_init)
    adrcConf                                 0x08004f9d   Thumb Code    60  motor_ctrl.o(i.adrcConf)
    cal_motor                                0x08004ff1   Thumb Code    46  motor_ctrl.o(i.cal_motor)
    cos                                      0x0800502d   Thumb Code   148  cos.o(i.cos)
    ctrl_Init                                0x080050c9   Thumb Code    32  motor_ctrl.o(i.ctrl_Init)
    delay_init                               0x080050f9   Thumb Code     6  delay.o(i.delay_init)
    delay_ms                                 0x08005105   Thumb Code    18  delay.o(i.delay_ms)
    delay_us                                 0x08005119   Thumb Code    68  delay.o(i.delay_us)
    fmod                                     0x08005161   Thumb Code   144  fmod.o(i.fmod)
    fputc                                    0x080051f5   Thumb Code    24  usart.o(i.fputc)
    getAngle                                 0x08005211   Thumb Code    86  encode.o(i.getAngle)
    h_bridge_init                            0x08005279   Thumb Code   116  init.o(i.h_bridge_init)
    hallsensor                               0x08005301   Thumb Code    56  bldc.o(i.hallsensor)
    l_bridge_init                            0x0800533d   Thumb Code    60  init.o(i.l_bridge_init)
    main                                     0x08005381   Thumb Code   218  main.o(i.main)
    rcnt                                     0x080054a1   Thumb Code    44  init.o(i.rcnt)
    sin                                      0x080054d5   Thumb Code   150  sin.o(i.sin)
    sys_init                                 0x08005575   Thumb Code    74  init.o(i.sys_init)
    sys_stm32_clock_init                     0x080055c5   Thumb Code   106  sys.o(i.sys_stm32_clock_init)
    uhvl                                     0x08005631   Thumb Code    58  bldc.o(i.uhvl)
    uhwl                                     0x08005679   Thumb Code    58  bldc.o(i.uhwl)
    usart_init                               0x080056c1   Thumb Code    34  usart.o(i.usart_init)
    vhul                                     0x080056ed   Thumb Code    60  bldc.o(i.vhul)
    vhwl                                     0x08005735   Thumb Code    60  bldc.o(i.vhwl)
    whul                                     0x0800577d   Thumb Code    58  bldc.o(i.whul)
    whvl                                     0x080057c5   Thumb Code    58  bldc.o(i.whvl)
    _get_lc_numeric                          0x0800580d   Thumb Code    44  lc_numeric_c.o(locale$$code)
    __aeabi_d2f                              0x08005839   Thumb Code     0  d2f.o(x$fpl$d2f)
    _d2f                                     0x08005839   Thumb Code    98  d2f.o(x$fpl$d2f)
    __aeabi_dadd                             0x0800589d   Thumb Code     0  daddsub_clz.o(x$fpl$dadd)
    _dadd                                    0x0800589d   Thumb Code   332  daddsub_clz.o(x$fpl$dadd)
    __fpl_dcheck_NaN1                        0x080059ed   Thumb Code    10  dcheck1.o(x$fpl$dcheck1)
    __fpl_dcmp_Inf                           0x080059fd   Thumb Code    24  dcmpi.o(x$fpl$dcmpinf)
    __aeabi_ddiv                             0x08005a15   Thumb Code     0  ddiv.o(x$fpl$ddiv)
    _ddiv                                    0x08005a15   Thumb Code   552  ddiv.o(x$fpl$ddiv)
    __aeabi_d2iz                             0x08005cc5   Thumb Code     0  dfix.o(x$fpl$dfix)
    _dfix                                    0x08005cc5   Thumb Code    94  dfix.o(x$fpl$dfix)
    __aeabi_d2uiz                            0x08005d25   Thumb Code     0  dfixu.o(x$fpl$dfixu)
    _dfixu                                   0x08005d25   Thumb Code    90  dfixu.o(x$fpl$dfixu)
    __aeabi_i2d                              0x08005d7f   Thumb Code     0  dflt_clz.o(x$fpl$dflt)
    _dflt                                    0x08005d7f   Thumb Code    46  dflt_clz.o(x$fpl$dflt)
    __aeabi_ui2d                             0x08005dad   Thumb Code     0  dflt_clz.o(x$fpl$dfltu)
    _dfltu                                   0x08005dad   Thumb Code    38  dflt_clz.o(x$fpl$dfltu)
    __aeabi_cdcmple                          0x08005dd5   Thumb Code     0  dleqf.o(x$fpl$dleqf)
    _dcmple                                  0x08005dd5   Thumb Code   120  dleqf.o(x$fpl$dleqf)
    __fpl_dcmple_InfNaN                      0x08005e37   Thumb Code     0  dleqf.o(x$fpl$dleqf)
    __aeabi_dmul                             0x08005e4d   Thumb Code     0  dmul.o(x$fpl$dmul)
    _dmul                                    0x08005e4d   Thumb Code   332  dmul.o(x$fpl$dmul)
    __fpl_dnaninf                            0x08005fa1   Thumb Code   156  dnaninf.o(x$fpl$dnaninf)
    _drem                                    0x0800603d   Thumb Code   328  drem_clz.o(x$fpl$drem)
    __fpl_dretinf                            0x0800618d   Thumb Code    12  dretinf.o(x$fpl$dretinf)
    __aeabi_cdrcmple                         0x08006199   Thumb Code     0  drleqf.o(x$fpl$drleqf)
    _drcmple                                 0x08006199   Thumb Code   108  drleqf.o(x$fpl$drleqf)
    __aeabi_drsub                            0x08006205   Thumb Code     0  daddsub_clz.o(x$fpl$drsb)
    _drsb                                    0x08006205   Thumb Code    22  daddsub_clz.o(x$fpl$drsb)
    __aeabi_dsub                             0x0800621d   Thumb Code     0  daddsub_clz.o(x$fpl$dsub)
    _dsub                                    0x0800621d   Thumb Code   464  daddsub_clz.o(x$fpl$dsub)
    __aeabi_f2d                              0x080063f1   Thumb Code     0  f2d.o(x$fpl$f2d)
    _f2d                                     0x080063f1   Thumb Code    86  f2d.o(x$fpl$f2d)
    __aeabi_fadd                             0x08006449   Thumb Code     0  faddsub_clz.o(x$fpl$fadd)
    _fadd                                    0x08006449   Thumb Code   196  faddsub_clz.o(x$fpl$fadd)
    __fpl_fcmp_Inf                           0x0800650d   Thumb Code    24  fcmpi.o(x$fpl$fcmpinf)
    __aeabi_fdiv                             0x08006525   Thumb Code     0  fdiv.o(x$fpl$fdiv)
    _fdiv                                    0x08006525   Thumb Code   384  fdiv.o(x$fpl$fdiv)
    __aeabi_i2f                              0x080066a9   Thumb Code     0  fflt_clz.o(x$fpl$fflt)
    _fflt                                    0x080066a9   Thumb Code    48  fflt_clz.o(x$fpl$fflt)
    __aeabi_ui2f                             0x080066d9   Thumb Code     0  fflt_clz.o(x$fpl$ffltu)
    _ffltu                                   0x080066d9   Thumb Code    38  fflt_clz.o(x$fpl$ffltu)
    __aeabi_cfcmple                          0x08006701   Thumb Code     0  fleqf.o(x$fpl$fleqf)
    _fcmple                                  0x08006701   Thumb Code   104  fleqf.o(x$fpl$fleqf)
    __fpl_fcmple_InfNaN                      0x08006753   Thumb Code     0  fleqf.o(x$fpl$fleqf)
    __aeabi_fmul                             0x08006769   Thumb Code     0  fmul.o(x$fpl$fmul)
    _fmul                                    0x08006769   Thumb Code   258  fmul.o(x$fpl$fmul)
    __fpl_fnaninf                            0x0800686b   Thumb Code   140  fnaninf.o(x$fpl$fnaninf)
    __fpl_fretinf                            0x080068f7   Thumb Code    10  fretinf.o(x$fpl$fretinf)
    __aeabi_cfrcmple                         0x08006901   Thumb Code     0  frleqf.o(x$fpl$frleqf)
    _frcmple                                 0x08006901   Thumb Code    98  frleqf.o(x$fpl$frleqf)
    __aeabi_fsub                             0x08006965   Thumb Code     0  faddsub_clz.o(x$fpl$fsub)
    _fsub                                    0x08006965   Thumb Code   234  faddsub_clz.o(x$fpl$fsub)
    _printf_fp_dec                           0x08006a4f   Thumb Code     4  printf1.o(x$fpl$printf1)
    __fpl_return_NaN                         0x08006a53   Thumb Code   100  retnan.o(x$fpl$retnan)
    __ARM_scalbn                             0x08006ab7   Thumb Code    92  scalbn.o(x$fpl$scalbn)
    __fpl_cmpreturn                          0x08006b13   Thumb Code    48  trapv.o(x$fpl$trapveneer)
    AHBPrescTable                            0x08006b42   Data          16  system_stm32f1xx.o(.constdata)
    __I$use$fp                               0x08006b42   Number         0  usenofp.o(x$fpl$usenofp)
    APBPrescTable                            0x08006b52   Data           8  system_stm32f1xx.o(.constdata)
    Region$$Table$$Base                      0x08006d14   Number         0  anon$$obj.o(Region$$Table)
    Region$$Table$$Limit                     0x08006d34   Number         0  anon$$obj.o(Region$$Table)
    rxflag                                   0x20000000   Data           1  main.o(.data)
    tmp_test                                 0x20000001   Data           1  main.o(.data)
    roundcnt                                 0x20000002   Data           1  stm32f1xx_it.o(.data)
    SystemCoreClock                          0x20000004   Data           4  system_stm32f1xx.o(.data)
    uwTick                                   0x20000008   Data           4  stm32f1xx_hal.o(.data)
    uwTickPrio                               0x2000000c   Data           4  stm32f1xx_hal.o(.data)
    uwTickFreq                               0x20000010   Data           1  stm32f1xx_hal.o(.data)
    cnt_all                                  0x20000014   Data           4  bldc.o(.data)
    last_cnt                                 0x20000018   Data           4  bldc.o(.data)
    last_angle                               0x2000001c   Data           4  bldc.o(.data)
    last_sta                                 0x20000020   Data           1  bldc.o(.data)
    basic_ctrl                               0x20000024   Data          24  bldc.o(.data)
    forward                                  0x2000003c   Data           6  bldc.o(.data)
    backward                                 0x20000042   Data           6  bldc.o(.data)
    idx_f                                    0x20000048   Data           6  bldc.o(.data)
    counter                                  0x20000050   Data           2  motor_ctrl.o(.data)
    start_cnt                                0x20000052   Data           1  motor_ctrl.o(.data)
    normal_cnt                               0x20000054   Data           4  motor_ctrl.o(.data)
    speed_actual                             0x20000058   Data           4  motor_ctrl.o(.data)
    target_speed                             0x2000005c   Data           4  motor_ctrl.o(.data)
    encoder_num                              0x20000060   Data           8  motor_ctrl.o(.data)
    rpm                                      0x20000068   Data           4  motor_ctrl.o(.data)
    target_rpm                               0x2000006c   Data           4  motor_ctrl.o(.data)
    target_angle                             0x20000070   Data           4  motor_ctrl.o(.data)
    phase_offset                             0x20000074   Data           6  measure.o(.data)
    g_adc_dma_sta                            0x2000007a   Data           1  measure.o(.data)
    rxdat                                    0x20000080   Data           5  usart.o(.data)
    __stdout                                 0x20000088   Data           4  usart.o(.data)
    g_usart_rx_sta                           0x2000008c   Data           2  usart.o(.data)
    g_rx_buffer                              0x2000008e   Data           1  usart.o(.data)
    angle                                    0x20000090   Data           4  encode.o(.data)
    TIM1_Handler                             0x20000094   Data          64  init.o(.bss)
    TIM2_Handler                             0x200000d4   Data          64  init.o(.bss)
    TIM1_CH1Handler                          0x20000114   Data          28  init.o(.bss)
    TIM1_CH2Handler                          0x20000130   Data          28  init.o(.bss)
    TIM1_CH3Handler                          0x2000014c   Data          28  init.o(.bss)
    htim3                                    0x20000168   Data          64  init.o(.bss)
    htim4                                    0x200001a8   Data          64  init.o(.bss)
    htim5                                    0x200001e8   Data          64  init.o(.bss)
    AdcHandle                                0x20000228   Data          48  init.o(.bss)
    DMAHandle                                0x20000258   Data          68  init.o(.bss)
    motor                                    0x2000029c   Data          10  bldc.o(.bss)
    Adrc1                                    0x200002a8   Data          56  motor_ctrl.o(.bss)
    Adrc2                                    0x200002e0   Data          56  motor_ctrl.o(.bss)
    Adrc3                                    0x20000318   Data          56  motor_ctrl.o(.bss)
    Pid                                      0x20000350   Data          36  motor_ctrl.o(.bss)
    volt_out                                 0x20000374   Data          12  motor_ctrl.o(.bss)
    g_adc_raw                                0x20000380   Data         300  measure.o(.bss)
    g_adc_ave                                0x200004ac   Data          12  measure.o(.bss)
    g_usart_rx_buf                           0x200004b8   Data         200  usart.o(.bss)
    g_uart1_handle                           0x20000580   Data          64  usart.o(.bss)
    motor_foc                                0x200005c0   Data          32  foc.o(.bss)
    filter                                   0x200005e0   Data          16  foc.o(.bss)
    hspi1                                    0x200005f0   Data          88  encode.o(.bss)
    __libspace_start                         0x20000648   Data          96  libspace.o(.bss)
    __temporary_stack_top$libspace           0x200006a8   Data           0  libspace.o(.bss)



==============================================================================

Memory Map of the image

  Image Entry point : 0x080000ed

  Load Region LR_IROM1 (Base: 0x08000000, Size: 0x00006de4, Max: 0x00010000, ABSOLUTE)

    Execution Region ER_IROM1 (Base: 0x08000000, Size: 0x00006d50, Max: 0x00010000, ABSOLUTE)

    Base Addr    Size         Type   Attr      Idx    E Section Name        Object

    0x08000000   0x000000ec   Data   RO         3945    RESET               startup_stm32f103xb.o
    0x080000ec   0x00000008   Code   RO         4739  * !!!main             c_w.l(__main.o)
    0x080000f4   0x00000034   Code   RO         5104    !!!scatter          c_w.l(__scatter.o)
    0x08000128   0x0000001a   Code   RO         5106    !!handler_copy      c_w.l(__scatter_copy.o)
    0x08000142   0x00000002   PAD
    0x08000144   0x0000001c   Code   RO         5108    !!handler_zi        c_w.l(__scatter_zi.o)
    0x08000160   0x00000000   Code   RO         4734    .ARM.Collect$$_printf_percent$$00000000  c_w.l(_printf_percent.o)
    0x08000160   0x00000006   Code   RO         4733    .ARM.Collect$$_printf_percent$$00000003  c_w.l(_printf_f.o)
    0x08000166   0x00000004   Code   RO         4836    .ARM.Collect$$_printf_percent$$00000017  c_w.l(_printf_percent_end.o)
    0x0800016a   0x00000002   Code   RO         4977    .ARM.Collect$$libinit$$00000000  c_w.l(libinit.o)
    0x0800016c   0x00000000   Code   RO         4979    .ARM.Collect$$libinit$$00000002  c_w.l(libinit2.o)
    0x0800016c   0x00000000   Code   RO         4981    .ARM.Collect$$libinit$$00000004  c_w.l(libinit2.o)
    0x0800016c   0x00000000   Code   RO         4984    .ARM.Collect$$libinit$$0000000A  c_w.l(libinit2.o)
    0x0800016c   0x00000000   Code   RO         4986    .ARM.Collect$$libinit$$0000000C  c_w.l(libinit2.o)
    0x0800016c   0x00000000   Code   RO         4988    .ARM.Collect$$libinit$$0000000E  c_w.l(libinit2.o)
    0x0800016c   0x00000006   Code   RO         4989    .ARM.Collect$$libinit$$0000000F  c_w.l(libinit2.o)
    0x08000172   0x00000000   Code   RO         4991    .ARM.Collect$$libinit$$00000011  c_w.l(libinit2.o)
    0x08000172   0x00000000   Code   RO         4993    .ARM.Collect$$libinit$$00000013  c_w.l(libinit2.o)
    0x08000172   0x00000000   Code   RO         4995    .ARM.Collect$$libinit$$00000015  c_w.l(libinit2.o)
    0x08000172   0x0000000a   Code   RO         4996    .ARM.Collect$$libinit$$00000016  c_w.l(libinit2.o)
    0x0800017c   0x00000000   Code   RO         4997    .ARM.Collect$$libinit$$00000017  c_w.l(libinit2.o)
    0x0800017c   0x00000000   Code   RO         4999    .ARM.Collect$$libinit$$00000019  c_w.l(libinit2.o)
    0x0800017c   0x00000000   Code   RO         5001    .ARM.Collect$$libinit$$0000001B  c_w.l(libinit2.o)
    0x0800017c   0x00000000   Code   RO         5003    .ARM.Collect$$libinit$$0000001D  c_w.l(libinit2.o)
    0x0800017c   0x00000000   Code   RO         5005    .ARM.Collect$$libinit$$0000001F  c_w.l(libinit2.o)
    0x0800017c   0x00000000   Code   RO         5007    .ARM.Collect$$libinit$$00000021  c_w.l(libinit2.o)
    0x0800017c   0x00000000   Code   RO         5009    .ARM.Collect$$libinit$$00000023  c_w.l(libinit2.o)
    0x0800017c   0x00000000   Code   RO         5011    .ARM.Collect$$libinit$$00000025  c_w.l(libinit2.o)
    0x0800017c   0x00000000   Code   RO         5015    .ARM.Collect$$libinit$$0000002C  c_w.l(libinit2.o)
    0x0800017c   0x00000000   Code   RO         5017    .ARM.Collect$$libinit$$0000002E  c_w.l(libinit2.o)
    0x0800017c   0x00000000   Code   RO         5019    .ARM.Collect$$libinit$$00000030  c_w.l(libinit2.o)
    0x0800017c   0x00000000   Code   RO         5021    .ARM.Collect$$libinit$$00000032  c_w.l(libinit2.o)
    0x0800017c   0x00000002   Code   RO         5022    .ARM.Collect$$libinit$$00000033  c_w.l(libinit2.o)
    0x0800017e   0x00000002   Code   RO         5068    .ARM.Collect$$libshutdown$$00000000  c_w.l(libshutdown.o)
    0x08000180   0x00000000   Code   RO         5075    .ARM.Collect$$libshutdown$$00000003  c_w.l(libshutdown2.o)
    0x08000180   0x00000000   Code   RO         5078    .ARM.Collect$$libshutdown$$00000006  c_w.l(libshutdown2.o)
    0x08000180   0x00000000   Code   RO         5081    .ARM.Collect$$libshutdown$$00000009  c_w.l(libshutdown2.o)
    0x08000180   0x00000000   Code   RO         5083    .ARM.Collect$$libshutdown$$0000000B  c_w.l(libshutdown2.o)
    0x08000180   0x00000000   Code   RO         5086    .ARM.Collect$$libshutdown$$0000000E  c_w.l(libshutdown2.o)
    0x08000180   0x00000002   Code   RO         5087    .ARM.Collect$$libshutdown$$0000000F  c_w.l(libshutdown2.o)
    0x08000182   0x00000000   Code   RO         4827    .ARM.Collect$$rtentry$$00000000  c_w.l(__rtentry.o)
    0x08000182   0x00000000   Code   RO         4881    .ARM.Collect$$rtentry$$00000002  c_w.l(__rtentry2.o)
    0x08000182   0x00000006   Code   RO         4893    .ARM.Collect$$rtentry$$00000004  c_w.l(__rtentry4.o)
    0x08000188   0x00000000   Code   RO         4883    .ARM.Collect$$rtentry$$00000009  c_w.l(__rtentry2.o)
    0x08000188   0x00000004   Code   RO         4884    .ARM.Collect$$rtentry$$0000000A  c_w.l(__rtentry2.o)
    0x0800018c   0x00000000   Code   RO         4886    .ARM.Collect$$rtentry$$0000000C  c_w.l(__rtentry2.o)
    0x0800018c   0x00000008   Code   RO         4887    .ARM.Collect$$rtentry$$0000000D  c_w.l(__rtentry2.o)
    0x08000194   0x00000002   Code   RO         5025    .ARM.Collect$$rtexit$$00000000  c_w.l(rtexit.o)
    0x08000196   0x00000000   Code   RO         5038    .ARM.Collect$$rtexit$$00000002  c_w.l(rtexit2.o)
    0x08000196   0x00000004   Code   RO         5039    .ARM.Collect$$rtexit$$00000003  c_w.l(rtexit2.o)
    0x0800019a   0x00000006   Code   RO         5040    .ARM.Collect$$rtexit$$00000004  c_w.l(rtexit2.o)
    0x080001a0   0x00000040   Code   RO         3946    .text               startup_stm32f103xb.o
    0x080001e0   0x00000002   Code   RO         4701    .text               c_w.l(use_no_semi_2.o)
    0x080001e2   0x00000002   PAD
    0x080001e4   0x00000018   Code   RO         4709    .text               c_w.l(noretval__2printf.o)
    0x080001fc   0x00000068   Code   RO         4711    .text               c_w.l(__printf.o)
    0x08000264   0x0000004e   Code   RO         4735    .text               c_w.l(rt_memclr_w.o)
    0x080002b2   0x00000006   Code   RO         4737    .text               c_w.l(heapauxi.o)
    0x080002b8   0x00000002   Code   RO         4825    .text               c_w.l(use_no_semi.o)
    0x080002ba   0x00000016   Code   RO         4830    .text               c_w.l(_rserrno.o)
    0x080002d0   0x0000041a   Code   RO         4832    .text               c_w.l(_printf_fp_dec.o)
    0x080006ea   0x00000002   PAD
    0x080006ec   0x00000024   Code   RO         4834    .text               c_w.l(_printf_char_file.o)
    0x08000710   0x00000008   Code   RO         4902    .text               c_w.l(rt_locale_intlibspace.o)
    0x08000718   0x00000008   Code   RO         4907    .text               c_w.l(rt_errno_addr_intlibspace.o)
    0x08000720   0x0000008a   Code   RO         4909    .text               c_w.l(lludiv10.o)
    0x080007aa   0x00000002   PAD
    0x080007ac   0x00000030   Code   RO         4911    .text               c_w.l(_printf_char_common.o)
    0x080007dc   0x00000080   Code   RO         4913    .text               c_w.l(_printf_fp_infnan.o)
    0x0800085c   0x000000dc   Code   RO         4915    .text               c_w.l(bigflt0.o)
    0x08000938   0x00000008   Code   RO         4940    .text               c_w.l(ferror.o)
    0x08000940   0x00000008   Code   RO         4959    .text               c_w.l(libspace.o)
    0x08000948   0x0000004a   Code   RO         4962    .text               c_w.l(sys_stackheap_outer.o)
    0x08000992   0x0000000c   Code   RO         4968    .text               c_w.l(exit.o)
    0x0800099e   0x00000002   PAD
    0x080009a0   0x00000080   Code   RO         4970    .text               c_w.l(strcmpv7m.o)
    0x08000a20   0x0000003e   Code   RO         4918    CL$$btod_d2e        c_w.l(btod.o)
    0x08000a5e   0x00000046   Code   RO         4920    CL$$btod_d2e_denorm_low  c_w.l(btod.o)
    0x08000aa4   0x00000060   Code   RO         4919    CL$$btod_d2e_norm_op1  c_w.l(btod.o)
    0x08000b04   0x00000338   Code   RO         4928    CL$$btod_div_common  c_w.l(btod.o)
    0x08000e3c   0x000000c6   Code   RO         4925    CL$$btod_e2e        c_w.l(btod.o)
    0x08000f02   0x00000028   Code   RO         4922    CL$$btod_ediv       c_w.l(btod.o)
    0x08000f2a   0x00000028   Code   RO         4921    CL$$btod_emul       c_w.l(btod.o)
    0x08000f52   0x00000244   Code   RO         4927    CL$$btod_mult_common  c_w.l(btod.o)
    0x08001196   0x00000002   PAD
    0x08001198   0x00000010   Code   RO          205    i.ADC1_2_IRQHandler  stm32f1xx_it.o
    0x080011a8   0x00000052   Code   RO          531    i.ADC_ConversionStop_Disable  stm32f1xx_hal_adc.o
    0x080011fa   0x00000052   Code   RO          532    i.ADC_DMAConvCplt   stm32f1xx_hal_adc.o
    0x0800124c   0x0000001e   Code   RO          533    i.ADC_DMAError      stm32f1xx_hal_adc.o
    0x0800126a   0x0000000e   Code   RO          534    i.ADC_DMAHalfConvCplt  stm32f1xx_hal_adc.o
    0x08001278   0x00000084   Code   RO          535    i.ADC_Enable        stm32f1xx_hal_adc.o
    0x080012fc   0x0000002e   Code   RO         4643    i.AS5047_read       encode.o
    0x0800132a   0x00000004   Code   RO          206    i.BusFault_Handler  stm32f1xx_it.o
    0x0800132e   0x00000002   PAD
    0x08001330   0x00000220   Code   RO         4586    i.ClarkConvT        foc.o
    0x08001550   0x0000002c   Code   RO         4265    i.DMA1_Channel1_IRQHandler  measure.o
    0x0800157c   0x0000002c   Code   RO         1211    i.DMA_SetConfig     stm32f1xx_hal_dma.o
    0x080015a8   0x00000002   Code   RO          207    i.DebugMon_Handler  stm32f1xx_it.o
    0x080015aa   0x00000002   PAD
    0x080015ac   0x00000020   Code   RO          208    i.EXTI9_5_IRQHandler  stm32f1xx_it.o
    0x080015cc   0x00000018   Code   RO         4587    i.FiltConf          foc.o
    0x080015e4   0x00000104   Code   RO          711    i.HAL_ADCEx_Calibration_Start  stm32f1xx_hal_adc_ex.o
    0x080016e8   0x00000002   Code   RO          713    i.HAL_ADCEx_InjectedConvCpltCallback  stm32f1xx_hal_adc_ex.o
    0x080016ea   0x00000002   PAD
    0x080016ec   0x00000160   Code   RO          537    i.HAL_ADC_ConfigChannel  stm32f1xx_hal_adc.o
    0x0800184c   0x00000002   Code   RO          538    i.HAL_ADC_ConvCpltCallback  stm32f1xx_hal_adc.o
    0x0800184e   0x00000002   Code   RO          539    i.HAL_ADC_ConvHalfCpltCallback  stm32f1xx_hal_adc.o
    0x08001850   0x00000002   Code   RO          541    i.HAL_ADC_ErrorCallback  stm32f1xx_hal_adc.o
    0x08001852   0x00000122   Code   RO          545    i.HAL_ADC_IRQHandler  stm32f1xx_hal_adc.o
    0x08001974   0x00000160   Code   RO          546    i.HAL_ADC_Init      stm32f1xx_hal_adc.o
    0x08001ad4   0x00000002   Code   RO          547    i.HAL_ADC_LevelOutOfWindowCallback  stm32f1xx_hal_adc.o
    0x08001ad6   0x00000002   Code   RO          549    i.HAL_ADC_MspInit   stm32f1xx_hal_adc.o
    0x08001ad8   0x00000180   Code   RO          553    i.HAL_ADC_Start_DMA  stm32f1xx_hal_adc.o
    0x08001c58   0x000001a8   Code   RO         1213    i.HAL_DMA_Abort_IT  stm32f1xx_hal_dma.o
    0x08001e00   0x0000008c   Code   RO         1218    i.HAL_DMA_Init      stm32f1xx_hal_dma.o
    0x08001e8c   0x0000009c   Code   RO         1222    i.HAL_DMA_Start_IT  stm32f1xx_hal_dma.o
    0x08001f28   0x0000000c   Code   RO         4384    i.HAL_Delay         delay.o
    0x08001f34   0x00000340   Code   RO         1554    i.HAL_GPIO_Init     stm32f1xx_hal_gpio.o
    0x08002274   0x00000010   Code   RO         1556    i.HAL_GPIO_ReadPin  stm32f1xx_hal_gpio.o
    0x08002284   0x0000000c   Code   RO         1558    i.HAL_GPIO_WritePin  stm32f1xx_hal_gpio.o
    0x08002290   0x0000000c   Code   RO          368    i.HAL_GetTick       stm32f1xx_hal.o
    0x0800229c   0x00000018   Code   RO          374    i.HAL_IncTick       stm32f1xx_hal.o
    0x080022b4   0x00000028   Code   RO          375    i.HAL_Init          stm32f1xx_hal.o
    0x080022dc   0x0000004c   Code   RO          376    i.HAL_InitTick      stm32f1xx_hal.o
    0x08002328   0x00000054   Code   RO         3954    i.HAL_MspInit       init.o
    0x0800237c   0x00000020   Code   RO          845    i.HAL_NVIC_EnableIRQ  stm32f1xx_hal_cortex.o
    0x0800239c   0x0000007c   Code   RO          851    i.HAL_NVIC_SetPriority  stm32f1xx_hal_cortex.o
    0x08002418   0x00000028   Code   RO          852    i.HAL_NVIC_SetPriorityGrouping  stm32f1xx_hal_cortex.o
    0x08002440   0x00000134   Code   RO         1977    i.HAL_RCCEx_GetPeriphCLKFreq  stm32f1xx_hal_rcc_ex.o
    0x08002574   0x00000130   Code   RO         1978    i.HAL_RCCEx_PeriphCLKConfig  stm32f1xx_hal_rcc_ex.o
    0x080026a4   0x0000018c   Code   RO         1870    i.HAL_RCC_ClockConfig  stm32f1xx_hal_rcc.o
    0x08002830   0x0000000c   Code   RO         1875    i.HAL_RCC_GetHCLKFreq  stm32f1xx_hal_rcc.o
    0x0800283c   0x00000020   Code   RO         1877    i.HAL_RCC_GetPCLK1Freq  stm32f1xx_hal_rcc.o
    0x0800285c   0x00000020   Code   RO         1878    i.HAL_RCC_GetPCLK2Freq  stm32f1xx_hal_rcc.o
    0x0800287c   0x00000094   Code   RO         1879    i.HAL_RCC_GetSysClockFreq  stm32f1xx_hal_rcc.o
    0x08002910   0x00000464   Code   RO         1882    i.HAL_RCC_OscConfig  stm32f1xx_hal_rcc.o
    0x08002d74   0x00000002   Code   RO         2091    i.HAL_SPI_ErrorCallback  stm32f1xx_hal_spi.o
    0x08002d76   0x00000002   PAD
    0x08002d78   0x00000134   Code   RO         2094    i.HAL_SPI_IRQHandler  stm32f1xx_hal_spi.o
    0x08002eac   0x0000009c   Code   RO         2095    i.HAL_SPI_Init      stm32f1xx_hal_spi.o
    0x08002f48   0x00000048   Code   RO         4644    i.HAL_SPI_MspInit   encode.o
    0x08002f90   0x000002ee   Code   RO         2104    i.HAL_SPI_TransmitReceive  stm32f1xx_hal_spi.o
    0x0800327e   0x00000034   Code   RO          856    i.HAL_SYSTICK_Config  stm32f1xx_hal_cortex.o
    0x080032b2   0x00000002   Code   RO         3138    i.HAL_TIMEx_BreakCallback  stm32f1xx_hal_tim_ex.o
    0x080032b4   0x00000002   Code   RO         3139    i.HAL_TIMEx_CommutCallback  stm32f1xx_hal_tim_ex.o
    0x080032b6   0x00000034   Code   RO         2452    i.HAL_TIM_Base_Init  stm32f1xx_hal_tim.o
    0x080032ea   0x00000002   PAD
    0x080032ec   0x00000024   Code   RO          171    i.HAL_TIM_Base_MspInit  stm32f1xx_hal_msp.o
    0x08003310   0x0000002a   Code   RO         2457    i.HAL_TIM_Base_Start_IT  stm32f1xx_hal_tim.o
    0x0800333a   0x00000002   Code   RO         2481    i.HAL_TIM_IC_CaptureCallback  stm32f1xx_hal_tim.o
    0x0800333c   0x00000196   Code   RO         2495    i.HAL_TIM_IRQHandler  stm32f1xx_hal_tim.o
    0x080034d2   0x00000002   Code   RO         2498    i.HAL_TIM_OC_DelayElapsedCallback  stm32f1xx_hal_tim.o
    0x080034d4   0x00000108   Code   RO         2519    i.HAL_TIM_PWM_ConfigChannel  stm32f1xx_hal_tim.o
    0x080035dc   0x00000034   Code   RO         2522    i.HAL_TIM_PWM_Init  stm32f1xx_hal_tim.o
    0x08003610   0x0000008c   Code   RO         3955    i.HAL_TIM_PWM_MspInit  init.o
    0x0800369c   0x00000002   Code   RO         2525    i.HAL_TIM_PWM_PulseFinishedCallback  stm32f1xx_hal_tim.o
    0x0800369e   0x00000002   PAD
    0x080036a0   0x00000058   Code   RO         2527    i.HAL_TIM_PWM_Start  stm32f1xx_hal_tim.o
    0x080036f8   0x00000154   Code   RO         4053    i.HAL_TIM_PeriodElapsedCallback  bldc.o
    0x0800384c   0x00000002   Code   RO         2538    i.HAL_TIM_TriggerCallback  stm32f1xx_hal_tim.o
    0x0800384e   0x00000002   PAD
    0x08003850   0x00000018   Code   RO         4501    i.HAL_UART_ErrorCallback  usart.o
    0x08003868   0x0000014c   Code   RO         3413    i.HAL_UART_IRQHandler  stm32f1xx_hal_uart.o
    0x080039b4   0x00000072   Code   RO         3414    i.HAL_UART_Init     stm32f1xx_hal_uart.o
    0x08003a26   0x00000002   PAD
    0x08003a28   0x000000b4   Code   RO         4502    i.HAL_UART_MspInit  usart.o
    0x08003adc   0x00000070   Code   RO         3419    i.HAL_UART_Receive_IT  stm32f1xx_hal_uart.o
    0x08003b4c   0x000000c4   Code   RO         4503    i.HAL_UART_RxCpltCallback  usart.o
    0x08003c10   0x00000002   Code   RO         3425    i.HAL_UART_TxCpltCallback  stm32f1xx_hal_uart.o
    0x08003c12   0x00000002   PAD
    0x08003c14   0x00000020   Code   RO         3956    i.H_sensor_init     init.o
    0x08003c34   0x00000004   Code   RO          209    i.HardFault_Handler  stm32f1xx_it.o
    0x08003c38   0x00000050   Code   RO         4054    i.Is_Forward        bldc.o
    0x08003c88   0x00000048   Code   RO         4588    i.LowPass           foc.o
    0x08003cd0   0x000000a8   Code   RO         4645    i.MX_SPI1_Init      encode.o
    0x08003d78   0x00000004   Code   RO          210    i.MemManage_Handler  stm32f1xx_it.o
    0x08003d7c   0x00000002   Code   RO          211    i.NMI_Handler       stm32f1xx_it.o
    0x08003d7e   0x00000014   Code   RO         4646    i.Parity_bit_Calculate  encode.o
    0x08003d92   0x00000002   PAD
    0x08003d94   0x0000006c   Code   RO         4590    i.ParkConvT         foc.o
    0x08003e00   0x00000002   Code   RO          212    i.PendSV_Handler    stm32f1xx_it.o
    0x08003e02   0x0000006e   Code   RO         4155    i.Pid_Cal           motor_ctrl.o
    0x08003e70   0x00000030   Code   RO         4156    i.Pid_Conf          motor_ctrl.o
    0x08003ea0   0x00000028   Code   RO         1883    i.RCC_Delay         stm32f1xx_hal_rcc.o
    0x08003ec8   0x00000010   Code   RO          213    i.SPI1_IRQHandler   stm32f1xx_it.o
    0x08003ed8   0x00000014   Code   RO         2124    i.SPI_DMAAbortOnError  stm32f1xx_hal_spi.o
    0x08003eec   0x00000028   Code   RO         2135    i.SPI_EndRxTxTransaction  stm32f1xx_hal_spi.o
    0x08003f14   0x00000006   Code   RO         2136    i.SPI_ISCRCErrorValid  stm32f1xx_hal_spi.o
    0x08003f1a   0x00000002   PAD
    0x08003f1c   0x00000040   Code   RO         4647    i.SPI_ReadWrite_OneByte  encode.o
    0x08003f5c   0x000000a8   Code   RO         2143    i.SPI_WaitFlagStateUntilTimeout  stm32f1xx_hal_spi.o
    0x08004004   0x00000002   Code   RO          214    i.SVC_Handler       stm32f1xx_it.o
    0x08004006   0x00000002   PAD
    0x08004008   0x00000044   Code   RO         4158    i.Speed_Rpm         motor_ctrl.o
    0x0800404c   0x00000044   Code   RO         3957    i.Stop_Start_Init   init.o
    0x08004090   0x00000008   Code   RO          215    i.SysTick_Handler   stm32f1xx_it.o
    0x08004098   0x00000058   Code   RO          321    i.SystemInit        system_stm32f1xx.o
    0x080040f0   0x00000010   Code   RO          216    i.TIM2_IRQHandler   stm32f1xx_it.o
    0x08004100   0x00000010   Code   RO          217    i.TIM3_IRQHandler   stm32f1xx_it.o
    0x08004110   0x00000010   Code   RO          218    i.TIM4_IRQHandler   stm32f1xx_it.o
    0x08004120   0x0000009c   Code   RO         2540    i.TIM_Base_SetConfig  stm32f1xx_hal_tim.o
    0x080041bc   0x00000022   Code   RO         2541    i.TIM_CCxChannelCmd  stm32f1xx_hal_tim.o
    0x080041de   0x00000002   PAD
    0x080041e0   0x000000b0   Code   RO         3958    i.TIM_Init          init.o
    0x08004290   0x00000070   Code   RO         2553    i.TIM_OC1_SetConfig  stm32f1xx_hal_tim.o
    0x08004300   0x0000007c   Code   RO         2554    i.TIM_OC2_SetConfig  stm32f1xx_hal_tim.o
    0x0800437c   0x00000078   Code   RO         2555    i.TIM_OC3_SetConfig  stm32f1xx_hal_tim.o
    0x080043f4   0x00000054   Code   RO         2556    i.TIM_OC4_SetConfig  stm32f1xx_hal_tim.o
    0x08004448   0x00000014   Code   RO         3427    i.UART_DMAAbortOnError  stm32f1xx_hal_uart.o
    0x0800445c   0x00000020   Code   RO         3437    i.UART_EndRxTransfer  stm32f1xx_hal_uart.o
    0x0800447c   0x00000020   Code   RO         3438    i.UART_EndTransmit_IT  stm32f1xx_hal_uart.o
    0x0800449c   0x000000a6   Code   RO         3440    i.UART_Receive_IT   stm32f1xx_hal_uart.o
    0x08004542   0x00000002   PAD
    0x08004544   0x000001a0   Code   RO         3441    i.UART_SetConfig    stm32f1xx_hal_uart.o
    0x080046e4   0x00000068   Code   RO         3442    i.UART_Transmit_IT  stm32f1xx_hal_uart.o
    0x0800474c   0x00000010   Code   RO         4504    i.USART3_IRQHandler  usart.o
    0x0800475c   0x00000004   Code   RO          219    i.UsageFault_Handler  stm32f1xx_it.o
    0x08004760   0x00000028   Code   RO         4955    i.__ARM_fpclassify  m_ws.l(fpclassify.o)
    0x08004788   0x00000010   Code   RO          858    i.__NVIC_GetPriorityGrouping  stm32f1xx_hal_cortex.o
    0x08004798   0x00000028   Code   RO          859    i.__NVIC_SetPriority  stm32f1xx_hal_cortex.o
    0x080047c0   0x00000388   Code   RO         4869    i.__ieee754_rem_pio2  m_ws.l(rred.o)
    0x08004b48   0x000000fc   Code   RO         4852    i.__kernel_cos      m_ws.l(cos_i.o)
    0x08004c44   0x000000aa   Code   RO         4957    i.__kernel_poly     m_ws.l(poly.o)
    0x08004cee   0x00000002   PAD
    0x08004cf0   0x000000ec   Code   RO         4874    i.__kernel_sin      m_ws.l(sin_i.o)
    0x08004ddc   0x00000006   Code   RO         4856    i.__mathlib_dbl_infnan  m_ws.l(dunder.o)
    0x08004de2   0x0000000c   Code   RO         4858    i.__mathlib_dbl_invalid  m_ws.l(dunder.o)
    0x08004dee   0x00000002   PAD
    0x08004df0   0x00000010   Code   RO         4861    i.__mathlib_dbl_underflow  m_ws.l(dunder.o)
    0x08004e00   0x00000004   Code   RO         4506    i._sys_exit         usart.o
    0x08004e04   0x00000054   Code   RO         3959    i.adc_dma_enable    init.o
    0x08004e58   0x00000144   Code   RO         3960    i.adc_dma_init      init.o
    0x08004f9c   0x00000054   Code   RO         4160    i.adrcConf          motor_ctrl.o
    0x08004ff0   0x0000003c   Code   RO         4165    i.cal_motor         motor_ctrl.o
    0x0800502c   0x0000009c   Code   RO         4802    i.cos               m_ws.l(cos.o)
    0x080050c8   0x00000030   Code   RO         4166    i.ctrl_Init         motor_ctrl.o
    0x080050f8   0x0000000c   Code   RO         4385    i.delay_init        delay.o
    0x08005104   0x00000012   Code   RO         4386    i.delay_ms          delay.o
    0x08005116   0x00000002   PAD
    0x08005118   0x00000048   Code   RO         4387    i.delay_us          delay.o
    0x08005160   0x00000094   Code   RO         4810    i.fmod              m_ws.l(fmod.o)
    0x080051f4   0x0000001c   Code   RO         4508    i.fputc             usart.o
    0x08005210   0x00000068   Code   RO         4648    i.getAngle          encode.o
    0x08005278   0x00000088   Code   RO         3962    i.h_bridge_init     init.o
    0x08005300   0x0000003c   Code   RO         4059    i.hallsensor        bldc.o
    0x0800533c   0x00000044   Code   RO         3963    i.l_bridge_init     init.o
    0x08005380   0x00000120   Code   RO            4    i.main              main.o
    0x080054a0   0x00000034   Code   RO         3964    i.rcnt              init.o
    0x080054d4   0x000000a0   Code   RO         4818    i.sin               m_ws.l(sin.o)
    0x08005574   0x00000050   Code   RO         3965    i.sys_init          init.o
    0x080055c4   0x0000006a   Code   RO         4434    i.sys_stm32_clock_init  sys.o
    0x0800562e   0x00000002   PAD
    0x08005630   0x00000048   Code   RO         4060    i.uhvl              bldc.o
    0x08005678   0x00000048   Code   RO         4061    i.uhwl              bldc.o
    0x080056c0   0x0000002c   Code   RO         4509    i.usart_init        usart.o
    0x080056ec   0x00000048   Code   RO         4062    i.vhul              bldc.o
    0x08005734   0x00000048   Code   RO         4063    i.vhwl              bldc.o
    0x0800577c   0x00000048   Code   RO         4064    i.whul              bldc.o
    0x080057c4   0x00000048   Code   RO         4065    i.whvl              bldc.o
    0x0800580c   0x0000002c   Code   RO         4945    locale$$code        c_w.l(lc_numeric_c.o)
    0x08005838   0x00000062   Code   RO         4741    x$fpl$d2f           fz_ws.l(d2f.o)
    0x0800589a   0x00000002   PAD
    0x0800589c   0x00000150   Code   RO         4743    x$fpl$dadd          fz_ws.l(daddsub_clz.o)
    0x080059ec   0x00000010   Code   RO         5023    x$fpl$dcheck1       fz_ws.l(dcheck1.o)
    0x080059fc   0x00000018   Code   RO         4837    x$fpl$dcmpinf       fz_ws.l(dcmpi.o)
    0x08005a14   0x000002b0   Code   RO         4750    x$fpl$ddiv          fz_ws.l(ddiv.o)
    0x08005cc4   0x0000005e   Code   RO         4947    x$fpl$dfix          fz_ws.l(dfix.o)
    0x08005d22   0x00000002   PAD
    0x08005d24   0x0000005a   Code   RO         4753    x$fpl$dfixu         fz_ws.l(dfixu.o)
    0x08005d7e   0x0000002e   Code   RO         4758    x$fpl$dflt          fz_ws.l(dflt_clz.o)
    0x08005dac   0x00000026   Code   RO         4757    x$fpl$dfltu         fz_ws.l(dflt_clz.o)
    0x08005dd2   0x00000002   PAD
    0x08005dd4   0x00000078   Code   RO         4763    x$fpl$dleqf         fz_ws.l(dleqf.o)
    0x08005e4c   0x00000154   Code   RO         4765    x$fpl$dmul          fz_ws.l(dmul.o)
    0x08005fa0   0x0000009c   Code   RO         4839    x$fpl$dnaninf       fz_ws.l(dnaninf.o)
    0x0800603c   0x00000150   Code   RO         4841    x$fpl$drem          fz_ws.l(drem_clz.o)
    0x0800618c   0x0000000c   Code   RO         4843    x$fpl$dretinf       fz_ws.l(dretinf.o)
    0x08006198   0x0000006c   Code   RO         4767    x$fpl$drleqf        fz_ws.l(drleqf.o)
    0x08006204   0x00000016   Code   RO         4744    x$fpl$drsb          fz_ws.l(daddsub_clz.o)
    0x0800621a   0x00000002   PAD
    0x0800621c   0x000001d4   Code   RO         4745    x$fpl$dsub          fz_ws.l(daddsub_clz.o)
    0x080063f0   0x00000056   Code   RO         4769    x$fpl$f2d           fz_ws.l(f2d.o)
    0x08006446   0x00000002   PAD
    0x08006448   0x000000c4   Code   RO         4771    x$fpl$fadd          fz_ws.l(faddsub_clz.o)
    0x0800650c   0x00000018   Code   RO         4845    x$fpl$fcmpinf       fz_ws.l(fcmpi.o)
    0x08006524   0x00000184   Code   RO         4778    x$fpl$fdiv          fz_ws.l(fdiv.o)
    0x080066a8   0x00000030   Code   RO         4788    x$fpl$fflt          fz_ws.l(fflt_clz.o)
    0x080066d8   0x00000026   Code   RO         4787    x$fpl$ffltu         fz_ws.l(fflt_clz.o)
    0x080066fe   0x00000002   PAD
    0x08006700   0x00000068   Code   RO         4793    x$fpl$fleqf         fz_ws.l(fleqf.o)
    0x08006768   0x00000102   Code   RO         4795    x$fpl$fmul          fz_ws.l(fmul.o)
    0x0800686a   0x0000008c   Code   RO         4847    x$fpl$fnaninf       fz_ws.l(fnaninf.o)
    0x080068f6   0x0000000a   Code   RO         4849    x$fpl$fretinf       fz_ws.l(fretinf.o)
    0x08006900   0x00000062   Code   RO         4797    x$fpl$frleqf        fz_ws.l(frleqf.o)
    0x08006962   0x00000002   PAD
    0x08006964   0x000000ea   Code   RO         4773    x$fpl$fsub          fz_ws.l(faddsub_clz.o)
    0x08006a4e   0x00000004   Code   RO         4799    x$fpl$printf1       fz_ws.l(printf1.o)
    0x08006a52   0x00000064   Code   RO         5035    x$fpl$retnan        fz_ws.l(retnan.o)
    0x08006ab6   0x0000005c   Code   RO         4953    x$fpl$scalbn        fz_ws.l(scalbn.o)
    0x08006b12   0x00000030   Code   RO         5054    x$fpl$trapveneer    fz_ws.l(trapv.o)
    0x08006b42   0x00000000   Code   RO         4851    x$fpl$usenofp       fz_ws.l(usenofp.o)
    0x08006b42   0x00000018   Data   RO          322    .constdata          system_stm32f1xx.o
    0x08006b5a   0x00000006   PAD
    0x08006b60   0x00000030   Data   RO         4853    .constdata          m_ws.l(cos_i.o)
    0x08006b90   0x000000c8   Data   RO         4871    .constdata          m_ws.l(rred.o)
    0x08006c58   0x00000028   Data   RO         4875    .constdata          m_ws.l(sin_i.o)
    0x08006c80   0x00000094   Data   RO         4916    .constdata          c_w.l(bigflt0.o)
    0x08006d14   0x00000020   Data   RO         5102    Region$$Table       anon$$obj.o
    0x08006d34   0x0000001c   Data   RO         4944    locale$$data        c_w.l(lc_numeric_c.o)


    Execution Region RW_IRAM1 (Base: 0x20000000, Size: 0x00000ca8, Max: 0x00005000, ABSOLUTE)

    Base Addr    Size         Type   Attr      Idx    E Section Name        Object

    0x20000000   0x00000002   Data   RW            5    .data               main.o
    0x20000002   0x00000001   Data   RW          220    .data               stm32f1xx_it.o
    0x20000003   0x00000001   PAD
    0x20000004   0x00000004   Data   RW          323    .data               system_stm32f1xx.o
    0x20000008   0x00000009   Data   RW          382    .data               stm32f1xx_hal.o
    0x20000011   0x00000003   PAD
    0x20000014   0x0000003a   Data   RW         4067    .data               bldc.o
    0x2000004e   0x00000002   PAD
    0x20000050   0x00000024   Data   RW         4168    .data               motor_ctrl.o
    0x20000074   0x00000007   Data   RW         4269    .data               measure.o
    0x2000007b   0x00000001   PAD
    0x2000007c   0x00000004   Data   RW         4388    .data               delay.o
    0x20000080   0x0000000f   Data   RW         4511    .data               usart.o
    0x2000008f   0x00000001   PAD
    0x20000090   0x00000004   Data   RW         4650    .data               encode.o
    0x20000094   0x00000208   Zero   RW         3966    .bss                init.o
    0x2000029c   0x0000000a   Zero   RW         4066    .bss                bldc.o
    0x200002a6   0x00000002   PAD
    0x200002a8   0x000000d8   Zero   RW         4167    .bss                motor_ctrl.o
    0x20000380   0x00000138   Zero   RW         4268    .bss                measure.o
    0x200004b8   0x00000108   Zero   RW         4510    .bss                usart.o
    0x200005c0   0x00000030   Zero   RW         4591    .bss                foc.o
    0x200005f0   0x00000058   Zero   RW         4649    .bss                encode.o
    0x20000648   0x00000060   Zero   RW         4960    .bss                c_w.l(libspace.o)
    0x200006a8   0x00000200   Zero   RW         3944    HEAP                startup_stm32f103xb.o
    0x200008a8   0x00000400   Zero   RW         3943    STACK               startup_stm32f103xb.o


==============================================================================

Image component sizes


      Code (inc. data)   RO Data    RW Data    ZI Data      Debug   Object Name

       912        150          0         58         10       4911   bldc.o
       114         10          0          4          0       1879   delay.o
       474         54          0          4         88       3368   encode.o
       748         46          0          0         48       1809   foc.o
      1244        130          0          0        520       6355   init.o
       288         70          0          2          0     513741   main.o
        44         10          0          7        312       1135   measure.o
       418         90          0         36        216       3664   motor_ctrl.o
        64         26        236          0       1536        752   startup_stm32f103xb.o
       152         32          0          9          0       5193   stm32f1xx_hal.o
      1728         58          0          0          0       8536   stm32f1xx_hal_adc.o
       262          4          0          0          0       1683   stm32f1xx_hal_adc_ex.o
       304         22          0          0          0      28931   stm32f1xx_hal_cortex.o
       764         18          0          0          0       2881   stm32f1xx_hal_dma.o
       860         40          0          0          0       2891   stm32f1xx_hal_gpio.o
        36          4          0          0          0        727   stm32f1xx_hal_msp.o
      1784        110          0          0          0       5164   stm32f1xx_hal_rcc.o
       612         46          0          0          0       2077   stm32f1xx_hal_rcc_ex.o
      1450          4          0          0          0       6040   stm32f1xx_hal_spi.o
      1542         66          0          0          0       9394   stm32f1xx_hal_tim.o
         4          0          0          0          0       1197   stm32f1xx_hal_tim_ex.o
      1330         10          0          0          0       5914   stm32f1xx_hal_uart.o
       144         38          0          1          0       5862   stm32f1xx_it.o
       106          0          0          0          0        615   sys.o
        88         18         24          4          0        959   system_stm32f1xx.o
       492         64          0         15        264       5178   usart.o

    ----------------------------------------------------------------------
     15996       1120        298        148       2996     630856   Object Totals
         0          0         32          0          0          0   (incl. Generated)
        32          0          6          8          2          0   (incl. Padding)

    ----------------------------------------------------------------------

      Code (inc. data)   RO Data    RW Data    ZI Data      Debug   Library Member Name

         8          0          0          0          0         68   __main.o
       104          0          0          0          0         84   __printf.o
         0          0          0          0          0          0   __rtentry.o
        12          0          0          0          0          0   __rtentry2.o
         6          0          0          0          0          0   __rtentry4.o
        52          8          0          0          0          0   __scatter.o
        26          0          0          0          0          0   __scatter_copy.o
        28          0          0          0          0          0   __scatter_zi.o
        48          6          0          0          0         96   _printf_char_common.o
        36          4          0          0          0         80   _printf_char_file.o
         6          0          0          0          0          0   _printf_f.o
      1050          0          0          0          0        216   _printf_fp_dec.o
       128         16          0          0          0         84   _printf_fp_infnan.o
         0          0          0          0          0          0   _printf_percent.o
         4          0          0          0          0          0   _printf_percent_end.o
        22          0          0          0          0        100   _rserrno.o
       220          4        148          0          0         96   bigflt0.o
      1910        128          0          0          0        672   btod.o
        12          0          0          0          0         72   exit.o
         8          0          0          0          0         68   ferror.o
         6          0          0          0          0        152   heapauxi.o
        44         10         28          0          0         76   lc_numeric_c.o
         2          0          0          0          0          0   libinit.o
        18          0          0          0          0          0   libinit2.o
         2          0          0          0          0          0   libshutdown.o
         2          0          0          0          0          0   libshutdown2.o
         8          4          0          0         96         68   libspace.o
       138          0          0          0          0         80   lludiv10.o
        24          4          0          0          0         84   noretval__2printf.o
         8          4          0          0          0         68   rt_errno_addr_intlibspace.o
         8          4          0          0          0         68   rt_locale_intlibspace.o
        78          0          0          0          0         80   rt_memclr_w.o
         2          0          0          0          0          0   rtexit.o
        10          0          0          0          0          0   rtexit2.o
       128          0          0          0          0         68   strcmpv7m.o
        74          0          0          0          0         80   sys_stackheap_outer.o
         2          0          0          0          0         68   use_no_semi.o
         2          0          0          0          0         68   use_no_semi_2.o
        98          4          0          0          0         92   d2f.o
       826         16          0          0          0        348   daddsub_clz.o
        16          4          0          0          0         68   dcheck1.o
        24          0          0          0          0         68   dcmpi.o
       688        140          0          0          0        208   ddiv.o
        94          4          0          0          0         92   dfix.o
        90          4          0          0          0         92   dfixu.o
        84          0          0          0          0        136   dflt_clz.o
       120          4          0          0          0         92   dleqf.o
       340         12          0          0          0        104   dmul.o
       156          4          0          0          0         92   dnaninf.o
       336         12          0          0          0         88   drem_clz.o
        12          0          0          0          0         68   dretinf.o
       108          0          0          0          0         80   drleqf.o
        86          4          0          0          0         84   f2d.o
       430          8          0          0          0        168   faddsub_clz.o
        24          0          0          0          0         68   fcmpi.o
       388         76          0          0          0         96   fdiv.o
        86          0          0          0          0        136   fflt_clz.o
       104          4          0          0          0         84   fleqf.o
       258          4          0          0          0         84   fmul.o
       140          4          0          0          0         84   fnaninf.o
        10          0          0          0          0         68   fretinf.o
        98          0          0          0          0         68   frleqf.o
         4          0          0          0          0         68   printf1.o
       100          0          0          0          0         68   retnan.o
        92          0          0          0          0         68   scalbn.o
        48          0          0          0          0         68   trapv.o
         0          0          0          0          0          0   usenofp.o
       156          8          0          0          0        104   cos.o
       252         22         48          0          0        124   cos_i.o
        34          6          0          0          0        204   dunder.o
       148          4          0          0          0         88   fmod.o
        40          0          0          0          0         68   fpclassify.o
       170          0          0          0          0         96   poly.o
       904         76        200          0          0        140   rred.o
       160         10          0          0          0        108   sin.o
       236         12         40          0          0        128   sin_i.o

    ----------------------------------------------------------------------
     11226        634        464          0         96       6496   Library Totals
        30          0          0          0          0          0   (incl. Padding)

    ----------------------------------------------------------------------

      Code (inc. data)   RO Data    RW Data    ZI Data      Debug   Library Name

      4236        192        176          0         96       2596   c_w.l
      4860        304          0          0          0       2840   fz_ws.l
      2100        138        288          0          0       1060   m_ws.l

    ----------------------------------------------------------------------
     11226        634        464          0         96       6496   Library Totals

    ----------------------------------------------------------------------

==============================================================================


      Code (inc. data)   RO Data    RW Data    ZI Data      Debug   

     27222       1754        762        148       3092     626428   Grand Totals
     27222       1754        762        148       3092     626428   ELF Image Totals
     27222       1754        762        148          0          0   ROM Totals

==============================================================================

    Total RO  Size (Code + RO Data)                27984 (  27.33kB)
    Total RW  Size (RW Data + ZI Data)              3240 (   3.16kB)
    Total ROM Size (Code + RO Data + RW Data)      28132 (  27.47kB)

==============================================================================

